================================================================================
       ELECTRATWIN-OS: INDUSTRIAL ELECTROCATION MICROFLUIDICS SUITE     
================================================================================
[1/4] Solving 2D Laminar Convection-Diffusion Boundary Layer PDE...
      -> Convergence Achieved: Residual = 9.989e-06
      -> Conversion: 60.04% | Total Anodic Current: 24.98 mA
[2/4] Initializing Multi-Objective Experimental Planner & Active Learning Loop...

[AI-CONTROLLER] Launching Autonomous Microfluidic Optimization (12 Iterations)...
[3/4] Testing SCPI Instrument Driver & Laboratory Telemetry...
      [SCPI-200] Connected to Keithley 2450 SourceMeter at TCPIP0::192.168.1.105::inst0::INSTR
      KEITHLEY INSTRUMENTS,MODEL 2450,1420993,1.7.3b
      SUCCESS: Source function set to CURRENT
      SUCCESS: Current setpoint programmed to 2.4980e-02 A
      SUCCESS: Power stage output ENABLED
      -> Measured Terminal Voltage: 2.52309 V
      SUCCESS: Power stage output DISABLED
[4/4] Exporting 300-DPI Graphics and Digital Twin Data Payload...

[VISUALIZATION] Rendering High-Fidelity Multiphysics Graphics...

[SYSTEM SUCCESSFUL] All industrial modules executed without errors.
[METRICS EXPORTED] Digital twin audit results saved to 'electratwin_industrial_summary.json'.
