19
 energy: -26.796036810136 gnorm: 0.052766600380 xtb: 6.7.1 (edcfbbe)
C           -2.50469900000000       -0.81876900000000        0.05724700000000
N           -1.41287900000000        0.11877200000000       -0.07994100000000
C           -1.55991200000000        1.45489700000000       -0.34413800000000
C           -0.30342800000000        2.01350600000000       -0.40144000000000
C            0.64269100000000        0.97944200000000       -0.16340200000000
C            2.04948500000000        0.94199100000000       -0.09942600000000
C            2.69462000000000       -0.27173500000000        0.16120100000000
C            1.95894900000000       -1.43730800000000        0.35683200000000
C            0.56189000000000       -1.42570800000000        0.29824500000000
C           -0.07601200000000       -0.20272000000000        0.03611900000000
H           -2.46429800000000       -1.25248200000000        1.05968100000000
H           -2.39311300000000       -1.59366800000000       -0.70544000000000
H           -3.45540400000000       -0.29770800000000       -0.08180900000000
H           -2.53716200000000        1.90200800000000       -0.46997500000000
H           -0.08486000000000        3.05532300000000       -0.59400300000000
H            2.62960300000000        1.84723300000000       -0.25100900000000
H            3.78008000000000       -0.30219600000000        0.21086700000000
H            2.47745700000000       -2.37178600000000        0.55837600000000
H           -0.00301000000000       -2.33909100000000        0.45201600000000
19
 energy: -26.799182991218 gnorm: 0.017856030203 xtb: 6.7.1 (edcfbbe)
C           -2.49715573770862       -0.82794236583895        0.05879878267608
N           -1.40660215860246        0.10787447094946       -0.07717379077397
C           -1.52770716035926        1.44419917621564       -0.34070120570131
C           -0.28842180184448        2.01854950723055       -0.40093585402679
C            0.65731906937357        0.98730459974770       -0.16394364976381
C            2.05339820329472        0.94975053417356       -0.10158825801121
C            2.67491960075209       -0.25685596256370        0.15681992607357
C            1.93431551251999       -1.42308698884361        0.35318415275415
C            0.55236804030280       -1.41722667405189        0.29754340922739
C           -0.07676758339681       -0.20249878481519        0.03715420237418
H           -2.48162836048491       -1.27772386714360        1.05348033947369
H           -2.41028219227088       -1.61471019861107       -0.69311701608458
H           -3.44074186822604       -0.30375751992167       -0.08087002261452
H           -2.49744643460162        1.88851222926863       -0.46586430990945
H           -0.07592123910480        3.05483049939689       -0.59280159995979
H            2.63535340659867        1.84886185541264       -0.25226554848439
H            3.75518035200804       -0.29548928948928        0.20779606422997
H            2.44993802525597       -2.35357604904011        0.55377823007754
H           -0.01011967350598       -2.32701417207600        0.45070714844326
19
 energy: -26.799429524386 gnorm: 0.003856513720 xtb: 6.7.1 (edcfbbe)
C           -2.49324186175719       -0.82899471411276        0.05848444692800
N           -1.40577481267845        0.10344807012067       -0.07574510909166
C           -1.51883604973568        1.43888300394751       -0.33905114438015
C           -0.28723136615482        2.01993584782777       -0.40053507437555
C            0.66238798124436        0.99088384228060       -0.16358424892307
C            2.05559533570293        0.95181993652543       -0.10207326653464
C            2.67004900330207       -0.25279505297939        0.15529545306093
C            1.92701155953524       -1.41992426964428        0.35260500767556
C            0.54962230504321       -1.41371234722304        0.29798773027092
C           -0.07862374879106       -0.20151213372252        0.03795567931508
H           -2.48458920026422       -1.28456321622576        1.05111852209513
H           -2.41215869464429       -1.61977039360593       -0.69051693434063
H           -3.43472310998882       -0.30253479759738       -0.08197227464760
H           -2.48740249353087        1.88347975851015       -0.46438918725168
H           -0.07747199007760        3.05388766169224       -0.59210403929815
H            2.63675597674628        1.84997369985159       -0.25375534069998
H            3.74874696238626       -0.29967572160456        0.20645565491412
H            2.44431622175125       -2.34763804475593        0.55245733382900
H           -0.01443401808860       -2.32119012928442        0.45136779145436
19
 energy: -26.799443587284 gnorm: 0.001288436519 xtb: 6.7.1 (edcfbbe)
C           -2.49232598387505       -0.82851649458349        0.05800624892505
N           -1.40610858167322        0.10301278623590       -0.07512166422465
C           -1.51904055098810        1.43811827258095       -0.33858819962864
C           -0.28855096039427        2.02043232572983       -0.40034406875169
C            0.66296181585577        0.99191146997918       -0.16330076858696
C            2.05627946240704        0.95182370571667       -0.10236228671161
C            2.67053643630785       -0.25298876266080        0.15478476537734
C            1.92707053024740       -1.42045719396578        0.35289191587788
C            0.54980399258492       -1.41311069568823        0.29871659761314
C           -0.07912189283550       -0.20071357957217        0.03852178587422
H           -2.48491072009424       -1.28536408477757        1.05040032235916
H           -2.41148009579756       -1.61969485959357       -0.69105093917771
H           -3.43417090571396       -0.30239388101534       -0.08271814724837
H           -2.48792092910484        1.88348590845982       -0.46431754784363
H           -0.07900146658238        3.05428732479132       -0.59195780709820
H            2.63677413266532        1.85050115329110       -0.25452975434232
H            3.74912263719988       -0.30334087202128        0.20595283078611
H            2.44594607526349       -2.34717662861925        0.55264540061206
H           -0.01586499547257       -2.31981489428731        0.45237231618880
19
 energy: -26.799445960405 gnorm: 0.000766774902 xtb: 6.7.1 (edcfbbe)
C           -2.49161296473931       -0.82812300064827        0.05733838121379
N           -1.40629799028277        0.10291589618122       -0.07411010211626
C           -1.51989187413765        1.43780114373670       -0.33804466639404
C           -0.28980509330024        2.02073393869222       -0.40008110378562
C            0.66309814899968        0.99256724766709       -0.16278168025724
C            2.05661491633102        0.95157394172339       -0.10265221916128
C            2.67115417123416       -0.25328737640169        0.15420041340429
C            1.92751432419248       -1.42110139953279        0.35336567342323
C            0.55026389871089       -1.41271803511907        0.29983868490563
C           -0.07918623679487       -0.19993271865962        0.03938213993051
H           -2.48545108512450       -1.28625111945234        1.04948521181955
H           -2.41044617597004       -1.61912383859947       -0.69237600713912
H           -3.43416417214697       -0.30277841994645       -0.08367267677332
H           -2.48882620019091        1.88428889636506       -0.46422517312571
H           -0.07990908402476        3.05470604353689       -0.59177405829994
H            2.63645593801434        1.85083416340608       -0.25569072400241
H            3.74969534611662       -0.30674826944003        0.20471623910855
H            2.44815615658993       -2.34685365456592        0.55299530833393
H           -0.01736402347711       -2.31850243894300        0.45408735891545
19
 energy: -26.799446545339 gnorm: 0.000162963298 xtb: 6.7.1 (edcfbbe)
C           -2.49177282037859       -0.82835765958255        0.05729846582156
N           -1.40618214640723        0.10299656683837       -0.07391360734783
C           -1.51973239865787        1.43793820965316       -0.33796555909051
C           -0.28944154903878        2.02062317044784       -0.40001886059179
C            0.66297383378256        0.99235261859578       -0.16278432998585
C            2.05647133749723        0.95158257763073       -0.10280922828331
C            2.67092489413756       -0.25316500285294        0.15405485165663
C            1.92733011440057       -1.42090080324708        0.35336435292962
C            0.55015538126405       -1.41279428496367        0.30000124081882
C           -0.07903854691559       -0.20005628124236        0.03950897789459
H           -2.48558314346449       -1.28652914877891        1.04932791287454
H           -2.41043189366229       -1.61907282505829       -0.69259385891497
H           -3.43417872545252       -0.30287210188714       -0.08370478401657
H           -2.48845359785179        1.88434314074813       -0.46407858443102
H           -0.07942779442687        3.05455077614863       -0.59174558301095
H            2.63646172026598        1.85069524192260       -0.25580610726153
H            3.74946074453982       -0.30593771672683        0.20448397278374
H            2.44770108175591       -2.34679115317589        0.55306638503880
H           -0.01723849138763       -2.31860432446958        0.45431534311603
