16
 energy: -24.220620699401 gnorm: 0.042224379402 xtb: 6.7.1 (edcfbbe)
O           -2.25234500000000        1.32855200000000       -0.73795400000000
C           -2.00878900000000       -0.07308000000000       -0.81577400000000
C           -1.28481300000000       -0.58539500000000        0.42986000000000
C            0.16767200000000       -0.19321600000000        0.43516000000000
S            0.66950500000000        1.26496900000000        1.18295700000000
C            2.30578600000000        0.98497600000000        0.77660700000000
C            2.47269200000000       -0.19555200000000        0.08861700000000
C            1.23749400000000       -0.87806700000000       -0.10718500000000
H           -1.39119000000000        1.76156800000000       -0.59311400000000
H           -2.98405600000000       -0.56266900000000       -0.90052900000000
H           -1.44669300000000       -0.27869200000000       -1.73295800000000
H           -1.34858800000000       -1.68017000000000        0.45464300000000
H           -1.78024800000000       -0.21083400000000        1.33379300000000
H            3.06679600000000        1.69763000000000        1.06391600000000
H            3.43533000000000       -0.55343100000000       -0.25562000000000
H            1.14144600000000       -1.82659100000000       -0.62241900000000
16
 energy: -24.222516015656 gnorm: 0.019188810040 xtb: 6.7.1 (edcfbbe)
O           -2.25582226987436        1.32675652781397       -0.74437083500233
C           -2.00462773505326       -0.06673342361328       -0.81133620700307
C           -1.27198257361695       -0.60025127395484        0.42542956061380
C            0.17167029205575       -0.20229840616828        0.44687885758787
S            0.67457231718541        1.26817548857857        1.19000420459030
C            2.30938221582476        0.97965700292059        0.77101809295584
C            2.46127359911486       -0.19051470604229        0.09142699899171
C            1.23420371108637       -0.86776863620749       -0.09777612545294
H           -1.40708832464577        1.76935079272818       -0.59601717143694
H           -2.98635658046605       -0.54056898085702       -0.89423596383390
H           -1.43008463302214       -0.29513778567356       -1.71836967427097
H           -1.34295386417236       -1.69174276631246        0.43849877500090
H           -1.77500599177604       -0.21254392525956        1.31505636631356
H            3.06810614651852        1.68646597091656        1.05037597765994
H            3.41347368095730       -0.55289328268907       -0.25622603293749
H            1.14123900988397       -1.80995459618000       -0.61035682377629
16
 energy: -24.222847702258 gnorm: 0.007404629658 xtb: 6.7.1 (edcfbbe)
O           -2.25090645584811        1.32237493316105       -0.74537880015110
C           -1.99849419047148       -0.06347953703817       -0.81278012749662
C           -1.26902909667916       -0.60487173390738        0.42868491965136
C            0.16949921721747       -0.20696154792247        0.45396393201407
S            0.67604209136444        1.27209384109252        1.19826690509933
C            2.31159661785962        0.97905035701099        0.76626604656651
C            2.45499916199743       -0.18734442438736        0.09049796653660
C            1.22922708992243       -0.86358290899979       -0.09189715757478
H           -1.41106016012194        1.77536233155034       -0.59641222830284
H           -2.98250985065476       -0.53083139972599       -0.89329141368983
H           -1.41861097010158       -0.30370433545777       -1.71598854745790
H           -1.34098672569188       -1.69384667383272        0.42462824034591
H           -1.77709610157797       -0.22071069951064        1.31553981880551
H            3.06784743765039        1.68583091698085        1.04144932940937
H            3.40157118534564       -0.55399807436901       -0.26243316882130
H            1.13790974978946       -1.80538304464445       -0.60111571493430
16
 energy: -24.222915950517 gnorm: 0.002489672594 xtb: 6.7.1 (edcfbbe)
O           -2.24493564084758        1.32259086840357       -0.74679446625252
C           -1.99613111328225       -0.06044006342252       -0.81259742870587
C           -1.27009179932587       -0.60772191757883        0.43184357796247
C            0.16688823328413       -0.21072606996225        0.45897434951249
S            0.67527014167430        1.27431271631253        1.20230711893750
C            2.31237598212531        0.98043028960992        0.76416255550319
C            2.45361915488039       -0.18601182976592        0.08899918465137
C            1.22690176026407       -0.86439889000257       -0.08827429929071
H           -1.40798028072204        1.78036421565339       -0.59764637201593
H           -2.98012717166210       -0.52723805737272       -0.89513435996852
H           -1.41281568260780       -0.30604505220337       -1.71267930759744
H           -1.34173781002929       -1.69619292934595        0.41854752859370
H           -1.78205143358412       -0.22890444582340        1.31828512234974
H            3.06631718860434        1.69090691822133        1.03668587457877
H            3.39803530493045       -0.55386861115147       -0.26961063776870
H            1.13646216629805       -1.80705914157173       -0.59706844048954
16
 energy: -24.222931159776 gnorm: 0.000678635933 xtb: 6.7.1 (edcfbbe)
O           -2.23916624404747        1.32414506645031       -0.74603321118774
C           -1.99490547018049       -0.05831339955303       -0.81215367089929
C           -1.27166953664441       -0.60985095665306        0.43351951248004
C            0.16502082930852       -0.21341615776783        0.46154527706231
S            0.67344646877467        1.27507161289589        1.20348138599575
C            2.31144693149121        0.98244356711731        0.76176188963544
C            2.45318035732253       -0.18516760837606        0.08796885221315
C            1.22593294623528       -0.86590440827140       -0.08628947972151
H           -1.40173980075275        1.78229191409848       -0.59820765409598
H           -2.97929410146729       -0.52442142501509       -0.89659612743295
H           -1.41061220238050       -0.30581885570108       -1.71093216857295
H           -1.34323335879494       -1.69842868108219        0.41531151626431
H           -1.78531988172584       -0.23552645644136        1.32086295339440
H            3.06337611172674        1.69633976592454        1.03301266805300
H            3.39688786658294       -0.55345382214326       -0.27330175759826
H            1.13664808455181       -1.80999215548217       -0.59394998558974
16
 energy: -24.222935370968 gnorm: 0.000745150276 xtb: 6.7.1 (edcfbbe)
O           -2.23388983390242        1.32627471102724       -0.74354844447232
C           -1.99442407705213       -0.05685051757098       -0.81135301518656
C           -1.27263243380825       -0.61200085876052        0.43360672301893
C            0.16410181020206       -0.21558070117174        0.46238043936381
S            0.67082527390472        1.27543729816784        1.20147797030691
C            2.30939009538243        0.98416246693252        0.75968967860465
C            2.45274122405316       -0.18448654970826        0.08774922947383
C            1.22593539853004       -0.86750932663679       -0.08475889218205
H           -1.39414543306826        1.78163096412814       -0.59814087805369
H           -2.98010610430594       -0.52052160495052       -0.89657057888713
H           -1.41092397530574       -0.30499500679610       -1.71022820313848
H           -1.34441187194913       -1.70073385359463        0.41293537384216
H           -1.78648341034104       -0.24040575586858        1.32204048529010
H            3.05949838686498        1.70071187619226        1.02997264864709
H            3.39644272365261       -0.55242949666923       -0.27416901110125
H            1.13808122714293       -1.81270564472065       -0.59108352552601
16
 energy: -24.222939832421 gnorm: 0.000563628101 xtb: 6.7.1 (edcfbbe)
O           -2.22754920303120        1.32916564696755       -0.73972070823597
C           -1.99448173682462       -0.05525968160968       -0.81003998435163
C           -1.27316423142275       -0.61489939483366        0.43273194033648
C            0.16348808082666       -0.21785245825836        0.46219949325648
S            0.66729428683409        1.27554669094728        1.19791775098051
C            2.30633016957462        0.98643595433716        0.75687552767880
C            2.45210278139255       -0.18368708290047        0.08822637531621
C            1.22645777027755       -0.86920048106226       -0.08320364829793
H           -1.38428903046898        1.77963650377132       -0.59814977612515
H           -2.98250734865794       -0.51417244035535       -0.89463536664912
H           -1.41350476485396       -0.30440395458171       -1.71015167924661
H           -1.34498485790048       -1.70366132816355        0.40897464014783
H           -1.78657504218960       -0.24611519543322        1.32266687519472
H            3.05441906797382        1.70545427899368        1.02614182565542
H            3.39629087672096       -0.55120386997766       -0.27262024095891
H            1.14067218174931       -1.81578518784106       -0.58721302470115
16
 energy: -24.222942887619 gnorm: 0.000423301750 xtb: 6.7.1 (edcfbbe)
O           -2.22195103645398        1.33170785129218       -0.73667246278639
C           -1.99461693083539       -0.05368494035496       -0.80896197642926
C           -1.27337764833808       -0.61768315349821        0.43175252569548
C            0.16299443554374       -0.21985293885174        0.46234515320405
S            0.66418553678690        1.27620918532369        1.19415449477504
C            2.30377796931947        0.98839651343926        0.75458890347458
C            2.45139453650353       -0.18306230892584        0.08897092972933
C            1.22702242898643       -0.87101284494805       -0.08080242766102
H           -1.37634344562192        1.77833207181629       -0.59728991438071
H           -2.98480694954347       -0.50783320793189       -0.89241129345882
H           -1.41613729329057       -0.30421095288158       -1.71040959623341
H           -1.34479101807815       -1.70626453895387        0.40382936434701
H           -1.78685056489700       -0.25196925136781        1.32293732748254
H            3.05043048786821        1.70951342242690        1.02177173023380
H            3.39613068436411       -0.54986845754477       -0.27106480490763
H            1.14293780768620       -1.81871844903960       -0.58273795308462
16
 energy: -24.222945252083 gnorm: 0.000304997311 xtb: 6.7.1 (edcfbbe)
O           -2.21754456214976        1.33414996005706       -0.73390736359437
C           -1.99524187121562       -0.05200993832788       -0.80811215812418
C           -1.27335251713676       -0.62019617537092        0.43030117950795
C            0.16262608347146       -0.22110557764414        0.46164095388153
S            0.66145251846988        1.27723426754271        1.18995097245256
C            2.30150189667095        0.99073006449574        0.75166251332828
C            2.45112599752127       -0.18297213361594        0.09038618227697
C            1.22781795190225       -0.87260369911482       -0.07884578742058
H           -1.37031097891423        1.77768626473183       -0.59504466375122
H           -2.98725983243389       -0.50218497472345       -0.88988026203936
H           -1.41951834281139       -0.30353977225010       -1.71112080147298
H           -1.34382360684269       -1.70859990557578        0.39790303386131
H           -1.78688468858556       -0.25815659481645        1.32292157573288
H            3.04730513126142        1.71329082521810        1.01694140801628
H            3.39681646129521       -0.54961551534645       -0.26724759575540
H            1.14528935949750       -1.82210909525952       -0.57754918689968
16
 energy: -24.222947423931 gnorm: 0.000318501079 xtb: 6.7.1 (edcfbbe)
O           -2.21392039098547        1.33675790079145       -0.73063252901035
C           -1.99647360649674       -0.04995250508439       -0.80751053295219
C           -1.27305607757847       -0.62273151644678        0.42798719656530
C            0.16248464294206       -0.22229538508587        0.46041848892387
S            0.65843980694463        1.27987814985222        1.18256066358371
C            2.29946284020879        0.99295029713774        0.74890890660917
C            2.45134951403554       -0.18318328020870        0.09235682375074
C            1.22925910713529       -0.87509488820683       -0.07548787719290
H           -1.36535515596075        1.77738522668645       -0.59082734959484
H           -2.99029325233749       -0.49644064975962       -0.88701503063472
H           -1.42411261239760       -0.30207544470699       -1.71253154445517
H           -1.34228082608138       -1.71096896343253        0.39056532490818
H           -1.78652396108198       -0.26519361561160        1.32241815407284
H            3.04450022304145        1.71709296987557        1.01188482301078
H            3.39823744538861       -0.54963724386749       -0.26233864115144
H            1.14828130322356       -1.82649305193262       -0.57075687643297
16
 energy: -24.222949162132 gnorm: 0.000319847415 xtb: 6.7.1 (edcfbbe)
O           -2.21220727132084        1.33934191861438       -0.72685303806345
C           -1.99819172503959       -0.04748557683368       -0.80711590943127
C           -1.27251029898976       -0.62500702943446        0.42501011342734
C            0.16252062236986       -0.22309700200201        0.45798614732887
S            0.65578698328940        1.28296850364534        1.17417602463064
C            2.29788778446099        0.99548830493589        0.74516648493591
C            2.45231347717524       -0.18418825107798        0.09545993338446
C            1.23110968834236       -0.87767304268810       -0.07215920129747
H           -1.36281157797985        1.77784532274458       -0.58510940118589
H           -2.99326192965067       -0.49158481490492       -0.88437993133297
H           -1.42919031200285       -0.29928254116835       -1.71437346596152
H           -1.34021203499264       -1.71314836268825        0.38232055912912
H           -1.78563802044579       -0.27249939453826        1.32166036612181
H            3.04201646474260        1.72137381590653        1.00602572466157
H            3.40050745154030       -0.55143490240271       -0.25497746953272
H            1.15187969850129       -1.83161894810799       -0.56283693681444
16
 energy: -24.222950045790 gnorm: 0.000226038434 xtb: 6.7.1 (edcfbbe)
O           -2.21330038920335        1.34004777646662       -0.72522683848879
C           -1.99904042668050       -0.04656761532927       -0.80717488374709
C           -1.27219597337785       -0.62542058604224        0.42362474359615
C            0.16273766169006       -0.22318725902846        0.45655536485054
S            0.65521186168186        1.28445354577864        1.17030485442119
C            2.29786466824089        0.99609061733598        0.74388897309998
C            2.45309007266550       -0.18473385545443        0.09657186675936
C            1.23206921237032       -0.87878034764410       -0.07081990842725
H           -1.36401911549582        1.77849172186921       -0.58232520044187
H           -2.99399960009530       -0.49110240568771       -0.88404485753781
H           -1.43080912585942       -0.29716815249309       -1.71524247713830
H           -1.33952599796972       -1.71352749787677        0.37959111309114
H           -1.78490302966231       -0.27445019088898        1.32111016287124
H            3.04155291313991        1.72261308380978        1.00430060359626
H            3.40171919668449       -0.55287864707549       -0.25172052726139
H            1.15354707187130       -1.83388218773971       -0.55939298924335
