11
 energy: -16.155741213249 gnorm: 0.044390261001 xtb: 6.7.1 (edcfbbe)
C           -0.02594800000000        1.18265300000000       -0.04724300000000
C           -1.21038000000000        0.45555200000000        0.00952100000000
C           -1.12909300000000       -0.92681300000000        0.06356600000000
N            0.03535900000000       -1.61162600000000        0.06437900000000
C            1.16870400000000       -0.87859700000000        0.00855500000000
C            1.18928500000000        0.50590600000000       -0.04792800000000
H           -0.04975300000000        2.26765400000000       -0.09058500000000
H           -2.17349900000000        0.95298400000000        0.01163900000000
H           -2.02534100000000       -1.53868400000000        0.10901400000000
H            2.09096400000000       -1.45230900000000        0.01046700000000
H            2.12970000000000        1.04328100000000       -0.09138300000000
11
 energy: -16.157215828433 gnorm: 0.015018413211 xtb: 6.7.1 (edcfbbe)
C           -0.02603776488197        1.18697487204787       -0.04688467398269
C           -1.20251457713801        0.45549609756187        0.00917217453785
C           -1.11557279442266       -0.92547486909531        0.06289689193224
N            0.03498693817841       -1.59397743597520        0.06355144653174
C            1.15514766277144       -0.87782753110424        0.00849330730638
C            1.18137272687849        0.50553826973953       -0.04751048984483
H           -0.04971675585489        2.26784615751595       -0.09063248064384
H           -2.16453871150970        0.94615436084557        0.01142587520498
H           -2.00385184977911       -1.54311691801014        0.10919744350584
H            2.06973609627593       -1.45762345616954        0.01129534380418
H            2.12098702948208        1.03601145264364       -0.09100283835185
11
 energy: -16.157337028285 gnorm: 0.002520659011 xtb: 6.7.1 (edcfbbe)
C           -0.02608514792687        1.18838551283144       -0.04717494703342
C           -1.20160266760214        0.45580299988922        0.00912371505891
C           -1.11249840701816       -0.92647665587824        0.06307148279174
N            0.03482515182117       -1.58576649663369        0.06322568179649
C            1.15214425013557       -0.87896038060391        0.00872205000348
C            1.18039207775176        0.50580891249650       -0.04751535056812
H           -0.04963868854127        2.26773661117714       -0.09053819099841
H           -2.16378479605108        0.94409867454624        0.01140193740998
H           -1.99990809074488       -1.54493661118843        0.10917545913777
H            2.06589582973819       -1.45959209946615        0.01126105815392
H            2.12025848843773        1.03390053282987       -0.09075089575234
11
 energy: -16.157342784107 gnorm: 0.000947314049 xtb: 6.7.1 (edcfbbe)
C           -0.02607508751088        1.18787491202758       -0.04700990940998
C           -1.20212915483623        0.45583895473595        0.00909870526893
C           -1.11316113264203       -0.92716042866509        0.06297452060174
N            0.03481227920114       -1.58521336289981        0.06312308039304
C            1.15283278822905       -0.87961924576171        0.00862088059584
C            1.18090313971853        0.50587174734657       -0.04750084553913
H           -0.04960828460296        2.26722010469486       -0.09058386006086
H           -2.16423056433815        0.94443572998362        0.01138996971293
H           -2.00149674542364       -1.54445894192303        0.10935871107787
H            2.06747376467160       -1.45905088697615        0.01128877214066
H            2.12067699753357        1.03426241743720       -0.09075802478103
11
 energy: -16.157343553422 gnorm: 0.000453599522 xtb: 6.7.1 (edcfbbe)
C           -0.02606879511904        1.18716274807248       -0.04713650075400
C           -1.20248964395378        0.45578991594740        0.00914572231323
C           -1.11360298708361       -0.92780566648130        0.06322743237834
N            0.03481479625239       -1.58515514184000        0.06324839204970
C            1.15331305190325       -0.88025355590745        0.00876789615984
C            1.18125578065981        0.50583873599881       -0.04753171352816
H           -0.04958219573705        2.26668571591770       -0.09051278782459
H           -2.16441762852608        0.94483448915890        0.01135802874891
H           -2.00294469058480       -1.54361950099234        0.10914610391981
H            2.06887839911301       -1.45815016416118        0.01104768904538
H            2.12084191307591        1.03467342428697       -0.09075826250846
