23
 energy: -34.023511146596 gnorm: 0.054737387807 xtb: 6.7.1 (edcfbbe)
O           -2.59731900000000        1.22032200000000        0.93929200000000
C           -2.98577400000000        0.10517600000000        0.14101200000000
C           -1.98734400000000       -1.04590000000000        0.26465300000000
C           -0.68626300000000       -0.75812400000000       -0.42326200000000
C           -0.38531500000000       -1.01717900000000       -1.74668400000000
N            0.89842100000000       -0.60620300000000       -1.98524400000000
C            1.44893200000000       -0.07660600000000       -0.84212900000000
C            2.72071000000000        0.46569200000000       -0.62126300000000
C            3.01135900000000        0.93404600000000        0.66332300000000
C            2.06704200000000        0.86052400000000        1.68410200000000
C            0.80068200000000        0.31433800000000        1.44589300000000
C            0.48082200000000       -0.16422800000000        0.15827700000000
H           -1.73517500000000        1.52142000000000        0.59733000000000
H           -3.96731500000000       -0.22042800000000        0.49953300000000
H           -3.09859100000000        0.44102900000000       -0.89532700000000
H           -2.42678500000000       -1.94939700000000       -0.17543100000000
H           -1.79807500000000       -1.26077900000000        1.32306200000000
H           -0.97534500000000       -1.46068200000000       -2.53790600000000
H            1.37918800000000       -0.67835700000000       -2.87111200000000
H            3.45971100000000        0.52295400000000       -1.41363100000000
H            3.99062700000000        1.36081900000000        0.86804300000000
H            2.31342900000000        1.22926800000000        2.67680400000000
H            0.07237600000000        0.26229400000000        2.25066600000000
23
 energy: -34.026547429073 gnorm: 0.019519951228 xtb: 6.7.1 (edcfbbe)
O           -2.60538188895837        1.22782002432433        0.93210975436239
C           -2.97726631619201        0.10634842762227        0.14634434789885
C           -1.98171531144635       -1.05270569382611        0.26075793626221
C           -0.67872641997092       -0.75954598822624       -0.41748145161101
C           -0.36834222658928       -1.00632150110115       -1.72939652268990
N            0.91184486574048       -0.59709575573780       -1.98832852261616
C            1.45814058015246       -0.07474758553158       -0.84848640121204
C            2.72057420503141        0.46358286939804       -0.62387935533785
C            2.99769857969720        0.92447886068196        0.65021984578496
C            2.04783683405214        0.84976693951215        1.66991977394949
C            0.79367899808072        0.31420625197414        1.44479896308130
C            0.48125791977897       -0.15821788485585        0.16482753721512
H           -1.73553681043463        1.51660951296056        0.61809749245017
H           -3.95884586004217       -0.20403073015285        0.51583068503562
H           -3.08338898938346        0.41345683573631       -0.90235039231793
H           -2.43189296877359       -1.94606473375404       -0.18218781184746
H           -1.80601674655688       -1.25041612153617        1.32143014256506
H           -0.96193241372658       -1.44957137189939       -2.50746175315135
H            1.38428280812968       -0.67231169587029       -2.87467595268221
H            3.45836698685022        0.52181362660875       -1.41108331258386
H            3.97098050472233        1.35033260569271        0.85820336197367
H            2.29552156471482        1.21804381382209        2.65673626543465
H            0.06886010512382        0.26456829415818        2.24605637003629
23
 energy: -34.026926288731 gnorm: 0.005255979923 xtb: 6.7.1 (edcfbbe)
O           -2.60268961056200        1.23024939404531        0.92207530100176
C           -2.97167058105743        0.10960499061380        0.14457893174231
C           -1.97729604530857       -1.05538861362877        0.26179021007364
C           -0.67657191729712       -0.76100821835211       -0.41566162347508
C           -0.36347625871322       -1.00343708233820       -1.72242071485660
N            0.91385698217049       -0.59233567942117       -1.99124598572173
C            1.45865667188577       -0.07214671039893       -0.85381730256481
C            2.71801492091382        0.46607267972597       -0.62404729776817
C            2.99196456110654        0.92260701034854        0.64683686227962
C            2.03898841788776        0.84711716855514        1.66666112913913
C            0.78991156678691        0.31393300782259        1.44537224524175
C            0.48027755286197       -0.15595477483014        0.16807426970318
H           -1.72404242566571        1.50900088254278        0.63130670527125
H           -3.95109186473533       -0.19478214064521        0.52325516845448
H           -3.07894130280268        0.40072770776922       -0.91068161509782
H           -2.43400556123087       -1.93943839473466       -0.18731574049141
H           -1.80460556057454       -1.25315240896971        1.32160230633561
H           -0.96218311111079       -1.45021505618004       -2.49222933461396
H            1.38115366200131       -0.67056711601660       -2.87819278324619
H            3.45575152956908        0.52239881442687       -1.41007466606264
H            3.96263836025254        1.34648616965235        0.86022215106150
H            2.29130850475373        1.21555045375229        2.65048489964589
H            0.06404950886832        0.26467691626069        2.24342788394830
23
 energy: -34.026987550163 gnorm: 0.002861945401 xtb: 6.7.1 (edcfbbe)
O           -2.59664006264598        1.23379733534383        0.91441084431742
C           -2.96861671193540        0.11203663372339        0.14470516392002
C           -1.97664027925277       -1.05728682293302        0.26179582792770
C           -0.67668232597902       -0.76319984779960       -0.41578213131102
C           -0.36358160741587       -1.00462406282664       -1.72222556666443
N            0.91235133968091       -0.59075220405218       -1.99275253748964
C            1.45699064688643       -0.07065127774917       -0.85605581478704
C            2.71613512517633        0.46839731435379       -0.62333225246070
C            2.99031208608520        0.92375994549989        0.64773154866524
C            2.03659736833460        0.84794138406832        1.66783384616091
C            0.78784667021232        0.31452295730398        1.44563238017033
C            0.47909780597009       -0.15540594693416        0.16824284957930
H           -1.71026882088648        1.50197895068664        0.63709888290820
H           -3.94760669057081       -0.18947690109361        0.52664759156603
H           -3.07726399160769        0.39528553619150       -0.91293053928106
H           -2.43637545369958       -1.93783192211723       -0.18996080435872
H           -1.80475335946281       -1.25694514493998        1.32095582301121
H           -0.96514134281484       -1.45355971755178       -2.48917434392205
H            1.37786642246677       -0.67036660346974       -2.88029522289845
H            3.45373504610353        0.52500165422064       -1.41000311116527
H            3.96018627921396        1.34740143269079        0.86405268020322
H            2.29173137334203        1.21680334315156        2.65086195701232
H            0.06071848279905        0.26317296423280        2.24254392889647
23
 energy: -34.027027114731 gnorm: 0.002564413632 xtb: 6.7.1 (edcfbbe)
O           -2.58420606333555        1.23862589372831        0.90371256855092
C           -2.96468693634234        0.11539330172638        0.14477331331828
C           -1.97702203657294       -1.05942696155549        0.26169293492889
C           -0.67723461741822       -0.76639042864722       -0.41576627346345
C           -0.36444020362698       -1.00716260754918       -1.72283592360773
N            0.90995266506834       -0.58932467475471       -1.99367777689426
C            1.45428889106426       -0.06845749342339       -0.85763346697693
C            2.71304498951386        0.47237831471473       -0.62244786585457
C            2.98741943209389        0.92675707426658        0.64919241345002
C            2.03376183812110        0.84936233961785        1.66983652817592
C            0.78546413467099        0.31419914988186        1.44605550741597
C            0.47761384008502       -0.15554880289444        0.16799546083288
H           -1.68754758208829        1.48874015410832        0.64137858141458
H           -3.94310348494233       -0.18120286477137        0.53236036174361
H           -3.07725512493904        0.39052960306943       -0.91482497648964
H           -2.44062484112230       -1.93621474422434       -0.19307460619999
H           -1.80595975950560       -1.26305474340876        1.32008814182603
H           -0.96847630572843       -1.45825808923544       -2.48731054860521
H            1.37388212126591       -0.67036818912595       -2.88208310259280
H            3.45048011278418        0.53027052637192       -1.40995375775017
H            3.95669891519105        1.35053539066227        0.86816297358707
H            2.29109223211547        1.21856384814170        2.65241604934837
H            0.05685578364792        0.26005300330095        2.24194446384223
23
 energy: -34.027045396533 gnorm: 0.002450649516 xtb: 6.7.1 (edcfbbe)
O           -2.57220332559578        1.24226580000243        0.89636823107962
C           -2.96178969413885        0.11759285399616        0.14527785734610
C           -1.97806293447725       -1.06080956283681        0.26124178881634
C           -0.67778312808750       -0.76877697434931       -0.41563703916675
C           -0.36502113878164       -1.00903254962931       -1.72326584052384
N            0.90858129157033       -0.58877321344163       -1.99360640117774
C            1.45243880576716       -0.06723115491578       -0.85765762974914
C            2.71058651423688        0.47535630331398       -0.62199783547249
C            2.98454039334819        0.92935802256194        0.64998372130183
C            2.03127251065407        0.85015484921063        1.67093080439635
C            0.78363910592276        0.31323782589333        1.44640542594583
C            0.47640712749298       -0.15621505423549        0.16777782782898
H           -1.66955215692697        1.47705961946902        0.64071551567682
H           -3.93961081951758       -0.17391617256670        0.53864343946300
H           -3.07885027921902        0.38835728747935       -0.91506647825312
H           -2.44400056965102       -1.93552484621913       -0.19531448578718
H           -1.80769884924773       -1.26739861659273        1.31926451574197
H           -0.96941601815662       -1.46086423980769       -2.48707934038446
H            1.37191038976083       -0.67021886996617       -2.88246999415098
H            3.44782993079624        0.53502161725069       -1.40977428373000
H            3.95331017521869        1.35431311904017        0.86946998731968
H            2.28865603423930        1.21917959500920        2.65362220709299
H            0.05481463479252        0.25686336133385        2.24216900638619
23
 energy: -34.027066195075 gnorm: 0.001873761114 xtb: 6.7.1 (edcfbbe)
O           -2.55304341836905        1.24724321984941        0.88689513773930
C           -2.95773895011725        0.12034066106742        0.14649682522195
C           -1.98008747798633       -1.06259343580175        0.26019890793142
C           -0.67874104587999       -0.77206655549107       -0.41555885413437
C           -0.36562565656184       -1.01140641085480       -1.72370900580133
N            0.90724766220973       -0.58857353238912       -1.99305548268336
C            1.45006088005008       -0.06610415109674       -0.85684853738949
C            2.70698628542883        0.47949502431775       -0.62158440940931
C            2.97975032906634        0.93349249056499        0.65070155997203
C            2.02722835401701        0.85090896563143        1.67196196603741
C            0.78090300079035        0.31103883339643        1.44707202465316
C            0.47445590268114       -0.15779572329128        0.16767858789794
H           -1.64358485822633        1.45922983193663        0.63645687318553
H           -3.93425014614541       -0.16251948857430        0.54986885844194
H           -3.08274500309353        0.38642613890876       -0.91425323712768
H           -2.44887580756142       -1.93464556444579       -0.19884798634212
H           -1.81068516151603       -1.27333350645469        1.31776947787097
H           -0.96908524517511       -1.46366331900712       -2.48774813049053
H            1.37032150375088       -0.66982275927649       -2.88223054462752
H            3.44403017624195        0.54185154179765       -1.40926039918038
H            3.94766672164867        1.36092639968617        0.86978174946542
H            2.28329596682584        1.21954182253815        2.65510435080654
H            0.05251398792144        0.25202851698837        2.24311126796249
23
 energy: -34.027077077914 gnorm: 0.001269574498 xtb: 6.7.1 (edcfbbe)
O           -2.53012693734354        1.25225935465853        0.87803431075690
C           -2.95298416921306        0.12328145789584        0.14847014468236
C           -1.98269963602240       -1.06458956071142        0.25865273189132
C           -0.67995176176789       -0.77616604936917       -0.41577617109429
C           -0.36588307531358       -1.01414690478779       -1.72388113943445
N            0.90653613273109       -0.58928957084193       -1.99232131994656
C            1.44774961161556       -0.06601839893111       -0.85544119145536
C            2.70273093484729        0.48393765124621       -0.62130678074629
C            2.97368731028111        0.93860168757654        0.65106890993154
C            2.02204305914517        0.85133120336557        1.67249708738833
C            0.77765117781230        0.30736058205161        1.44812914736426
C            0.47199526689178       -0.16077548448861        0.16814297644240
H           -1.61561748102547        1.44015642676700        0.62844280857937
H           -3.92743023234734       -0.14853735013765        0.56427090925296
H           -3.08760788919603        0.38594681984257       -0.91201844038739
H           -2.45474483710742       -1.93340828061683       -0.20329740406561
H           -1.81417916336190       -1.27968512833274        1.31564807638645
H           -0.96697907471228       -1.46641944618931       -2.48941621023080
H            1.37002401406077       -0.66894211716657       -2.88136836483737
H            3.43938026201249        0.54972949388816       -1.40863897610364
H            3.94003773633471        1.37032070589261        0.86878060107552
H            2.27568657955287        1.21955719154360        2.65630316013518
H            0.05068017212576        0.24549471684491        2.24502613441517
23
 energy: -34.027079340069 gnorm: 0.000861954626 xtb: 6.7.1 (edcfbbe)
O           -2.53037752047911        1.25146051997116        0.88011503558833
C           -2.95269801606465        0.12341742873967        0.14891223294646
C           -1.98270234014671       -1.06470214229094        0.25851176776313
C           -0.67993650918370       -0.77674171302921       -0.41609612191772
C           -0.36561620106819       -1.01449227642964       -1.72383726986281
N            0.90705447229697       -0.59022107105948       -1.99240149492779
C            1.44804835457358       -0.06699624008285       -0.85541054207420
C            2.70259654214696        0.48376871202914       -0.62138472125038
C            2.97341093882624        0.93901445499763        0.65082829772061
C            2.02185237531048        0.85105541119168        1.67220018238526
C            0.77768932294498        0.30646888684663        1.44824557846927
C            0.47198047319312       -0.16173451902551        0.16849747270622
H           -1.61823716548418        1.44318545916347        0.62700662972739
H           -3.92687379362503       -0.14832872686320        0.56426315299549
H           -3.08673080269751        0.38751525360515       -0.91110688563999
H           -2.45520010529475       -1.93311756524712       -0.20349023097173
H           -1.81397670334147       -1.27961619004183        1.31539594061595
H           -0.96616620802705       -1.46659076140280       -2.49003415203627
H            1.37109719418706       -0.66876810589745       -2.88113105277718
H            3.43908738894379        0.54972827036657       -1.40878865654062
H            3.93929040701891        1.37163688296390        0.86833272740844
H            2.27529175163371        1.21953916269888        2.65597412697343
H            0.05111414433651        0.24451786879616        2.24539898269872
23
 energy: -34.027080631544 gnorm: 0.000512477805 xtb: 6.7.1 (edcfbbe)
O           -2.52797583316384        1.25169848268113        0.88113530630997
C           -2.95166312689549        0.12431026529702        0.14968098378810
C           -1.98298464001090       -1.06523623528789        0.25825762521899
C           -0.68006985696923       -0.77816085605836       -0.41648644523363
C           -0.36545712039250       -1.01553273648035       -1.72397235594795
N            0.90733179793527       -0.59131828826864       -1.99248692306843
C            1.44794166326803       -0.06792858956939       -0.85543032202777
C            2.70178073985787        0.48429608036014       -0.62136003879099
C            2.97226409108008        0.94021153945545        0.65072349668246
C            2.02085412672299        0.85104578552098        1.67206722686729
C            0.77717401193167        0.30516889367169        1.44833569637785
C            0.47165198072045       -0.16307762339011        0.16875789299714
H           -1.61576124125675        1.44386128032978        0.62605404462858
H           -3.92579624658053       -0.14622185639361        0.56546166471553
H           -3.08540321332733        0.38867619121033       -0.91031800311600
H           -2.45677821580461       -1.93253495539901       -0.20432174188770
H           -1.81412811733712       -1.28085531131197        1.31489055614955
H           -0.96544445843326       -1.46761964643609       -2.49076392926189
H            1.37200770421719       -0.66842422678196       -2.88094015361622
H            3.43806714995097        0.55090051933987       -1.40893997231893
H            3.93739455904717        1.37436343658005        0.86814614433776
H            2.27406957672966        1.21983235124679        2.65581405650560
H            0.05092266871018        0.24254449968417        2.24569619069068
23
 energy: -34.027081360954 gnorm: 0.000428479342 xtb: 6.7.1 (edcfbbe)
O           -2.52508984389947        1.25153770481852        0.88220947377334
C           -2.95060613233535        0.12498899520076        0.15046251581355
C           -1.98308628240538       -1.06571419600312        0.25795968833327
C           -0.68010106042493       -0.77916018901500       -0.41678947730677
C           -0.36537696994059       -1.01648284828447       -1.72430649432658
N            0.90741983471447       -0.59204386208427       -1.99247871215218
C            1.44774980932294       -0.06831231839750       -0.85541977613705
C            2.70118990861427        0.48476788536787       -0.62128696101259
C            2.97133427800187        0.94101306773483        0.65080848269997
C            2.02003143459525        0.85113360229861        1.67214908471368
C            0.77665687278972        0.30442062069523        1.44826172918156
C            0.47144464981494       -0.16381448148886        0.16861327266756
H           -1.61413169468430        1.44518832795415        0.62432388904406
H           -3.92479584825478       -0.14490051831200        0.56682484724250
H           -3.08491255505676        0.38987285146856       -0.90936574081434
H           -2.45796702972764       -1.93214910832218       -0.20514461379217
H           -1.81416354557391       -1.28236337634269        1.31439448920827
H           -0.96505651979035       -1.46870596368906       -2.49127137986739
H            1.37249720265237       -0.66840811486637       -2.88082834397962
H            3.43744913916828        0.55186066981085       -1.40891501299410
H            3.93608853532227        1.37605462311661        0.86821564243272
H            2.27299017354659        1.22003471828001        2.65593376030954
H            0.05043364355043        0.24118091005955        2.24565063696279
