24
 energy: -40.878322227638 gnorm: 0.072761555839 xtb: 6.7.1 (edcfbbe)
C            4.41911400000000        0.51047200000000        1.17066100000000
C            3.71015300000000       -0.01230000000000       -0.06351500000000
O            2.30018700000000        0.04308900000000        0.17417700000000
C            1.53581600000000       -0.40184200000000       -0.86463100000000
O            1.98452000000000       -0.82041400000000       -1.92599200000000
C            0.13289000000000       -0.30965000000000       -0.53694600000000
C           -0.98479900000000       -0.64526700000000       -1.28157000000000
C           -2.12055700000000       -0.35391000000000       -0.48347800000000
C           -3.51381100000000       -0.45806500000000       -0.63920900000000
C           -4.34066900000000       -0.05203300000000        0.41857500000000
C           -3.79885800000000        0.44698900000000        1.60640700000000
C           -2.41525300000000        0.55793400000000        1.77952500000000
C           -1.62117100000000        0.14690100000000        0.71180800000000
O           -0.26149200000000        0.17521800000000        0.68350400000000
H            5.50416700000000        0.48766300000000        1.03646200000000
H            4.15844800000000       -0.09017000000000        2.04838600000000
H            4.11073800000000        1.53895100000000        1.38572900000000
H            4.01352200000000       -1.04807800000000       -0.25283700000000
H            3.96492500000000        0.61126800000000       -0.92778600000000
H           -0.97030600000000       -1.05232900000000       -2.28337400000000
H           -3.94576500000000       -0.84426300000000       -1.55757600000000
H           -5.42094900000000       -0.12729500000000        0.31133900000000
H           -4.46315500000000        0.75493600000000        2.41133800000000
H           -1.97769500000000        0.94219500000000        2.69272900000000
24
 energy: -40.882120941987 gnorm: 0.029784101270 xtb: 6.7.1 (edcfbbe)
C            4.41432903901579        0.51453225253973        1.18093271288552
C            3.71421218640771       -0.01080380919692       -0.05977225577499
O            2.30184343235633        0.03634384923149        0.15825940876412
C            1.52699337814723       -0.39864753559896       -0.85733575554755
O            1.96593951295809       -0.81395017678033       -1.91092201619762
C            0.11423540383915       -0.30715338621603       -0.52810992091980
C           -0.98784707164256       -0.64494529499365       -1.27905254455180
C           -2.12484372199696       -0.35291560002556       -0.48104913493228
C           -3.51177505844185       -0.45744292674047       -0.63926273096900
C           -4.32097987247024       -0.05569457415604        0.40791243517967
C           -3.78444494315528        0.44381923019962        1.59740287635089
C           -2.41656937506773        0.55897695925306        1.78172626394252
C           -1.61325583464777        0.15295601368177        0.72549560034059
O           -0.25889372727045        0.17922249121128        0.69488987508372
H            5.49153183494118        0.48651404133896        1.03406717131058
H            4.15785589219332       -0.09371560858581        2.04752878206270
H            4.10951339351526        1.54079159487975        1.38269113619456
H            4.00547621419405       -1.04600626153458       -0.26772626382077
H            3.95715048138842        0.59888708090250       -0.93663508100101
H           -0.96747647133062       -1.04874593097502       -2.27393417630056
H           -3.94005675233946       -0.84210225244841       -1.55313636518216
H           -5.39448616205434       -0.13047542360319        0.30240624596196
H           -4.45005202624170        0.74803774366910        2.39379491989327
H           -1.98839975229756        0.94251752394770        2.69355481722744
24
 energy: -40.882732607758 gnorm: 0.009532121298 xtb: 6.7.1 (edcfbbe)
C            4.40942179841672        0.51487416396078        1.18217997455299
C            3.71700198772615       -0.01173908009826       -0.06195094353846
O            2.30270658676282        0.03188353596379        0.14866975238644
C            1.52662854164050       -0.39673293677607       -0.85169656412300
O            1.95788456076276       -0.81153704570879       -1.90646467092622
C            0.10624645128362       -0.30424719210938       -0.51937721240552
C           -0.98509946221400       -0.64265687379449       -1.27378768951808
C           -2.12424274338276       -0.35062688827841       -0.47583189580725
C           -3.50803581518310       -0.45717595776217       -0.63856300368187
C           -4.31417841228806       -0.05828149435011        0.40144940895916
C           -3.78205791612289        0.44249876332597        1.59399330417638
C           -2.42119838058561        0.56046570508586        1.78472914919248
C           -1.60632854955126        0.15794458440069        0.73642884589187
O           -0.25629130520916        0.18229852280798        0.70257227605134
H            5.48398549223031        0.48558729514099        1.03159981870506
H            4.15144309973906       -0.09701678837535        2.04180600044088
H            4.10249534623415        1.53862863862007        1.37645885792903
H            4.00636793853178       -1.04702139623842       -0.27586820611615
H            3.95775111704778        0.59393872175368       -0.94305559079682
H           -0.96050521893001       -1.04509020105229       -2.26527924717498
H           -3.92766371142310       -0.84191720284176       -1.55402333300232
H           -5.38548549412264       -0.13219798284501        0.29772055344723
H           -4.45182257434593        0.74368031952258        2.38431584502177
H           -1.99902333701717        0.94444078964812        2.69770057033604
24
 energy: -40.882811273157 gnorm: 0.004130173621 xtb: 6.7.1 (edcfbbe)
C            4.40880681981810        0.51391509586883        1.18005658830870
C            3.71973766038730       -0.01329073737453       -0.06536886054788
O            2.30487981589248        0.03036257847139        0.14595133075685
C            1.52870150100154       -0.39546620147365       -0.84945255890837
O            1.95332449580981       -0.81163996802638       -1.90792533562801
C            0.10619845672649       -0.30220436896668       -0.51432009275361
C           -0.98273260564839       -0.64110663395455       -1.26975652534861
C           -2.12277616680593       -0.34887049501112       -0.47203533333126
C           -3.50577632991702       -0.45699342640942       -0.63859477983524
C           -4.31550094363941       -0.05921238303900        0.39931676752518
C           -3.78522215691339        0.44212966093862        1.59332641737701
C           -2.42499549451660        0.56131953917763        1.78649793001552
C           -1.60421674340334        0.16011192887791        0.74119437451138
O           -0.25528065180574        0.18395407008925        0.70633375588796
H            5.48380044549683        0.48603008548924        1.03201326755971
H            4.14874593011048       -0.09852347818470        2.03837766436445
H            4.09925293324020        1.53688020392981        1.37304870981175
H            4.00938694337559       -1.04865962649394       -0.27930589881869
H            3.96040072551603        0.59268424470832       -0.94648371361483
H           -0.95685989408596       -1.04353931162772       -2.26111856097861
H           -3.91929444177080       -0.84281741964729       -1.55668099793667
H           -5.38704470822809       -0.13327361459344        0.29602139208304
H           -4.45796728698430        0.74214447164827        2.38153020059440
H           -2.00556830365587        0.94606578560317        2.70110025890581
24
 energy: -40.882841746827 gnorm: 0.001746424937 xtb: 6.7.1 (edcfbbe)
C            4.41041788032681        0.51262774946101        1.17685535950451
C            3.72347785917954       -0.01508268177849       -0.06923609276060
O            2.30815614814883        0.02902506645823        0.14449199156008
C            1.53061515091167       -0.39453803565373       -0.84689204728587
O            1.94683396350147       -0.81178071208172       -1.90962447346785
C            0.10722558614351       -0.29986268688334       -0.50881597793034
C           -0.98086525893946       -0.63900454900832       -1.26523891981801
C           -2.12156064110775       -0.34695126386391       -0.46786306444787
C           -3.50379660155245       -0.45709004765004       -0.63871057996078
C           -4.31803823956493       -0.06035159376716        0.39717614499463
C           -3.78969980748141        0.44156055587059        1.59224598038147
C           -2.42957961598899        0.56217374579404        1.78813000958645
C           -1.60391253774713        0.16218029679153        0.74546523799837
O           -0.25526197712748        0.18600047672260        0.71062296314235
H            5.48627971371917        0.48693316890129        1.03267932261847
H            4.14847764838692       -0.09994556988195        2.03487167480941
H            4.09804996677760        1.53507277700868        1.36968444436475
H            4.01330388535527       -1.05046897823760       -0.28244655585202
H            3.96368635401350        0.59157138214527       -0.94992354211247
H           -0.95402765364686       -1.04167518820015       -2.25683310633606
H           -3.91126783201808       -0.84385296595053       -1.55956947770928
H           -5.38984781137104       -0.13492616271660        0.29316631540969
H           -4.46525478895546        0.74064267310265        2.37883192927437
H           -2.01341139096326        0.94774254341764        2.70465846403661
24
 energy: -40.882848752357 gnorm: 0.001180712209 xtb: 6.7.1 (edcfbbe)
C            4.41358114229217        0.51164660805659        1.17434536486787
C            3.72626102310786       -0.01624216500542       -0.07129635574670
O            2.31074721503850        0.02858153575227        0.14487272749560
C            1.53090040556970       -0.39327190442272       -0.84480324706445
O            1.94167068515320       -0.81119395160935       -1.90944280854717
C            0.10786208223925       -0.29795371307964       -0.50482210482180
C           -0.98008311669878       -0.63765068894733       -1.26193619849879
C           -2.12128191584163       -0.34580494330937       -0.46542996682986
C           -3.50302578412510       -0.45727288996017       -0.63917296707688
C           -4.31978567704310       -0.06129183577313        0.39532228845145
C           -3.79314395460724        0.44092443745607        1.59091173973839
C           -2.43323095195597        0.56273654319290        1.78909976429496
C           -1.60552651046883        0.16337467413376        0.74787804091342
O           -0.25648109879280        0.18780390663458        0.71427462655205
H            5.48972459874273        0.48708453243419        1.03135141787492
H            4.15171074057066       -0.10090863957636        2.03271707498043
H            4.10030193858327        1.53400034858420        1.36762201922606
H            4.01553621914594       -1.05166508643001       -0.28426064893331
H            3.96544809131985        0.59058759299292       -0.95194884471111
H           -0.95239861187150       -1.04037940577948       -2.25363779008044
H           -3.90746083853885       -0.84463055447599       -1.56115189190827
H           -5.39143763699939       -0.13684535268769        0.28972618026922
H           -4.47007877320496        0.73953556241235        2.37671933531852
H           -2.01980927161497        0.94883538940683        2.70678824423593
24
 energy: -40.882852351870 gnorm: 0.000503209033 xtb: 6.7.1 (edcfbbe)
C            4.41647904491868        0.51114997790082        1.17288796749957
C            3.72741935663765       -0.01671168454404       -0.07176633397633
O            2.31197449786868        0.02851685287328        0.14618477352726
C            1.53034238082287       -0.39275346123045       -0.84289277475063
O            1.93939445826372       -0.81002610368025       -1.90806415313097
C            0.10782984516686       -0.29673559537219       -0.50233773341096
C           -0.97964395823080       -0.63660830703862       -1.26026581886834
C           -2.12144164115959       -0.34540785748384       -0.46470204822741
C           -3.50298661229524       -0.45772188828936       -0.63970187257746
C           -4.32053519366157       -0.06207206144866        0.39405914590248
C           -3.79520585281653        0.44045854379397        1.58991201483876
C           -2.43558500286092        0.56310015742700        1.78956315519726
C           -1.60733503639612        0.16403157315634        0.74890517696661
O           -0.25790108627366        0.18913363428991        0.71678797126350
H            5.49235596661788        0.48655726295932        1.02836213338377
H            4.15593600184252       -0.10145248820807        2.03162519020880
H            4.10360656398680        1.53353939111417        1.36659621208224
H            4.01590027263739       -1.05225307243102       -0.28490254944443
H            3.96544839230217        0.58976555203970       -0.95290650679767
H           -0.95100620053296       -1.03935951720191       -2.25184415020129
H           -3.90667284616651       -0.84512432698304       -1.56180724481233
H           -5.39189741966655       -0.13829990246992        0.28701536955526
H           -4.47262893476130        0.73885553972916        2.37533634139686
H           -2.02384699624345        0.94941778109770        2.70768173437548
24
 energy: -40.882854437213 gnorm: 0.000485015559 xtb: 6.7.1 (edcfbbe)
C            4.41880520823923        0.51066590896845        1.17171505879626
C            3.72784378050170       -0.01719899677221       -0.07189760648412
O            2.31261781063852        0.02868810088074        0.14754598960621
C            1.52992360539989       -0.39137196316845       -0.84139817939073
O            1.93856252814958       -0.80860625074004       -1.90669133629288
C            0.10766300892106       -0.29559181321933       -0.50031028176230
C           -0.97903280655891       -0.63618472004127       -1.25887161026409
C           -2.12155666322177       -0.34520148701205       -0.46436272804101
C           -3.50296645982446       -0.45797031913313       -0.64022654395420
C           -4.32117097665082       -0.06263286077680        0.39305026542305
C           -3.79694938206518        0.44015721103301        1.58922458611338
C           -2.43750964282014        0.56341665734393        1.78985260940754
C           -1.60858134030611        0.16451213389425        0.74971163744969
O           -0.25900137260081        0.19020002413719        0.71870934216665
H            5.49437977218317        0.48582442031036        1.02517248507983
H            4.15961363167246       -0.10193424583605        2.03076645839027
H            4.10644268661003        1.53307887123029        1.36575026142507
H            4.01554183372476       -1.05292474690046       -0.28529791706215
H            3.96496426328993        0.58890454700758       -0.95355027395166
H           -0.94935297909317       -1.03887420929917       -2.25038933475931
H           -3.90615575040887       -0.84570748661076       -1.56235817888678
H           -5.39237111307746       -0.13954717686158        0.28515655921405
H           -4.47491328018513        0.73830356759901        2.37422156054748
H           -2.02679636251747        0.94999483396649        2.70820317722977
24
 energy: -40.882856014735 gnorm: 0.000337397302 xtb: 6.7.1 (edcfbbe)
C            4.42079226100100        0.51031114505781        1.17068373304509
C            3.72785960677902       -0.01757317276590       -0.07185336263807
O            2.31293617930776        0.02868705659952        0.14905901055067
C            1.52967588289459       -0.39096657166916       -0.83965264579737
O            1.93844007441119       -0.80703776053513       -1.90542934883301
C            0.10747136653631       -0.29471775507845       -0.49872188406173
C           -0.97855382416589       -0.63538270058446       -1.25808239364517
C           -2.12171031030613       -0.34507854376165       -0.46422231321379
C           -3.50298837888980       -0.45846242959808       -0.64051604820529
C           -4.32177733930543       -0.06326938082570        0.39236500407369
C           -3.79839330118203        0.43991030804117        1.58873117721090
C           -2.43906612907134        0.56368677554372        1.78991212622636
C           -1.60948844813051        0.16501038554514        0.75019361907894
O           -0.25988990846175        0.19110909045909        0.71998617288152
H            5.49608782370651        0.48524854350212        1.02215484434392
H            4.16298108256955       -0.10224196666654        2.03012417994245
H            4.10890489534121        1.53274980289810        1.36508447619258
H            4.01495071241941       -1.05348497152543       -0.28529255890124
H            3.96415700255870        0.58805970229626       -0.95408838788305
H           -0.94793696577035       -1.03818343474514       -2.24951598205855
H           -3.90581249433442       -0.84624038107902       -1.56280629350332
H           -5.39291166493786       -0.14047752547979        0.28389791933009
H           -4.47687132725971        0.73788105404964        2.37331951484628
H           -2.02885679571001        0.95046273032191        2.70839544101814
24
 energy: -40.882857235386 gnorm: 0.000195628898 xtb: 6.7.1 (edcfbbe)
C            4.42266073890335        0.50990957501164        1.16976848839804
C            3.72776621617926       -0.01804207100261       -0.07164588981907
O            2.31312751462067        0.02889705535241        0.15051286968228
C            1.52952125630757       -0.38963397042568       -0.83842040108487
O            1.93843825029786       -0.80537789895113       -1.90434661811275
C            0.10728543045103       -0.29382177614095       -0.49757936134381
C           -0.97828987353072       -0.63511684939039       -1.25733712372625
C           -2.12190781254860       -0.34498451019498       -0.46406143029453
C           -3.50305814591908       -0.45876177297915       -0.64078194767918
C           -4.32242897929858       -0.06376530544333        0.39176209559850
C           -3.79965929567465        0.43972344318599        1.58828056646447
C           -2.44042079443740        0.56392165813326        1.78983860384773
C           -1.61021691236027        0.16537633389697        0.75055707049023
O           -0.26065447831866        0.19188969399172        0.72082220902970
H            5.49771870570926        0.48461143697039        1.01948419240220
H            4.16614829050109       -0.10244919412214        2.02973674622185
H            4.11132270293008        1.53245878131387        1.36451259564230
H            4.01419897964167       -1.05415795089911       -0.28506845949250
H            3.96346209866093        0.58715654651092       -0.95435198810149
H           -0.94696355084133       -1.03797213395084       -2.24874452864122
H           -3.90545710777702       -0.84688873409420       -1.56315314467686
H           -5.39352590839210       -0.14143986755574        0.28302570168279
H           -4.47861443343995        0.73750200214775        2.37253482460312
H           -2.03045289166438        0.95096550863535        2.70838092890934
24
 energy: -40.882858095752 gnorm: 0.000167819846 xtb: 6.7.1 (edcfbbe)
C            4.42429228365747        0.50958041405926        1.16896955441208
C            3.72782787010331       -0.01852260727105       -0.07147131981648
O            2.31335523355362        0.02900043016144        0.15171119587655
C            1.52943715010744       -0.38867194199807       -0.83732901745570
O            1.93811659856311       -0.80384666709116       -1.90362819619881
C            0.10713406814868       -0.29298210986175       -0.49665905169899
C           -0.97814831766602       -0.63468363146394       -1.25670614095005
C           -2.12204025283265       -0.34482659956051       -0.46376000746133
C           -3.50308296474784       -0.45914316294799       -0.64097408680235
C           -4.32300971854619       -0.06434630401665        0.39121970537583
C           -3.80076659826895        0.43949539437162        1.58785975079281
C           -2.44164438689384        0.56421302901842        1.78983113291659
C           -1.61082869235816        0.16582772745534        0.75093868551439
O           -0.26129070633348        0.19270543609431        0.72152915534690
H            5.49915961204810        0.48402770358067        1.01726351545968
H            4.16884692908327       -0.10251592320648        2.02946099961149
H            4.11348227655469        1.53226742904769        1.36392329257172
H            4.01365151858949       -1.05484513195426       -0.28472621882683
H            3.96301338160569        0.58619996180321       -0.95464097867783
H           -0.94636345515218       -1.03764136011694       -2.24806640312433
H           -3.90492481123086       -0.84757315738597       -1.56348546725187
H           -5.39405534701423       -0.14239246945760        0.28219932890833
H           -4.48014437283179        0.73715912894464        2.37180558845876
H           -2.03201729813864        0.95151441179578        2.70846098301948
