
Scratch directory: [LOCAL_PATH]
   => Libint2 <=

    Primary   basis highest AM E, G, H:  7, 6, -
    Auxiliary basis highest AM E, G, H:  7, 7, -
    Onebody   basis highest AM E, G, H:  -, -, -
    Solid Harmonics ordering:            Gaussian

*** tstart() called on [LOCAL_HOST]
*** at Mon Sep 28 20:09:53 2026

   => Loading Basis Set <=

    Name: CC-PVDZ
    Role: ORBITAL
    Keyword: BASIS
    atoms 1-2 entry H          line    22 file [LOCAL_PATH]


         ---------------------------------------------------------
                                   SCF
               by Justin Turney, Rob Parrish, Andy Simmonett
                          and Daniel G. A. Smith
                              UHF Reference
                        1 Threads,    476 MiB Core
         ---------------------------------------------------------

  ==> Geometry <==

    Molecular point group: c1
    Full point group: D_inf_h

    Geometry (in Angstrom), charge = 0, multiplicity = 1:

       Center              X                  Y                   Z               Mass       
    ------------   -----------------  -----------------  -----------------  -----------------
         H            0.000000000000     0.000000000000    -0.370000000000     1.007825032230
         H            0.000000000000     0.000000000000     0.370000000000     1.007825032230

  Running in c1 symmetry.

  Rotational constants: A = ************  B =     61.09110  C =     61.09110 [cm^-1]
  Rotational constants: A = ************  B = 1831464.96157  C = 1831464.96157 [MHz]
  Nuclear repulsion =    0.715104338743243

  Charge       = 0
  Multiplicity = 1
  Electrons    = 2
  Nalpha       = 1
  Nbeta        = 1

  ==> Algorithm <==

  SCF Algorithm Type is PK.
  DIIS enabled.
  MOM disabled.
  Fractional occupation disabled.
  Guess Type is CORE.
  Energy threshold   = 1.00e-12
  Density threshold  = 1.00e-12
  Integral threshold = 1.00e-12

  ==> Primary Basis <==

  Basis Set: CC-PVDZ
    Blend: CC-PVDZ
    Number of shells: 6
    Number of basis functions: 10
    Number of Cartesian functions: 10
    Spherical Harmonics?: true
    Max angular momentum: 1

  ==> Integral Setup <==

  Using in-core PK algorithm.
   Calculation information:
      Number of atoms:                   2
      Number of AO shells:               6
      Number of primitives:             10
      Number of atomic orbitals:        10
      Number of basis functions:        10

      Integral cutoff                 1.00e-12
      Number of threads:                 1

  Performing in-core PK
  Using 3080 doubles for integral storage.
  We computed 231 shell quartets total.
  Whereas there are 231 unique shell quartets.

  ==> DiskJK: Disk-Based J/K Matrices <==

    J tasked:                  Yes
    K tasked:                  Yes
    wK tasked:                  No
    Memory [MiB]:              357
    Schwarz Cutoff:          1E-12

    OpenMP threads:              1

  Minimum eigenvalue in the overlap matrix is 4.3535731471E-02.
  Reciprocal condition number of the overlap matrix is 1.3990163281E-02.
    Using symmetric orthogonalization.

  ==> Pre-Iterations <==

  SCF Guess: Core (One-Electron) Hamiltonian.

  Mixing beta HOMO/LUMO orbitals (1,2)
   -------------------------------------------------------
    Irrep   Nso     Nmo     Nalpha   Nbeta   Ndocc  Nsocc
   -------------------------------------------------------
     A         10      10       1       1       1       0
   -------------------------------------------------------
    Total      10      10       1       1       1       0
   -------------------------------------------------------

  ==> Iterations <==

                        Total Energy        Delta E     RMS |[F,P]|

   @UHF iter   1:    -0.69985089025280   -6.99851e-01   4.13668e-02 ADIIS/DIIS
   @UHF iter   2:    -1.01539425321435   -3.15543e-01   2.07257e-02 ADIIS/DIIS
   @UHF iter   3:    -1.10424697266761   -8.88527e-02   9.34483e-03 ADIIS/DIIS
   @UHF iter   4:    -1.12785064065172   -2.36037e-02   1.87831e-03 ADIIS/DIIS
   @UHF iter   5:    -1.12869086528797   -8.40225e-04   2.58517e-04 ADIIS/DIIS
   @UHF iter   6:    -1.12870001611480   -9.15083e-06   1.58933e-05 DIIS
   @UHF iter   7:    -1.12870008627011   -7.01553e-08   4.52511e-06 DIIS
   @UHF iter   8:    -1.12870009355995   -7.28984e-09   9.93844e-08 DIIS
   @UHF iter   9:    -1.12870009356048   -5.27356e-13   1.12991e-08 DIIS
   @UHF iter  10:    -1.12870009356051   -3.53051e-14   1.24997e-09 DIIS
   @UHF iter  11:    -1.12870009356051   -8.88178e-16   2.74426e-14 DIIS
  Energy and wave function converged.

    Wavefunction stable under totally symmetric rotations.
    Lowest totally symmetric eigenvalue: 0.269419 
    Lowest UHF->UHF stability eigenvalues: 
       A 0.269419      

    Stability analysis over.

  ==> Post-Iterations <==

   @Spin Contamination Metric:   2.220446049E-15
   @S^2 Expected:                0.000000000E+00
   @S^2 Observed:                2.220446049E-15
   @S   Expected:                0.000000000E+00
   @S   Observed:                0.000000000E+00

    Orbital Energies [Eh]
    ---------------------

    Alpha Occupied:                                                       

       1A     -0.592411  

    Alpha Virtual:                                                        

       2A      0.197440     3A      0.479321     4A      0.937324  
       5A      1.292904     6A      1.292904     7A      1.957023  
       8A      2.043520     9A      2.043520    10A      3.610474  

    Beta Occupied:                                                        

       1A     -0.592411  

    Beta Virtual:                                                         

       2A      0.197440     3A      0.479321     4A      0.937324  
       5A      1.292904     6A      1.292904     7A      1.957023  
       8A      2.043520     9A      2.043520    10A      3.610474  

    Final Occupation by Irrep:
              A 
    DOCC [     1 ]
    SOCC [     0 ]
    NA   [     1 ]
    NB   [     1 ]

  @UHF Final Energy:    -1.12870009356051

   => Energetics <=

    Nuclear Repulsion Energy =              0.7151043387432432
    One-Electron Energy =                  -2.5027868923815269
    Two-Electron Energy =                   0.6589824600777694
    Total Energy =                         -1.1287000935605143

  UHF NO Occupations:
  HONO-0 :    1  A 2.0000000
  LUNO+0 :    2  A 0.0000000
  LUNO+1 :    3  A 0.0000000
  LUNO+2 :    4  A 0.0000000
  LUNO+3 :    5  A 0.0000000


Computation Completed


Properties will be evaluated at   0.000000,   0.000000,   0.000000 [a0]

Properties computed using the SCF density matrix


 Multipole Moments:

 ------------------------------------------------------------------------------------
     Multipole            Electronic (a.u.)      Nuclear  (a.u.)        Total (a.u.)
 ------------------------------------------------------------------------------------

 L = 1.  Multiply by 2.5417464519 to convert [e a0] to [Debye]
 Dipole X            :          0.0000000            0.0000000            0.0000000
 Dipole Y            :         -0.0000000            0.0000000           -0.0000000
 Dipole Z            :          0.0000000            0.0000000            0.0000000
 Magnitude           :                                                    0.0000000

 ------------------------------------------------------------------------------------

*** tstop() called on [LOCAL_HOST]
Module time:
	user time   =        nan seconds =        nan minutes
	system time =        nan seconds =        nan minutes
	total time  =          0 seconds =       0.00 minutes
Total time:
	user time   =        nan seconds =        nan minutes
	system time =        nan seconds =        nan minutes
	total time  =          2 seconds =       0.03 minutes
