
Scratch directory: [LOCAL_PATH]
   => Libint2 <=

    Primary   basis highest AM E, G, H:  7, 6, -
    Auxiliary basis highest AM E, G, H:  7, 7, -
    Onebody   basis highest AM E, G, H:  -, -, -
    Solid Harmonics ordering:            Gaussian

*** tstart() called on [LOCAL_HOST]
*** at Mon Sep 28 20:09:54 2026

   => Loading Basis Set <=

    Name: CC-PVDZ
    Role: ORBITAL
    Keyword: BASIS
    atoms 1-2 entry H          line    22 file [LOCAL_PATH]


         ---------------------------------------------------------
                                   SCF
               by Justin Turney, Rob Parrish, Andy Simmonett
                          and Daniel G. A. Smith
                              RHF Reference
                        1 Threads,    476 MiB Core
         ---------------------------------------------------------

  ==> Geometry <==

    Molecular point group: c1
    Full point group: D_inf_h

    Geometry (in Angstrom), charge = 0, multiplicity = 1:

       Center              X                  Y                   Z               Mass       
    ------------   -----------------  -----------------  -----------------  -----------------
         H            0.000000000000     0.000000000000    -0.800000000000     1.007825032230
         H            0.000000000000     0.000000000000     0.800000000000     1.007825032230

  Running in c1 symmetry.

  Rotational constants: A = ************  B =     13.06777  C =     13.06777 [cm^-1]
  Rotational constants: A = ************  B = 391761.80194  C = 391761.80194 [MHz]
  Nuclear repulsion =    0.330735756668750

  Charge       = 0
  Multiplicity = 1
  Electrons    = 2
  Nalpha       = 1
  Nbeta        = 1

  ==> Algorithm <==

  SCF Algorithm Type is PK.
  DIIS enabled.
  MOM disabled.
  Fractional occupation disabled.
  Guess Type is CORE.
  Energy threshold   = 1.00e-12
  Density threshold  = 1.00e-12
  Integral threshold = 1.00e-12

  ==> Primary Basis <==

  Basis Set: CC-PVDZ
    Blend: CC-PVDZ
    Number of shells: 6
    Number of basis functions: 10
    Number of Cartesian functions: 10
    Spherical Harmonics?: true
    Max angular momentum: 1

  ==> Integral Setup <==

  Using in-core PK algorithm.
   Calculation information:
      Number of atoms:                   2
      Number of AO shells:               6
      Number of primitives:             10
      Number of atomic orbitals:        10
      Number of basis functions:        10

      Integral cutoff                 1.00e-12
      Number of threads:                 1

  Performing in-core PK
  Using 3080 doubles for integral storage.
  We computed 231 shell quartets total.
  Whereas there are 231 unique shell quartets.

  ==> DiskJK: Disk-Based J/K Matrices <==

    J tasked:                  Yes
    K tasked:                  Yes
    wK tasked:                  No
    Memory [MiB]:              357
    Schwarz Cutoff:          1E-12

    OpenMP threads:              1

  Minimum eigenvalue in the overlap matrix is 1.8426710291E-01.
  Reciprocal condition number of the overlap matrix is 7.7858516966E-02.
    Using symmetric orthogonalization.

  ==> Pre-Iterations <==

  SCF Guess: Core (One-Electron) Hamiltonian.

   -------------------------------------------------------
    Irrep   Nso     Nmo     Nalpha   Nbeta   Ndocc  Nsocc
   -------------------------------------------------------
     A         10      10       1       1       1       0
   -------------------------------------------------------
    Total      10      10       1       1       1       0
   -------------------------------------------------------

  ==> Iterations <==

                        Total Energy        Delta E     RMS |[F,P]|

   @RHF iter   1:    -0.95467147624685   -9.54671e-01   1.65597e-02 ADIIS/DIIS
   @RHF iter   2:    -0.98320497593265   -2.85335e-02   2.84926e-03 ADIIS/DIIS
   @RHF iter   3:    -0.98409580541693   -8.90829e-04   1.06101e-04 ADIIS/DIIS
   @RHF iter   4:    -0.98409678877812   -9.83361e-07   1.48415e-06 DIIS
   @RHF iter   5:    -0.98409678902264   -2.44522e-10   1.38871e-10 DIIS
   @RHF iter   6:    -0.98409678902264    1.11022e-16   1.05159e-14 DIIS
  Energy and wave function converged.

    SO Integrals not on disk. Computing...done.
	Presorting SO-basis two-electron integrals.
	Sorting File: SO Ints (nn|nn) nbuckets = 1
	Constructing frozen core operators
	Starting first half-transformation.
	Sorting half-transformed integrals.
	First half integral transformation complete.
	Starting second half-transformation.
	Two-electron integral transformation complete.
	Starting first half-transformation.
	Sorting half-transformed integrals.
	First half integral transformation complete.
	Starting second half-transformation.
	Two-electron integral transformation complete.
    Lowest singlet (RHF->RHF) stability eigenvalues:
       A 0.415390         A 0.883985         A 0.921860         A 1.425437  
       A 1.566217      

    Lowest triplet (RHF->UHF) stability eigenvalues:
       A -0.137123        A 0.607618         A 0.653643         A 1.111921  
       A 1.275031      


  ==> Post-Iterations <==

    Orbital Energies [Eh]
    ---------------------

    Doubly Occupied:                                                      

       1A     -0.426555  

    Virtual:                                                              

       2A      0.022548     3A      0.659658     4A      0.665982  
       5A      1.256068     6A      1.403855     7A      1.403855  
       8A      1.583385     9A      1.583385    10A      2.031633  

    Final Occupation by Irrep:
              A 
    DOCC [     1 ]
    NA   [     1 ]
    NB   [     1 ]

  @RHF Final Energy:    -0.98409678902264

   => Energetics <=

    Nuclear Repulsion Energy =              0.3307357566687500
    One-Electron Energy =                  -1.7765555730028868
    Two-Electron Energy =                   0.4617230273114983
    Total Energy =                         -0.9840967890226386

Computation Completed


Properties will be evaluated at   0.000000,   0.000000,   0.000000 [a0]

Properties computed using the SCF density matrix


 Multipole Moments:

 ------------------------------------------------------------------------------------
     Multipole            Electronic (a.u.)      Nuclear  (a.u.)        Total (a.u.)
 ------------------------------------------------------------------------------------

 L = 1.  Multiply by 2.5417464519 to convert [e a0] to [Debye]
 Dipole X            :          0.0000000            0.0000000            0.0000000
 Dipole Y            :         -0.0000000            0.0000000           -0.0000000
 Dipole Z            :         -0.0000000            0.0000000           -0.0000000
 Magnitude           :                                                    0.0000000

 ------------------------------------------------------------------------------------

*** tstop() called on [LOCAL_HOST]
Module time:
	user time   =        nan seconds =        nan minutes
	system time =        nan seconds =        nan minutes
	total time  =          0 seconds =       0.00 minutes
Total time:
	user time   =        nan seconds =        nan minutes
	system time =        nan seconds =        nan minutes
	total time  =          3 seconds =       0.05 minutes
