
Scratch directory: [LOCAL_PATH]
   => Libint2 <=

    Primary   basis highest AM E, G, H:  7, 6, -
    Auxiliary basis highest AM E, G, H:  7, 7, -
    Onebody   basis highest AM E, G, H:  -, -, -
    Solid Harmonics ordering:            Gaussian

*** tstart() called on [LOCAL_HOST]
*** at Mon Sep 28 20:10:52 2026

   => Loading Basis Set <=

    Name: CC-PVDZ
    Role: ORBITAL
    Keyword: BASIS
    atoms 1-2 entry H          line    22 file [LOCAL_PATH]


         ---------------------------------------------------------
                                   SCF
               by Justin Turney, Rob Parrish, Andy Simmonett
                          and Daniel G. A. Smith
                              RHF Reference
                        1 Threads,    476 MiB Core
         ---------------------------------------------------------

  ==> Geometry <==

    Molecular point group: c1
    Full point group: D_inf_h

    Geometry (in Angstrom), charge = 0, multiplicity = 1:

       Center              X                  Y                   Z               Mass       
    ------------   -----------------  -----------------  -----------------  -----------------
         H            0.000000000000     0.000000000000    -0.800000000000     1.007825032230
         H            0.000000000000     0.000000000000     0.800000000000     1.007825032230

  Running in c1 symmetry.

  Rotational constants: A = ************  B =     13.06777  C =     13.06777 [cm^-1]
  Rotational constants: A = ************  B = 391761.80194  C = 391761.80194 [MHz]
  Nuclear repulsion =    0.330735756668750

  Charge       = 0
  Multiplicity = 1
  Electrons    = 2
  Nalpha       = 1
  Nbeta        = 1

  ==> Algorithm <==

  SCF Algorithm Type is PK.
  DIIS enabled.
  MOM disabled.
  Fractional occupation disabled.
  Guess Type is CORE.
  Energy threshold   = 1.00e-12
  Density threshold  = 1.00e-12
  Integral threshold = 1.00e-12

  ==> Primary Basis <==

  Basis Set: CC-PVDZ
    Blend: CC-PVDZ
    Number of shells: 6
    Number of basis functions: 10
    Number of Cartesian functions: 10
    Spherical Harmonics?: true
    Max angular momentum: 1

  ==> Integral Setup <==

  Using in-core PK algorithm.
   Calculation information:
      Number of atoms:                   2
      Number of AO shells:               6
      Number of primitives:             10
      Number of atomic orbitals:        10
      Number of basis functions:        10

      Integral cutoff                 1.00e-12
      Number of threads:                 1

  Performing in-core PK
  Using 3080 doubles for integral storage.
  We computed 231 shell quartets total.
  Whereas there are 231 unique shell quartets.

  ==> DiskJK: Disk-Based J/K Matrices <==

    J tasked:                  Yes
    K tasked:                  Yes
    wK tasked:                  No
    Memory [MiB]:              357
    Schwarz Cutoff:          1E-12

    OpenMP threads:              1

  Minimum eigenvalue in the overlap matrix is 1.8426710291E-01.
  Reciprocal condition number of the overlap matrix is 7.7858516966E-02.
    Using symmetric orthogonalization.

  ==> Pre-Iterations <==

  SCF Guess: Core (One-Electron) Hamiltonian.

   -------------------------------------------------------
    Irrep   Nso     Nmo     Nalpha   Nbeta   Ndocc  Nsocc
   -------------------------------------------------------
     A         10      10       1       1       1       0
   -------------------------------------------------------
    Total      10      10       1       1       1       0
   -------------------------------------------------------

  ==> Iterations <==

                        Total Energy        Delta E     RMS |[F,P]|

   @RHF iter   1:    -0.95467147624685   -9.54671e-01   1.65597e-02 DIIS/ADIIS
   @RHF iter   2:    -0.98320497593265   -2.85335e-02   2.84926e-03 DIIS/ADIIS
   @RHF iter   3:    -0.98409580541693   -8.90829e-04   1.06101e-04 DIIS/ADIIS
   @RHF iter   4:    -0.98409678877812   -9.83361e-07   1.48415e-06 DIIS
   @RHF iter   5:    -0.98409678902264   -2.44522e-10   1.38871e-10 DIIS
   @RHF iter   6:    -0.98409678902264    1.11022e-16   1.05159e-14 DIIS
  Energy and wave function converged.


  ==> Post-Iterations <==

    Orbital Energies [Eh]
    ---------------------

    Doubly Occupied:                                                      

       1A     -0.426555  

    Virtual:                                                              

       2A      0.022548     3A      0.659658     4A      0.665982  
       5A      1.256068     6A      1.403855     7A      1.403855  
       8A      1.583385     9A      1.583385    10A      2.031633  

    Final Occupation by Irrep:
              A 
    DOCC [     1 ]
    NA   [     1 ]
    NB   [     1 ]

  @RHF Final Energy:    -0.98409678902264

   => Energetics <=

    Nuclear Repulsion Energy =              0.3307357566687500
    One-Electron Energy =                  -1.7765555730028868
    Two-Electron Energy =                   0.4617230273114983
    Total Energy =                         -0.9840967890226386

Computation Completed


Properties will be evaluated at   0.000000,   0.000000,   0.000000 [a0]

Properties computed using the SCF density matrix


 Multipole Moments:

 ------------------------------------------------------------------------------------
     Multipole            Electronic (a.u.)      Nuclear  (a.u.)        Total (a.u.)
 ------------------------------------------------------------------------------------

 L = 1.  Multiply by 2.5417464519 to convert [e a0] to [Debye]
 Dipole X            :          0.0000000            0.0000000            0.0000000
 Dipole Y            :         -0.0000000            0.0000000           -0.0000000
 Dipole Z            :         -0.0000000            0.0000000           -0.0000000
 Magnitude           :                                                    0.0000000

 ------------------------------------------------------------------------------------

*** tstop() called on [LOCAL_HOST]
Module time:
	user time   =        nan seconds =        nan minutes
	system time =        nan seconds =        nan minutes
	total time  =          0 seconds =       0.00 minutes
Total time:
	user time   =        nan seconds =        nan minutes
	system time =        nan seconds =        nan minutes
	total time  =          1 seconds =       0.02 minutes
 MINTS: Wrapper to libmints.
   by Justin Turney

   Calculation information:
      Number of threads:                 1
      Number of atoms:                   2
      Number of AO shells:               6
      Number of SO shells:               6
      Number of primitives:             10
      Number of atomic orbitals:        10
      Number of basis functions:        10

      Number of irreps:                  1
      Integral cutoff                 1.00e-12
      Number of functions per irrep: [  10 ]

 OEINTS: Overlap, kinetic, potential, dipole, and quadrupole integrals
         stored in file 35.

      Computing two-electron integrals...done
      Computed 512 non-zero two-electron integrals.
        Stored in file 33.


         ---------------------------------------------------------
                          Configuration Interaction
                            (a 'D E T C I' module)

                 C. David Sherrill, Daniel G. A. Smith, and
                              Matt L. Leininger
         ---------------------------------------------------------


   ==> Parameters <==

    EX LEVEL       =        2      H0 BLOCKSIZE  =     1000
    VAL EX LEVEL   =        0      H0 GUESS SIZE =     1000
    H0COUPLINGSIZE =        0      H0 COUPLING   =       NO
    MAXITER        =      100      NUM PRINT     =       20
    NUM ROOTS      =        1      ICORE         =        1
    PRINT LVL      =        1      FCI           =      YES
    R CONV         = 1.00e-10      MIXED         =      YES
    E CONV         = 1.00e-12      MIXED4        =      YES
    R4S            =       NO      REPL OTF      =       NO
    DIAG METHOD    =      SEM      FOLLOW ROOT   =        0
    PRECONDITIONER = DAVIDSON      UPDATE        = DAVIDSON
    S              =   0.0000      Ms0           =      YES
    GUESS VECTOR   =  H0BLOCK      OPENTYPE      =     NONE
    COLLAPSE SIZE  =        1      HD AVG        = EVANGELISTI
    MAX NUM VECS   =      101      REF SYM       =     AUTO
    IOPEN        =       NO

    EX ALLOW       =  1  1 
    STATE AVERAGE  =  0(1.00) 

   ==> CI Orbital and Space information <==

   ------------------------------------
               Space    Total     A
   ------------------------------------
                 Nso       10    10
                 Nmo       10    10
               Ndocc        1     1
               Nsocc        0     0
   ------------------------------------
              CI Spaces
   ------------------------------------
        Dropped DOCC        0     0
              Active       10    10
        Dropped UOCC        0     0
   ------------------------------------

   ==> Setting up CI strings <==

    There are 10 alpha and 10 beta strings
    The CI space requires 100 (1.00E+02) determinants and 1 blocks

   ==> Transforming CI integrals <==

	Presorting SO-basis two-electron integrals.
	Sorting File: SO Ints (nn|nn) nbuckets = 1
	Constructing frozen core operators
	Starting first half-transformation.
	Sorting half-transformed integrals.
	First half integral transformation complete.
	Starting second half-transformation.
	Two-electron integral transformation complete.

   ==> Starting CI iterations <==

    H0 Block Eigenvalue =  -1.02531248

    Simultaneous Expansion Method (Block Davidson Method)
    Using 1 initial trial vectors

     Iter   Root       Total Energy       Delta E      C RMS

   @CI  0:     0     -1.025312477492   -1.3560E+00   1.9205E-01  
   @CI  1:     0     -1.047960579015   -2.2648E-02   4.4639E-02  
   @CI  2:     0     -1.049391733959   -1.4312E-03   8.6635E-03  
   @CI  3:     0     -1.049459928034   -6.8194E-05   2.6475E-03  
   @CI  4:     0     -1.049464440836   -4.5128E-06   1.0595E-04  
   @CI  5:     0     -1.049464446727   -5.8906E-09   1.2693E-05  
   @CI  6:     0     -1.049464446814   -8.7483E-11   8.5942E-07  
   @CI  7:     0     -1.049464446815   -3.8591E-13   5.4877E-08  
    Warning: Norm of correction (root 0) is < 1.0E-13
   @CI  8:     0     -1.049464446815   -8.8818E-16   4.1350E-09  
    Warning: Norm of correction (root 0) is < 1.0E-13
   @CI  9:     0     -1.049464446815   8.8818E-16   1.5542E-10  
    Warning: Norm of correction (root 0) is < 1.0E-13
   @CI 10:     0     -1.049464446815   -8.8818E-16   1.0465E-11 c

   ==> Energetics <==

    SCF energy =           -0.984096789022639
    Total CI energy =      -1.049464446814862

   ==> FCI root 0 information <==

    FCI Root 0 energy =    -1.049464446814862

   The 20 most important determinants:

    *   1    0.941988  (    0,    0)  1AX 
    *   2   -0.300824  (    1,    1)  2AX 
    *   3   -0.088143  (    1,    3)  2AA 4AB 
    *   4   -0.088143  (    3,    1)  2AB 4AA 
    *   5    0.038895  (    0,    2)  1AA 3AB 
    *   6    0.038895  (    2,    0)  1AB 3AA 
    *   7   -0.034749  (    3,    3)  4AX 
    *   8   -0.021294  (    2,    2)  3AX 
    *   9    0.017938  (    0,    4)  1AA 5AB 
    *  10    0.017938  (    4,    0)  1AB 5AA 
    *  11   -0.017890  (    4,    4)  5AX 
    *  12   -0.015594  (    6,    6)  7AX 
    *  13   -0.015594  (    5,    5)  6AX 
    *  14    0.010257  (    2,    4)  3AA 5AB 
    *  15    0.010257  (    4,    2)  3AB 5AA 
    *  16    0.007705  (    1,    9)  2AA 10AB 
    *  17    0.007705  (    9,    1)  2AB 10AA 
    *  18   -0.006922  (    8,    8)  9AX 
    *  19   -0.006922  (    7,    7)  8AX 
    *  20   -0.004688  (    9,    9)  10AX 

		 "A good bug is a dead bug" 

			 - Starship Troopers

		 "I didn't write FORTRAN.  That's the problem."

			 - Edward Valeev
