================================================================================
    ELECTROGRAPH-kMC: ADVANCED PURE-SOFTWARE AI4S COMPUTATIONAL SUITE   
================================================================================

[1/5] Initializing Deep Edge-Conditioned MPNN Architecture...
      -> MPNN Initialized: Node Feature Dim = 14, Edge Feature Dim = 6

[2/5] Profiling 3D Conformer Ensemble for: COc1ccc2[nH]c(cc2c1)c3ccccc3...
      -> Conformations Sampled: 1
      -> Boltzmann-Averaged SASA: 289.29 Å²
      -> Boltzmann-Averaged Radius of Gyration: 4.142 Å

[3/5] Launching Gillespie Kinetic Monte Carlo on POP-SAC Lattice (256 Active Sites)...
      -> Simulated Time: 0.10408 s | Steps: 3500
      -> Apparent Catalytic TOF: 23.46 s^-1
      -> Steady-State Radical Coverage: 4.30%

[4/5] Computing Condensed Graph of Reaction (CGR)...
      -> Transformation: C(sp2)-S bond formation accompanied by 2e- / 2H+ release
      -> Mass Conservation Validated: False

[5/5] Executing Deep Kernel Active Learning Substrate Exploration...
      -> Top Recommended Substrate: c1ccc2c(c1)CCN2
      -> Predicted E_ox: 0.005 V | Active Atom Idx: 17

[GRAPHICS] Generating Publication-Quality Scientific Figures (300 DPI)...

[COMPLETE] Pure-Software AI4S Engine finished successfully.
[ARTIFACTS] JSON Results: 'electrograph_kmc_results.json' | 300-DPI Graphics: 'figures_scientific\ElectroGraph_Comprehensive_Scientific_Panel.png'
