33
 energy: -50.023008945300 gnorm: 0.065550849081 xtb: 6.7.1 (edcfbbe)
C           -2.29609600000000        1.81081900000000        1.87658800000000
C           -2.53810600000000        1.83132500000000        0.39111500000000
O           -2.65861400000000        2.87903300000000       -0.23548600000000
N           -2.59885400000000        0.58473300000000       -0.18738900000000
C           -2.67969400000000        0.42610100000000       -1.62959300000000
C           -1.31495500000000        0.53119300000000       -2.32088800000000
C           -0.39401300000000       -0.59464800000000       -1.95083000000000
C           -0.31734900000000       -1.82785600000000       -2.56943800000000
N            0.63164200000000       -2.57501600000000       -1.92528100000000
C            1.17680000000000       -1.85781800000000       -0.88670200000000
C            0.56464800000000       -0.60580500000000       -0.88652000000000
C            0.96441100000000        0.33326200000000        0.08651900000000
C            1.94363100000000       -0.00265800000000        1.03092900000000
O            2.22736300000000        0.99426600000000        1.92606000000000
C            3.26488900000000        0.74167700000000        2.86461900000000
C            2.52974400000000       -1.26715000000000        1.00330400000000
C            2.15999300000000       -2.21707100000000        0.04125000000000
H           -2.38758100000000        0.80174500000000        2.28793300000000
H           -1.28971000000000        2.18599900000000        2.08000600000000
H           -3.03535100000000        2.44964000000000        2.36751300000000
H           -2.23301100000000       -0.20153100000000        0.33636500000000
H           -3.13756000000000       -0.55136500000000       -1.81688900000000
H           -3.35009000000000        1.19543900000000       -2.02875100000000
H           -0.84071800000000        1.49085300000000       -2.08317100000000
H           -1.46809000000000        0.51952000000000       -3.40730700000000
H           -0.85779200000000       -2.23567000000000       -3.41357800000000
H            0.89655800000000       -3.51863100000000       -2.17161700000000
H            0.51887800000000        1.32399300000000        0.10430100000000
H            2.99783200000000       -0.08250700000000        3.53416400000000
H            3.38798600000000        1.64041800000000        3.47662700000000
H            4.21757500000000        0.54959900000000        2.35996500000000
H            3.29006300000000       -1.55464300000000        1.72256800000000
H            2.62557000000000       -3.19724500000000        0.02361600000000
33
 energy: -50.027213819491 gnorm: 0.024812004556 xtb: 6.7.1 (edcfbbe)
C           -2.29683903449664        1.80215160504506        1.87863645897520
C           -2.51901480087668        1.82525869271768        0.38497495181731
O           -2.68116436404386        2.86352821884127       -0.23818101974824
N           -2.58496715185441        0.59616292166100       -0.19285429305243
C           -2.67331074294339        0.42878864489084       -1.62986468726571
C           -1.30891175770565        0.52589330983427       -2.32585375716903
C           -0.38759520601553       -0.59135195143798       -1.94538140311225
C           -0.30346868871248       -1.82042063371198       -2.54766506428849
N            0.63700087377544       -2.58527963956869       -1.91356405384446
C            1.18186084772535       -1.86581103583684       -0.88400626351638
C            0.56026356650214       -0.60126501024113       -0.87508428804850
C            0.95121067163236        0.33525709621181        0.08626755732068
C            1.92968408471295       -0.00302632672664        1.01598772555001
O            2.22999029243848        0.98483701604023        1.92046604978811
C            3.26091930521900        0.73727299178260        2.85809945480479
C            2.52091105552453       -1.27086061470373        0.98927577535361
C            2.15904324898692       -2.21293532075411        0.03924318669932
H           -2.37983988340831        0.79787105999024        2.28981638128936
H           -1.30237967810221        2.19208294899767        2.08878148609397
H           -3.02550041177314        2.45060921452559        2.36246865404694
H           -2.22372232204055       -0.18895038180451        0.32725503404079
H           -3.12765628725793       -0.54719480878802       -1.82430710477082
H           -3.33528580332554        1.21066762845840       -2.01303722186587
H           -0.85249248732483        1.48544805444044       -2.06895465174654
H           -1.47375910418486        0.51288556623496       -3.40735079234727
H           -0.84278837183778       -2.21470275429906       -3.38920262394997
H            0.89608461435912       -3.52529605398672       -2.16540138064946
H            0.51118704520615        1.32200418434935        0.11299262006995
H            3.00068954137061       -0.09177341206265        3.52281647984388
H            3.36274560470771        1.64744046536059        3.45279906634199
H            4.21158737226853        0.53449766156181        2.35634251108137
H            3.27904730072282       -1.54742679221379        1.70823865480286
H            2.62646967075167       -3.18636154480797        0.02624855745528
33
 energy: -50.027933417720 gnorm: 0.005589008319 xtb: 6.7.1 (edcfbbe)
C           -2.29174479907587        1.79600655958224        1.88010335955936
C           -2.53187192772366        1.81966052760326        0.38585254276663
O           -2.70921567689480        2.85536519008407       -0.23632593578513
N           -2.57115873940829        0.60108294561077       -0.19543223757850
C           -2.66498302744593        0.43043695347396       -1.62933922666987
C           -1.29980189997980        0.52476369818280       -2.33010242367596
C           -0.38472548362549       -0.59134638118047       -1.94401666075952
C           -0.29812320750342       -1.81801243015460       -2.53810143722800
N            0.63549461459743       -2.59275614449835       -1.90733187782224
C            1.17942767442363       -1.87334311052790       -0.88135963217732
C            0.55637313639140       -0.59997287950764       -0.86871732827917
C            0.94010222663767        0.33662964556563        0.08608684968224
C            1.91789783853633       -0.00144524073329        1.00847045546273
O            2.23142592877690        0.98084067991246        1.91776848522523
C            3.25801534262798        0.73353404537489        2.85270411752859
C            2.51587444432060       -1.26965401983844        0.98399354573042
C            2.15523647251794       -2.21035422772645        0.04163613989891
H           -2.37087143304279        0.79429616265617        2.28965227066934
H           -1.29906197522993        2.19135750360776        2.08510098761214
H           -3.01201882347166        2.45146669664800        2.36303743601047
H           -2.21347333971685       -0.18420356956255        0.32478400902999
H           -3.12162238117182       -0.54237096162042       -1.82595241598596
H           -3.31932539144247        1.22154475825566       -2.00374371896063
H           -0.84864963918896        1.48311946427605       -2.06729170688919
H           -1.47028278047248        0.50691220445507       -3.40801823615503
H           -0.83755536538386       -2.20039672066480       -3.38232487221741
H            0.89199642390672       -3.52999687506508       -2.16417796826146
H            0.49974775967317        1.32050058424755        0.12110161203908
H            3.00219368292704       -0.09679640895282        3.51792871906738
H            3.34749076420634        1.64937986345895        3.43610666984350
H            4.20987116318664        0.52538705710944        2.35490380342249
H            3.27535036299370       -1.53176409240801        1.70361782515745
H            2.62798705505462       -3.17987047766389        0.02938884973942
33
 energy: -50.028081227659 gnorm: 0.004442874486 xtb: 6.7.1 (edcfbbe)
C           -2.28848865487517        1.79454040075187        1.88226961850482
C           -2.53364008499604        1.81852519391885        0.38792328644350
O           -2.73738144877454        2.85467371036957       -0.22918641594073
N           -2.55547752774472        0.60256842440351       -0.19660183360602
C           -2.66097583112530        0.43353277436210       -1.62943158875475
C           -1.29590863548035        0.52378536725416       -2.33392918405641
C           -0.38444347355630       -0.59364988988376       -1.94620214084666
C           -0.29769657433674       -1.82036009595972       -2.53911219717019
N            0.63214551277866       -2.59692892000957       -1.90556760284913
C            1.17573532506482       -1.87772128660653       -0.87990194595195
C            0.55373583158090       -0.60215709603867       -0.86774112988880
C            0.93399548154605        0.33595258668172        0.08631029675156
C            1.91300609330660       -0.00031710027808        1.00719221712803
O            2.23048997978912        0.98102926195453        1.91706492121268
C            3.25561771886056        0.73375210955109        2.85117741236168
C            2.51450964624232       -1.26763127890939        0.98394855045825
C            2.15288591353704       -2.21042001167322        0.04401633293265
H           -2.36270149267090        0.79209867579550        2.28985139164209
H           -1.29537727366578        2.19230524602777        2.08165438033173
H           -3.00823166506010        2.44851858547858        2.36816531555189
H           -2.19744728934667       -0.18394512012139        0.32190083191915
H           -3.12175312792771       -0.53675280778301       -1.82605170419586
H           -3.31151054053489        1.22962333574007       -1.99953834472842
H           -0.84263176003355        1.48106518289739       -2.07281091961346
H           -1.46872249747100        0.50363757931749       -3.41081774839017
H           -0.83723697998580       -2.19800827010093       -3.38609592167413
H            0.88870542884358       -3.53342718929700       -2.16431412052032
H            0.49183400064614        1.31901789881369        0.12332762337373
H            3.00106111645643       -0.09648596205178        3.51779799241753
H            3.34346700571719        1.65000340442477        3.43256147639745
H            4.20894634126634        0.52480352017218        2.35545297179789
H            3.27558465527552       -1.52204856028075        1.70401143093627
H            2.62790380667430       -3.17957866892100        0.03267874802607
33
 energy: -50.028275747108 gnorm: 0.008810190818 xtb: 6.7.1 (edcfbbe)
C           -2.28088706567625        1.79178754963964        1.88800730761490
C           -2.55031234695613        1.81673220556218        0.39678919301567
O           -2.80237950348446        2.85242888248002       -0.20857273535520
N           -2.52378239824602        0.60662614856066       -0.19830532674516
C           -2.64982152143481        0.44334024120840       -1.62959948878678
C           -1.28726654424299        0.52175903576892       -2.34445514572400
C           -0.38340494895640       -0.59939762588568       -1.95247286818367
C           -0.29704045152623       -1.82738691746290       -2.54350199190151
N            0.62572334758927       -2.60541047281990       -1.90226890078749
C            1.16812241273034       -1.88621091055658       -0.87656604642337
C            0.54870057092268       -0.60840113837363       -0.86755956053265
C            0.92298726575889        0.33322251433954        0.08580058227896
C            1.90441819340980        0.00104649021053        1.00540693217515
O            2.22648797449111        0.98263109671830        1.91462044184286
C            3.24905861870287        0.73686062946367        2.84869413590817
C            2.51100514245304       -1.26466074162527        0.98452115582580
C            2.14772097495796       -2.21213621675849        0.04905762689159
H           -2.34573372857278        0.78783385970057        2.29324675482054
H           -1.28396478578226        2.18983073334195        2.07004176077162
H           -2.99488454844312        2.44351016837099        2.38591534326730
H           -2.16083664273164       -0.18099889495792        0.31571645609843
H           -3.12120164401288       -0.52120972324844       -1.82669569573647
H           -3.29343382551355        1.24893244743338       -1.99064030056430
H           -0.82681500064625        1.47707003700525       -2.09040326624949
H           -1.46534196297471        0.49607495781203       -3.42002684694854
H           -0.83611143003778       -2.19810939169228       -3.39510236058636
H            0.88331171488967       -3.54099320011726       -2.16386264047843
H            0.47722419060410        1.31503879292655        0.12351804272699
H            2.99617101297119       -0.09290173944593        3.51799306395121
H            3.33594982706653        1.65321205611906        3.42870789085263
H            4.20536508746292        0.52776791199226        2.35679832259240
H            3.27542394419524       -1.50658979868555        1.70456962903619
H            2.62554707103271       -3.18129798702396        0.04063053533295
33
 energy: -50.028423980713 gnorm: 0.010487633329 xtb: 6.7.1 (edcfbbe)
C           -2.27516408095744        1.78862658428307        1.89437018306631
C           -2.56633261478285        1.81553118348940        0.40702139872479
O           -2.85982859707178        2.84823376720246       -0.18660186676389
N           -2.49769509905803        0.61248192591629       -0.19933300187904
C           -2.63937802210596        0.45476876379293       -1.62952189607060
C           -1.28038328282187        0.51941011233627       -2.35407463100497
C           -0.38215796650198       -0.60493495283506       -1.95840822637269
C           -0.29590741787783       -1.83442537315759       -2.54788611559277
N            0.62195858131162       -2.61230890833151       -1.89981675843811
C            1.16280661425052       -1.89233995419121       -0.87388884967162
C            0.54571899618181       -0.61413997029744       -0.86944639488207
C            0.91675193929672        0.33039429807346        0.08318035061422
C            1.89860597978242        0.00133294647696        1.00381442639921
O            2.22094818045724        0.98501481698626        1.91099548728825
C            3.24153044748732        0.74169150294493        2.84678131913887
C            2.50674669302616       -1.26379550251473        0.98542883933235
C            2.14303551818231       -2.21487482871137        0.05326079506164
H           -2.33453320322098        0.78364696379452        2.29865662199425
H           -1.27333043586009        2.18259256171163        2.05953180268087
H           -2.98006720122489        2.44042899349744        2.40558468671467
H           -2.12589579848584       -0.17475698157854        0.30904268418579
H           -3.12315494256559       -0.50382886715154       -1.82737514230831
H           -3.27614247644948        1.26934391259306       -1.98243780408080
H           -0.81070171950981        1.47321027474968       -2.11049297012162
H           -1.46450514127028        0.48715415437493       -3.42864939813915
H           -0.83367997459856       -2.20277539592611       -3.40167943329979
H            0.88076405005389       -3.54761570636183       -2.16237791533635
H            0.46858435439983        1.31137100890027        0.11852640508423
H            2.98905624638782       -0.08743080324271        3.51767942088419
H            3.32782551071145        1.65824075298842        3.42700653886653
H            4.20006682104431        0.53368700015627        2.35779960830785
H            3.27306265144232       -1.49960790432191        1.70519998254425
H            2.62139439034756       -3.18432537564658        0.04811185307342
33
 energy: -50.028662120627 gnorm: 0.009726775063 xtb: 6.7.1 (edcfbbe)
C           -2.26767352189170        1.78202169141297        1.90571244933645
C           -2.59113729321450        1.81411108870920        0.42537315214042
O           -2.94240494159076        2.83883390626873       -0.14920181910984
N           -2.46218128551939        0.62514569780780       -0.20020847312994
C           -2.62296698558163        0.47560561672957       -1.62890865994113
C           -1.27118251533178        0.51470553226960       -2.36884773216525
C           -0.38009511994770       -0.61387570631033       -1.96753549497194
C           -0.29353967795035       -1.84584077584414       -2.55414911503548
N            0.61915973348047       -2.62214413203611       -1.89694115401020
C            1.15730466773700       -1.89971653021381       -0.87090292618412
C            0.54304028573347       -0.62237626984576       -0.87470776724649
C            0.91175950607705        0.32623314520854        0.07618786562310
C            1.89179903877370        0.00109456598816        1.00084899919370
O            2.21029512793796        0.98974844687421        1.90365036591903
C            3.22796118258765        0.75106165046051        2.84403712293908
C            2.49898267568174       -1.26425796058564        0.98743078946569
C            2.13622264359436       -2.21991535241851        0.05910879628561
H           -2.32619285150808        0.77622837374990        2.30931608411451
H           -1.25614331140537        2.16231042114442        2.04553478050232
H           -2.95276794148408        2.43894729311599        2.43791961260657
H           -2.07065541556206       -0.15953836461294        0.29756328263953
H           -3.12910808106627       -0.47255354697542       -1.82787397594430
H           -3.24787307370561        1.30437658933304       -1.97007611478324
H           -0.78485146204518        1.46640242148995       -2.14596089878138
H           -1.46677839779086        0.46977666294655       -3.44166847724584
H           -0.82827059281496       -2.21545764437427       -3.40903022724751
H            0.87985011981250       -3.55761601775745       -2.15874931105126
H            0.46199262576325        1.30671619103705        0.10449076778331
H            2.97476530661366       -0.07698581389491        3.51606324023633
H            3.31232878435343        1.66831583102097        3.42519963251279
H            4.18921995811929        0.54560426087423        2.35900505741980
H            3.26587971437584       -1.49693971895832        1.70761653574760
H            2.61326009776896       -3.19002055261363        0.05970561238195
33
 energy: -50.028900629309 gnorm: 0.006015384840 xtb: 6.7.1 (edcfbbe)
C           -2.26196622132739        1.77414573349039        1.91596110408261
C           -2.60613935426185        1.81323712604927        0.44163312286319
O           -2.99894365489647        2.82825571346770       -0.11653116404525
N           -2.43916369770449        0.63946344216188       -0.20035406064746
C           -2.61036461395414        0.49480369804612       -1.62796936564004
C           -1.26616984841185        0.50978627836965       -2.38021502382001
C           -0.37876634893415       -0.62096703958176       -1.97450970929649
C           -0.29136015474159       -1.85490188102548       -2.55783173392156
N            0.62016629325520       -2.62889547094732       -1.89580593659479
C            1.15605365774074       -1.90310067574580       -0.87023505501446
C            0.54287304009501       -0.62730180813901       -0.88129026490706
C            0.91255598371375        0.32396355027756        0.06726561583684
C            1.88819674954307        0.00070453516880        0.99763356233859
O            2.19991892943636        0.99450615521033        1.89615561968452
C            3.21515801182932        0.75996893989130        2.84215768762758
C            2.49133219569315       -1.26603518768232        0.98997268132073
C            2.13106240995982       -2.22406950641353        0.06318203585747
H           -2.33119015803949        0.76863696956777        2.31940603940724
H           -1.24116997218341        2.13474329368925        2.03988543166635
H           -2.92605678417738        2.44141512662998        2.46159009485394
H           -2.02395278378439       -0.14025292184551        0.28660107283258
H           -3.13624240805821       -0.44397101256989       -1.82657628661330
H           -3.22487374258813        1.33416187847377       -1.96157413055935
H           -0.76569433698304        1.45984056667223       -2.17765686016144
H           -1.47331104425587        0.45219282055816       -3.45091763982420
H           -0.82276668941407       -2.23077348676942       -3.41128894735707
H            0.88187371745397       -3.56521614906627       -2.15418101956456
H            0.46440845491184        1.30519662340266        0.08717899562464
H            2.95978556685509       -0.06713273818562        3.51362083831304
H            3.29626490641091        1.67839421841250        3.42367219597309
H            4.17770739320508        0.55659550850586        2.35985956159650
H            3.25551341352057       -1.50263275162883        1.71232887989060
H            2.60526009009210       -3.19476054844422        0.06883465819740
33
 energy: -50.029059251552 gnorm: 0.014683530913 xtb: 6.7.1 (edcfbbe)
C           -2.24956754572571        1.76069795644273        1.93120615316733
C           -2.62941842761187        1.81244322947888        0.46570355466111
O           -3.10890822576395        2.81377303484642       -0.06385748142398
N           -2.39862142290965        0.66209607544727       -0.20207578449662
C           -2.58987584212465        0.52269643486202       -1.62742022897724
C           -1.25795711734718        0.50276903835379       -2.39892526582587
C           -0.37652299033654       -0.63061639702719       -1.98546989540889
C           -0.28855453673117       -1.86756293964508       -2.56099982776095
N            0.62117118603385       -2.63986831842637       -1.89358249923217
C            1.15446178673948       -1.90855401819402       -0.87004794894001
C            0.54276436132951       -0.63262297386567       -0.89125191759998
C            0.91368692360269        0.32238447563130        0.05239720353196
C            1.88111782576659        0.00096469588737        0.99136343702255
O            2.18511458077792        1.00093144569993        1.88470149971574
C            3.19560553734768        0.77159245884243        2.83906380593272
C            2.47809049648667       -1.26844035467646        0.99466999552978
C            2.12179790061479       -2.22945414411213        0.07020977573057
H           -2.33546489408815        0.75554516344754        2.33338758628340
H           -1.21623772421370        2.09330451070228        2.03270561262513
H           -2.88254558875002        2.44291550713775        2.49467714944520
H           -1.93525057622220       -0.10488434551769        0.26597962821225
H           -3.14222483578227       -0.40287059064392       -1.82214922000144
H           -3.19030305513595        1.37651525637051       -1.94953975324438
H           -0.73930025578216        1.44984666048107       -2.22538925191040
H           -1.48429318925893        0.42487010032582       -3.46494736179871
H           -0.81562100018328       -2.25279657303353       -3.41216277536378
H            0.88235724803693       -3.57793278620080       -2.14515277516333
H            0.47072245165213        1.30573880563519        0.06092110044448
H            2.93641698279979       -0.05390383687170        3.50969294175140
H            3.26960569058087        1.69279447037904        3.41777910251942
H            4.15986894823585        0.56867427408062        2.36166723592071
H            3.23585513502042       -1.51016152265395        1.72297547972721
H            2.59202917294224       -3.20088379318319        0.08387272492659
33
 energy: -50.029233860378 gnorm: 0.008485710908 xtb: 6.7.1 (edcfbbe)
C           -2.24610198799813        1.75202716840913        1.93633499962235
C           -2.62826758372108        1.81099544668253        0.47320754017765
O           -3.11367190691352        2.80307115225541       -0.04706933981134
N           -2.39685007112005        0.67298574867390       -0.20339762574494
C           -2.58631262385628        0.53110064288482       -1.62824382693373
C           -1.25955788537140        0.50021222328843       -2.40291212134162
C           -0.37708796223833       -0.63186731072281       -1.98783572255215
C           -0.28903331689079       -1.86947835249913       -2.55893541846661
N            0.62448567812229       -2.64074797379016       -1.89466010838972
C            1.15804884234661       -1.90626440934483       -0.87317100454203
C            0.54544404348205       -0.62957126011785       -0.89695697950836
C            0.92038635273593        0.32578671228690        0.04332671226729
C            1.88104985815399        0.00253013823795        0.98796775657750
O            2.18044337208102        1.00403504277777        1.88014656346868
C            3.18883610200612        0.77529951568070        2.83891813701574
C            2.47217374599516       -1.26930253773284        0.99829700654624
C            2.11885135695546       -2.22928251183880        0.07182365028976
H           -2.36148848054783        0.74930554303742        2.33867736716936
H           -1.20528454268327        2.05689991313444        2.03972220391661
H           -2.86006907833792        2.45216229882748        2.49670828285888
H           -1.90544626830822       -0.08210408385951        0.25621376942217
H           -3.14458928685968       -0.39061315413823       -1.81790951877390
H           -3.18246265443161        1.38615692880152       -1.95208099316601
H           -0.73818870268856        1.44568371596478       -2.23949718653041
H           -1.49377341793084        0.41460549146144       -3.46556392500025
H           -0.81476323970277       -2.26366364366213       -3.40680106043645
H            0.88314154287954       -3.58086931390998       -2.13906964500719
H            0.48495915368014        1.31236459496695        0.04671210951466
H            2.92567776225643       -0.04911059309687        3.50810596480398
H            3.25865332510883        1.69829899597713        3.41395188263243
H            4.15230771628730        0.56994389258417        2.36291570152262
H            3.22230614791285       -1.51935928641307        1.73281470428531
H            2.58618300959661       -3.20122973480638        0.08826212411326
33
 energy: -50.029338544940 gnorm: 0.005462467322 xtb: 6.7.1 (edcfbbe)
C           -2.24059470759673        1.74603527425362        1.94216242231756
C           -2.63916970878639        1.80857510991081        0.48244895130944
O           -3.15647005566234        2.79384233029624       -0.02518837501317
N           -2.37543861267542        0.68027138194757       -0.20549083385557
C           -2.57790307478125        0.53989078015038       -1.62906110261349
C           -1.25534073783883        0.49839999982739       -2.41199210435832
C           -0.37614545686033       -0.63493960858936       -1.99375929924606
C           -0.28961952808035       -1.87421731095237       -2.56097127472678
N            0.62167589663338       -2.64534847528597       -1.89329411807119
C            1.15514862993219       -1.90936984728943       -0.87303291415739
C            0.54509881353351       -0.63063759564580       -0.90109057207486
C            0.91918569721329        0.32710451987413        0.03698611177744
C            1.87662331069117        0.00453555594101        0.98510687517043
O            2.17640481600654        1.00690852984489        1.87637876857266
C            3.18159546882398        0.77896807078481        2.83814228729448
C            2.46617425802709       -1.26806881503445        1.00105015763338
C            2.11333884012742       -2.23001821144966        0.07583458765197
H           -2.36760426267960        0.74465373062606        2.34356915595288
H           -1.19232995542266        2.03243131391931        2.03421810772790
H           -2.83843628659162        2.45520441006070        2.51041368202145
H           -1.86272058781751       -0.06535277976633        0.24656788405071
H           -3.14479520604315       -0.37759769417652       -1.81544199796426
H           -3.16986777604895        1.40024462672462       -1.94795474117295
H           -0.72798550699223        1.44218406277214       -2.25837604593902
H           -1.49656594360226        0.40546013584896       -3.47220294326746
H           -0.81535109694987       -2.26933745696086       -3.40887601860379
H            0.87844192610011       -3.58684514574685       -2.13411856006704
H            0.48641085817428        1.31502126315748        0.03798317370065
H            2.91601756611950       -0.04378031039459        3.50883171847096
H            3.25030909843175        1.70295498769864        3.41051245721051
H            4.14659511484324        0.57109589602517        2.36572251033587
H            3.21353944066715       -1.51540127212272        1.73889993395303
H            2.57977776910495       -3.20286645624872        0.09602411597979
33
 energy: -50.029423799791 gnorm: 0.006797541389 xtb: 6.7.1 (edcfbbe)
C           -2.23291672773998        1.73882103746983        1.94551355061154
C           -2.64255864678867        1.80343544013318        0.48830086685728
O           -3.19444532264974        2.77937940560030       -0.00693843164057
N           -2.35322669754581        0.68556976256922       -0.20783651091958
C           -2.57097151218856        0.54469758020885       -1.62968866157929
C           -1.25242677159040        0.49820779476137       -2.42108392637488
C           -0.37526695761641       -0.63554165838091       -2.00027337547200
C           -0.29233655140161       -1.87706341369799       -2.56308640573964
N            0.61631406132054       -2.64796398627728       -1.89165224568078
C            1.15081029512589       -1.91129030746374       -0.87301647077389
C            0.54541888720005       -0.62931876572255       -0.90567384080425
C            0.91878052989784        0.33107465204110        0.03002486714640
C            1.87247122497796        0.00817385791536        0.98215888817033
O            2.17491000310686        1.01009481076865        1.87364247147366
C            3.17529584174318        0.78136846215530        2.83894134354932
C            2.45963445355150       -1.26545403195774        1.00424815231634
C            2.10625336007711       -2.22913044101236        0.08021299769339
H           -2.37870376504792        0.74111145818368        2.34855133247444
H           -1.17818344544202        2.00119788265856        2.02940953927504
H           -2.81379945100194        2.45874785465054        2.51658249002701
H           -1.81638599783448       -0.04487734658047        0.23652146772408
H           -3.14228149695576       -0.37083720234018       -1.81076772211536
H           -3.16222161449088        1.40702827747131       -1.94517734216315
H           -0.72202372078105        1.44059990768399       -2.27468129002615
H           -1.49920904883025        0.39987092850792       -3.47877118800859
H           -0.82012254954802       -2.27137949452261       -3.41080549111761
H            0.86895197400075       -3.59202586999140       -2.12714272734990
H            0.49033064743918        1.32119714425734        0.02958508308698
H            2.90500956662643       -0.03811315174317        3.51285046500508
H            3.24588327486647        1.70647276090864        3.40772701467413
H            4.14228848599303        0.56761713668312        2.37175045428774
H            3.20352478918905       -1.50800929503711        1.74605369295799
H            2.57120188233767       -3.20366018990045        0.10452295243466
33
 energy: -50.029491348536 gnorm: 0.004960161215 xtb: 6.7.1 (edcfbbe)
C           -2.22774876159802        1.73356221083095        1.94558224544593
C           -2.64448028269779        1.79853879377425        0.48961023356163
O           -3.20947314519045        2.76746163997577        0.00027369167630
N           -2.34386347564714        0.68634148743007       -0.20986977961176
C           -2.56810478533287        0.54393726992712       -1.63037575425292
C           -1.25151825244348        0.50023363265094       -2.42545196434493
C           -0.37397061611901       -0.63289711913400       -2.00395493597377
C           -0.29505486133940       -1.87631126843037       -2.56350397501810
N            0.61156304550271       -2.64743974516987       -1.88993761316374
C            1.14773966874398       -1.91063128122504       -0.87281537231810
C            0.54673940110542       -0.62615011499285       -0.90858617035347
C            0.92056605798135        0.33563113839008        0.02552302895534
C            1.87154764096091        0.01136242293565        0.98018385126947
O            2.17640683003866        1.01250792212410        1.87220659569926
C            3.17244082175098        0.78177899556414        2.84053348462564
C            2.45573208241658       -1.26360279977412        1.00601691981679
C            2.10113826827550       -2.22785725607762        0.08289493745771
H           -2.39307342829915        0.73996954153110        2.35230694653247
H           -1.16729676118679        1.97362923495054        2.02418651879042
H           -2.79342000120400        2.46620628973229        2.51639928338987
H           -1.78756726337164       -0.03142168607885        0.22943241483823
H           -3.13665682210918       -0.37348221816382       -1.80736472392594
H           -3.16337190265503        1.40353523444300       -1.94511196337775
H           -0.72242896918508        1.44295087323991       -2.28080888573817
H           -1.50044151943097        0.40020348057894       -3.48210207033705
H           -0.82566408988491       -2.26940530266908       -3.41030006749753
H            0.85953308175792       -3.59408796862514       -2.12071046223445
H            0.49626818884858        1.32775471450312        0.02384243996141
H            2.89676421885364       -0.03425527261278        3.51722957383515
H            3.24642687096578        1.70810877787295        3.40652007522027
H            4.14053393721128        0.56154102685033        2.37766797371261
H            3.19683648281645       -1.50378240974496        1.75061739574389
H            2.56389734046518       -3.20392924460644        0.10986812761504
33
 energy: -50.029563930058 gnorm: 0.007009082210 xtb: 6.7.1 (edcfbbe)
C           -2.21596492113248        1.72173630273816        1.94750461029508
C           -2.65104428227709        1.78863008502469        0.49614348176519
O           -3.25798636914170        2.74075378902659        0.02227456025924
N           -2.32498600525959        0.69158420156971       -0.21310671849658
C           -2.55983217164970        0.54662728858030       -1.63091719238234
C           -1.24927041865899        0.50358394124703       -2.43502741494520
C           -0.37023445436559       -0.62803026091127       -2.01175419129355
C           -0.29895671038619       -1.87559104854219       -2.56378188529795
N            0.60387067424904       -2.64700401975034       -1.88600913960723
C            1.14279999372127       -1.90835695051607       -0.87209494046819
C            0.55047608832963       -0.62018931203771       -0.91623702471616
C            0.92791616790350        0.34416419642167        0.01392859379777
C            1.87153033210610        0.01678156719138        0.97526849673366
O            2.17726315115178        1.01895788546630        1.86609665710907
C            3.16366190062967        0.78480944323018        2.84319651388572
C            2.44649068812755       -1.26231916980607        1.00964503556968
C            2.09019226650339       -2.22758636786163        0.08875399396075
H           -2.42243277324488        0.73718448664120        2.36338861837141
H           -1.14391859105688        1.91468364768661        2.01329681976503
H           -2.74607727388032        2.48246309630166        2.51836455094924
H           -1.72073898947567       -0.00049952147178        0.21206242552645
H           -3.12630657636203       -0.37347405125135       -1.80116909060727
H           -3.16203417320128        1.40210427854379       -1.94266961183089
H           -0.72036105537074        1.44763427550225       -2.29834009772035
H           -1.50475446635333        0.39779976996192       -3.48976741199458
H           -0.83349838199760       -2.26993221554697       -3.40734895341667
H            0.84253789202295       -3.59892220233224       -2.10640907926461
H            0.51298369377469        1.34048036604586        0.00514896111782
H            2.87500584923396       -0.02387579401860        3.52384947989662
H            3.24323092850340        1.71433560581066        3.40410356792294
H            4.13330968038829        0.55203505147864        2.38937954658104
H            3.18096194526991       -1.50385722410652        1.76018481867245
H            2.54616536189891       -3.20671014031550        0.12204401986213
33
 energy: -50.029611793946 gnorm: 0.005426373895 xtb: 6.7.1 (edcfbbe)
C           -2.21235108474254        1.71917120749497        1.94233935159267
C           -2.64947392418578        1.78037759576143        0.49189569874391
O           -3.26165383178686        2.72446696960716        0.01848465737334
N           -2.32664712417012        0.68479923289958       -0.21494234430414
C           -2.56036457046534        0.53583648888658       -1.63160822165191
C           -1.24926474021759        0.51072126932407       -2.43426703191086
C           -0.36589662711346       -0.61831272568696       -2.01330169185951
C           -0.30240193852356       -1.86841604337797       -2.56171474667887
N            0.59667657428470       -2.64181879723883       -1.88235031252844
C            1.13923952031350       -1.90355712643504       -0.87034519088972
C            0.55466692839592       -0.61287579543578       -0.91825670286580
C            0.93653184074600        0.35159852866473        0.01064582999746
C            1.87724571817426        0.02046198931447        0.97344251332925
O            2.18640820241225        1.02225688366277        1.86383307471439
C            3.16553064938326        0.78218412511358        2.84617068912986
C            2.44513930396072       -1.26195955519910        1.00951512131612
C            2.08481454523329       -2.22685090855398        0.09075511783200
H           -2.43826970948143        0.74427133723244        2.36911371185510
H           -1.14058617924251        1.89107700207077        2.00636462619700
H           -2.72731753882271        2.49254305820973        2.50474785651663
H           -1.71186150232936        0.00660673763335        0.20697769710286
H           -3.11245494337692       -0.39387251923706       -1.80036576419845
H           -3.17678591797824        1.38138045670508       -1.94415967140722
H           -0.72927794775288        1.45858108060123       -2.28978901999478
H           -1.50072435396938        0.41060220183252       -3.49054264085418
H           -0.84175241669425       -2.25971607488183       -3.40306999496332
H            0.82716728123650       -3.59702101124912       -2.09783123853721
H            0.52694080448795        1.34994079541307       -0.00154101366739
H            2.86528849299308       -0.02023848686453        3.52949958022973
H            3.25358682096012        1.71356100391235        3.40457014935054
H            4.13515142627331        0.53773787034992        2.39853401753043
H            3.17783901147987       -1.50529179590512        1.76111000014315
H            2.53485623051813       -3.20824399462409        0.12608789335716
33
 energy: -50.029677252974 gnorm: 0.003619818116 xtb: 6.7.1 (edcfbbe)
C           -2.20737043814665        1.71359247294444        1.94504582939692
C           -2.66360501000180        1.77326294011258        0.49961287293722
O           -3.30427941826676        2.70536333004902        0.03664600269323
N           -2.31242516255359        0.68786479127772       -0.21694391140006
C           -2.55291308732767        0.53890784605802       -1.63246655968515
C           -1.24507926671049        0.51337095289354       -2.44023666724414
C           -0.36180048657052       -0.61545467739627       -2.01860487714568
C           -0.30336666702920       -1.86810990110086       -2.56172442169327
N            0.59161432730416       -2.64309296380238       -1.87891091903002
C            1.13584133516288       -1.90303303559475       -0.86888055500099
C            0.55737009310320       -0.61007535300828       -0.92307937902872
C            0.94290490772072        0.35602106189656        0.00298360295245
C            1.87869547927058        0.02346134800991        0.96966843406498
O            2.18862935783715        1.02733337244261        1.85719597125923
C            3.16039885370565        0.78453936960076        2.84646461350527
C            2.43968553544177       -1.26211226281221        1.01157920731965
C            2.07755718359248       -2.22844363743108        0.09536726190348
H           -2.45264839349070        0.74652874304999        2.37894934676018
H           -1.12848672073805        1.85701049142387        1.99428906399909
H           -2.69594517868008        2.50414001660062        2.51076189118270
H           -1.67741564732536        0.02258225268351        0.19662837917482
H           -3.10444766450752       -0.39220067207382       -1.80018920551547
H           -3.17314716406269        1.38343395054285       -1.94115678129732
H           -0.72441585279531        1.46205468592571       -2.29964531704026
H           -1.50007228357980        0.41076711721740       -3.49569945810614
H           -0.84377493988133       -2.26031389474207       -3.40167185617250
H            0.81664633780400       -3.60046912733798       -2.08965747839524
H            0.53849199543479        1.35627722319880       -0.01546465478265
H            2.85027209260447       -0.01314998616986        3.53059822472366
H            3.25102965288781        1.71767729666703        3.40182764631965
H            4.13067137378508        0.53191468505958        2.40542709508028
H            3.16925911100310       -1.50787516176662        1.76596627809152
H            2.52212474500961       -3.21177227441796        0.13532232017307
33
 energy: -50.029709209348 gnorm: 0.003862828570 xtb: 6.7.1 (edcfbbe)
C           -2.20689234882721        1.71436556881068        1.94435970496246
C           -2.67065287657628        1.76903854615125        0.50175155310971
O           -3.32413718068207        2.69515107952400        0.04083160106135
N           -2.31140724346408        0.68656854303759       -0.21625472024006
C           -2.55234318827703        0.53809623561042       -1.63236606583510
C           -1.24372061996311        0.51574008672842       -2.43963646754940
C           -0.35987020110266       -0.61331014573275       -2.01971738310487
C           -0.30335303869407       -1.86638148729932       -2.56151070470487
N            0.58982767361044       -2.64280025127165       -1.87780832107356
C            1.13495021376198       -1.90220101387325       -0.86813026234899
C            0.55913888742742       -0.60853253049345       -0.92454154994948
C            0.94795055009671        0.35760495127085        0.00049386140985
C            1.88182960789548        0.02442118821690        0.96839264219794
O            2.19308858243663        1.02964858309553        1.85337756733652
C            3.16079444194211        0.78445455363385        2.84665343695697
C            2.43890078407355       -1.26266392997150        1.01257850459228
C            2.07512561537953       -2.22947777899708        0.09724144525016
H           -2.45425547670167        0.75247661932709        2.38411509375280
H           -1.12787031845535        1.85100512567785        1.98616238874239
H           -2.68637541106970        2.50902830327671        2.50932053446410
H           -1.67197332252897        0.02354211982505        0.19470158262988
H           -3.10101221383293       -0.39466645283735       -1.80235548782232
H           -3.17500504351191        1.38114490011004       -1.94012686179466
H           -0.72338192550455        1.46460537387775       -2.29661474643257
H           -1.49727610024484        0.41537378261070       -3.49566546851665
H           -0.84308371878188       -2.25943764161171       -3.40150796437242
H            0.81341435398824       -3.59996220890390       -2.08866421909634
H            0.54526319517130        1.35827165433605       -0.02077139400456
H            2.84477022106236       -0.01149706151651        3.52917937732010
H            3.25225373821590        1.71743114613266        3.40144726947472
H            4.13098176434824        0.52814586143314        2.40894196670397
H            3.16784122607253       -1.51134670775759        1.76713968562622
H            2.51647837273579       -3.21383601242007        0.13898540125421
33
 energy: -50.029744618134 gnorm: 0.004086283402 xtb: 6.7.1 (edcfbbe)
C           -2.20640516218520        1.71601437675895        1.94103752878793
C           -2.68199892812953        1.76083499827896        0.50263427791007
O           -3.34877246395420        2.67745016514333        0.04297482411755
N           -2.31540706310951        0.68165885383825       -0.21543489900253
C           -2.55377358953741        0.53340203224934       -1.63267181824879
C           -1.24214621968294        0.52106069033123       -2.43657638443131
C           -0.35693852351846       -0.60833833801180       -2.02036543125821
C           -0.30396765485568       -1.86195766241087       -2.56057260949070
N            0.58671475259213       -2.64077175389371       -1.87611950224679
C            1.13369643474592       -1.90009315909401       -0.86688808162812
C            0.56217684644468       -0.60505951196119       -0.92570396299402
C            0.95629590058698        0.36094904457115       -0.00233953735119
C            1.88817982675259        0.02649621533481        0.96651259725256
O            2.20349092683453        1.03330746726362        1.84756304646622
C            3.16360379409680        0.78307466687725        2.84784104562911
C            2.43888262786410       -1.26302474858465        1.01389890254380
C            2.07171624028976       -2.23017941817149        0.09987638407919
H           -2.46513288857493        0.76325485122512        2.39348093169530
H           -1.12378131672958        1.83481310714394        1.96867208138194
H           -2.66646623522795        2.52525252387487        2.50295347730504
H           -1.67190451727249        0.02172633919021        0.19296778739257
H           -3.09510880367997       -0.40342424315838       -1.80667549352028
H           -3.18159873157585        1.37283623249229       -1.94007130211596
H           -0.72473096605599        1.47052196606344       -2.28543608386704
H           -1.49138201590239        0.42706745523549       -3.49420318778395
H           -0.84317900693944       -2.25551704210641       -3.40079437816252
H            0.80794376522113       -3.59774528834940       -2.08787774247976
H            0.55693455073843        1.36268549583777       -0.02723602710290
H            2.83668195904706       -0.00964653643626        3.52821329498126
H            3.25728536423874        1.71603545998269        3.40143047322253
H            4.13412478997545        0.51938089113766        2.41644656650615
H            3.16696069973789       -1.51570881869489        1.76842249891073
H            2.50800460776522       -3.21635531195691        0.14404272350189
33
 energy: -50.029770283009 gnorm: 0.002876017277 xtb: 6.7.1 (edcfbbe)
C           -2.20706585316938        1.71901524901419        1.93637557530900
C           -2.69136950671386        1.75406961263923        0.50108977160315
O           -3.36815014298046        2.66298792440032        0.04188661482303
N           -2.32024050656636        0.67630921377426       -0.21544644829873
C           -2.55599432592701        0.52774446088477       -1.63343235604116
C           -1.24094863645549        0.52638793261809       -2.43271105110502
C           -0.35523443502038       -0.60384926365839       -2.01974642880373
C           -0.30532870839461       -1.85776935301681       -2.55937775941932
N            0.58403311030116       -2.63842904504247       -1.87504022993649
C            1.13294975549541       -1.89866684888440       -0.86611761707915
C            0.56438242738660       -0.60226818449724       -0.92522248542879
C            0.96205913081863        0.36345335372250       -0.00324197478165
C            1.89409093249671        0.02789276189853        0.96504278089514
O            2.21505633161057        1.03524881268727        1.84319735460925
C            3.16853579437523        0.78040179247380        2.84904073803506
C            2.44029332061745       -1.26329872944166        1.01434408709038
C            2.06968093948264       -2.23024796947593        0.10127896948869
H           -2.47362282087462        0.77395201272066        2.40155659373457
H           -1.12452625831753        1.82683170918625        1.95579783261219
H           -2.65484416602761        2.53776612788383        2.49154506798246
H           -1.67437814093015        0.01771001307180        0.19293181518073
H           -3.08986678656495       -0.41265484977620       -1.80980919407409
H           -3.18856439102359        1.36322148352899       -1.94116936708017
H           -0.72764151709786        1.47613928857524       -2.27144015886868
H           -1.48571276416833        0.43970271265232       -3.49206642692208
H           -0.84485592601019       -2.25112784250764       -3.39971399814073
H            0.80399726904650       -3.59541903389461       -2.08855363934968
H            0.56581260019471        1.36653380874611       -0.02938147892488
H            2.83282775565949       -0.00983625051888        3.52812220540219
H            3.26429786035685        1.71351453253291        3.40164324827165
H            4.13990280657990        0.51041664503113        2.42322738991460
H            3.16774325485284       -1.51783501038378        1.76866827071583
H            2.50268059696756       -3.21789606694378        0.14672429858625
33
 energy: -50.029782840926 gnorm: 0.003051030900 xtb: 6.7.1 (edcfbbe)
C           -2.20650373273068        1.71993707822890        1.93244967967763
C           -2.70218329543035        1.74648004916369        0.50066436365776
O           -3.39678160246955        2.64507543641773        0.04597720574527
N           -2.32100643879643        0.67337991677206       -0.21710138650217
C           -2.55622641095022        0.52352291957561       -1.63483711525074
C           -1.23920125665531        0.53109946312399       -2.43110348347327
C           -0.35318526069386       -0.59955437134924       -2.02021221176858
C           -0.30712851657413       -1.85431289938651       -2.55841486523608
N            0.58045013766664       -2.63646573826274       -1.87331216184123
C            1.13185029229230       -1.89758231348367       -0.86549235598653
C            0.56723314157978       -0.59908355312933       -0.92582527898976
C            0.96777914647474        0.36706651878218       -0.00590441391435
C            1.89938813027319        0.02986260893834        0.96266572280415
O            2.22641955788132        1.03752249979860        1.83842371108462
C            3.17196515965732        0.77819089469654        2.85050661982672
C            2.44070436985891       -1.26331875040914        1.01476574951424
C            2.06663583942794       -2.23023705867561        0.10315728945627
H           -2.48915172578240        0.78425566737100        2.41097125496066
H           -1.12070537793762        1.80505517395536        1.94234554341532
H           -2.63478708035827        2.55473386319625        2.48135174485635
H           -1.66836838338195        0.02036514303084        0.19052152977993
H           -3.08425255226614       -0.41970777957403       -1.81163144855294
H           -3.19329716567764        1.35546382376753       -1.94247942525647
H           -0.72966593903450        1.48118079680120       -2.26165990542540
H           -1.48054363863905        0.45037437173754       -3.49173691892537
H           -0.84836462262114       -2.24720359366148       -3.39794217975909
H            0.79805038647108       -3.59452210204102       -2.08656730571623
H            0.57586028205566        1.37208352131800       -0.03312231318836
H            2.82704655856801       -0.00866958633441        3.52949253076454
H            3.27064480773299        1.71200185220797        3.40164465577463
H            4.14466920528476        0.50090180674204        2.43157766441326
H            3.16630375335567       -1.51836204402843        1.77030635617408
H            2.49635123141879       -3.21953261528934        0.15052314788096
33
 energy: -50.029789181576 gnorm: 0.002084414200 xtb: 6.7.1 (edcfbbe)
C           -2.21153068067006        1.72452933227341        1.93003561023698
C           -2.70646132228231        1.74750574384197        0.49815017475003
O           -3.39634843068576        2.64648191841536        0.04229975540684
N           -2.32776468540323        0.67236229213400       -0.21788570352434
C           -2.55894026159886        0.52205175333323       -1.63589587560426
C           -1.23934837519361        0.53113281685639       -2.42747676589174
C           -0.35419972474870       -0.60027524503974       -2.01716157354314
C           -0.30682263843375       -1.85388487675278       -2.55770800234930
N            0.58212542662587       -2.63592716652792       -1.87406837735392
C            1.13406792623667       -1.89835892729600       -0.86608648996184
C            0.56743001270634       -0.60017614581931       -0.92325167386445
C            0.96687838320752        0.36539750863856       -0.00297417206890
C            1.90166077619193        0.02833968111986        0.96313468338401
O            2.23152344766360        1.03531287322399        1.83887689625597
C            3.17695241126045        0.77577480006955        2.85011387918136
C            2.44485459985781       -1.26395390677180        1.01312185916861
C            2.07012313739469       -2.23024126580472        0.10122430681192
H           -2.49019222229955        0.79044804002313        2.41126972532701
H           -1.12733949059577        1.81113852594645        1.94175987492629
H           -2.64172455837972        2.55892359550991        2.47516307460570
H           -1.68575109596269        0.01357757021345        0.19537763229011
H           -3.08659964209422       -0.42034628268807       -1.81387628034197
H           -3.19446089934740        1.35420841378420       -1.94506052451460
H           -0.73084362792634        1.48060682942278       -2.25234081767832
H           -1.47700182542072        0.45434995773511       -3.48932599242583
H           -0.84837305755880       -2.24636930324616       -3.39720674618661
H            0.80254123403107       -3.59295429175267       -2.09024806698805
H            0.57382625436005        1.37003107193849       -0.02668414429057
H            2.83402449609562       -0.01254004310474        3.52798358446853
H            3.27469144432192        1.70874978807564        3.40290340137489
H            4.14997210528894        0.50073473193718        2.43103640180008
H            3.17129878990428       -1.51765251994560        1.76792752472582
H            2.50173109345456       -3.21897626974277        0.14687482187352
33
 energy: -50.029795687447 gnorm: 0.000774165532 xtb: 6.7.1 (edcfbbe)
C           -2.21262939234695        1.72496144477228        1.93047878403085
C           -2.70630656017972        1.74919588609307        0.49790858635723
O           -3.39834001452447        2.64738755951345        0.04224135771744
N           -2.32720011643963        0.67391447097231       -0.21780111293774
C           -2.55891689690528        0.52274849475819       -1.63566073165917
C           -1.23972798839029        0.53036781779009       -2.42756169921119
C           -0.35429426949813       -0.60068625589950       -2.01672624876167
C           -0.30665700427634       -1.85432809577347       -2.55740288234760
N            0.58274666100242       -2.63612361843501       -1.87417921012927
C            1.13484397121589       -1.89830791618656       -0.86640475658086
C            0.56762951353195       -0.60043220630872       -0.92327068752969
C            0.96682825462034        0.36500978724854       -0.00251632701488
C            1.90183849876963        0.02792731737714        0.96331019430922
O            2.23047165672546        1.03487977192154        1.83958751834318
C            3.17690073745394        0.77539857740830        2.84996623064046
C            2.44586253533506       -1.26420560327919        1.01240038682908
C            2.07160901893826       -2.23047989463542        0.10029230799153
H           -2.49327011964317        0.79100347772933        2.41076159261915
H           -1.12806716534989        1.81115174416449        1.94318964300728
H           -2.64331171051708        2.55932950577747        2.47599154367870
H           -1.68436234821034        0.01535110139180        0.19611759058132
H           -3.08681679661446       -0.41984790496784       -1.81329204657565
H           -3.19460565374894        1.35479997636999       -1.94556746620832
H           -0.73058594539493        1.47990018004835       -2.25413259481958
H           -1.47734183287522        0.45244160199725       -3.48926714488553
H           -0.84858646288721       -2.24673356509466       -3.39658632236911
H            0.80347584734824       -3.59298310571798       -2.09005197363107
H            0.57290604787773        1.36928138766600       -0.02565483022196
H            2.83507302860284       -0.01358609701159        3.52787625694414
H            3.27428110052321        1.70810308326013        3.40353566599666
H            4.15009380402054        0.50150346554785        2.43002797367312
H            3.17284555105018       -1.51789744051350        1.76689448750777
H            2.50361305078622       -3.21904394798373        0.14549791465599
33
 energy: -50.029802286324 gnorm: 0.001555643498 xtb: 6.7.1 (edcfbbe)
C           -2.21648744443687        1.72686299892219        1.93161690922461
C           -2.70871997203662        1.75219229241807        0.49813920515063
O           -3.40360088146628        2.64905199852970        0.04238642902317
N           -2.32618629636533        0.67819569216144       -0.21757932398178
C           -2.55819916742465        0.52482522168278       -1.63507400802151
C           -1.24018863108376        0.52840410155764       -2.42813450481203
C           -0.35464279860632       -0.60209078373035       -2.01545402771106
C           -0.30629789608425       -1.85576339839983       -2.55654696689472
N            0.58465650570354       -2.63670474027492       -1.87468465924902
C            1.13704895880670       -1.89826632570354       -0.86734570740447
C            0.56800444201388       -0.60136934534371       -0.92306345095079
C            0.96636010940879        0.36354478144612       -0.00089891390116
C            1.90224554614525        0.02650959223653        0.96396060181523
O            2.22761684357912        1.03299110223435        1.84210548399297
C            3.17712928323851        0.77429659428823        2.84980762766528
C            2.44899202160337       -1.26478940067894        1.01030927020573
C            2.07590469083760       -2.23082635187547        0.09752347429330
H           -2.50263196029668        0.79386103248058        2.41027191507043
H           -1.13134766496194        1.81017507311859        1.94674467427115
H           -2.64650902173036        2.56206477472579        2.47748770693182
H           -1.68137556038274        0.02109671282422        0.19788224417530
H           -3.08741686576871       -0.41782359201225       -1.81106002972062
H           -3.19393194584696        1.35663988356439       -1.94664377982954
H           -0.72929943480093        1.47808833917678       -2.25947740296569
H           -1.47852582345035        0.44682187790491       -3.48935316876999
H           -0.84923130319853       -2.24797063980892       -3.39502502574897
H            0.80651000992797       -3.59322631802672       -2.08987742020610
H            0.57024422840819        1.36693229840215       -0.02247740243793
H            2.83910255863366       -0.01703201271748        3.52727315562666
H            3.27323235612808        1.70613080452466        3.40549831043274
H            4.15041100252671        0.50409786660070        2.42704735181890
H            3.17759929717016       -1.51825629228243        1.76366870362898
H            2.50953381380959       -3.21866283794484        0.14097472927828
33
 energy: -50.029807761775 gnorm: 0.001261851669 xtb: 6.7.1 (edcfbbe)
C           -2.22021340728618        1.72850523092551        1.93242282918933
C           -2.71060382307764        1.75407190819839        0.49834182441056
O           -3.40713076279555        2.64944599072318        0.04272568974545
N           -2.32508071792961        0.68140242849286       -0.21760462015536
C           -2.55780315437961        0.52608142340501       -1.63466629430569
C           -1.24035041609758        0.52693990696175       -2.42841729604708
C           -0.35493203841860       -0.60335872111396       -2.01467546417748
C           -0.30578600555951       -1.85681259518986       -2.55630373597701
N            0.58615495542449       -2.63718352346303       -1.87525627738720
C            1.13852134849770       -1.89850876156757       -0.86800103397507
C            0.56818889386642       -0.60221535961581       -0.92275337243556
C            0.96578742300751        0.36226106371980        0.00028610227731
C            1.90238898991486        0.02539621860634        0.96447800629813
O            2.22612339444571        1.03114639490175        1.84407979632909
C            3.17783248293519        0.77339906895140        2.84987910911002
C            2.45122684334425       -1.26503120117335        1.00904195511409
C            2.07872845029368       -2.23071820755607        0.09568117224426
H           -2.50951372084401        0.79641243620859        2.41102806388812
H           -1.13509719645371        1.80882394743501        1.94916293523250
H           -2.64873122934874        2.56496526475044        2.47737720391704
H           -1.67948754245151        0.02571895767417        0.19840595401591
H           -3.08847982280446       -0.41611010239663       -1.80894779804753
H           -3.19267059727788        1.35818746183402       -1.94708043943869
H           -0.72850925733630        1.47663314639479       -2.26259016750502
H           -1.47993835424679        0.44297472138428       -3.48920698469127
H           -0.84915936768648       -2.24897985138030       -3.39454488704648
H            0.80885841984541       -3.59359726821165       -2.09030006817336
H            0.56841959889654        1.36518330655133       -0.02018297480230
H            2.84285607328997       -0.01975557928230        3.52665832984630
H            3.27264549359143        1.70460501524156        3.40677338481041
H            4.15095449442495        0.50612223766073        2.42510263326099
H            3.18092590435443       -1.51809409530135        1.76146797980550
H            2.51387364786147       -3.21790986376859        0.13762044466983
33
 energy: -50.029817427058 gnorm: 0.000606905847 xtb: 6.7.1 (edcfbbe)
C           -2.23008481343149        1.73301885169423        1.93471229623699
C           -2.71760808316020        1.75747251280692        0.49976630370677
O           -3.41732955897727        2.64960620365181        0.04375848971978
N           -2.32226842867959        0.68906867403614       -0.21715863206427
C           -2.55653139924577        0.52954354794920       -1.63338575976246
C           -1.24038913292404        0.52326132562206       -2.42923389395923
C           -0.35553909321519       -0.60673031804840       -2.01319291239965
C           -0.30399874831759       -1.85941353028259       -2.55630403872034
N            0.59021706271938       -2.63853520966268       -1.87704092719781
C            1.14204932078401       -1.89968324052487       -0.86960463948392
C            0.56842866031816       -0.60465859892671       -0.92180898592685
C            0.96404871986186        0.35886924850302        0.00302361502936
C            1.90254141591527        0.02264529534748        0.96563819001372
O            2.22312414247270        1.02647688923740        1.84856209650142
C            3.18031069175777        0.77105100795259        2.84970937763099
C            2.45644033552479       -1.26562852372086        1.00628508781033
C            2.08534333335041       -2.23039408152937        0.09140658589139
H           -2.52786442364471        0.80434395372623        2.41516249596286
H           -1.14467074580878        1.80406300203884        1.95486027883805
H           -2.65375356241447        2.57407096177134        2.47571601259173
H           -1.67523421230596        0.03645010613238        0.19992136161352
H           -3.09094271420392       -0.41114297934262       -1.80367148385717
H           -3.18863924618495        1.36275799306479       -1.94797236801888
H           -0.72645783510592        1.47271898188730       -2.26931795183090
H           -1.48289032701497        0.43420366944248       -3.48906167773058
H           -0.84770437951497       -2.25164106764111       -3.39439402905449
H            0.81493532936519       -3.59456203551377       -2.09239513938838
H            0.56400092073542        1.36082482916520       -0.01470374437311
H            2.85310346860306       -0.02663948934592        3.52480374320644
H            3.27132508111300        1.70077954011751        3.40942425112466
H            4.15323097478933        0.51140486926395        2.42009359786235
H            3.18860464408140       -1.51749444543867        1.75652302180373
H            2.52420160275795       -3.21610694343281        0.12988137822356
33
 energy: -50.029821704691 gnorm: 0.000581581085 xtb: 6.7.1 (edcfbbe)
C           -2.23785057624166        1.73689662746267        1.93641862528969
C           -2.72186708966000        1.76007873477602        0.50028975169264
O           -3.42653228270088        2.64813244881209        0.04408530792023
N           -2.31968944494547        0.69427602148648       -0.21659328795627
C           -2.55591012367202        0.53136327172033       -1.63210725211753
C           -1.24034707459214        0.52093095209220       -2.42899833438158
C           -0.35578382630124       -0.60900423506949       -2.01221298634971
C           -0.30226112432543       -1.86092713554746       -2.55678687253541
N            0.59345043169800       -2.63940742824192       -1.87875908551644
C            1.14449846979326       -1.90087347436288       -0.87074136076483
C            0.56860340495939       -0.60664941839111       -0.92100797919359
C            0.96297671126226        0.35631897755791        0.00482996567961
C            1.90289560953238        0.02060880202703        0.96630008794917
O            2.22186953428195        1.02341664008307        1.85094964009851
C            3.18256315553366        0.76943948327407        2.84912971963571
C            2.45984428191209       -1.26638943878351        1.00450893434615
C            2.08963891460971       -2.23059322198215        0.08868882497817
H           -2.54215984476972        0.81128448349235        2.41893277754777
H           -1.15216324695357        1.80123491504316        1.95900765449569
H           -2.65801091212502        2.58174377964836        2.47409990466978
H           -1.67174978810176        0.04327305555129        0.20125388151338
H           -3.09281280247954       -0.40838039765515       -1.79983133893535
H           -3.18611447149408        1.36540968262067       -1.94819512924392
H           -0.72489302559428        1.47011953876862       -2.27249319956778
H           -1.48467091107644        0.42929440206931       -3.48817067698957
H           -0.84548591336886       -2.25315853702056       -3.39521499254331
H            0.81948200485840       -3.59491559706768       -2.09515574385202
H            0.56121047828107        1.35763413508244       -0.01097407135687
H            2.86048181000816       -0.03133133092227        3.52297037870894
H            3.27096638661571        1.69814578755112        3.41090912188706
H            4.15541388393057        0.51493427583766        2.41637233225968
H            3.19356799965995       -1.51751587720774        1.75337481138513
H            2.53083838146546       -3.21538892270442        0.12512259124641
33
 energy: -50.029825446178 gnorm: 0.000450280507 xtb: 6.7.1 (edcfbbe)
C           -2.24408401223639        1.74068624106586        1.93759754767250
C           -2.72714483045606        1.76074309877811        0.50111418290617
O           -3.43577410109499        2.64522340506468        0.04394956601347
N           -2.31827747969781        0.69745586048388       -0.21548844604481
C           -2.55505365713599        0.53233227841904       -1.63066466257053
C           -1.23997664369253        0.51963641687322       -2.42829410962552
C           -0.35552631973985       -0.61041875099920       -2.01167789170286
C           -0.30041104732971       -1.86158235508175       -2.55773091196521
N            0.59611756115230       -2.63988926085041       -1.88048340966484
C            1.14632218520682       -1.90197254018255       -0.87164485040534
C            0.56887525605824       -0.60830802767138       -0.92037448111633
C            0.96250689552320        0.35428053131904        0.00608546091829
C            1.90354044840483        0.01894428550718        0.96664593749852
O            2.22194882022557        1.02137706017440        1.85188279277544
C            3.18481306086373        0.76826397996337        2.84818834319511
C            2.46211178632110       -1.26736585287427        1.00335003406631
C            2.09242283459274       -2.23122919802671        0.08696099011013
H           -2.55424786082379        0.81857594785792        2.42309682848070
H           -1.15810365719070        1.79911646641115        1.96147119717316
H           -2.66069491433944        2.58954655896390        2.47178103483697
H           -1.66962230496290        0.04757375319050        0.20310347598905
H           -3.09290944888549       -0.40710269929242       -1.79696095655485
H           -3.18466525877137        1.36642028982603       -1.94786438930099
H           -0.72372167694890        1.46856412871308       -2.27304123837375
H           -1.48516516672937        0.42726524071727       -3.48717669424753
H           -0.84276589763046       -2.25371302701997       -3.39677093095936
H            0.82294084919746       -3.59485572671335       -2.09836922565240
H            0.55970181945648        1.35518332431786       -0.00842802590690
H            2.86599296498366       -0.03448501493826        3.52113644220132
H            3.27153485560720        1.69622933625874        3.41144250006293
H            4.15763467971307        0.51715783016573        2.41344300169630
H            3.19676232123698       -1.51815276195239        1.75140075157387
H            2.53491693912226       -3.21549981846775        0.12232213692049
33
 energy: -50.029830333373 gnorm: 0.000357845499 xtb: 6.7.1 (edcfbbe)
C           -2.25193740475280        1.74605768919910        1.93861681827469
C           -2.73428723598718        1.76063512000802        0.50180110646707
O           -3.44953633357333        2.63925235776458        0.04312814957608
N           -2.31695111533036        0.70007773205161       -0.21367916633850
C           -2.55402871567556        0.53186667068137       -1.62849622939872
C           -1.23920876818077        0.51914527216486       -2.42644833562417
C           -0.35460580087441       -0.61127597069198       -2.01127701158210
C           -0.29782030937158       -1.86138367162783       -2.55945061055124
N            0.59924064934857       -2.63997746634618       -1.88297834079378
C            1.14828931655948       -1.90325720800308       -0.87273066326013
C            0.56951895098435       -0.61008810372970       -0.91968599644618
C            0.96275447211306        0.35207104415078        0.00728475582296
C            1.90499434406542        0.01696493826454        0.96678652508528
O            2.22384177651326        1.01946066416062        1.85173674035149
C            3.18828890577761        0.76683316108573        2.84661465488356
C            2.46424727954259       -1.26905025050278        1.00236481268698
C            2.09478190773515       -2.23257029239793        0.08548407576013
H           -2.56974141399538        0.82931223273139        2.42937687840961
H           -1.16559845301846        1.79674282477475        1.96344999285939
H           -2.66353234297530        2.60089351257040        2.46733866860349
H           -1.66715386908418        0.05190350887811        0.20599439318573
H           -3.09133278929861       -0.40817263189634       -1.79338936799835
H           -3.18435305739463        1.36498730079411       -1.94697104487864
H           -0.72259501934554        1.46781521600124       -2.27070982266529
H           -1.48478357711424        0.42767539679244       -3.48529373888973
H           -0.83872080715377       -2.25308346257313       -3.39962682495310
H            0.82674043654560       -3.59417332346927       -2.10342304896790
H            0.55927416449034        1.35269270202714       -0.00614442022899
H            2.87186141876121       -0.03738100108456        3.51886820217560
H            3.27383072496221        1.69419190473676        3.41106443503525
H            4.16109370090640        0.51829940589559        2.41034130672939
H            3.19948233173828       -1.51989920146992        1.74984876403063
H            2.53794563308252       -3.21656507093988        0.12020634263893
33
 energy: -50.029834178336 gnorm: 0.000483585777 xtb: 6.7.1 (edcfbbe)
C           -2.25980524277690        1.75173112118153        1.93907749493699
C           -2.74210096563644        1.76003626082060        0.50216085930457
O           -3.46399815472464        2.63248356057236        0.04184658871072
N           -2.31647321388511        0.70184419690701       -0.21182094007770
C           -2.55323886576898        0.53010590885971       -1.62632722706416
C           -1.23845577244429        0.51933169606356       -2.42423678797893
C           -0.35316168607463       -0.61127083931770       -2.01106165469383
C           -0.29530058535389       -1.86045194958748       -2.56116938705904
N            0.60192257333271       -2.63960085297690       -1.88536831569136
C            1.15020988287608       -1.90407252301188       -0.87387455412988
C            0.57072901197618       -0.61118606734892       -0.91931200840259
C            0.96396718842964        0.35046446327866        0.00818336258725
C            1.90709592035993        0.01517534258665        0.96675348819625
O            2.22688088219199        1.01780176898012        1.85119746647264
C            3.19221870995852        0.76513944162163        2.84520108850584
C            2.46625691585153       -1.27091427901471        1.00151136506820
C            2.09668186916094       -2.23400611046610        0.08418525755450
H           -2.58562062948988        0.84086971734444        2.43565341066052
H           -1.17308332347897        1.79395229866387        1.96448335105978
H           -2.66566260540304        2.61297117527457        2.46203712564831
H           -1.66471957223232        0.05637007357210        0.20923816641692
H           -3.08801773318428       -0.41167617011675       -1.78975917759796
H           -3.18594033933516        1.36094961398891       -1.94624711131082
H           -0.72238139893348        1.46802949351950       -2.26675337740225
H           -1.48378660489301        0.42970957690317       -3.48329703185383
H           -0.83520901951471       -2.25143373476249       -3.40230148585618
H            0.82991470740472       -3.59310633233403       -2.10814658067846
H            0.56015972223772        1.35095970027807       -0.00441883906041
H            2.87680362196735       -0.03965271066789        3.51726099151697
H            3.27764461257108        1.69223745311424        3.41015987217203
H            4.16488476022776        0.51744801006763        2.40800409014966
H            3.20169172587890       -1.52223803869825        1.74869754306628
H            2.53989260870468       -3.21800026529463        0.11844495682930
33
 energy: -50.029837289098 gnorm: 0.000517244775 xtb: 6.7.1 (edcfbbe)
C           -2.26597352995171        1.75623892224130        1.93872705543238
C           -2.74839929615293        1.75943117700820        0.50180546050238
O           -3.47556588054957        2.62682290015935        0.04013160769923
N           -2.31690909781504        0.70251253390914       -0.21047481353623
C           -2.55299204223929        0.52727206513005       -1.62468395517561
C           -1.23802608204635        0.52010879365223       -2.42226593186879
C           -0.35175484995107       -0.61037985517956       -2.01087357272728
C           -0.29376402399911       -1.85905658382518       -2.56213920032563
N            0.60351465832808       -2.63874847740513       -1.88701650365570
C            1.15172733370767       -1.90407216318671       -0.87485291847647
C            0.57216850152642       -0.61121533696586       -0.91921894990885
C            0.96585387446306        0.34989390092365        0.00868570763348
C            1.90940919249708        0.01403281654238        0.96660654066226
O            2.23025630847744        1.01657638382736        1.85076827638855
C            3.19572878329597        0.76330005693755        2.84447560863358
C            2.46794204844201       -1.27235616654202        1.00085811453066
C            2.09799502556021       -2.23493546197801        0.08313145117159
H           -2.59825834575539        0.85035285612509        2.44007975003634
H           -1.17905314243657        1.79140044859638        1.96461420761543
H           -2.66687818962097        2.62264561827087        2.45691950494589
H           -1.66269878313527        0.06033074496293        0.21193826429318
H           -3.08416708527321       -0.41685683911261       -1.78666035241550
H           -3.18889574645731        1.35514764093867       -1.94603296546996
H           -0.72321291307143        1.46914743953750       -2.26254744289918
H           -1.48270789029998        0.43245616414096       -3.48164939580915
H           -0.83346625447625       -2.24923630804056       -3.40376632672244
H            0.83182949123339       -3.59182869785046       -2.11120598961469
H            0.56223924564040        1.35046964470014       -0.00342983452199
H            2.87980025385210       -0.04099438582174        3.51691196381057
H            3.28224545424486        1.69048822866666        3.40913011900949
H            4.16804433859403        0.51458042770497        2.40701411760692
H            3.20323769062692       -1.52437936253568        1.74798490878172
H            2.54072995274179       -3.21914812553127        0.11703749437309
33
 energy: -50.029840667584 gnorm: 0.000389140655 xtb: 6.7.1 (edcfbbe)
C           -2.27276316267337        1.76111359334414        1.93759671072595
C           -2.75537456947815        1.75872286174241        0.50071160374121
O           -3.48770727519650        2.62083565718501        0.03750062436347
N           -2.31839100381811        0.70252752065517       -0.20931822630497
C           -2.55338144516602        0.52291042135565       -1.62312437587941
C           -1.23798141364587        0.52130767531467       -2.41995985497151
C           -0.34988558855750       -0.60849696817577       -2.01062211235602
C           -0.29246313433697       -1.85686183408421       -2.56273176914653
N            0.60471862476058       -2.63724032647097       -1.88840157310689
C            1.15351500552912       -1.90328181394432       -0.87599848949455
C            0.57446396910309       -0.61019462063305       -0.91942384114126
C            0.96898543297611        0.35013852804936        0.00902647276433
C            1.91263227668604        0.01313715685618        0.96643292958851
O            2.23478451999599        1.01517806169331        1.85072408590834
C            3.20003630919347        0.76055935415703        2.84430516359911
C            2.47009841553475       -1.27375448400544        1.00010270821964
C            2.09946260553903       -2.23553038247347        0.08183179772825
H           -2.61244015676511        0.86081326417570        2.44411573970930
H           -1.18568009407174        1.78803113203394        1.96394984310210
H           -2.66773898349423        2.63336222779403        2.45049454370902
H           -1.66040529700216        0.06523262120905        0.21466276056056
H           -3.07890809696072       -0.42472072320782       -1.78321270105054
H           -3.19411865992655        1.34636807358577       -1.94628115829456
H           -0.72566128604446        1.47116998399858       -2.25716086092394
H           -1.48157815462103        0.43601038685995       -3.47979326099041
H           -0.83285138635485       -2.24606335493328       -3.40437134735626
H            0.83319723311602       -3.59010891264803       -2.11329095304845
H            0.56600114726202        1.35099630527041       -0.00255311727879
H            2.88233503146916       -0.04231808036671        3.51767414149369
H            3.28906373163648        1.68813375289748        3.40796354024096
H            4.17162325565163        0.50897727629015        2.40679880715794
H            3.20503785725436       -1.52682597598775        1.74724383095730
H            2.54137329240550       -3.22012737753658        0.11511033777363
33
 energy: -50.029842306130 gnorm: 0.000217950494 xtb: 6.7.1 (edcfbbe)
C           -2.27763698830825        1.76432529529364        1.93645245149502
C           -2.76000750622903        1.75860284896337        0.49948394865277
O           -3.49537679669858        2.61747383177266        0.03517303377389
N           -2.31988760164044        0.70245576253217       -0.20878762413992
C           -2.55397918458405        0.51953308627537       -1.62226428115972
C           -1.23830088748525        0.52207139238204       -2.41864287529093
C           -0.34879640254087       -0.60692962989856       -2.01011205489354
C           -0.29214940081036       -1.85529358327237       -2.56242744812067
N            0.60538537249977       -2.63591160348208       -1.88905289561980
C            1.15498475229608       -1.90222517177416       -0.87685543861035
C            0.57620455214458       -0.60897387672879       -0.91949525629085
C            0.97144386336374        0.35068473212987        0.00943190106058
C            1.91513434471390        0.01268825817475        0.96645811261450
O            2.23783818538213        1.01389937232639        1.85151299446944
C            3.20320632092992        0.75808924593864        2.84469211918984
C            2.47217003378072       -1.27442759802164        0.99932496185515
C            2.10110155278670       -2.23542702208128        0.08046237618073
H           -2.62265132457656        0.86781199907125        2.44611279672640
H           -1.19051620630900        1.78529742246054        1.96358213340612
H           -2.66845506475654        2.64040085121249        2.44584881850360
H           -1.65877344540621        0.06917395793860        0.21622840071571
H           -3.07556006653407       -0.43053752633995       -1.78076514337604
H           -3.19803390160145        1.33976325436724       -1.94686668094906
H           -0.72800747249847        1.47273938375391       -2.25422290421826
H           -1.48113556212476        0.43769089978028       -3.47873368901851
H           -0.83354138880515       -2.24388436393517       -3.40371054066538
H            0.83400792664994       -3.58879761927184       -2.11378910688474
H            0.56903448568950        1.35180257767010       -0.00158626205266
H            2.88422541587133       -0.04366871104517        3.51884695288830
H            3.29448086992236        1.68590377791305        3.40758178119053
H            4.17404114221413        0.50417286093051        2.40686943283979
H            3.20696520825182       -1.52826198825858        1.74633600213138
H            2.54258417441244       -3.22024111677667        0.11291598359584
33
 energy: -50.029842786299 gnorm: 0.000106058783 xtb: 6.7.1 (edcfbbe)
C           -2.27956565157002        1.76538939913713        1.93590376956502
C           -2.76150883752040        1.75884377989025        0.49881905535740
O           -3.49728266466841        2.61701404889036        0.03404418821468
N           -2.32082461885387        0.70246829768284       -0.20878124280336
C           -2.55459202791200        0.51856938777213       -1.62214760004760
C           -1.23874210646360        0.52202558900749       -2.41820727159269
C           -0.34850111826743       -0.60641024197849       -2.00968336757053
C           -0.29211115493377       -1.85479523051911       -2.56201389105257
N            0.60567549811478       -2.63538399063099       -1.88908249281519
C            1.15573922428769       -1.90165907872312       -0.87716656308046
C            0.57698831442302       -0.60835804198203       -0.91946964559061
C            0.97239222896423        0.35096238035474        0.00976509877275
C            1.91613400926801        0.01256510337367        0.96662428833643
O            2.23873556588600        1.01318197400050        1.85239601755944
C            3.20444284853222        0.75688181867671        2.84512878500996
C            2.47340109220443       -1.27446391474591        0.99884586910921
C            2.10222231756722       -2.23508682640997        0.07966909296267
H           -2.62663728414275        0.87011989597719        2.44632321049744
H           -1.19248066652096        1.78412165032915        1.96355462572838
H           -2.66887884155532        2.64274197352242        2.44417042455691
H           -1.65846680517350        0.07072229510612        0.21643800249468
H           -3.07494333877876       -0.43220256274509       -1.78013418359609
H           -3.19957441108342        1.33782326343335       -1.94728322166198
H           -0.72930105644894        1.47310229706730       -2.25373544407479
H           -1.48137300217304        0.43742224773035       -3.47831650929903
H           -0.83418383371503       -2.24331476805718       -3.40289695132507
H            0.83421385783697       -3.58841048520895       -2.11332995242825
H            0.56998974426300        1.35210742633189       -0.00070490778972
H            2.88526732231254       -0.04462049458122        3.51949876383948
H            3.29659645436387        1.68468092545399        3.40787713288935
H            4.17487771549670        0.50228886362647        2.40688271047131
H            3.20838762696977       -1.52849134558994        1.74557890741789
H            2.54390259929078       -3.21983463619144        0.11143530194409
