
Scratch directory: [LOCAL_PATH]
   => Libint2 <=

    Primary   basis highest AM E, G, H:  7, 6, -
    Auxiliary basis highest AM E, G, H:  7, 7, -
    Onebody   basis highest AM E, G, H:  -, -, -
    Solid Harmonics ordering:            Gaussian

*** tstart() called on [LOCAL_HOST]
*** at Mon Sep 28 20:11:37 2026

   => Loading Basis Set <=

    Name: STO-3G
    Role: ORBITAL
    Keyword: BASIS
    atoms 1-2 entry H          line    19 file [LOCAL_PATH]


         ---------------------------------------------------------
                                   SCF
               by Justin Turney, Rob Parrish, Andy Simmonett
                          and Daniel G. A. Smith
                              UHF Reference
                        1 Threads,    476 MiB Core
         ---------------------------------------------------------

  ==> Geometry <==

    Molecular point group: c1
    Full point group: D_inf_h

    Geometry (in Angstrom), charge = 0, multiplicity = 1:

       Center              X                  Y                   Z               Mass       
    ------------   -----------------  -----------------  -----------------  -----------------
         H            0.000000000000     0.000000000000    -0.270000000000     1.007825032230
         H            0.000000000000     0.000000000000     0.270000000000     1.007825032230

  Running in c1 symmetry.

  Rotational constants: A = ************  B =    114.72388  C =    114.72388 [cm^-1]
  Rotational constants: A = ************  B = 3439335.43537  C = 3439335.43537 [MHz]
  Nuclear repulsion =    0.979957797537037

  Charge       = 0
  Multiplicity = 1
  Electrons    = 2
  Nalpha       = 1
  Nbeta        = 1

  ==> Algorithm <==

  SCF Algorithm Type is PK.
  DIIS enabled.
  MOM disabled.
  Fractional occupation disabled.
  Guess Type is CORE.
  Energy threshold   = 1.00e-12
  Density threshold  = 1.00e-12
  Integral threshold = 1.00e-12

  ==> Primary Basis <==

  Basis Set: STO-3G
    Blend: STO-3G
    Number of shells: 2
    Number of basis functions: 2
    Number of Cartesian functions: 2
    Spherical Harmonics?: true
    Max angular momentum: 0

  ==> Integral Setup <==

  Using in-core PK algorithm.
   Calculation information:
      Number of atoms:                   2
      Number of AO shells:               2
      Number of primitives:              6
      Number of atomic orbitals:         2
      Number of basis functions:         2

      Integral cutoff                 1.00e-12
      Number of threads:                 1

  Performing in-core PK
  Using 12 doubles for integral storage.
  We computed 6 shell quartets total.
  Whereas there are 6 unique shell quartets.

  ==> DiskJK: Disk-Based J/K Matrices <==

    J tasked:                  Yes
    K tasked:                  Yes
    wK tasked:                  No
    Memory [MiB]:              357
    Schwarz Cutoff:          1E-12

    OpenMP threads:              1

  Minimum eigenvalue in the overlap matrix is 2.1021961869E-01.
  Reciprocal condition number of the overlap matrix is 1.1745553861E-01.
    Using symmetric orthogonalization.

  ==> Pre-Iterations <==

  SCF Guess: Core (One-Electron) Hamiltonian.

  Mixing beta HOMO/LUMO orbitals (1,2)
   -------------------------------------------------------
    Irrep   Nso     Nmo     Nalpha   Nbeta   Ndocc  Nsocc
   -------------------------------------------------------
     A          2       2       1       1       1       0
   -------------------------------------------------------
    Total       2       2       1       1       1       0
   -------------------------------------------------------

  ==> Iterations <==

                        Total Energy        Delta E     RMS |[F,P]|

   @UHF iter   1:    -0.16526379186743   -1.65264e-01   3.85707e-01 ADIIS
   @UHF iter   2:    -0.90610107143517   -7.40837e-01   1.77464e-01 ADIIS
   @UHF iter   3:    -1.02835221215169   -1.22251e-01   9.06961e-02 ADIIS/DIIS
   @UHF iter   4:    -1.06176924619078   -3.34170e-02   4.54048e-02 ADIIS/DIIS
   @UHF iter   5:    -1.07187346392669   -1.01042e-02   1.49294e-02 ADIIS/DIIS
   @UHF iter   6:    -1.07306667762649   -1.19321e-03   2.56865e-03 ADIIS/DIIS
   @UHF iter   7:    -1.07310233115770   -3.56535e-05   3.71513e-04 ADIIS/DIIS
   @UHF iter   8:    -1.07310308346271   -7.52305e-07   4.14292e-05 DIIS
   @UHF iter   9:    -1.07310309291849   -9.45578e-09   1.77515e-06 DIIS
   @UHF iter  10:    -1.07310309293586   -1.73723e-11   6.07510e-08 DIIS
   @UHF iter  11:    -1.07310309293588   -1.99840e-14   1.81947e-09 DIIS
   @UHF iter  12:    -1.07310309293588    0.00000e+00   1.57790e-11 DIIS
   @UHF iter  13:    -1.07310309293588    6.66134e-16   3.71801e-14 DIIS
  Energy and wave function converged.

    Wavefunction stable under totally symmetric rotations.
    Lowest totally symmetric eigenvalue: 0.724734 
    Lowest UHF->UHF stability eigenvalues: 
       A 0.724734      

    Stability analysis over.

  ==> Post-Iterations <==

   @Spin Contamination Metric:   1.776356839E-15
   @S^2 Expected:                0.000000000E+00
   @S^2 Observed:                1.776356839E-15
   @S   Expected:                0.000000000E+00
   @S   Observed:                0.000000000E+00

    Orbital Energies [Eh]
    ---------------------

    Alpha Occupied:                                                       

       1A     -0.670299  

    Alpha Virtual:                                                        

       2A      0.925048  

    Beta Occupied:                                                        

       1A     -0.670299  

    Beta Virtual:                                                         

       2A      0.925048  

    Final Occupation by Irrep:
              A 
    DOCC [     1 ]
    SOCC [     0 ]
    NA   [     1 ]
    NB   [     1 ]

  @UHF Final Energy:    -1.07310309293588

   => Energetics <=

    Nuclear Repulsion Energy =              0.9799577975370369
    One-Electron Energy =                  -2.7655242386113508
    Two-Electron Energy =                   0.7124633481384304
    Total Energy =                         -1.0731030929358834

  UHF NO Occupations:
  HONO-0 :    1  A 2.0000000
  LUNO+0 :    2  A 0.0000000


Computation Completed


Properties will be evaluated at   0.000000,   0.000000,   0.000000 [a0]

Properties computed using the SCF density matrix


 Multipole Moments:

 ------------------------------------------------------------------------------------
     Multipole            Electronic (a.u.)      Nuclear  (a.u.)        Total (a.u.)
 ------------------------------------------------------------------------------------

 L = 1.  Multiply by 2.5417464519 to convert [e a0] to [Debye]
 Dipole X            :          0.0000000            0.0000000            0.0000000
 Dipole Y            :          0.0000000            0.0000000            0.0000000
 Dipole Z            :          0.0000000            0.0000000            0.0000000
 Magnitude           :                                                    0.0000000

 ------------------------------------------------------------------------------------

*** tstop() called on [LOCAL_HOST]
Module time:
	user time   =        nan seconds =        nan minutes
	system time =        nan seconds =        nan minutes
	total time  =          0 seconds =       0.00 minutes
Total time:
	user time   =        nan seconds =        nan minutes
	system time =        nan seconds =        nan minutes
	total time  =          1 seconds =       0.02 minutes
