
Scratch directory: [LOCAL_PATH]
   => Libint2 <=

    Primary   basis highest AM E, G, H:  7, 6, -
    Auxiliary basis highest AM E, G, H:  7, 7, -
    Onebody   basis highest AM E, G, H:  -, -, -
    Solid Harmonics ordering:            Gaussian

*** tstart() called on [LOCAL_HOST]
*** at Mon Sep 28 20:11:37 2026

   => Loading Basis Set <=

    Name: STO-3G
    Role: ORBITAL
    Keyword: BASIS
    atoms 1-2 entry H          line    19 file [LOCAL_PATH]


         ---------------------------------------------------------
                                   SCF
               by Justin Turney, Rob Parrish, Andy Simmonett
                          and Daniel G. A. Smith
                              UHF Reference
                        1 Threads,    476 MiB Core
         ---------------------------------------------------------

  ==> Geometry <==

    Molecular point group: c1
    Full point group: D_inf_h

    Geometry (in Angstrom), charge = 0, multiplicity = 1:

       Center              X                  Y                   Z               Mass       
    ------------   -----------------  -----------------  -----------------  -----------------
         H            0.000000000000     0.000000000000    -0.290000000000     1.007825032230
         H            0.000000000000     0.000000000000     0.290000000000     1.007825032230

  Running in c1 symmetry.

  Rotational constants: A = ************  B =     99.44555  C =     99.44555 [cm^-1]
  Rotational constants: A = ************  B = 2981302.65444  C = 2981302.65444 [MHz]
  Nuclear repulsion =    0.912374501155172

  Charge       = 0
  Multiplicity = 1
  Electrons    = 2
  Nalpha       = 1
  Nbeta        = 1

  ==> Algorithm <==

  SCF Algorithm Type is PK.
  DIIS enabled.
  MOM disabled.
  Fractional occupation disabled.
  Guess Type is CORE.
  Energy threshold   = 1.00e-12
  Density threshold  = 1.00e-12
  Integral threshold = 1.00e-12

  ==> Primary Basis <==

  Basis Set: STO-3G
    Blend: STO-3G
    Number of shells: 2
    Number of basis functions: 2
    Number of Cartesian functions: 2
    Spherical Harmonics?: true
    Max angular momentum: 0

  ==> Integral Setup <==

  Using in-core PK algorithm.
   Calculation information:
      Number of atoms:                   2
      Number of AO shells:               2
      Number of primitives:              6
      Number of atomic orbitals:         2
      Number of basis functions:         2

      Integral cutoff                 1.00e-12
      Number of threads:                 1

  Performing in-core PK
  Using 12 doubles for integral storage.
  We computed 6 shell quartets total.
  Whereas there are 6 unique shell quartets.

  ==> DiskJK: Disk-Based J/K Matrices <==

    J tasked:                  Yes
    K tasked:                  Yes
    wK tasked:                  No
    Memory [MiB]:              357
    Schwarz Cutoff:          1E-12

    OpenMP threads:              1

  Minimum eigenvalue in the overlap matrix is 2.3570137747E-01.
  Reciprocal condition number of the overlap matrix is 1.3359494501E-01.
    Using symmetric orthogonalization.

  ==> Pre-Iterations <==

  SCF Guess: Core (One-Electron) Hamiltonian.

  Mixing beta HOMO/LUMO orbitals (1,2)
   -------------------------------------------------------
    Irrep   Nso     Nmo     Nalpha   Nbeta   Ndocc  Nsocc
   -------------------------------------------------------
     A          2       2       1       1       1       0
   -------------------------------------------------------
    Total       2       2       1       1       1       0
   -------------------------------------------------------

  ==> Iterations <==

                        Total Energy        Delta E     RMS |[F,P]|

   @UHF iter   1:    -0.25754527505775   -2.57545e-01   3.60994e-01 ADIIS
   @UHF iter   2:    -0.92891737288881   -6.71372e-01   1.68894e-01 ADIIS
   @UHF iter   3:    -1.04622044444232   -1.17303e-01   8.89479e-02 ADIIS/DIIS
   @UHF iter   4:    -1.08089643300228   -3.46760e-02   4.58195e-02 ADIIS/DIIS
   @UHF iter   5:    -1.09208948013786   -1.11930e-02   1.62220e-02 ADIIS/DIIS
   @UHF iter   6:    -1.09364006793012   -1.55059e-03   3.23455e-03 ADIIS/DIIS
   @UHF iter   7:    -1.09370245748162   -6.23896e-05   5.51154e-04 ADIIS/DIIS
   @UHF iter   8:    -1.09370428690549   -1.82942e-06   7.68546e-05 DIIS
   @UHF iter   9:    -1.09370432308387   -3.61784e-08   4.01592e-06 DIIS
   @UHF iter  10:    -1.09370432318276   -9.88880e-11   1.63799e-07 DIIS
   @UHF iter  11:    -1.09370432318293   -1.64979e-13   5.81180e-09 DIIS
   @UHF iter  12:    -1.09370432318293    2.22045e-16   6.54323e-11 DIIS
   @UHF iter  13:    -1.09370432318293   -2.22045e-16   2.16390e-13 DIIS
  Energy and wave function converged.

    Wavefunction stable under totally symmetric rotations.
    Lowest totally symmetric eigenvalue: 0.651274 
    Lowest UHF->UHF stability eigenvalues: 
       A 0.651274      

    Stability analysis over.

  ==> Post-Iterations <==

   @Spin Contamination Metric:  -4.440892099E-16
   @S^2 Expected:                0.000000000E+00
   @S^2 Observed:               -4.440892099E-16
   @S   Expected:                0.000000000E+00
   @S   Observed:                0.000000000E+00

    Orbital Energies [Eh]
    ---------------------

    Alpha Occupied:                                                       

       1A     -0.650502  

    Alpha Virtual:                                                        

       2A      0.865965  

    Beta Occupied:                                                        

       1A     -0.650502  

    Beta Virtual:                                                         

       2A      0.865965  

    Final Occupation by Irrep:
              A 
    DOCC [     1 ]
    SOCC [     0 ]
    NA   [     1 ]
    NB   [     1 ]

  @UHF Final Energy:    -1.09370432318293

   => Energetics <=

    Nuclear Repulsion Energy =              0.9123745011551725
    One-Electron Energy =                  -2.7111536190382122
    Two-Electron Energy =                   0.7050747947001124
    Total Energy =                         -1.0937043231829273

  UHF NO Occupations:
  HONO-0 :    1  A 2.0000000
  LUNO+0 :    2  A 0.0000000


Computation Completed


Properties will be evaluated at   0.000000,   0.000000,   0.000000 [a0]

Properties computed using the SCF density matrix


 Multipole Moments:

 ------------------------------------------------------------------------------------
     Multipole            Electronic (a.u.)      Nuclear  (a.u.)        Total (a.u.)
 ------------------------------------------------------------------------------------

 L = 1.  Multiply by 2.5417464519 to convert [e a0] to [Debye]
 Dipole X            :          0.0000000            0.0000000            0.0000000
 Dipole Y            :          0.0000000            0.0000000            0.0000000
 Dipole Z            :         -0.0000000            0.0000000           -0.0000000
 Magnitude           :                                                    0.0000000

 ------------------------------------------------------------------------------------

*** tstop() called on [LOCAL_HOST]
Module time:
	user time   =        nan seconds =        nan minutes
	system time =        nan seconds =        nan minutes
	total time  =          1 seconds =       0.02 minutes
Total time:
	user time   =        nan seconds =        nan minutes
	system time =        nan seconds =        nan minutes
	total time  =          2 seconds =       0.03 minutes
