
Scratch directory: [LOCAL_PATH]
   => Libint2 <=

    Primary   basis highest AM E, G, H:  7, 6, -
    Auxiliary basis highest AM E, G, H:  7, 7, -
    Onebody   basis highest AM E, G, H:  -, -, -
    Solid Harmonics ordering:            Gaussian

*** tstart() called on [LOCAL_HOST]
*** at Mon Sep 28 20:11:36 2026

   => Loading Basis Set <=

    Name: STO-3G
    Role: ORBITAL
    Keyword: BASIS
    atoms 1-2 entry H          line    19 file [LOCAL_PATH]


         ---------------------------------------------------------
                                   SCF
               by Justin Turney, Rob Parrish, Andy Simmonett
                          and Daniel G. A. Smith
                              UHF Reference
                        1 Threads,    476 MiB Core
         ---------------------------------------------------------

  ==> Geometry <==

    Molecular point group: c1
    Full point group: D_inf_h

    Geometry (in Angstrom), charge = 0, multiplicity = 1:

       Center              X                  Y                   Z               Mass       
    ------------   -----------------  -----------------  -----------------  -----------------
         H            0.000000000000     0.000000000000    -0.250000000000     1.007825032230
         H            0.000000000000     0.000000000000     0.250000000000     1.007825032230

  Running in c1 symmetry.

  Rotational constants: A = ************  B =    133.81394  C =    133.81394 [cm^-1]
  Rotational constants: A = ************  B = 4011640.85182  C = 4011640.85182 [MHz]
  Nuclear repulsion =    1.058354421340000

  Charge       = 0
  Multiplicity = 1
  Electrons    = 2
  Nalpha       = 1
  Nbeta        = 1

  ==> Algorithm <==

  SCF Algorithm Type is PK.
  DIIS enabled.
  MOM disabled.
  Fractional occupation disabled.
  Guess Type is CORE.
  Energy threshold   = 1.00e-12
  Density threshold  = 1.00e-12
  Integral threshold = 1.00e-12

  ==> Primary Basis <==

  Basis Set: STO-3G
    Blend: STO-3G
    Number of shells: 2
    Number of basis functions: 2
    Number of Cartesian functions: 2
    Spherical Harmonics?: true
    Max angular momentum: 0

  ==> Integral Setup <==

  Using in-core PK algorithm.
   Calculation information:
      Number of atoms:                   2
      Number of AO shells:               2
      Number of primitives:              6
      Number of atomic orbitals:         2
      Number of basis functions:         2

      Integral cutoff                 1.00e-12
      Number of threads:                 1

  Performing in-core PK
  Using 12 doubles for integral storage.
  We computed 6 shell quartets total.
  Whereas there are 6 unique shell quartets.

  ==> DiskJK: Disk-Based J/K Matrices <==

    J tasked:                  Yes
    K tasked:                  Yes
    wK tasked:                  No
    Memory [MiB]:              357
    Schwarz Cutoff:          1E-12

    OpenMP threads:              1

  Minimum eigenvalue in the overlap matrix is 1.8528190617E-01.
  Reciprocal condition number of the overlap matrix is 1.0209955299E-01.
    Using symmetric orthogonalization.

  ==> Pre-Iterations <==

  SCF Guess: Core (One-Electron) Hamiltonian.

  Mixing beta HOMO/LUMO orbitals (1,2)
   -------------------------------------------------------
    Irrep   Nso     Nmo     Nalpha   Nbeta   Ndocc  Nsocc
   -------------------------------------------------------
     A          2       2       1       1       1       0
   -------------------------------------------------------
    Total       2       2       1       1       1       0
   -------------------------------------------------------

  ==> Iterations <==

                        Total Energy        Delta E     RMS |[F,P]|

   @UHF iter   1:    -0.05822368351733   -5.82237e-02   4.12300e-01 ADIIS
   @UHF iter   2:    -0.87463365757433   -8.16410e-01   1.86055e-01 ADIIS
   @UHF iter   3:    -1.00118559139903   -1.26552e-01   9.20201e-02 ADIIS/DIIS
   @UHF iter   4:    -1.03311961213770   -3.19340e-02   4.45861e-02 ADIIS/DIIS
   @UHF iter   5:    -1.04208384973321   -8.96424e-03   1.35386e-02 ADIIS/DIIS
   @UHF iter   6:    -1.04297646402475   -8.92614e-04   1.99473e-03 ADIIS/DIIS
   @UHF iter   7:    -1.04299598817631   -1.95242e-05   2.39912e-04 ADIIS/DIIS
   @UHF iter   8:    -1.04299627280783   -2.84632e-07   1.97563e-05 DIIS
   @UHF iter   9:    -1.04299627474876   -1.94094e-09   6.95185e-07 DIIS
   @UHF iter  10:    -1.04299627475117   -2.40430e-12   2.00738e-08 DIIS
   @UHF iter  11:    -1.04299627475117   -1.77636e-15   5.09695e-10 DIIS
   @UHF iter  12:    -1.04299627475117   -2.22045e-16   3.40537e-12 DIIS
   @UHF iter  13:    -1.04299627475117    6.66134e-16   5.68783e-15 DIIS
  Energy and wave function converged.

    Wavefunction stable under totally symmetric rotations.
    Lowest totally symmetric eigenvalue: 0.803386 
    Lowest UHF->UHF stability eigenvalues: 
       A 0.803386      

    Stability analysis over.

  ==> Post-Iterations <==

   @Spin Contamination Metric:   1.110223025E-15
   @S^2 Expected:                0.000000000E+00
   @S^2 Observed:                1.110223025E-15
   @S   Expected:                0.000000000E+00
   @S   Observed:                0.000000000E+00

    Orbital Energies [Eh]
    ---------------------

    Alpha Occupied:                                                       

       1A     -0.690822  

    Alpha Virtual:                                                        

       2A      0.988674  

    Beta Occupied:                                                        

       1A     -0.690822  

    Beta Virtual:                                                         

       2A      0.988674  

    Final Occupation by Irrep:
              A 
    DOCC [     1 ]
    SOCC [     0 ]
    NA   [     1 ]
    NB   [     1 ]

  @UHF Final Energy:    -1.04299627475117

   => Energetics <=

    Nuclear Repulsion Energy =              1.0583544213400000
    One-Electron Energy =                  -2.8210567351051479
    Two-Electron Energy =                   0.7197060390139780
    Total Energy =                         -1.0429962747511698

  UHF NO Occupations:
  HONO-0 :    1  A 2.0000000
  LUNO+0 :    2  A -0.0000000


Computation Completed


Properties will be evaluated at   0.000000,   0.000000,   0.000000 [a0]

Properties computed using the SCF density matrix


 Multipole Moments:

 ------------------------------------------------------------------------------------
     Multipole            Electronic (a.u.)      Nuclear  (a.u.)        Total (a.u.)
 ------------------------------------------------------------------------------------

 L = 1.  Multiply by 2.5417464519 to convert [e a0] to [Debye]
 Dipole X            :          0.0000000            0.0000000            0.0000000
 Dipole Y            :          0.0000000            0.0000000            0.0000000
 Dipole Z            :          0.0000000            0.0000000            0.0000000
 Magnitude           :                                                    0.0000000

 ------------------------------------------------------------------------------------

*** tstop() called on [LOCAL_HOST]
Module time:
	user time   =        nan seconds =        nan minutes
	system time =        nan seconds =        nan minutes
	total time  =          0 seconds =       0.00 minutes
Total time:
	user time   =        nan seconds =        nan minutes
	system time =        nan seconds =        nan minutes
	total time  =          0 seconds =       0.00 minutes
