
Scratch directory: [LOCAL_PATH]
   => Libint2 <=

    Primary   basis highest AM E, G, H:  7, 6, -
    Auxiliary basis highest AM E, G, H:  7, 7, -
    Onebody   basis highest AM E, G, H:  -, -, -
    Solid Harmonics ordering:            Gaussian

*** tstart() called on [LOCAL_HOST]
*** at Mon Sep 28 20:11:41 2026

   => Loading Basis Set <=

    Name: STO-3G
    Role: ORBITAL
    Keyword: BASIS
    atoms 1-2 entry H          line    19 file [LOCAL_PATH]


         ---------------------------------------------------------
                                   SCF
               by Justin Turney, Rob Parrish, Andy Simmonett
                          and Daniel G. A. Smith
                              UHF Reference
                        1 Threads,    476 MiB Core
         ---------------------------------------------------------

  ==> Geometry <==

    Molecular point group: c1
    Full point group: D_inf_h

    Geometry (in Angstrom), charge = 0, multiplicity = 1:

       Center              X                  Y                   Z               Mass       
    ------------   -----------------  -----------------  -----------------  -----------------
         H            0.000000000000     0.000000000000    -0.370000000000     1.007825032230
         H            0.000000000000     0.000000000000     0.370000000000     1.007825032230

  Running in c1 symmetry.

  Rotational constants: A = ************  B =     61.09110  C =     61.09110 [cm^-1]
  Rotational constants: A = ************  B = 1831464.96157  C = 1831464.96157 [MHz]
  Nuclear repulsion =    0.715104338743243

  Charge       = 0
  Multiplicity = 1
  Electrons    = 2
  Nalpha       = 1
  Nbeta        = 1

  ==> Algorithm <==

  SCF Algorithm Type is PK.
  DIIS enabled.
  MOM disabled.
  Fractional occupation disabled.
  Guess Type is CORE.
  Energy threshold   = 1.00e-12
  Density threshold  = 1.00e-12
  Integral threshold = 1.00e-12

  ==> Primary Basis <==

  Basis Set: STO-3G
    Blend: STO-3G
    Number of shells: 2
    Number of basis functions: 2
    Number of Cartesian functions: 2
    Spherical Harmonics?: true
    Max angular momentum: 0

  ==> Integral Setup <==

  Using in-core PK algorithm.
   Calculation information:
      Number of atoms:                   2
      Number of AO shells:               2
      Number of primitives:              6
      Number of atomic orbitals:         2
      Number of basis functions:         2

      Integral cutoff                 1.00e-12
      Number of threads:                 1

  Performing in-core PK
  Using 12 doubles for integral storage.
  We computed 6 shell quartets total.
  Whereas there are 6 unique shell quartets.

  ==> DiskJK: Disk-Based J/K Matrices <==

    J tasked:                  Yes
    K tasked:                  Yes
    wK tasked:                  No
    Memory [MiB]:              357
    Schwarz Cutoff:          1E-12

    OpenMP threads:              1

  Minimum eigenvalue in the overlap matrix is 3.4012687846E-01.
  Reciprocal condition number of the overlap matrix is 2.0491137186E-01.
    Using symmetric orthogonalization.

  ==> Pre-Iterations <==

  SCF Guess: Core (One-Electron) Hamiltonian.

  Mixing beta HOMO/LUMO orbitals (1,2)
   -------------------------------------------------------
    Irrep   Nso     Nmo     Nalpha   Nbeta   Ndocc  Nsocc
   -------------------------------------------------------
     A          2       2       1       1       1       0
   -------------------------------------------------------
    Total       2       2       1       1       1       0
   -------------------------------------------------------

  ==> Iterations <==

                        Total Energy        Delta E     RMS |[F,P]|

   @UHF iter   1:    -0.51952720028002   -5.19527e-01   2.79197e-01 ADIIS
   @UHF iter   2:    -0.96901303603711   -4.49486e-01   1.36088e-01 ADIIS
   @UHF iter   3:    -1.06215282788539   -9.31398e-02   7.83015e-02 ADIIS/DIIS
   @UHF iter   4:    -1.09872961283632   -3.65768e-02   4.35491e-02 ADIIS/DIIS
   @UHF iter   5:    -1.11293035085459   -1.42007e-02   1.97694e-02 ADIIS/DIIS
   @UHF iter   6:    -1.11632421486881   -3.39386e-03   6.63871e-03 ADIIS/DIIS
   @UHF iter   7:    -1.11671769621759   -3.93481e-04   2.05212e-03 ADIIS/DIIS
   @UHF iter   8:    -1.11675617943792   -3.84832e-05   5.62611e-04 ADIIS/DIIS
   @UHF iter   9:    -1.11675914052720   -2.96109e-06   1.29940e-04 ADIIS/DIIS
   @UHF iter  10:    -1.11675930450823   -1.63981e-07   1.70417e-05 DIIS
   @UHF iter  11:    -1.11675930736026   -2.85202e-09   1.34587e-06 DIIS
   @UHF iter  12:    -1.11675930737814   -1.78808e-11   4.36558e-08 DIIS
   @UHF iter  13:    -1.11675930737816   -1.86517e-14   5.39397e-10 DIIS
   @UHF iter  14:    -1.11675930737816    2.22045e-16   2.05107e-12 DIIS
   @UHF iter  15:    -1.11675930737816   -6.66134e-16   1.57069e-15 DIIS
  Energy and wave function converged.

    Wavefunction stable under totally symmetric rotations.
    Lowest totally symmetric eigenvalue: 0.404775 
    Lowest UHF->UHF stability eigenvalues: 
       A 0.404775      

    Stability analysis over.

  ==> Post-Iterations <==

   @Spin Contamination Metric:   6.661338148E-16
   @S^2 Expected:                0.000000000E+00
   @S^2 Observed:                6.661338148E-16
   @S   Expected:                0.000000000E+00
   @S   Observed:                0.000000000E+00

    Orbital Energies [Eh]
    ---------------------

    Alpha Occupied:                                                       

       1A     -0.578554  

    Alpha Virtual:                                                        

       2A      0.671143  

    Beta Occupied:                                                        

       1A     -0.578554  

    Beta Virtual:                                                         

       2A      0.671143  

    Final Occupation by Irrep:
              A 
    DOCC [     1 ]
    SOCC [     0 ]
    NA   [     1 ]
    NB   [     1 ]

  @UHF Final Energy:    -1.11675930737816

   => Energetics <=

    Nuclear Repulsion Energy =              0.7151043387432432
    One-Electron Energy =                  -2.5066195728691323
    Two-Electron Energy =                   0.6747559267477314
    Total Energy =                         -1.1167593073781577

  UHF NO Occupations:
  HONO-0 :    1  A 2.0000000
  LUNO+0 :    2  A -0.0000000


Computation Completed


Properties will be evaluated at   0.000000,   0.000000,   0.000000 [a0]

Properties computed using the SCF density matrix


 Multipole Moments:

 ------------------------------------------------------------------------------------
     Multipole            Electronic (a.u.)      Nuclear  (a.u.)        Total (a.u.)
 ------------------------------------------------------------------------------------

 L = 1.  Multiply by 2.5417464519 to convert [e a0] to [Debye]
 Dipole X            :          0.0000000            0.0000000            0.0000000
 Dipole Y            :          0.0000000            0.0000000            0.0000000
 Dipole Z            :          0.0000000            0.0000000            0.0000000
 Magnitude           :                                                    0.0000000

 ------------------------------------------------------------------------------------

*** tstop() called on [LOCAL_HOST]
Module time:
	user time   =        nan seconds =        nan minutes
	system time =        nan seconds =        nan minutes
	total time  =          0 seconds =       0.00 minutes
Total time:
	user time   =        nan seconds =        nan minutes
	system time =        nan seconds =        nan minutes
	total time  =          5 seconds =       0.08 minutes
