
Scratch directory: [LOCAL_PATH]
   => Libint2 <=

    Primary   basis highest AM E, G, H:  7, 6, -
    Auxiliary basis highest AM E, G, H:  7, 7, -
    Onebody   basis highest AM E, G, H:  -, -, -
    Solid Harmonics ordering:            Gaussian

*** tstart() called on [LOCAL_HOST]
*** at Mon Sep 28 20:11:40 2026

   => Loading Basis Set <=

    Name: STO-3G
    Role: ORBITAL
    Keyword: BASIS
    atoms 1-2 entry H          line    19 file [LOCAL_PATH]


         ---------------------------------------------------------
                                   SCF
               by Justin Turney, Rob Parrish, Andy Simmonett
                          and Daniel G. A. Smith
                              UHF Reference
                        1 Threads,    476 MiB Core
         ---------------------------------------------------------

  ==> Geometry <==

    Molecular point group: c1
    Full point group: D_inf_h

    Geometry (in Angstrom), charge = 0, multiplicity = 1:

       Center              X                  Y                   Z               Mass       
    ------------   -----------------  -----------------  -----------------  -----------------
         H            0.000000000000     0.000000000000    -0.350000000000     1.007825032230
         H            0.000000000000     0.000000000000     0.350000000000     1.007825032230

  Running in c1 symmetry.

  Rotational constants: A = ************  B =     68.27242  C =     68.27242 [cm^-1]
  Rotational constants: A = ************  B = 2046755.53664  C = 2046755.53664 [MHz]
  Nuclear repulsion =    0.755967443814286

  Charge       = 0
  Multiplicity = 1
  Electrons    = 2
  Nalpha       = 1
  Nbeta        = 1

  ==> Algorithm <==

  SCF Algorithm Type is PK.
  DIIS enabled.
  MOM disabled.
  Fractional occupation disabled.
  Guess Type is CORE.
  Energy threshold   = 1.00e-12
  Density threshold  = 1.00e-12
  Integral threshold = 1.00e-12

  ==> Primary Basis <==

  Basis Set: STO-3G
    Blend: STO-3G
    Number of shells: 2
    Number of basis functions: 2
    Number of Cartesian functions: 2
    Spherical Harmonics?: true
    Max angular momentum: 0

  ==> Integral Setup <==

  Using in-core PK algorithm.
   Calculation information:
      Number of atoms:                   2
      Number of AO shells:               2
      Number of primitives:              6
      Number of atomic orbitals:         2
      Number of basis functions:         2

      Integral cutoff                 1.00e-12
      Number of threads:                 1

  Performing in-core PK
  Using 12 doubles for integral storage.
  We computed 6 shell quartets total.
  Whereas there are 6 unique shell quartets.

  ==> DiskJK: Disk-Based J/K Matrices <==

    J tasked:                  Yes
    K tasked:                  Yes
    wK tasked:                  No
    Memory [MiB]:              357
    Schwarz Cutoff:          1E-12

    OpenMP threads:              1

  Minimum eigenvalue in the overlap matrix is 3.1391055013E-01.
  Reciprocal condition number of the overlap matrix is 1.8617668840E-01.
    Using symmetric orthogonalization.

  ==> Pre-Iterations <==

  SCF Guess: Core (One-Electron) Hamiltonian.

  Mixing beta HOMO/LUMO orbitals (1,2)
   -------------------------------------------------------
    Irrep   Nso     Nmo     Nalpha   Nbeta   Ndocc  Nsocc
   -------------------------------------------------------
     A          2       2       1       1       1       0
   -------------------------------------------------------
    Total       2       2       1       1       1       0
   -------------------------------------------------------

  ==> Iterations <==

                        Total Energy        Delta E     RMS |[F,P]|

   @UHF iter   1:    -0.46694565412775   -4.66946e-01   2.97307e-01 ADIIS
   @UHF iter   2:    -0.96418903310565   -4.97243e-01   1.43971e-01 ADIIS
   @UHF iter   3:    -1.06379500896394   -9.96060e-02   8.14297e-02 ADIIS/DIIS
   @UHF iter   4:    -1.10044469459370   -3.66497e-02   4.46618e-02 ADIIS/DIIS
   @UHF iter   5:    -1.11416849261788   -1.37238e-02   1.91714e-02 ADIIS/DIIS
   @UHF iter   6:    -1.11706610272543   -2.89761e-03   5.70479e-03 ADIIS/DIIS
   @UHF iter   7:    -1.11732868203427   -2.62579e-04   1.52975e-03 ADIIS/DIIS
   @UHF iter   8:    -1.11734791278301   -1.92307e-05   3.59201e-04 ADIIS/DIIS
   @UHF iter   9:    -1.11734899579971   -1.08302e-06   6.71333e-05 DIIS
   @UHF iter  10:    -1.11734903474771   -3.89480e-08   5.37364e-06 DIIS
   @UHF iter  11:    -1.11734903499789   -2.50187e-10   3.33396e-07 DIIS
   @UHF iter  12:    -1.11734903499886   -9.65450e-13   8.23381e-09 DIIS
   @UHF iter  13:    -1.11734903499886   -4.44089e-16   7.33712e-11 DIIS
   @UHF iter  14:    -1.11734903499886   -4.44089e-16   1.89001e-13 DIIS
  Energy and wave function converged.

    Wavefunction stable under totally symmetric rotations.
    Lowest totally symmetric eigenvalue: 0.459895 
    Lowest UHF->UHF stability eigenvalues: 
       A 0.459895      

    Stability analysis over.

  ==> Post-Iterations <==

   @Spin Contamination Metric:  -8.881784197E-16
   @S^2 Expected:                0.000000000E+00
   @S^2 Observed:               -8.881784197E-16
   @S   Expected:                0.000000000E+00
   @S   Observed:                0.000000000E+00

    Orbital Energies [Eh]
    ---------------------

    Alpha Occupied:                                                       

       1A     -0.595463  

    Alpha Virtual:                                                        

       2A      0.714165  

    Beta Occupied:                                                        

       1A     -0.595463  

    Beta Virtual:                                                         

       2A      0.714165  

    Final Occupation by Irrep:
              A 
    DOCC [     1 ]
    SOCC [     0 ]
    NA   [     1 ]
    NB   [     1 ]

  @UHF Final Energy:    -1.11734903499886

   => Energetics <=

    Nuclear Repulsion Energy =              0.7559674438142857
    One-Electron Energy =                  -2.5557060119021093
    Two-Electron Energy =                   0.6823895330889642
    Total Energy =                         -1.1173490349988593

  UHF NO Occupations:
  HONO-0 :    1  A 2.0000000
  LUNO+0 :    2  A -0.0000000


Computation Completed


Properties will be evaluated at   0.000000,   0.000000,   0.000000 [a0]

Properties computed using the SCF density matrix


 Multipole Moments:

 ------------------------------------------------------------------------------------
     Multipole            Electronic (a.u.)      Nuclear  (a.u.)        Total (a.u.)
 ------------------------------------------------------------------------------------

 L = 1.  Multiply by 2.5417464519 to convert [e a0] to [Debye]
 Dipole X            :          0.0000000            0.0000000            0.0000000
 Dipole Y            :          0.0000000            0.0000000            0.0000000
 Dipole Z            :         -0.0000000            0.0000000           -0.0000000
 Magnitude           :                                                    0.0000000

 ------------------------------------------------------------------------------------

*** tstop() called on [LOCAL_HOST]
Module time:
	user time   =        nan seconds =        nan minutes
	system time =        nan seconds =        nan minutes
	total time  =          0 seconds =       0.00 minutes
Total time:
	user time   =        nan seconds =        nan minutes
	system time =        nan seconds =        nan minutes
	total time  =          4 seconds =       0.07 minutes
