
Scratch directory: [LOCAL_PATH]
   => Libint2 <=

    Primary   basis highest AM E, G, H:  7, 6, -
    Auxiliary basis highest AM E, G, H:  7, 7, -
    Onebody   basis highest AM E, G, H:  -, -, -
    Solid Harmonics ordering:            Gaussian

*** tstart() called on [LOCAL_HOST]
*** at Mon Sep 28 20:11:38 2026

   => Loading Basis Set <=

    Name: STO-3G
    Role: ORBITAL
    Keyword: BASIS
    atoms 1-2 entry H          line    19 file [LOCAL_PATH]


         ---------------------------------------------------------
                                   SCF
               by Justin Turney, Rob Parrish, Andy Simmonett
                          and Daniel G. A. Smith
                              UHF Reference
                        1 Threads,    476 MiB Core
         ---------------------------------------------------------

  ==> Geometry <==

    Molecular point group: c1
    Full point group: D_inf_h

    Geometry (in Angstrom), charge = 0, multiplicity = 1:

       Center              X                  Y                   Z               Mass       
    ------------   -----------------  -----------------  -----------------  -----------------
         H            0.000000000000     0.000000000000    -0.310000000000     1.007825032230
         H            0.000000000000     0.000000000000     0.310000000000     1.007825032230

  Running in c1 symmetry.

  Rotational constants: A = ************  B =     87.02779  C =     87.02779 [cm^-1]
  Rotational constants: A = ************  B = 2609027.60914  C = 2609027.60914 [MHz]
  Nuclear repulsion =    0.853511630112903

  Charge       = 0
  Multiplicity = 1
  Electrons    = 2
  Nalpha       = 1
  Nbeta        = 1

  ==> Algorithm <==

  SCF Algorithm Type is PK.
  DIIS enabled.
  MOM disabled.
  Fractional occupation disabled.
  Guess Type is CORE.
  Energy threshold   = 1.00e-12
  Density threshold  = 1.00e-12
  Integral threshold = 1.00e-12

  ==> Primary Basis <==

  Basis Set: STO-3G
    Blend: STO-3G
    Number of shells: 2
    Number of basis functions: 2
    Number of Cartesian functions: 2
    Spherical Harmonics?: true
    Max angular momentum: 0

  ==> Integral Setup <==

  Using in-core PK algorithm.
   Calculation information:
      Number of atoms:                   2
      Number of AO shells:               2
      Number of primitives:              6
      Number of atomic orbitals:         2
      Number of basis functions:         2

      Integral cutoff                 1.00e-12
      Number of threads:                 1

  Performing in-core PK
  Using 12 doubles for integral storage.
  We computed 6 shell quartets total.
  Whereas there are 6 unique shell quartets.

  ==> DiskJK: Disk-Based J/K Matrices <==

    J tasked:                  Yes
    K tasked:                  Yes
    wK tasked:                  No
    Memory [MiB]:              357
    Schwarz Cutoff:          1E-12

    OpenMP threads:              1

  Minimum eigenvalue in the overlap matrix is 2.6157097632E-01.
  Reciprocal condition number of the overlap matrix is 1.5046399523E-01.
    Using symmetric orthogonalization.

  ==> Pre-Iterations <==

  SCF Guess: Core (One-Electron) Hamiltonian.

  Mixing beta HOMO/LUMO orbitals (1,2)
   -------------------------------------------------------
    Irrep   Nso     Nmo     Nalpha   Nbeta   Ndocc  Nsocc
   -------------------------------------------------------
     A          2       2       1       1       1       0
   -------------------------------------------------------
    Total       2       2       1       1       1       0
   -------------------------------------------------------

  ==> Iterations <==

                        Total Energy        Delta E     RMS |[F,P]|

   @UHF iter   1:    -0.33738849715337   -3.37388e-01   3.38089e-01 ADIIS
   @UHF iter   2:    -0.94520707458683   -6.07819e-01   1.60417e-01 ADIIS
   @UHF iter   3:    -1.05701159121710   -1.11805e-01   8.67973e-02 ADIIS/DIIS
   @UHF iter   4:    -1.09267501598768   -3.56634e-02   4.58244e-02 ADIIS/DIIS
   @UHF iter   5:    -1.10486102363800   -1.21860e-02   1.73784e-02 ADIIS/DIIS
   @UHF iter   6:    -1.10682131343239   -1.96029e-03   3.98637e-03 ADIIS/DIIS
   @UHF iter   7:    -1.10692603388488   -1.04720e-04   7.94590e-04 ADIIS/DIIS
   @UHF iter   8:    -1.10693024386550   -4.20998e-06   1.33981e-04 ADIIS/DIIS
   @UHF iter   9:    -1.10693036606321   -1.22198e-07   1.20840e-05 DIIS
   @UHF iter  10:    -1.10693036706283   -9.99616e-10   6.11071e-07 DIIS
   @UHF iter  11:    -1.10693036706538   -2.55773e-12   2.59033e-08 DIIS
   @UHF iter  12:    -1.10693036706539   -4.88498e-15   3.78661e-10 DIIS
   @UHF iter  13:    -1.10693036706539    2.22045e-16   1.74814e-12 DIIS
   @UHF iter  14:    -1.10693036706539   -4.44089e-16   2.03816e-15 DIIS
  Energy and wave function converged.

    Wavefunction stable under totally symmetric rotations.
    Lowest totally symmetric eigenvalue: 0.582825 
    Lowest UHF->UHF stability eigenvalues: 
       A 0.582825      

    Stability analysis over.

  ==> Post-Iterations <==

   @Spin Contamination Metric:   4.440892099E-16
   @S^2 Expected:                0.000000000E+00
   @S^2 Observed:                4.440892099E-16
   @S   Expected:                0.000000000E+00
   @S   Observed:                0.000000000E+00

    Orbital Energies [Eh]
    ---------------------

    Alpha Occupied:                                                       

       1A     -0.631432  

    Alpha Virtual:                                                        

       2A      0.811280  

    Beta Occupied:                                                        

       1A     -0.631432  

    Beta Virtual:                                                         

       2A      0.811280  

    Final Occupation by Irrep:
              A 
    DOCC [     1 ]
    SOCC [     0 ]
    NA   [     1 ]
    NB   [     1 ]

  @UHF Final Energy:    -1.10693036706539

   => Energetics <=

    Nuclear Repulsion Energy =              0.8535116301129032
    One-Electron Energy =                  -2.6580199266078823
    Two-Electron Energy =                   0.6975779294295907
    Total Energy =                         -1.1069303670653883

  UHF NO Occupations:
  HONO-0 :    1  A 2.0000000
  LUNO+0 :    2  A 0.0000000


Computation Completed


Properties will be evaluated at   0.000000,   0.000000,   0.000000 [a0]

Properties computed using the SCF density matrix


 Multipole Moments:

 ------------------------------------------------------------------------------------
     Multipole            Electronic (a.u.)      Nuclear  (a.u.)        Total (a.u.)
 ------------------------------------------------------------------------------------

 L = 1.  Multiply by 2.5417464519 to convert [e a0] to [Debye]
 Dipole X            :          0.0000000            0.0000000            0.0000000
 Dipole Y            :          0.0000000            0.0000000            0.0000000
 Dipole Z            :          0.0000000            0.0000000            0.0000000
 Magnitude           :                                                    0.0000000

 ------------------------------------------------------------------------------------

*** tstop() called on [LOCAL_HOST]
Module time:
	user time   =        nan seconds =        nan minutes
	system time =        nan seconds =        nan minutes
	total time  =          0 seconds =       0.00 minutes
Total time:
	user time   =        nan seconds =        nan minutes
	system time =        nan seconds =        nan minutes
	total time  =          2 seconds =       0.03 minutes
