
Scratch directory: [LOCAL_PATH]
   => Libint2 <=

    Primary   basis highest AM E, G, H:  7, 6, -
    Auxiliary basis highest AM E, G, H:  7, 7, -
    Onebody   basis highest AM E, G, H:  -, -, -
    Solid Harmonics ordering:            Gaussian

*** tstart() called on [LOCAL_HOST]
*** at Mon Sep 28 20:11:39 2026

   => Loading Basis Set <=

    Name: STO-3G
    Role: ORBITAL
    Keyword: BASIS
    atoms 1-2 entry H          line    19 file [LOCAL_PATH]


         ---------------------------------------------------------
                                   SCF
               by Justin Turney, Rob Parrish, Andy Simmonett
                          and Daniel G. A. Smith
                              UHF Reference
                        1 Threads,    476 MiB Core
         ---------------------------------------------------------

  ==> Geometry <==

    Molecular point group: c1
    Full point group: D_inf_h

    Geometry (in Angstrom), charge = 0, multiplicity = 1:

       Center              X                  Y                   Z               Mass       
    ------------   -----------------  -----------------  -----------------  -----------------
         H            0.000000000000     0.000000000000    -0.330000000000     1.007825032230
         H            0.000000000000     0.000000000000     0.330000000000     1.007825032230

  Running in c1 symmetry.

  Rotational constants: A = ************  B =     76.79863  C =     76.79863 [cm^-1]
  Rotational constants: A = ************  B = 2302365.04351  C = 2302365.04351 [MHz]
  Nuclear repulsion =    0.801783652530303

  Charge       = 0
  Multiplicity = 1
  Electrons    = 2
  Nalpha       = 1
  Nbeta        = 1

  ==> Algorithm <==

  SCF Algorithm Type is PK.
  DIIS enabled.
  MOM disabled.
  Fractional occupation disabled.
  Guess Type is CORE.
  Energy threshold   = 1.00e-12
  Density threshold  = 1.00e-12
  Integral threshold = 1.00e-12

  ==> Primary Basis <==

  Basis Set: STO-3G
    Blend: STO-3G
    Number of shells: 2
    Number of basis functions: 2
    Number of Cartesian functions: 2
    Spherical Harmonics?: true
    Max angular momentum: 0

  ==> Integral Setup <==

  Using in-core PK algorithm.
   Calculation information:
      Number of atoms:                   2
      Number of AO shells:               2
      Number of primitives:              6
      Number of atomic orbitals:         2
      Number of basis functions:         2

      Integral cutoff                 1.00e-12
      Number of threads:                 1

  Performing in-core PK
  Using 12 doubles for integral storage.
  We computed 6 shell quartets total.
  Whereas there are 6 unique shell quartets.

  ==> DiskJK: Disk-Based J/K Matrices <==

    J tasked:                  Yes
    K tasked:                  Yes
    wK tasked:                  No
    Memory [MiB]:              357
    Schwarz Cutoff:          1E-12

    OpenMP threads:              1

  Minimum eigenvalue in the overlap matrix is 2.8768475007E-01.
  Reciprocal condition number of the overlap matrix is 1.6800922031E-01.
    Using symmetric orthogonalization.

  ==> Pre-Iterations <==

  SCF Guess: Core (One-Electron) Hamiltonian.

  Mixing beta HOMO/LUMO orbitals (1,2)
   -------------------------------------------------------
    Irrep   Nso     Nmo     Nalpha   Nbeta   Ndocc  Nsocc
   -------------------------------------------------------
     A          2       2       1       1       1       0
   -------------------------------------------------------
    Total       2       2       1       1       1       0
   -------------------------------------------------------

  ==> Iterations <==

                        Total Energy        Delta E     RMS |[F,P]|

   @UHF iter   1:    -0.40667001941472   -4.06670e-01   3.16897e-01 ADIIS
   @UHF iter   2:    -0.95656159878978   -5.49892e-01   1.52093e-01 ADIIS
   @UHF iter   3:    -1.06242796393238   -1.05866e-01   8.42774e-02 ADIIS/DIIS
   @UHF iter   4:    -1.09876256550369   -3.63346e-02   4.54306e-02 ADIIS/DIIS
   @UHF iter   5:    -1.11180432320442   -1.30418e-02   1.83688e-02 ADIIS/DIIS
   @UHF iter   6:    -1.11421798025802   -2.41366e-03   4.81441e-03 ADIIS/DIIS
   @UHF iter   7:    -1.11438694836921   -1.68968e-04   1.11564e-03 ADIIS/DIIS
   @UHF iter   8:    -1.11439615486040   -9.20649e-06   2.23144e-04 ADIIS/DIIS
   @UHF iter   9:    -1.11439653083499   -3.75975e-07   3.15917e-05 DIIS
   @UHF iter  10:    -1.11439653849371   -7.65872e-09   2.01531e-06 DIIS
   @UHF iter  11:    -1.11439653852492   -3.12121e-11   1.02968e-07 DIIS
   @UHF iter  12:    -1.11439653852500   -8.21565e-14   1.95534e-09 DIIS
   @UHF iter  13:    -1.11439653852500    0.00000e+00   1.25582e-11 DIIS
   @UHF iter  14:    -1.11439653852500    4.44089e-16   2.19790e-14 DIIS
  Energy and wave function converged.

    Wavefunction stable under totally symmetric rotations.
    Lowest totally symmetric eigenvalue: 0.519133 
    Lowest UHF->UHF stability eigenvalues: 
       A 0.519133      

    Stability analysis over.

  ==> Post-Iterations <==

   @Spin Contamination Metric:   2.220446049E-16
   @S^2 Expected:                0.000000000E+00
   @S^2 Observed:                2.220446049E-16
   @S   Expected:                0.000000000E+00
   @S   Observed:                0.000000000E+00

    Orbital Energies [Eh]
    ---------------------

    Alpha Occupied:                                                       

       1A     -0.613087  

    Alpha Virtual:                                                        

       2A      0.760773  

    Beta Occupied:                                                        

       1A     -0.613087  

    Beta Virtual:                                                         

       2A      0.760773  

    Final Occupation by Irrep:
              A 
    DOCC [     1 ]
    SOCC [     0 ]
    NA   [     1 ]
    NB   [     1 ]

  @UHF Final Energy:    -1.11439653852500

   => Energetics <=

    Nuclear Repulsion Energy =              0.8017836525303030
    One-Electron Energy =                  -2.6061863148014934
    Two-Electron Energy =                   0.6900061237461868
    Total Energy =                         -1.1143965385250036

  UHF NO Occupations:
  HONO-0 :    1  A 2.0000000
  LUNO+0 :    2  A -0.0000000


Computation Completed


Properties will be evaluated at   0.000000,   0.000000,   0.000000 [a0]

Properties computed using the SCF density matrix


 Multipole Moments:

 ------------------------------------------------------------------------------------
     Multipole            Electronic (a.u.)      Nuclear  (a.u.)        Total (a.u.)
 ------------------------------------------------------------------------------------

 L = 1.  Multiply by 2.5417464519 to convert [e a0] to [Debye]
 Dipole X            :          0.0000000            0.0000000            0.0000000
 Dipole Y            :          0.0000000            0.0000000            0.0000000
 Dipole Z            :         -0.0000000            0.0000000           -0.0000000
 Magnitude           :                                                    0.0000000

 ------------------------------------------------------------------------------------

*** tstop() called on [LOCAL_HOST]
Module time:
	user time   =        nan seconds =        nan minutes
	system time =        nan seconds =        nan minutes
	total time  =          0 seconds =       0.00 minutes
Total time:
	user time   =        nan seconds =        nan minutes
	system time =        nan seconds =        nan minutes
	total time  =          3 seconds =       0.05 minutes
