
Scratch directory: [LOCAL_PATH]
   => Libint2 <=

    Primary   basis highest AM E, G, H:  7, 6, -
    Auxiliary basis highest AM E, G, H:  7, 7, -
    Onebody   basis highest AM E, G, H:  -, -, -
    Solid Harmonics ordering:            Gaussian

*** tstart() called on [LOCAL_HOST]
*** at Mon Sep 28 20:11:44 2026

   => Loading Basis Set <=

    Name: STO-3G
    Role: ORBITAL
    Keyword: BASIS
    atoms 1-2 entry H          line    19 file [LOCAL_PATH]


         ---------------------------------------------------------
                                   SCF
               by Justin Turney, Rob Parrish, Andy Simmonett
                          and Daniel G. A. Smith
                              UHF Reference
                        1 Threads,    476 MiB Core
         ---------------------------------------------------------

  ==> Geometry <==

    Molecular point group: c1
    Full point group: D_inf_h

    Geometry (in Angstrom), charge = 0, multiplicity = 1:

       Center              X                  Y                   Z               Mass       
    ------------   -----------------  -----------------  -----------------  -----------------
         H            0.000000000000     0.000000000000    -0.470000000000     1.007825032230
         H            0.000000000000     0.000000000000     0.470000000000     1.007825032230

  Running in c1 symmetry.

  Rotational constants: A = ************  B =     37.86044  C =     37.86044 [cm^-1]
  Rotational constants: A = ************  B = 1135027.40262  C = 1135027.40262 [MHz]
  Nuclear repulsion =    0.562954479436170

  Charge       = 0
  Multiplicity = 1
  Electrons    = 2
  Nalpha       = 1
  Nbeta        = 1

  ==> Algorithm <==

  SCF Algorithm Type is PK.
  DIIS enabled.
  MOM disabled.
  Fractional occupation disabled.
  Guess Type is CORE.
  Energy threshold   = 1.00e-12
  Density threshold  = 1.00e-12
  Integral threshold = 1.00e-12

  ==> Primary Basis <==

  Basis Set: STO-3G
    Blend: STO-3G
    Number of shells: 2
    Number of basis functions: 2
    Number of Cartesian functions: 2
    Spherical Harmonics?: true
    Max angular momentum: 0

  ==> Integral Setup <==

  Using in-core PK algorithm.
   Calculation information:
      Number of atoms:                   2
      Number of AO shells:               2
      Number of primitives:              6
      Number of atomic orbitals:         2
      Number of basis functions:         2

      Integral cutoff                 1.00e-12
      Number of threads:                 1

  Performing in-core PK
  Using 12 doubles for integral storage.
  We computed 6 shell quartets total.
  Whereas there are 6 unique shell quartets.

  ==> DiskJK: Disk-Based J/K Matrices <==

    J tasked:                  Yes
    K tasked:                  Yes
    wK tasked:                  No
    Memory [MiB]:              357
    Schwarz Cutoff:          1E-12

    OpenMP threads:              1

  Minimum eigenvalue in the overlap matrix is 4.6750159948E-01.
  Reciprocal condition number of the overlap matrix is 3.0505845835E-01.
    Using symmetric orthogonalization.

  ==> Pre-Iterations <==

  SCF Guess: Core (One-Electron) Hamiltonian.

  Mixing beta HOMO/LUMO orbitals (1,2)
   -------------------------------------------------------
    Irrep   Nso     Nmo     Nalpha   Nbeta   Ndocc  Nsocc
   -------------------------------------------------------
     A          2       2       1       1       1       0
   -------------------------------------------------------
    Total       2       2       1       1       1       0
   -------------------------------------------------------

  ==> Iterations <==

                        Total Energy        Delta E     RMS |[F,P]|

   @UHF iter   1:    -0.70073423267989   -7.00734e-01   2.06510e-01 ADIIS
   @UHF iter   2:    -0.97077987469729   -2.70046e-01   1.00862e-01 ADIIS
   @UHF iter   3:    -1.03191093428201   -6.11311e-02   6.01752e-02 ADIIS/DIIS
   @UHF iter   4:    -1.06212223940197   -3.02113e-02   3.39809e-02 ADIIS/DIIS
   @UHF iter   5:    -1.07489658008462   -1.27743e-02   1.90671e-02 ADIIS/DIIS
   @UHF iter   6:    -1.07903280119555   -4.13622e-03   1.22040e-02 ADIIS/DIIS
   @UHF iter   7:    -1.08075713733000   -1.72434e-03   8.13720e-03 ADIIS/DIIS
   @UHF iter   8:    -1.08154799449321   -7.90857e-04   5.44633e-03 ADIIS/DIIS
   @UHF iter   9:    -1.08192059805456   -3.72604e-04   3.57080e-03 ADIIS/DIIS
   @UHF iter  10:    -1.08209169536968   -1.71097e-04   2.24759e-03 ADIIS/DIIS
   @UHF iter  11:    -1.08216480582685   -7.31105e-05   1.33222e-03 ADIIS/DIIS
   @UHF iter  12:    -1.08219647801226   -3.16722e-05   5.98019e-04 ADIIS/DIIS
   @UHF iter  13:    -1.08220399039048   -7.51238e-06   1.47304e-04 ADIIS/DIIS
   @UHF iter  14:    -1.08220447369045   -4.83300e-07   9.46828e-06 DIIS
   @UHF iter  15:    -1.08220447569506   -2.00461e-09   1.44892e-07 DIIS
   @UHF iter  16:    -1.08220447569553   -4.69180e-13   9.39128e-10 DIIS
   @UHF iter  17:    -1.08220447569553    0.00000e+00   2.73764e-12 DIIS
   @UHF iter  18:    -1.08220447569553    0.00000e+00   3.52564e-15 DIIS
  Energy and wave function converged.

    Wavefunction stable under totally symmetric rotations.
    Lowest totally symmetric eigenvalue: 0.178842 
    Lowest UHF->UHF stability eigenvalues: 
       A 0.178842      

    Stability analysis over.

  ==> Post-Iterations <==

   @Spin Contamination Metric:   1.554312234E-15
   @S^2 Expected:                0.000000000E+00
   @S^2 Observed:                1.554312234E-15
   @S   Expected:                0.000000000E+00
   @S   Observed:                0.000000000E+00

    Orbital Energies [Eh]
    ---------------------

    Alpha Occupied:                                                       

       1A     -0.503980  

    Alpha Virtual:                                                        

       2A      0.498703  

    Beta Occupied:                                                        

       1A     -0.503980  

    Beta Virtual:                                                         

       2A      0.498703  

    Final Occupation by Irrep:
              A 
    DOCC [     1 ]
    SOCC [     0 ]
    NA   [     1 ]
    NB   [     1 ]

  @UHF Final Energy:    -1.08220447569553

   => Energetics <=

    Nuclear Repulsion Energy =              0.5629544794361703
    One-Electron Energy =                  -2.2823585421894146
    Two-Electron Energy =                   0.6371995870577150
    Total Energy =                         -1.0822044756955294

  UHF NO Occupations:
  HONO-0 :    1  A 2.0000000
  LUNO+0 :    2  A -0.0000000


Computation Completed


Properties will be evaluated at   0.000000,   0.000000,   0.000000 [a0]

Properties computed using the SCF density matrix


 Multipole Moments:

 ------------------------------------------------------------------------------------
     Multipole            Electronic (a.u.)      Nuclear  (a.u.)        Total (a.u.)
 ------------------------------------------------------------------------------------

 L = 1.  Multiply by 2.5417464519 to convert [e a0] to [Debye]
 Dipole X            :          0.0000000            0.0000000            0.0000000
 Dipole Y            :          0.0000000            0.0000000            0.0000000
 Dipole Z            :         -0.0000000            0.0000000           -0.0000000
 Magnitude           :                                                    0.0000000

 ------------------------------------------------------------------------------------

*** tstop() called on [LOCAL_HOST]
Module time:
	user time   =        nan seconds =        nan minutes
	system time =        nan seconds =        nan minutes
	total time  =          1 seconds =       0.02 minutes
Total time:
	user time   =        nan seconds =        nan minutes
	system time =        nan seconds =        nan minutes
	total time  =          9 seconds =       0.15 minutes
