
Scratch directory: [LOCAL_PATH]
   => Libint2 <=

    Primary   basis highest AM E, G, H:  7, 6, -
    Auxiliary basis highest AM E, G, H:  7, 7, -
    Onebody   basis highest AM E, G, H:  -, -, -
    Solid Harmonics ordering:            Gaussian

*** tstart() called on [LOCAL_HOST]
*** at Mon Sep 28 20:11:43 2026

   => Loading Basis Set <=

    Name: STO-3G
    Role: ORBITAL
    Keyword: BASIS
    atoms 1-2 entry H          line    19 file [LOCAL_PATH]


         ---------------------------------------------------------
                                   SCF
               by Justin Turney, Rob Parrish, Andy Simmonett
                          and Daniel G. A. Smith
                              UHF Reference
                        1 Threads,    476 MiB Core
         ---------------------------------------------------------

  ==> Geometry <==

    Molecular point group: c1
    Full point group: D_inf_h

    Geometry (in Angstrom), charge = 0, multiplicity = 1:

       Center              X                  Y                   Z               Mass       
    ------------   -----------------  -----------------  -----------------  -----------------
         H            0.000000000000     0.000000000000    -0.410000000000     1.007825032230
         H            0.000000000000     0.000000000000     0.410000000000     1.007825032230

  Running in c1 symmetry.

  Rotational constants: A = ************  B =     49.75236  C =     49.75236 [cm^-1]
  Rotational constants: A = ************  B = 1491538.09184  C = 1491538.09184 [MHz]
  Nuclear repulsion =    0.645338061792683

  Charge       = 0
  Multiplicity = 1
  Electrons    = 2
  Nalpha       = 1
  Nbeta        = 1

  ==> Algorithm <==

  SCF Algorithm Type is PK.
  DIIS enabled.
  MOM disabled.
  Fractional occupation disabled.
  Guess Type is CORE.
  Energy threshold   = 1.00e-12
  Density threshold  = 1.00e-12
  Integral threshold = 1.00e-12

  ==> Primary Basis <==

  Basis Set: STO-3G
    Blend: STO-3G
    Number of shells: 2
    Number of basis functions: 2
    Number of Cartesian functions: 2
    Spherical Harmonics?: true
    Max angular momentum: 0

  ==> Integral Setup <==

  Using in-core PK algorithm.
   Calculation information:
      Number of atoms:                   2
      Number of AO shells:               2
      Number of primitives:              6
      Number of atomic orbitals:         2
      Number of basis functions:         2

      Integral cutoff                 1.00e-12
      Number of threads:                 1

  Performing in-core PK
  Using 12 doubles for integral storage.
  We computed 6 shell quartets total.
  Whereas there are 6 unique shell quartets.

  ==> DiskJK: Disk-Based J/K Matrices <==

    J tasked:                  Yes
    K tasked:                  Yes
    wK tasked:                  No
    Memory [MiB]:              357
    Schwarz Cutoff:          1E-12

    OpenMP threads:              1

  Minimum eigenvalue in the overlap matrix is 3.9209494185E-01.
  Reciprocal condition number of the overlap matrix is 2.4385453598E-01.
    Using symmetric orthogonalization.

  ==> Pre-Iterations <==

  SCF Guess: Core (One-Electron) Hamiltonian.

  Mixing beta HOMO/LUMO orbitals (1,2)
   -------------------------------------------------------
    Irrep   Nso     Nmo     Nalpha   Nbeta   Ndocc  Nsocc
   -------------------------------------------------------
     A          2       2       1       1       1       0
   -------------------------------------------------------
    Total       2       2       1       1       1       0
   -------------------------------------------------------

  ==> Iterations <==

                        Total Energy        Delta E     RMS |[F,P]|

   @UHF iter   1:    -0.60590606146700   -6.05906e-01   2.46910e-01 ADIIS
   @UHF iter   2:    -0.97291537106676   -3.67009e-01   1.21135e-01 ADIIS
   @UHF iter   3:    -1.05293197252107   -8.00166e-02   7.14039e-02 ADIIS/DIIS
   @UHF iter   4:    -1.08813089856507   -3.51989e-02   4.04276e-02 ADIIS/DIIS
   @UHF iter   5:    -1.10256832772011   -1.44374e-02   2.02866e-02 ADIIS/DIIS
   @UHF iter   6:    -1.10622816363886   -3.65984e-03   1.11012e-02 ADIIS/DIIS
   @UHF iter   7:    -1.10734788110124   -1.11972e-03   6.07408e-03 ADIIS/DIIS
   @UHF iter   8:    -1.10769507125208   -3.47190e-04   3.20985e-03 ADIIS/DIIS
   @UHF iter   9:    -1.10779637955400   -1.01308e-04   1.60005e-03 ADIIS/DIIS
   @UHF iter  10:    -1.10782279443877   -2.64149e-05   7.36524e-04 ADIIS/DIIS
   @UHF iter  11:    -1.10782869788802   -5.90345e-06   3.02663e-04 ADIIS/DIIS
   @UHF iter  12:    -1.10782985740716   -1.15952e-06   5.52418e-05 DIIS
   @UHF iter  13:    -1.10782989732777   -3.99206e-08   1.71033e-06 DIIS
   @UHF iter  14:    -1.10782989736606   -3.82994e-11   1.52934e-08 DIIS
   @UHF iter  15:    -1.10782989736607   -3.10862e-15   3.88702e-11 DIIS
   @UHF iter  16:    -1.10782989736607    0.00000e+00   2.99828e-14 DIIS
  Energy and wave function converged.

    Wavefunction stable under totally symmetric rotations.
    Lowest totally symmetric eigenvalue: 0.305480 
    Lowest UHF->UHF stability eigenvalues: 
       A 0.305480      

    Stability analysis over.

  ==> Post-Iterations <==

   @Spin Contamination Metric:   4.440892099E-16
   @S^2 Expected:                0.000000000E+00
   @S^2 Observed:                4.440892099E-16
   @S   Expected:                0.000000000E+00
   @S   Observed:                0.000000000E+00

    Orbital Energies [Eh]
    ---------------------

    Alpha Occupied:                                                       

       1A     -0.546814  

    Alpha Virtual:                                                        

       2A      0.594550  

    Beta Occupied:                                                        

       1A     -0.546814  

    Beta Virtual:                                                         

       2A      0.594550  

    Final Occupation by Irrep:
              A 
    DOCC [     1 ]
    SOCC [     0 ]
    NA   [     1 ]
    NB   [     1 ]

  @UHF Final Energy:    -1.10782989736607

   => Energetics <=

    Nuclear Repulsion Energy =              0.6453380617926829
    One-Electron Energy =                  -2.4127083494021444
    Two-Electron Energy =                   0.6595403902433935
    Total Energy =                         -1.1078298973660679

  UHF NO Occupations:
  HONO-0 :    1  A 2.0000000
  LUNO+0 :    2  A 0.0000000


Computation Completed


Properties will be evaluated at   0.000000,   0.000000,   0.000000 [a0]

Properties computed using the SCF density matrix


 Multipole Moments:

 ------------------------------------------------------------------------------------
     Multipole            Electronic (a.u.)      Nuclear  (a.u.)        Total (a.u.)
 ------------------------------------------------------------------------------------

 L = 1.  Multiply by 2.5417464519 to convert [e a0] to [Debye]
 Dipole X            :          0.0000000            0.0000000            0.0000000
 Dipole Y            :          0.0000000            0.0000000            0.0000000
 Dipole Z            :         -0.0000000            0.0000000           -0.0000000
 Magnitude           :                                                    0.0000000

 ------------------------------------------------------------------------------------

*** tstop() called on [LOCAL_HOST]
Module time:
	user time   =        nan seconds =        nan minutes
	system time =        nan seconds =        nan minutes
	total time  =          0 seconds =       0.00 minutes
Total time:
	user time   =        nan seconds =        nan minutes
	system time =        nan seconds =        nan minutes
	total time  =          7 seconds =       0.12 minutes
