
Scratch directory: [LOCAL_PATH]
   => Libint2 <=

    Primary   basis highest AM E, G, H:  7, 6, -
    Auxiliary basis highest AM E, G, H:  7, 7, -
    Onebody   basis highest AM E, G, H:  -, -, -
    Solid Harmonics ordering:            Gaussian

*** tstart() called on [LOCAL_HOST]
*** at Mon Sep 28 20:11:42 2026

   => Loading Basis Set <=

    Name: STO-3G
    Role: ORBITAL
    Keyword: BASIS
    atoms 1-2 entry H          line    19 file [LOCAL_PATH]


         ---------------------------------------------------------
                                   SCF
               by Justin Turney, Rob Parrish, Andy Simmonett
                          and Daniel G. A. Smith
                              UHF Reference
                        1 Threads,    476 MiB Core
         ---------------------------------------------------------

  ==> Geometry <==

    Molecular point group: c1
    Full point group: D_inf_h

    Geometry (in Angstrom), charge = 0, multiplicity = 1:

       Center              X                  Y                   Z               Mass       
    ------------   -----------------  -----------------  -----------------  -----------------
         H            0.000000000000     0.000000000000    -0.390000000000     1.007825032230
         H            0.000000000000     0.000000000000     0.390000000000     1.007825032230

  Running in c1 symmetry.

  Rotational constants: A = ************  B =     54.98600  C =     54.98600 [cm^-1]
  Rotational constants: A = ************  B = 1648438.87731  C = 1648438.87731 [MHz]
  Nuclear repulsion =    0.678432321371795

  Charge       = 0
  Multiplicity = 1
  Electrons    = 2
  Nalpha       = 1
  Nbeta        = 1

  ==> Algorithm <==

  SCF Algorithm Type is PK.
  DIIS enabled.
  MOM disabled.
  Fractional occupation disabled.
  Guess Type is CORE.
  Energy threshold   = 1.00e-12
  Density threshold  = 1.00e-12
  Integral threshold = 1.00e-12

  ==> Primary Basis <==

  Basis Set: STO-3G
    Blend: STO-3G
    Number of shells: 2
    Number of basis functions: 2
    Number of Cartesian functions: 2
    Spherical Harmonics?: true
    Max angular momentum: 0

  ==> Integral Setup <==

  Using in-core PK algorithm.
   Calculation information:
      Number of atoms:                   2
      Number of AO shells:               2
      Number of primitives:              6
      Number of atomic orbitals:         2
      Number of basis functions:         2

      Integral cutoff                 1.00e-12
      Number of threads:                 1

  Performing in-core PK
  Using 12 doubles for integral storage.
  We computed 6 shell quartets total.
  Whereas there are 6 unique shell quartets.

  ==> DiskJK: Disk-Based J/K Matrices <==

    J tasked:                  Yes
    K tasked:                  Yes
    wK tasked:                  No
    Memory [MiB]:              357
    Schwarz Cutoff:          1E-12

    OpenMP threads:              1

  Minimum eigenvalue in the overlap matrix is 3.6622227136E-01.
  Reciprocal condition number of the overlap matrix is 2.2415672888E-01.
    Using symmetric orthogonalization.

  ==> Pre-Iterations <==

  SCF Guess: Core (One-Electron) Hamiltonian.

  Mixing beta HOMO/LUMO orbitals (1,2)
   -------------------------------------------------------
    Irrep   Nso     Nmo     Nalpha   Nbeta   Ndocc  Nsocc
   -------------------------------------------------------
     A          2       2       1       1       1       0
   -------------------------------------------------------
    Total       2       2       1       1       1       0
   -------------------------------------------------------

  ==> Iterations <==

                        Total Energy        Delta E     RMS |[F,P]|

   @UHF iter   1:    -0.56553041406331   -5.65530e-01   2.62440e-01 ADIIS
   @UHF iter   2:    -0.97174128268346   -4.06211e-01   1.28471e-01 ADIIS
   @UHF iter   3:    -1.05831852187789   -8.65772e-02   7.49429e-02 ADIIS/DIIS
   @UHF iter   4:    -1.09441381495898   -3.60953e-02   4.21266e-02 ADIIS/DIIS
   @UHF iter   5:    -1.10885975173335   -1.44459e-02   2.01470e-02 ADIIS/DIIS
   @UHF iter   6:    -1.11273740500714   -3.87765e-03   7.58877e-03 ADIIS/DIIS
   @UHF iter   7:    -1.11330567344467   -5.68268e-04   2.69452e-03 ADIIS/DIIS
   @UHF iter   8:    -1.11337944366738   -7.37702e-05   8.60525e-04 ADIIS/DIIS
   @UHF iter   9:    -1.11338717915405   -7.73549e-06   2.38772e-04 ADIIS/DIIS
   @UHF iter  10:    -1.11338779630478   -6.17151e-07   4.98350e-05 DIIS
   @UHF iter  11:    -1.11338782411075   -2.78060e-08   5.16929e-06 DIIS
   @UHF iter  12:    -1.11338782441261   -3.01867e-10   2.23698e-07 DIIS
   @UHF iter  13:    -1.11338782441318   -5.66214e-13   3.84302e-09 DIIS
   @UHF iter  14:    -1.11338782441318   -2.22045e-16   2.16267e-11 DIIS
   @UHF iter  15:    -1.11338782441318    0.00000e+00   2.74025e-14 DIIS
  Energy and wave function converged.

    Wavefunction stable under totally symmetric rotations.
    Lowest totally symmetric eigenvalue: 0.353421 
    Lowest UHF->UHF stability eigenvalues: 
       A 0.353421      

    Stability analysis over.

  ==> Post-Iterations <==

   @Spin Contamination Metric:   4.440892099E-16
   @S^2 Expected:                0.000000000E+00
   @S^2 Observed:                4.440892099E-16
   @S   Expected:                0.000000000E+00
   @S   Observed:                0.000000000E+00

    Orbital Energies [Eh]
    ---------------------

    Alpha Occupied:                                                       

       1A     -0.562344  

    Alpha Virtual:                                                        

       2A      0.631380  

    Beta Occupied:                                                        

       1A     -0.562344  

    Beta Virtual:                                                         

       2A      0.631380  

    Final Occupation by Irrep:
              A 
    DOCC [     1 ]
    SOCC [     0 ]
    NA   [     1 ]
    NB   [     1 ]

  @UHF Final Energy:    -1.11338782441318

   => Energetics <=

    Nuclear Repulsion Energy =              0.6784323213717949
    One-Electron Energy =                  -2.4589514661189646
    Two-Electron Energy =                   0.6671313203339910
    Total Energy =                         -1.1133878244131787

  UHF NO Occupations:
  HONO-0 :    1  A 2.0000000
  LUNO+0 :    2  A 0.0000000


Computation Completed


Properties will be evaluated at   0.000000,   0.000000,   0.000000 [a0]

Properties computed using the SCF density matrix


 Multipole Moments:

 ------------------------------------------------------------------------------------
     Multipole            Electronic (a.u.)      Nuclear  (a.u.)        Total (a.u.)
 ------------------------------------------------------------------------------------

 L = 1.  Multiply by 2.5417464519 to convert [e a0] to [Debye]
 Dipole X            :          0.0000000            0.0000000            0.0000000
 Dipole Y            :          0.0000000            0.0000000            0.0000000
 Dipole Z            :         -0.0000000            0.0000000           -0.0000000
 Magnitude           :                                                    0.0000000

 ------------------------------------------------------------------------------------

*** tstop() called on [LOCAL_HOST]
Module time:
	user time   =        nan seconds =        nan minutes
	system time =        nan seconds =        nan minutes
	total time  =          0 seconds =       0.00 minutes
Total time:
	user time   =        nan seconds =        nan minutes
	system time =        nan seconds =        nan minutes
	total time  =          6 seconds =       0.10 minutes
