
Scratch directory: [LOCAL_PATH]
   => Libint2 <=

    Primary   basis highest AM E, G, H:  7, 6, -
    Auxiliary basis highest AM E, G, H:  7, 7, -
    Onebody   basis highest AM E, G, H:  -, -, -
    Solid Harmonics ordering:            Gaussian

*** tstart() called on [LOCAL_HOST]
*** at Mon Sep 28 20:11:48 2026

   => Loading Basis Set <=

    Name: STO-3G
    Role: ORBITAL
    Keyword: BASIS
    atoms 1-2 entry H          line    19 file [LOCAL_PATH]


         ---------------------------------------------------------
                                   SCF
               by Justin Turney, Rob Parrish, Andy Simmonett
                          and Daniel G. A. Smith
                              UHF Reference
                        1 Threads,    476 MiB Core
         ---------------------------------------------------------

  ==> Geometry <==

    Molecular point group: c1
    Full point group: D_inf_h

    Geometry (in Angstrom), charge = 0, multiplicity = 1:

       Center              X                  Y                   Z               Mass       
    ------------   -----------------  -----------------  -----------------  -----------------
         H            0.000000000000     0.000000000000    -0.650000000000     1.007825032230
         H            0.000000000000     0.000000000000     0.650000000000     1.007825032230

  Running in c1 symmetry.

  Rotational constants: A = ************  B =     19.79496  C =     19.79496 [cm^-1]
  Rotational constants: A = ************  B = 593437.99583  C = 593437.99583 [MHz]
  Nuclear repulsion =    0.407059392823077

  Charge       = 0
  Multiplicity = 1
  Electrons    = 2
  Nalpha       = 1
  Nbeta        = 1

  ==> Algorithm <==

  SCF Algorithm Type is PK.
  DIIS enabled.
  MOM disabled.
  Fractional occupation disabled.
  Guess Type is CORE.
  Energy threshold   = 1.00e-12
  Density threshold  = 1.00e-12
  Integral threshold = 1.00e-12

  ==> Primary Basis <==

  Basis Set: STO-3G
    Blend: STO-3G
    Number of shells: 2
    Number of basis functions: 2
    Number of Cartesian functions: 2
    Spherical Harmonics?: true
    Max angular momentum: 0

  ==> Integral Setup <==

  Using in-core PK algorithm.
   Calculation information:
      Number of atoms:                   2
      Number of AO shells:               2
      Number of primitives:              6
      Number of atomic orbitals:         2
      Number of basis functions:         2

      Integral cutoff                 1.00e-12
      Number of threads:                 1

  Performing in-core PK
  Using 12 doubles for integral storage.
  We computed 6 shell quartets total.
  Whereas there are 6 unique shell quartets.

  ==> DiskJK: Disk-Based J/K Matrices <==

    J tasked:                  Yes
    K tasked:                  Yes
    wK tasked:                  No
    Memory [MiB]:              357
    Schwarz Cutoff:          1E-12

    OpenMP threads:              1

  Minimum eigenvalue in the overlap matrix is 6.6093428782E-01.
  Reciprocal condition number of the overlap matrix is 4.9357868088E-01.
    Using symmetric orthogonalization.

  ==> Pre-Iterations <==

  SCF Guess: Core (One-Electron) Hamiltonian.

  Mixing beta HOMO/LUMO orbitals (1,2)
   -------------------------------------------------------
    Irrep   Nso     Nmo     Nalpha   Nbeta   Ndocc  Nsocc
   -------------------------------------------------------
     A          2       2       1       1       1       0
   -------------------------------------------------------
    Total       2       2       1       1       1       0
   -------------------------------------------------------

  ==> Iterations <==

                        Total Energy        Delta E     RMS |[F,P]|

   @UHF iter   1:    -0.84927465526500   -8.49275e-01   1.22406e-01 ADIIS
   @UHF iter   2:    -0.95184401563173   -1.02569e-01   5.48782e-02 ADIIS/DIIS
   @UHF iter   3:    -0.97736876016803   -2.55247e-02   2.16574e-02 ADIIS/DIIS
   @UHF iter   4:    -0.98277047340694   -5.40171e-03   8.40546e-03 ADIIS/DIIS
   @UHF iter   5:    -0.98378985510568   -1.01938e-03   3.42557e-03 ADIIS/DIIS
   @UHF iter   6:    -0.98397932276715   -1.89468e-04   1.49594e-03 ADIIS/DIIS
   @UHF iter   7:    -0.98401810968637   -3.87869e-05   6.53559e-04 ADIIS/DIIS
   @UHF iter   8:    -0.98402596915639   -7.85947e-06   2.69910e-04 ADIIS/DIIS
   @UHF iter   9:    -0.98402739116157   -1.42201e-06   9.90664e-05 DIIS
   @UHF iter  10:    -0.98402759522358   -2.04062e-07   2.89104e-05 DIIS
   @UHF iter  11:    -0.98402761315762   -1.79340e-08   7.00769e-06 DIIS
   @UHF iter  12:    -0.98402761425417   -1.09654e-09   1.02504e-06 DIIS
   @UHF iter  13:    -0.98402761427801   -2.38453e-11   7.69508e-08 DIIS
   @UHF iter  14:    -0.98402761427815   -1.35225e-13   2.68721e-09 DIIS
   @UHF iter  15:    -0.98402761427815    3.33067e-16   4.23016e-11 DIIS
   @UHF iter  16:    -0.98402761427815    2.22045e-16   2.95990e-13 DIIS
  Energy and wave function converged.

    Wavefunction stable under totally symmetric rotations.
    Lowest totally symmetric eigenvalue: 0.175254 
    Lowest UHF->UHF stability eigenvalues: 
       A 0.175254      

    Stability analysis over.

  ==> Post-Iterations <==

   @Spin Contamination Metric:   3.940412206E-01
   @S^2 Expected:                0.000000000E+00
   @S^2 Observed:                3.940412206E-01
   @S   Expected:                0.000000000E+00
   @S   Observed:                0.000000000E+00

    Orbital Energies [Eh]
    ---------------------

    Alpha Occupied:                                                       

       1A     -0.448531  

    Alpha Virtual:                                                        

       2A      0.349473  

    Beta Occupied:                                                        

       1A     -0.448531  

    Beta Virtual:                                                         

       2A      0.349473  

    Final Occupation by Irrep:
              A 
    DOCC [     1 ]
    SOCC [     0 ]
    NA   [     1 ]
    NB   [     1 ]

  @UHF Final Energy:    -0.98402761427815

   => Energetics <=

    Nuclear Repulsion Energy =              0.4070593928230769
    One-Electron Energy =                  -1.8851126114821271
    Two-Electron Energy =                   0.4940256043809035
    Total Energy =                         -0.9840276142781466

  UHF NO Occupations:
  HONO-0 :    1  A 1.7784335
  LUNO+0 :    2  A 0.2215665


Computation Completed


Properties will be evaluated at   0.000000,   0.000000,   0.000000 [a0]

Properties computed using the SCF density matrix


 Multipole Moments:

 ------------------------------------------------------------------------------------
     Multipole            Electronic (a.u.)      Nuclear  (a.u.)        Total (a.u.)
 ------------------------------------------------------------------------------------

 L = 1.  Multiply by 2.5417464519 to convert [e a0] to [Debye]
 Dipole X            :          0.0000000            0.0000000            0.0000000
 Dipole Y            :          0.0000000            0.0000000            0.0000000
 Dipole Z            :          0.0000000            0.0000000            0.0000000
 Magnitude           :                                                    0.0000000

 ------------------------------------------------------------------------------------

*** tstop() called on [LOCAL_HOST]
Module time:
	user time   =        nan seconds =        nan minutes
	system time =        nan seconds =        nan minutes
	total time  =          0 seconds =       0.00 minutes
Total time:
	user time   =        nan seconds =        nan minutes
	system time =        nan seconds =        nan minutes
	total time  =         12 seconds =       0.20 minutes
