
Scratch directory: [LOCAL_PATH]
   => Libint2 <=

    Primary   basis highest AM E, G, H:  7, 6, -
    Auxiliary basis highest AM E, G, H:  7, 7, -
    Onebody   basis highest AM E, G, H:  -, -, -
    Solid Harmonics ordering:            Gaussian

*** tstart() called on [LOCAL_HOST]
*** at Mon Sep 28 20:11:45 2026

   => Loading Basis Set <=

    Name: STO-3G
    Role: ORBITAL
    Keyword: BASIS
    atoms 1-2 entry H          line    19 file [LOCAL_PATH]


         ---------------------------------------------------------
                                   SCF
               by Justin Turney, Rob Parrish, Andy Simmonett
                          and Daniel G. A. Smith
                              UHF Reference
                        1 Threads,    476 MiB Core
         ---------------------------------------------------------

  ==> Geometry <==

    Molecular point group: c1
    Full point group: D_inf_h

    Geometry (in Angstrom), charge = 0, multiplicity = 1:

       Center              X                  Y                   Z               Mass       
    ------------   -----------------  -----------------  -----------------  -----------------
         H            0.000000000000     0.000000000000    -0.550000000000     1.007825032230
         H            0.000000000000     0.000000000000     0.550000000000     1.007825032230

  Running in c1 symmetry.

  Rotational constants: A = ************  B =     27.64751  C =     27.64751 [cm^-1]
  Rotational constants: A = ************  B = 828851.41566  C = 828851.41566 [MHz]
  Nuclear repulsion =    0.481070191518182

  Charge       = 0
  Multiplicity = 1
  Electrons    = 2
  Nalpha       = 1
  Nbeta        = 1

  ==> Algorithm <==

  SCF Algorithm Type is PK.
  DIIS enabled.
  MOM disabled.
  Fractional occupation disabled.
  Guess Type is CORE.
  Energy threshold   = 1.00e-12
  Density threshold  = 1.00e-12
  Integral threshold = 1.00e-12

  ==> Primary Basis <==

  Basis Set: STO-3G
    Blend: STO-3G
    Number of shells: 2
    Number of basis functions: 2
    Number of Cartesian functions: 2
    Spherical Harmonics?: true
    Max angular momentum: 0

  ==> Integral Setup <==

  Using in-core PK algorithm.
   Calculation information:
      Number of atoms:                   2
      Number of AO shells:               2
      Number of primitives:              6
      Number of atomic orbitals:         2
      Number of basis functions:         2

      Integral cutoff                 1.00e-12
      Number of threads:                 1

  Performing in-core PK
  Using 12 doubles for integral storage.
  We computed 6 shell quartets total.
  Whereas there are 6 unique shell quartets.

  ==> DiskJK: Disk-Based J/K Matrices <==

    J tasked:                  Yes
    K tasked:                  Yes
    wK tasked:                  No
    Memory [MiB]:              357
    Schwarz Cutoff:          1E-12

    OpenMP threads:              1

  Minimum eigenvalue in the overlap matrix is 5.6041359089E-01.
  Reciprocal condition number of the overlap matrix is 3.8928791447E-01.
    Using symmetric orthogonalization.

  ==> Pre-Iterations <==

  SCF Guess: Core (One-Electron) Hamiltonian.

  Mixing beta HOMO/LUMO orbitals (1,2)
   -------------------------------------------------------
    Irrep   Nso     Nmo     Nalpha   Nbeta   Ndocc  Nsocc
   -------------------------------------------------------
     A          2       2       1       1       1       0
   -------------------------------------------------------
    Total       2       2       1       1       1       0
   -------------------------------------------------------

  ==> Iterations <==

                        Total Energy        Delta E     RMS |[F,P]|

   @UHF iter   1:    -0.78496452263930   -7.84965e-01   1.63622e-01 ADIIS
   @UHF iter   2:    -0.96250298852313   -1.77538e-01   7.77826e-02 ADIIS/DIIS
   @UHF iter   3:    -1.00756557916301   -4.50626e-02   4.00524e-02 ADIIS/DIIS
   @UHF iter   4:    -1.02446198356141   -1.68964e-02   2.09831e-02 ADIIS/DIIS
   @UHF iter   5:    -1.03071348375748   -6.25150e-03   1.22371e-02 ADIIS/DIIS
   @UHF iter   6:    -1.03301616474354   -2.30268e-03   8.51533e-03 ADIIS/DIIS
   @UHF iter   7:    -1.03415901324618   -1.14285e-03   6.48035e-03 ADIIS/DIIS
   @UHF iter   8:    -1.03482642256094   -6.67409e-04   5.19542e-03 ADIIS/DIIS
   @UHF iter   9:    -1.03525955226596   -4.33130e-04   4.30067e-03 ADIIS/DIIS
   @UHF iter  10:    -1.03556136408411   -3.01812e-04   3.63310e-03 ADIIS/DIIS
   @UHF iter  11:    -1.03578245473215   -2.21091e-04   3.10887e-03 ADIIS/DIIS
   @UHF iter  12:    -1.03603850549885   -2.56051e-04   2.44075e-03 ADIIS/DIIS
   @UHF iter  13:    -1.03627535207674   -2.36847e-04   1.70768e-03 ADIIS/DIIS
   @UHF iter  14:    -1.03644277903351   -1.67427e-04   1.00215e-03 ADIIS/DIIS
   @UHF iter  15:    -1.03651809213508   -7.53131e-05   4.59696e-04 ADIIS/DIIS
   @UHF iter  16:    -1.03653653358496   -1.84414e-05   1.53762e-04 ADIIS/DIIS
   @UHF iter  17:    -1.03653875633210   -2.22275e-06   3.45833e-05 DIIS
   @UHF iter  18:    -1.03653887225681   -1.15925e-07   5.13406e-06 DIIS
   @UHF iter  19:    -1.03653887484396   -2.58715e-09   5.06105e-07 DIIS
   @UHF iter  20:    -1.03653887486924   -2.52807e-11   3.28022e-08 DIIS
   @UHF iter  21:    -1.03653887486935   -1.06359e-13   1.33237e-09 DIIS
   @UHF iter  22:    -1.03653887486935   -6.66134e-16   2.98265e-11 DIIS
   @UHF iter  23:    -1.03653887486935    0.00000e+00   2.98915e-13 DIIS
  Energy and wave function converged.

    Wavefunction stable under totally symmetric rotations.
    Lowest totally symmetric eigenvalue: 0.040357 
    Lowest UHF->UHF stability eigenvalues: 
       A 0.040357      

    Stability analysis over.

  ==> Post-Iterations <==

   @Spin Contamination Metric:   8.881784197E-16
   @S^2 Expected:                0.000000000E+00
   @S^2 Observed:                8.881784197E-16
   @S   Expected:                0.000000000E+00
   @S   Observed:                0.000000000E+00

    Orbital Energies [Eh]
    ---------------------

    Alpha Occupied:                                                       

       1A     -0.454219  

    Alpha Virtual:                                                        

       2A      0.396696  

    Beta Occupied:                                                        

       1A     -0.454219  

    Beta Virtual:                                                         

       2A      0.396696  

    Final Occupation by Irrep:
              A 
    DOCC [     1 ]
    SOCC [     0 ]
    NA   [     1 ]
    NB   [     1 ]

  @UHF Final Energy:    -1.03653887486935

   => Energetics <=

    Nuclear Repulsion Energy =              0.4810701915181818
    One-Electron Energy =                  -2.1267807448380309
    Two-Electron Energy =                   0.6091716784504992
    Total Energy =                         -1.0365388748693500

  UHF NO Occupations:
  HONO-0 :    1  A 2.0000000
  LUNO+0 :    2  A 0.0000000


Computation Completed


Properties will be evaluated at   0.000000,   0.000000,   0.000000 [a0]

Properties computed using the SCF density matrix


 Multipole Moments:

 ------------------------------------------------------------------------------------
     Multipole            Electronic (a.u.)      Nuclear  (a.u.)        Total (a.u.)
 ------------------------------------------------------------------------------------

 L = 1.  Multiply by 2.5417464519 to convert [e a0] to [Debye]
 Dipole X            :          0.0000000            0.0000000            0.0000000
 Dipole Y            :          0.0000000            0.0000000            0.0000000
 Dipole Z            :          0.0000000            0.0000000            0.0000000
 Magnitude           :                                                    0.0000000

 ------------------------------------------------------------------------------------

*** tstop() called on [LOCAL_HOST]
Module time:
	user time   =        nan seconds =        nan minutes
	system time =        nan seconds =        nan minutes
	total time  =          1 seconds =       0.02 minutes
Total time:
	user time   =        nan seconds =        nan minutes
	system time =        nan seconds =        nan minutes
	total time  =         10 seconds =       0.17 minutes
