
Scratch directory: [LOCAL_PATH]
   => Libint2 <=

    Primary   basis highest AM E, G, H:  7, 6, -
    Auxiliary basis highest AM E, G, H:  7, 7, -
    Onebody   basis highest AM E, G, H:  -, -, -
    Solid Harmonics ordering:            Gaussian

*** tstart() called on [LOCAL_HOST]
*** at Mon Sep 28 20:11:47 2026

   => Loading Basis Set <=

    Name: STO-3G
    Role: ORBITAL
    Keyword: BASIS
    atoms 1-2 entry H          line    19 file [LOCAL_PATH]


         ---------------------------------------------------------
                                   SCF
               by Justin Turney, Rob Parrish, Andy Simmonett
                          and Daniel G. A. Smith
                              UHF Reference
                        1 Threads,    476 MiB Core
         ---------------------------------------------------------

  ==> Geometry <==

    Molecular point group: c1
    Full point group: D_inf_h

    Geometry (in Angstrom), charge = 0, multiplicity = 1:

       Center              X                  Y                   Z               Mass       
    ------------   -----------------  -----------------  -----------------  -----------------
         H            0.000000000000     0.000000000000    -0.630000000000     1.007825032230
         H            0.000000000000     0.000000000000     0.630000000000     1.007825032230

  Running in c1 symmetry.

  Rotational constants: A = ************  B =     21.07173  C =     21.07173 [cm^-1]
  Rotational constants: A = ************  B = 631714.67180  C = 631714.67180 [MHz]
  Nuclear repulsion =    0.419981913230159

  Charge       = 0
  Multiplicity = 1
  Electrons    = 2
  Nalpha       = 1
  Nbeta        = 1

  ==> Algorithm <==

  SCF Algorithm Type is PK.
  DIIS enabled.
  MOM disabled.
  Fractional occupation disabled.
  Guess Type is CORE.
  Energy threshold   = 1.00e-12
  Density threshold  = 1.00e-12
  Integral threshold = 1.00e-12

  ==> Primary Basis <==

  Basis Set: STO-3G
    Blend: STO-3G
    Number of shells: 2
    Number of basis functions: 2
    Number of Cartesian functions: 2
    Spherical Harmonics?: true
    Max angular momentum: 0

  ==> Integral Setup <==

  Using in-core PK algorithm.
   Calculation information:
      Number of atoms:                   2
      Number of AO shells:               2
      Number of primitives:              6
      Number of atomic orbitals:         2
      Number of basis functions:         2

      Integral cutoff                 1.00e-12
      Number of threads:                 1

  Performing in-core PK
  Using 12 doubles for integral storage.
  We computed 6 shell quartets total.
  Whereas there are 6 unique shell quartets.

  ==> DiskJK: Disk-Based J/K Matrices <==

    J tasked:                  Yes
    K tasked:                  Yes
    wK tasked:                  No
    Memory [MiB]:              357
    Schwarz Cutoff:          1E-12

    OpenMP threads:              1

  Minimum eigenvalue in the overlap matrix is 6.4230314403E-01.
  Reciprocal condition number of the overlap matrix is 4.7308288386E-01.
    Using symmetric orthogonalization.

  ==> Pre-Iterations <==

  SCF Guess: Core (One-Electron) Hamiltonian.

  Mixing beta HOMO/LUMO orbitals (1,2)
   -------------------------------------------------------
    Irrep   Nso     Nmo     Nalpha   Nbeta   Ndocc  Nsocc
   -------------------------------------------------------
     A          2       2       1       1       1       0
   -------------------------------------------------------
    Total       2       2       1       1       1       0
   -------------------------------------------------------

  ==> Iterations <==

                        Total Energy        Delta E     RMS |[F,P]|

   @UHF iter   1:    -0.83905902168802   -8.39059e-01   1.29744e-01 ADIIS
   @UHF iter   2:    -0.95378449537116   -1.14725e-01   5.89560e-02 ADIIS/DIIS
   @UHF iter   3:    -0.98279766741006   -2.90132e-02   2.47503e-02 ADIIS/DIIS
   @UHF iter   4:    -0.98985292085392   -7.05525e-03   1.04478e-02 ADIIS/DIIS
   @UHF iter   5:    -0.99146698864079   -1.61407e-03   4.78779e-03 ADIIS/DIIS
   @UHF iter   6:    -0.99184614549138   -3.79157e-04   2.49169e-03 ADIIS/DIIS
   @UHF iter   7:    -0.99195677383357   -1.10628e-04   1.35805e-03 ADIIS/DIIS
   @UHF iter   8:    -0.99199191509498   -3.51413e-05   7.40238e-04 ADIIS/DIIS
   @UHF iter   9:    -0.99200311108833   -1.11960e-05   3.89292e-04 ADIIS/DIIS
   @UHF iter  10:    -0.99200644750492   -3.33642e-06   1.90568e-04 ADIIS/DIIS
   @UHF iter  11:    -0.99200731377437   -8.66269e-07   8.26163e-05 DIIS
   @UHF iter  12:    -0.99200750014693   -1.86373e-07   2.30463e-05 DIIS
   @UHF iter  13:    -0.99200751553485   -1.53879e-08   3.67890e-06 DIIS
   @UHF iter  14:    -0.99200751593505   -4.00200e-10   2.99835e-07 DIIS
   @UHF iter  15:    -0.99200751593772   -2.67175e-12   1.26765e-08 DIIS
   @UHF iter  16:    -0.99200751593773   -4.77396e-15   2.91516e-10 DIIS
   @UHF iter  17:    -0.99200751593773    0.00000e+00   3.64103e-12 DIIS
   @UHF iter  18:    -0.99200751593773    0.00000e+00   2.37489e-14 DIIS
  Energy and wave function converged.

    Wavefunction stable under totally symmetric rotations.
    Lowest totally symmetric eigenvalue: 0.134345 
    Lowest UHF->UHF stability eigenvalues: 
       A 0.134345      

    Stability analysis over.

  ==> Post-Iterations <==

   @Spin Contamination Metric:   3.051621405E-01
   @S^2 Expected:                0.000000000E+00
   @S^2 Observed:                3.051621405E-01
   @S   Expected:                0.000000000E+00
   @S   Observed:                0.000000000E+00

    Orbital Energies [Eh]
    ---------------------

    Alpha Occupied:                                                       

       1A     -0.446305  

    Alpha Virtual:                                                        

       2A      0.353881  

    Beta Occupied:                                                        

       1A     -0.446305  

    Beta Virtual:                                                         

       2A      0.353881  

    Final Occupation by Irrep:
              A 
    DOCC [     1 ]
    SOCC [     0 ]
    NA   [     1 ]
    NB   [     1 ]

  @UHF Final Energy:    -0.99200751593773

   => Energetics <=

    Nuclear Repulsion Energy =              0.4199819132301587
    One-Electron Energy =                  -1.9313681231238080
    Two-Electron Energy =                   0.5193786939559213
    Total Energy =                         -0.9920075159377280

  UHF NO Occupations:
  HONO-0 :    1  A 1.8335693
  LUNO+0 :    2  A 0.1664307


Computation Completed


Properties will be evaluated at   0.000000,   0.000000,   0.000000 [a0]

Properties computed using the SCF density matrix


 Multipole Moments:

 ------------------------------------------------------------------------------------
     Multipole            Electronic (a.u.)      Nuclear  (a.u.)        Total (a.u.)
 ------------------------------------------------------------------------------------

 L = 1.  Multiply by 2.5417464519 to convert [e a0] to [Debye]
 Dipole X            :          0.0000000            0.0000000            0.0000000
 Dipole Y            :          0.0000000            0.0000000            0.0000000
 Dipole Z            :         -0.0000000            0.0000000           -0.0000000
 Magnitude           :                                                    0.0000000

 ------------------------------------------------------------------------------------

*** tstop() called on [LOCAL_HOST]
Module time:
	user time   =        nan seconds =        nan minutes
	system time =        nan seconds =        nan minutes
	total time  =          0 seconds =       0.00 minutes
Total time:
	user time   =        nan seconds =        nan minutes
	system time =        nan seconds =        nan minutes
	total time  =         11 seconds =       0.18 minutes
