
Scratch directory: [LOCAL_PATH]
   => Libint2 <=

    Primary   basis highest AM E, G, H:  7, 6, -
    Auxiliary basis highest AM E, G, H:  7, 7, -
    Onebody   basis highest AM E, G, H:  -, -, -
    Solid Harmonics ordering:            Gaussian

*** tstart() called on [LOCAL_HOST]
*** at Mon Sep 28 20:11:52 2026

   => Loading Basis Set <=

    Name: STO-3G
    Role: ORBITAL
    Keyword: BASIS
    atoms 1-2 entry H          line    19 file [LOCAL_PATH]


         ---------------------------------------------------------
                                   SCF
               by Justin Turney, Rob Parrish, Andy Simmonett
                          and Daniel G. A. Smith
                              UHF Reference
                        1 Threads,    476 MiB Core
         ---------------------------------------------------------

  ==> Geometry <==

    Molecular point group: c1
    Full point group: D_inf_h

    Geometry (in Angstrom), charge = 0, multiplicity = 1:

       Center              X                  Y                   Z               Mass       
    ------------   -----------------  -----------------  -----------------  -----------------
         H            0.000000000000     0.000000000000    -0.900000000000     1.007825032230
         H            0.000000000000     0.000000000000     0.900000000000     1.007825032230

  Running in c1 symmetry.

  Rotational constants: A = ************  B =     10.32515  C =     10.32515 [cm^-1]
  Rotational constants: A = ************  B = 309540.18918  C = 309540.18918 [MHz]
  Nuclear repulsion =    0.293987339261111

  Charge       = 0
  Multiplicity = 1
  Electrons    = 2
  Nalpha       = 1
  Nbeta        = 1

  ==> Algorithm <==

  SCF Algorithm Type is PK.
  DIIS enabled.
  MOM disabled.
  Fractional occupation disabled.
  Guess Type is CORE.
  Energy threshold   = 1.00e-12
  Density threshold  = 1.00e-12
  Integral threshold = 1.00e-12

  ==> Primary Basis <==

  Basis Set: STO-3G
    Blend: STO-3G
    Number of shells: 2
    Number of basis functions: 2
    Number of Cartesian functions: 2
    Spherical Harmonics?: true
    Max angular momentum: 0

  ==> Integral Setup <==

  Using in-core PK algorithm.
   Calculation information:
      Number of atoms:                   2
      Number of AO shells:               2
      Number of primitives:              6
      Number of atomic orbitals:         2
      Number of basis functions:         2

      Integral cutoff                 1.00e-12
      Number of threads:                 1

  Performing in-core PK
  Using 12 doubles for integral storage.
  We computed 6 shell quartets total.
  Whereas there are 6 unique shell quartets.

  ==> DiskJK: Disk-Based J/K Matrices <==

    J tasked:                  Yes
    K tasked:                  Yes
    wK tasked:                  No
    Memory [MiB]:              357
    Schwarz Cutoff:          1E-12

    OpenMP threads:              1

  Minimum eigenvalue in the overlap matrix is 8.3590842489E-01.
  Reciprocal condition number of the overlap matrix is 7.1807789247E-01.
    Using symmetric orthogonalization.

  ==> Pre-Iterations <==

  SCF Guess: Core (One-Electron) Hamiltonian.

  Mixing beta HOMO/LUMO orbitals (1,2)
   -------------------------------------------------------
    Irrep   Nso     Nmo     Nalpha   Nbeta   Ndocc  Nsocc
   -------------------------------------------------------
     A          2       2       1       1       1       0
   -------------------------------------------------------
    Total       2       2       1       1       1       0
   -------------------------------------------------------

  ==> Iterations <==

                        Total Energy        Delta E     RMS |[F,P]|

   @UHF iter   1:    -0.91431023240193   -9.14310e-01   5.82725e-02 ADIIS/DIIS
   @UHF iter   2:    -0.93766804169462   -2.33578e-02   2.12728e-02 ADIIS/DIIS
   @UHF iter   3:    -0.94137517689370   -3.70714e-03   2.81100e-03 ADIIS/DIIS
   @UHF iter   4:    -0.94144482595936   -6.96491e-05   1.91747e-04 ADIIS/DIIS
   @UHF iter   5:    -0.94144515451081   -3.28551e-07   8.83979e-06 DIIS
   @UHF iter   6:    -0.94144515521044   -6.99629e-10   2.80711e-07 DIIS
   @UHF iter   7:    -0.94144515521115   -7.06102e-13   6.96613e-09 DIIS
   @UHF iter   8:    -0.94144515521115   -4.44089e-16   1.42373e-10 DIIS
   @UHF iter   9:    -0.94144515521115   -4.44089e-16   2.47684e-12 DIIS
   @UHF iter  10:    -0.94144515521115    4.44089e-16   3.75783e-14 DIIS
  Energy and wave function converged.

    Wavefunction stable under totally symmetric rotations.
    Lowest totally symmetric eigenvalue: 0.446293 
    Lowest UHF->UHF stability eigenvalues: 
       A 0.446293      

    Stability analysis over.

  ==> Post-Iterations <==

   @Spin Contamination Metric:   8.915824596E-01
   @S^2 Expected:                0.000000000E+00
   @S^2 Observed:                8.915824596E-01
   @S   Expected:                0.000000000E+00
   @S   Observed:                0.000000000E+00

    Orbital Energies [Eh]
    ---------------------

    Alpha Occupied:                                                       

       1A     -0.462716  

    Alpha Virtual:                                                        

       2A      0.318551  

    Beta Occupied:                                                        

       1A     -0.462716  

    Beta Virtual:                                                         

       2A      0.318551  

    Final Occupation by Irrep:
              A 
    DOCC [     1 ]
    SOCC [     0 ]
    NA   [     1 ]
    NB   [     1 ]

  @UHF Final Energy:    -0.94144515521115

   => Energetics <=

    Nuclear Repulsion Energy =              0.2939873392611111
    One-Electron Energy =                  -1.5454323810123918
    Two-Electron Energy =                   0.3099998865401341
    Total Energy =                         -0.9414451552111465

  UHF NO Occupations:
  HONO-0 :    1  A 1.3292682
  LUNO+0 :    2  A 0.6707318


Computation Completed


Properties will be evaluated at   0.000000,   0.000000,   0.000000 [a0]

Properties computed using the SCF density matrix


 Multipole Moments:

 ------------------------------------------------------------------------------------
     Multipole            Electronic (a.u.)      Nuclear  (a.u.)        Total (a.u.)
 ------------------------------------------------------------------------------------

 L = 1.  Multiply by 2.5417464519 to convert [e a0] to [Debye]
 Dipole X            :          0.0000000            0.0000000            0.0000000
 Dipole Y            :          0.0000000            0.0000000            0.0000000
 Dipole Z            :          0.0000000            0.0000000            0.0000000
 Magnitude           :                                                    0.0000000

 ------------------------------------------------------------------------------------

*** tstop() called on [LOCAL_HOST]
Module time:
	user time   =        nan seconds =        nan minutes
	system time =        nan seconds =        nan minutes
	total time  =          1 seconds =       0.02 minutes
Total time:
	user time   =        nan seconds =        nan minutes
	system time =        nan seconds =        nan minutes
	total time  =         17 seconds =       0.28 minutes
