
Scratch directory: [LOCAL_PATH]
   => Libint2 <=

    Primary   basis highest AM E, G, H:  7, 6, -
    Auxiliary basis highest AM E, G, H:  7, 7, -
    Onebody   basis highest AM E, G, H:  -, -, -
    Solid Harmonics ordering:            Gaussian

*** tstart() called on [LOCAL_HOST]
*** at Mon Sep 28 20:11:50 2026

   => Loading Basis Set <=

    Name: STO-3G
    Role: ORBITAL
    Keyword: BASIS
    atoms 1-2 entry H          line    19 file [LOCAL_PATH]


         ---------------------------------------------------------
                                   SCF
               by Justin Turney, Rob Parrish, Andy Simmonett
                          and Daniel G. A. Smith
                              UHF Reference
                        1 Threads,    476 MiB Core
         ---------------------------------------------------------

  ==> Geometry <==

    Molecular point group: c1
    Full point group: D_inf_h

    Geometry (in Angstrom), charge = 0, multiplicity = 1:

       Center              X                  Y                   Z               Mass       
    ------------   -----------------  -----------------  -----------------  -----------------
         H            0.000000000000     0.000000000000    -0.790000000000     1.007825032230
         H            0.000000000000     0.000000000000     0.790000000000     1.007825032230

  Running in c1 symmetry.

  Rotational constants: A = ************  B =     13.40069  C =     13.40069 [cm^-1]
  Rotational constants: A = ************  B = 401742.59452  C = 401742.59452 [MHz]
  Nuclear repulsion =    0.334922285234177

  Charge       = 0
  Multiplicity = 1
  Electrons    = 2
  Nalpha       = 1
  Nbeta        = 1

  ==> Algorithm <==

  SCF Algorithm Type is PK.
  DIIS enabled.
  MOM disabled.
  Fractional occupation disabled.
  Guess Type is CORE.
  Energy threshold   = 1.00e-12
  Density threshold  = 1.00e-12
  Integral threshold = 1.00e-12

  ==> Primary Basis <==

  Basis Set: STO-3G
    Blend: STO-3G
    Number of shells: 2
    Number of basis functions: 2
    Number of Cartesian functions: 2
    Spherical Harmonics?: true
    Max angular momentum: 0

  ==> Integral Setup <==

  Using in-core PK algorithm.
   Calculation information:
      Number of atoms:                   2
      Number of AO shells:               2
      Number of primitives:              6
      Number of atomic orbitals:         2
      Number of basis functions:         2

      Integral cutoff                 1.00e-12
      Number of threads:                 1

  Performing in-core PK
  Using 12 doubles for integral storage.
  We computed 6 shell quartets total.
  Whereas there are 6 unique shell quartets.

  ==> DiskJK: Disk-Based J/K Matrices <==

    J tasked:                  Yes
    K tasked:                  Yes
    wK tasked:                  No
    Memory [MiB]:              357
    Schwarz Cutoff:          1E-12

    OpenMP threads:              1

  Minimum eigenvalue in the overlap matrix is 7.7129964778E-01.
  Reciprocal condition number of the overlap matrix is 6.2773616560E-01.
    Using symmetric orthogonalization.

  ==> Pre-Iterations <==

  SCF Guess: Core (One-Electron) Hamiltonian.

  Mixing beta HOMO/LUMO orbitals (1,2)
   -------------------------------------------------------
    Irrep   Nso     Nmo     Nalpha   Nbeta   Ndocc  Nsocc
   -------------------------------------------------------
     A          2       2       1       1       1       0
   -------------------------------------------------------
    Total       2       2       1       1       1       0
   -------------------------------------------------------

  ==> Iterations <==

                        Total Energy        Delta E     RMS |[F,P]|

   @UHF iter   1:    -0.89631696734360   -8.96317e-01   8.10844e-02 ADIIS/DIIS
   @UHF iter   2:    -0.94184715493354   -4.55302e-02   3.25750e-02 ADIIS/DIIS
   @UHF iter   3:    -0.95094692587330   -9.09977e-03   7.40301e-03 ADIIS/DIIS
   @UHF iter   4:    -0.95149736278608   -5.50437e-04   1.20040e-03 ADIIS/DIIS
   @UHF iter   5:    -0.95151265950859   -1.52967e-05   1.63527e-04 ADIIS/DIIS
   @UHF iter   6:    -0.95151294849341   -2.88985e-07   1.60310e-05 DIIS
   @UHF iter   7:    -0.95151295128711   -2.79370e-09   1.13432e-06 DIIS
   @UHF iter   8:    -0.95151295130112   -1.40150e-11   6.41183e-08 DIIS
   @UHF iter   9:    -0.95151295130117   -4.45199e-14   3.03482e-09 DIIS
   @UHF iter  10:    -0.95151295130117   -1.11022e-16   1.23922e-10 DIIS
   @UHF iter  11:    -0.95151295130117    2.22045e-16   4.45549e-12 DIIS
   @UHF iter  12:    -0.95151295130117   -2.22045e-16   6.90496e-14 DIIS
  Energy and wave function converged.

    Wavefunction stable under totally symmetric rotations.
    Lowest totally symmetric eigenvalue: 0.366069 
    Lowest UHF->UHF stability eigenvalues: 
       A 0.366069      

    Stability analysis over.

  ==> Post-Iterations <==

   @Spin Contamination Metric:   7.683082757E-01
   @S^2 Expected:                0.000000000E+00
   @S^2 Observed:                7.683082757E-01
   @S   Expected:                0.000000000E+00
   @S   Observed:                0.000000000E+00

    Orbital Energies [Eh]
    ---------------------

    Alpha Occupied:                                                       

       1A     -0.458832  

    Alpha Virtual:                                                        

       2A      0.327739  

    Beta Occupied:                                                        

       1A     -0.458832  

    Beta Virtual:                                                         

       2A      0.327739  

    Final Occupation by Irrep:
              A 
    DOCC [     1 ]
    SOCC [     0 ]
    NA   [     1 ]
    NB   [     1 ]

  @UHF Final Energy:    -0.95151295130117

   => Energetics <=

    Nuclear Repulsion Energy =              0.3349222852341772
    One-Electron Energy =                  -1.6552067641076533
    Two-Electron Energy =                   0.3687715275723065
    Total Energy =                         -0.9515129513011695

  UHF NO Occupations:
  HONO-0 :    1  A 1.4813437
  LUNO+0 :    2  A 0.5186563


Computation Completed


Properties will be evaluated at   0.000000,   0.000000,   0.000000 [a0]

Properties computed using the SCF density matrix


 Multipole Moments:

 ------------------------------------------------------------------------------------
     Multipole            Electronic (a.u.)      Nuclear  (a.u.)        Total (a.u.)
 ------------------------------------------------------------------------------------

 L = 1.  Multiply by 2.5417464519 to convert [e a0] to [Debye]
 Dipole X            :          0.0000000            0.0000000            0.0000000
 Dipole Y            :          0.0000000            0.0000000            0.0000000
 Dipole Z            :          0.0000000            0.0000000            0.0000000
 Magnitude           :                                                    0.0000000

 ------------------------------------------------------------------------------------

*** tstop() called on [LOCAL_HOST]
Module time:
	user time   =        nan seconds =        nan minutes
	system time =        nan seconds =        nan minutes
	total time  =          0 seconds =       0.00 minutes
Total time:
	user time   =        nan seconds =        nan minutes
	system time =        nan seconds =        nan minutes
	total time  =         14 seconds =       0.23 minutes
