
Scratch directory: [LOCAL_PATH]
   => Libint2 <=

    Primary   basis highest AM E, G, H:  7, 6, -
    Auxiliary basis highest AM E, G, H:  7, 7, -
    Onebody   basis highest AM E, G, H:  -, -, -
    Solid Harmonics ordering:            Gaussian

*** tstart() called on [LOCAL_HOST]
*** at Mon Sep 28 20:11:49 2026

   => Loading Basis Set <=

    Name: STO-3G
    Role: ORBITAL
    Keyword: BASIS
    atoms 1-2 entry H          line    19 file [LOCAL_PATH]


         ---------------------------------------------------------
                                   SCF
               by Justin Turney, Rob Parrish, Andy Simmonett
                          and Daniel G. A. Smith
                              UHF Reference
                        1 Threads,    476 MiB Core
         ---------------------------------------------------------

  ==> Geometry <==

    Molecular point group: c1
    Full point group: D_inf_h

    Geometry (in Angstrom), charge = 0, multiplicity = 1:

       Center              X                  Y                   Z               Mass       
    ------------   -----------------  -----------------  -----------------  -----------------
         H            0.000000000000     0.000000000000    -0.710000000000     1.007825032230
         H            0.000000000000     0.000000000000     0.710000000000     1.007825032230

  Running in c1 symmetry.

  Rotational constants: A = ************  B =     16.59070  C =     16.59070 [cm^-1]
  Rotational constants: A = ************  B = 497376.61821  C = 497376.61821 [MHz]
  Nuclear repulsion =    0.372660007514085

  Charge       = 0
  Multiplicity = 1
  Electrons    = 2
  Nalpha       = 1
  Nbeta        = 1

  ==> Algorithm <==

  SCF Algorithm Type is PK.
  DIIS enabled.
  MOM disabled.
  Fractional occupation disabled.
  Guess Type is CORE.
  Energy threshold   = 1.00e-12
  Density threshold  = 1.00e-12
  Integral threshold = 1.00e-12

  ==> Primary Basis <==

  Basis Set: STO-3G
    Blend: STO-3G
    Number of shells: 2
    Number of basis functions: 2
    Number of Cartesian functions: 2
    Spherical Harmonics?: true
    Max angular momentum: 0

  ==> Integral Setup <==

  Using in-core PK algorithm.
   Calculation information:
      Number of atoms:                   2
      Number of AO shells:               2
      Number of primitives:              6
      Number of atomic orbitals:         2
      Number of basis functions:         2

      Integral cutoff                 1.00e-12
      Number of threads:                 1

  Performing in-core PK
  Using 12 doubles for integral storage.
  We computed 6 shell quartets total.
  Whereas there are 6 unique shell quartets.

  ==> DiskJK: Disk-Based J/K Matrices <==

    J tasked:                  Yes
    K tasked:                  Yes
    wK tasked:                  No
    Memory [MiB]:              357
    Schwarz Cutoff:          1E-12

    OpenMP threads:              1

  Minimum eigenvalue in the overlap matrix is 7.1243302839E-01.
  Reciprocal condition number of the overlap matrix is 5.5331725968E-01.
    Using symmetric orthogonalization.

  ==> Pre-Iterations <==

  SCF Guess: Core (One-Electron) Hamiltonian.

  Mixing beta HOMO/LUMO orbitals (1,2)
   -------------------------------------------------------
    Irrep   Nso     Nmo     Nalpha   Nbeta   Ndocc  Nsocc
   -------------------------------------------------------
     A          2       2       1       1       1       0
   -------------------------------------------------------
    Total       2       2       1       1       1       0
   -------------------------------------------------------

  ==> Iterations <==

                        Total Energy        Delta E     RMS |[F,P]|

   @UHF iter   1:    -0.87396441298349   -8.73964e-01   1.02702e-01 ADIIS
   @UHF iter   2:    -0.94679837318893   -7.28340e-02   4.40510e-02 ADIIS/DIIS
   @UHF iter   3:    -0.96360471844736   -1.68063e-02   1.40590e-02 ADIIS/DIIS
   @UHF iter   4:    -0.96579333426587   -2.18862e-03   3.95618e-03 ADIIS/DIIS
   @UHF iter   5:    -0.96598975391781   -1.96420e-04   1.12902e-03 ADIIS/DIIS
   @UHF iter   6:    -0.96600697379312   -1.72199e-05   2.65931e-04 ADIIS/DIIS
   @UHF iter   7:    -0.96600796260379   -9.88811e-07   5.10010e-05 DIIS
   @UHF iter   8:    -0.96600799966721   -3.70634e-08   7.57249e-06 DIIS
   @UHF iter   9:    -0.96600800049128   -8.24064e-10   9.09450e-07 DIIS
   @UHF iter  10:    -0.96600800050322   -1.19397e-11   9.14088e-08 DIIS
   @UHF iter  11:    -0.96600800050334   -1.21347e-13   7.92593e-09 DIIS
   @UHF iter  12:    -0.96600800050334   -4.44089e-16   3.58453e-10 DIIS
   @UHF iter  13:    -0.96600800050334   -2.22045e-16   6.35141e-12 DIIS
   @UHF iter  14:    -0.96600800050334    5.55112e-16   3.53277e-14 DIIS
  Energy and wave function converged.

    Wavefunction stable under totally symmetric rotations.
    Lowest totally symmetric eigenvalue: 0.274290 
    Lowest UHF->UHF stability eigenvalues: 
       A 0.274290      

    Stability analysis over.

  ==> Post-Iterations <==

   @Spin Contamination Metric:   5.983938143E-01
   @S^2 Expected:                0.000000000E+00
   @S^2 Observed:                5.983938143E-01
   @S   Expected:                0.000000000E+00
   @S   Observed:                0.000000000E+00

    Orbital Energies [Eh]
    ---------------------

    Alpha Occupied:                                                       

       1A     -0.453938  

    Alpha Virtual:                                                        

       2A      0.338398  

    Beta Occupied:                                                        

       1A     -0.453938  

    Beta Virtual:                                                         

       2A      0.338398  

    Final Occupation by Irrep:
              A 
    DOCC [     1 ]
    SOCC [     0 ]
    NA   [     1 ]
    NB   [     1 ]

  @UHF Final Energy:    -0.96600800050334

   => Energetics <=

    Nuclear Repulsion Energy =              0.3726600075140845
    One-Electron Energy =                  -1.7694608131907916
    Two-Electron Energy =                   0.4307928051733693
    Total Energy =                         -0.9660080005033379

  UHF NO Occupations:
  HONO-0 :    1  A 1.6337241
  LUNO+0 :    2  A 0.3662759


Computation Completed


Properties will be evaluated at   0.000000,   0.000000,   0.000000 [a0]

Properties computed using the SCF density matrix


 Multipole Moments:

 ------------------------------------------------------------------------------------
     Multipole            Electronic (a.u.)      Nuclear  (a.u.)        Total (a.u.)
 ------------------------------------------------------------------------------------

 L = 1.  Multiply by 2.5417464519 to convert [e a0] to [Debye]
 Dipole X            :          0.0000000            0.0000000            0.0000000
 Dipole Y            :          0.0000000            0.0000000            0.0000000
 Dipole Z            :          0.0000000            0.0000000            0.0000000
 Magnitude           :                                                    0.0000000

 ------------------------------------------------------------------------------------

*** tstop() called on [LOCAL_HOST]
Module time:
	user time   =        nan seconds =        nan minutes
	system time =        nan seconds =        nan minutes
	total time  =          0 seconds =       0.00 minutes
Total time:
	user time   =        nan seconds =        nan minutes
	system time =        nan seconds =        nan minutes
	total time  =         13 seconds =       0.22 minutes
