
Scratch directory: [LOCAL_PATH]
   => Libint2 <=

    Primary   basis highest AM E, G, H:  7, 6, -
    Auxiliary basis highest AM E, G, H:  7, 7, -
    Onebody   basis highest AM E, G, H:  -, -, -
    Solid Harmonics ordering:            Gaussian

*** tstart() called on [LOCAL_HOST]
*** at Mon Sep 28 20:11:51 2026

   => Loading Basis Set <=

    Name: STO-3G
    Role: ORBITAL
    Keyword: BASIS
    atoms 1-2 entry H          line    19 file [LOCAL_PATH]


         ---------------------------------------------------------
                                   SCF
               by Justin Turney, Rob Parrish, Andy Simmonett
                          and Daniel G. A. Smith
                              UHF Reference
                        1 Threads,    476 MiB Core
         ---------------------------------------------------------

  ==> Geometry <==

    Molecular point group: c1
    Full point group: D_inf_h

    Geometry (in Angstrom), charge = 0, multiplicity = 1:

       Center              X                  Y                   Z               Mass       
    ------------   -----------------  -----------------  -----------------  -----------------
         H            0.000000000000     0.000000000000    -0.870000000000     1.007825032230
         H            0.000000000000     0.000000000000     0.870000000000     1.007825032230

  Running in c1 symmetry.

  Rotational constants: A = ************  B =     11.04951  C =     11.04951 [cm^-1]
  Rotational constants: A = ************  B = 331255.85049  C = 331255.85049 [MHz]
  Nuclear repulsion =    0.304124833718391

  Charge       = 0
  Multiplicity = 1
  Electrons    = 2
  Nalpha       = 1
  Nbeta        = 1

  ==> Algorithm <==

  SCF Algorithm Type is PK.
  DIIS enabled.
  MOM disabled.
  Fractional occupation disabled.
  Guess Type is CORE.
  Energy threshold   = 1.00e-12
  Density threshold  = 1.00e-12
  Integral threshold = 1.00e-12

  ==> Primary Basis <==

  Basis Set: STO-3G
    Blend: STO-3G
    Number of shells: 2
    Number of basis functions: 2
    Number of Cartesian functions: 2
    Spherical Harmonics?: true
    Max angular momentum: 0

  ==> Integral Setup <==

  Using in-core PK algorithm.
   Calculation information:
      Number of atoms:                   2
      Number of AO shells:               2
      Number of primitives:              6
      Number of atomic orbitals:         2
      Number of basis functions:         2

      Integral cutoff                 1.00e-12
      Number of threads:                 1

  Performing in-core PK
  Using 12 doubles for integral storage.
  We computed 6 shell quartets total.
  Whereas there are 6 unique shell quartets.

  ==> DiskJK: Disk-Based J/K Matrices <==

    J tasked:                  Yes
    K tasked:                  Yes
    wK tasked:                  No
    Memory [MiB]:              357
    Schwarz Cutoff:          1E-12

    OpenMP threads:              1

  Minimum eigenvalue in the overlap matrix is 8.2000262562E-01.
  Reciprocal condition number of the overlap matrix is 6.9491902560E-01.
    Using symmetric orthogonalization.

  ==> Pre-Iterations <==

  SCF Guess: Core (One-Electron) Hamiltonian.

  Mixing beta HOMO/LUMO orbitals (1,2)
   -------------------------------------------------------
    Irrep   Nso     Nmo     Nalpha   Nbeta   Ndocc  Nsocc
   -------------------------------------------------------
     A          2       2       1       1       1       0
   -------------------------------------------------------
    Total       2       2       1       1       1       0
   -------------------------------------------------------

  ==> Iterations <==

                        Total Energy        Delta E     RMS |[F,P]|

   @UHF iter   1:    -0.91048155724100   -9.10482e-01   6.38111e-02 ADIIS/DIIS
   @UHF iter   2:    -0.93856673671378   -2.80852e-02   2.39179e-02 ADIIS/DIIS
   @UHF iter   3:    -0.94331942268672   -4.75269e-03   3.68742e-03 ADIIS/DIIS
   @UHF iter   4:    -0.94344319422408   -1.23772e-04   3.20338e-04 ADIIS/DIIS
   @UHF iter   5:    -0.94344414752744   -9.53303e-07   1.99371e-05 DIIS
   @UHF iter   6:    -0.94344415123378   -3.70633e-09   8.31371e-07 DIIS
   @UHF iter   7:    -0.94344415124023   -6.44962e-12   2.68711e-08 DIIS
   @UHF iter   8:    -0.94344415124023   -7.10543e-15   7.12280e-10 DIIS
   @UHF iter   9:    -0.94344415124023    4.44089e-16   1.60341e-11 DIIS
   @UHF iter  10:    -0.94344415124023   -3.33067e-16   3.13915e-13 DIIS
  Energy and wave function converged.

    Wavefunction stable under totally symmetric rotations.
    Lowest totally symmetric eigenvalue: 0.428193 
    Lowest UHF->UHF stability eigenvalues: 
       A 0.428193      

    Stability analysis over.

  ==> Post-Iterations <==

   @Spin Contamination Metric:   8.665800122E-01
   @S^2 Expected:                0.000000000E+00
   @S^2 Observed:                8.665800122E-01
   @S   Expected:                0.000000000E+00
   @S   Observed:                0.000000000E+00

    Orbital Energies [Eh]
    ---------------------

    Alpha Occupied:                                                       

       1A     -0.461898  

    Alpha Virtual:                                                        

       2A      0.320564  

    Beta Occupied:                                                        

       1A     -0.461898  

    Beta Virtual:                                                         

       2A      0.320564  

    Final Occupation by Irrep:
              A 
    DOCC [     1 ]
    SOCC [     0 ]
    NA   [     1 ]
    NB   [     1 ]

  @UHF Final Energy:    -0.94344415124023

   => Energetics <=

    Nuclear Repulsion Energy =              0.3041248337183908
    One-Electron Energy =                  -1.5713418148958032
    Two-Electron Energy =                   0.3237728299371803
    Total Energy =                         -0.9434441512402321

  UHF NO Occupations:
  HONO-0 :    1  A 1.3652670
  LUNO+0 :    2  A 0.6347330


Computation Completed


Properties will be evaluated at   0.000000,   0.000000,   0.000000 [a0]

Properties computed using the SCF density matrix


 Multipole Moments:

 ------------------------------------------------------------------------------------
     Multipole            Electronic (a.u.)      Nuclear  (a.u.)        Total (a.u.)
 ------------------------------------------------------------------------------------

 L = 1.  Multiply by 2.5417464519 to convert [e a0] to [Debye]
 Dipole X            :          0.0000000            0.0000000            0.0000000
 Dipole Y            :          0.0000000            0.0000000            0.0000000
 Dipole Z            :          0.0000000            0.0000000            0.0000000
 Magnitude           :                                                    0.0000000

 ------------------------------------------------------------------------------------

*** tstop() called on [LOCAL_HOST]
Module time:
	user time   =        nan seconds =        nan minutes
	system time =        nan seconds =        nan minutes
	total time  =          0 seconds =       0.00 minutes
Total time:
	user time   =        nan seconds =        nan minutes
	system time =        nan seconds =        nan minutes
	total time  =         15 seconds =       0.25 minutes
