
Scratch directory: [LOCAL_PATH]
   => Libint2 <=

    Primary   basis highest AM E, G, H:  7, 6, -
    Auxiliary basis highest AM E, G, H:  7, 7, -
    Onebody   basis highest AM E, G, H:  -, -, -
    Solid Harmonics ordering:            Gaussian

*** tstart() called on [LOCAL_HOST]
*** at Mon Sep 28 20:12:01 2026

   => Loading Basis Set <=

    Name: CC-PVDZ
    Role: ORBITAL
    Keyword: BASIS
    atoms 1-2 entry H          line    22 file [LOCAL_PATH]


         ---------------------------------------------------------
                                   SCF
               by Justin Turney, Rob Parrish, Andy Simmonett
                          and Daniel G. A. Smith
                              UHF Reference
                        1 Threads,    476 MiB Core
         ---------------------------------------------------------

  ==> Geometry <==

    Molecular point group: c1
    Full point group: D_inf_h

    Geometry (in Angstrom), charge = 0, multiplicity = 1:

       Center              X                  Y                   Z               Mass       
    ------------   -----------------  -----------------  -----------------  -----------------
         H            0.000000000000     0.000000000000    -0.250000000000     1.007825032230
         H            0.000000000000     0.000000000000     0.250000000000     1.007825032230

  Running in c1 symmetry.

  Rotational constants: A = ************  B =    133.81394  C =    133.81394 [cm^-1]
  Rotational constants: A = ************  B = 4011640.85182  C = 4011640.85182 [MHz]
  Nuclear repulsion =    1.058354421340000

  Charge       = 0
  Multiplicity = 1
  Electrons    = 2
  Nalpha       = 1
  Nbeta        = 1

  ==> Algorithm <==

  SCF Algorithm Type is PK.
  DIIS enabled.
  MOM disabled.
  Fractional occupation disabled.
  Guess Type is CORE.
  Energy threshold   = 1.00e-12
  Density threshold  = 1.00e-12
  Integral threshold = 1.00e-12

  ==> Primary Basis <==

  Basis Set: CC-PVDZ
    Blend: CC-PVDZ
    Number of shells: 6
    Number of basis functions: 10
    Number of Cartesian functions: 10
    Spherical Harmonics?: true
    Max angular momentum: 1

  ==> Integral Setup <==

  Using in-core PK algorithm.
   Calculation information:
      Number of atoms:                   2
      Number of AO shells:               6
      Number of primitives:             10
      Number of atomic orbitals:        10
      Number of basis functions:        10

      Integral cutoff                 1.00e-12
      Number of threads:                 1

  Performing in-core PK
  Using 3080 doubles for integral storage.
  We computed 231 shell quartets total.
  Whereas there are 231 unique shell quartets.

  ==> DiskJK: Disk-Based J/K Matrices <==

    J tasked:                  Yes
    K tasked:                  Yes
    wK tasked:                  No
    Memory [MiB]:              357
    Schwarz Cutoff:          1E-12

    OpenMP threads:              1

  Minimum eigenvalue in the overlap matrix is 1.2993780358E-02.
  Reciprocal condition number of the overlap matrix is 3.9948722442E-03.
    Using symmetric orthogonalization.

  ==> Pre-Iterations <==

  SCF Guess: Core (One-Electron) Hamiltonian.

  Mixing beta HOMO/LUMO orbitals (1,2)
   -------------------------------------------------------
    Irrep   Nso     Nmo     Nalpha   Nbeta   Ndocc  Nsocc
   -------------------------------------------------------
     A         10      10       1       1       1       0
   -------------------------------------------------------
    Total      10      10       1       1       1       0
   -------------------------------------------------------

  ==> Iterations <==

                        Total Energy        Delta E     RMS |[F,P]|

   @UHF iter   1:    -0.44912308405235   -4.49123e-01   5.19096e-02 ADIIS/DIIS
   @UHF iter   2:    -0.93474817615383   -4.85625e-01   2.48124e-02 ADIIS/DIIS
   @UHF iter   3:    -1.03398540644937   -9.92372e-02   9.49028e-03 ADIIS/DIIS
   @UHF iter   4:    -1.04854259677311   -1.45572e-02   1.49710e-03 ADIIS/DIIS
   @UHF iter   5:    -1.04879828498085   -2.55688e-04   1.36603e-04 ADIIS/DIIS
   @UHF iter   6:    -1.04880046780730   -2.18283e-06   2.10642e-05 DIIS
   @UHF iter   7:    -1.04880055493394   -8.71266e-08   2.68671e-06 DIIS
   @UHF iter   8:    -1.04880055641854   -1.48459e-09   2.71127e-08 DIIS
   @UHF iter   9:    -1.04880055641864   -1.04805e-13   2.31162e-09 DIIS
   @UHF iter  10:    -1.04880055641864   -1.11022e-15   1.70640e-11 DIIS
   @UHF iter  11:    -1.04880055641864   -1.33227e-15   5.17478e-15 DIIS
  Energy and wave function converged.

    Wavefunction stable under totally symmetric rotations.
    Lowest totally symmetric eigenvalue: 0.447917 
    Lowest UHF->UHF stability eigenvalues: 
       A 0.447917      

    Stability analysis over.

  ==> Post-Iterations <==

   @Spin Contamination Metric:  -4.440892099E-16
   @S^2 Expected:                0.000000000E+00
   @S^2 Observed:               -4.440892099E-16
   @S   Expected:                0.000000000E+00
   @S   Observed:                0.000000000E+00

    Orbital Energies [Eh]
    ---------------------

    Alpha Occupied:                                                       

       1A     -0.677456  

    Alpha Virtual:                                                        

       2A      0.238185     3A      0.421537     4A      1.168756  
       5A      1.332750     6A      1.332750     7A      2.146500  
       8A      2.202789     9A      2.202789    10A      5.939503  

    Beta Occupied:                                                        

       1A     -0.677456  

    Beta Virtual:                                                         

       2A      0.238185     3A      0.421537     4A      1.168756  
       5A      1.332750     6A      1.332750     7A      2.146500  
       8A      2.202789     9A      2.202789    10A      5.939503  

    Final Occupation by Irrep:
              A 
    DOCC [     1 ]
    SOCC [     0 ]
    NA   [     1 ]
    NB   [     1 ]

  @UHF Final Energy:    -1.04880055641864

   => Energetics <=

    Nuclear Repulsion Energy =              1.0583544213400000
    One-Electron Energy =                  -2.8593986897613268
    Two-Electron Energy =                   0.7522437120026821
    Total Energy =                         -1.0488005564186447

  UHF NO Occupations:
  HONO-0 :    1  A 2.0000000
  LUNO+0 :    2  A 0.0000000
  LUNO+1 :    3  A 0.0000000
  LUNO+2 :    4  A 0.0000000
  LUNO+3 :    5  A 0.0000000


Computation Completed


Properties will be evaluated at   0.000000,   0.000000,   0.000000 [a0]

Properties computed using the SCF density matrix


 Multipole Moments:

 ------------------------------------------------------------------------------------
     Multipole            Electronic (a.u.)      Nuclear  (a.u.)        Total (a.u.)
 ------------------------------------------------------------------------------------

 L = 1.  Multiply by 2.5417464519 to convert [e a0] to [Debye]
 Dipole X            :         -0.0000000            0.0000000           -0.0000000
 Dipole Y            :         -0.0000000            0.0000000           -0.0000000
 Dipole Z            :          0.0000000            0.0000000            0.0000000
 Magnitude           :                                                    0.0000000

 ------------------------------------------------------------------------------------

*** tstop() called on [LOCAL_HOST]
Module time:
	user time   =        nan seconds =        nan minutes
	system time =        nan seconds =        nan minutes
	total time  =          0 seconds =       0.00 minutes
Total time:
	user time   =        nan seconds =        nan minutes
	system time =        nan seconds =        nan minutes
	total time  =         25 seconds =       0.42 minutes
