
Scratch directory: [LOCAL_PATH]
   => Libint2 <=

    Primary   basis highest AM E, G, H:  7, 6, -
    Auxiliary basis highest AM E, G, H:  7, 7, -
    Onebody   basis highest AM E, G, H:  -, -, -
    Solid Harmonics ordering:            Gaussian

*** tstart() called on [LOCAL_HOST]
*** at Mon Sep 28 20:12:01 2026

   => Loading Basis Set <=

    Name: CC-PVDZ
    Role: ORBITAL
    Keyword: BASIS
    atoms 1-2 entry H          line    22 file [LOCAL_PATH]


         ---------------------------------------------------------
                                   SCF
               by Justin Turney, Rob Parrish, Andy Simmonett
                          and Daniel G. A. Smith
                              RHF Reference
                        1 Threads,    476 MiB Core
         ---------------------------------------------------------

  ==> Geometry <==

    Molecular point group: c1
    Full point group: D_inf_h

    Geometry (in Angstrom), charge = 0, multiplicity = 1:

       Center              X                  Y                   Z               Mass       
    ------------   -----------------  -----------------  -----------------  -----------------
         H            0.000000000000     0.000000000000    -0.250000000000     1.007825032230
         H            0.000000000000     0.000000000000     0.250000000000     1.007825032230

  Running in c1 symmetry.

  Rotational constants: A = ************  B =    133.81394  C =    133.81394 [cm^-1]
  Rotational constants: A = ************  B = 4011640.85182  C = 4011640.85182 [MHz]
  Nuclear repulsion =    1.058354421340000

  Charge       = 0
  Multiplicity = 1
  Electrons    = 2
  Nalpha       = 1
  Nbeta        = 1

  ==> Algorithm <==

  SCF Algorithm Type is PK.
  DIIS enabled.
  MOM disabled.
  Fractional occupation disabled.
  Guess Type is CORE.
  Energy threshold   = 1.00e-12
  Density threshold  = 1.00e-12
  Integral threshold = 1.00e-12

  ==> Primary Basis <==

  Basis Set: CC-PVDZ
    Blend: CC-PVDZ
    Number of shells: 6
    Number of basis functions: 10
    Number of Cartesian functions: 10
    Spherical Harmonics?: true
    Max angular momentum: 1

  ==> Integral Setup <==

  Using in-core PK algorithm.
   Calculation information:
      Number of atoms:                   2
      Number of AO shells:               6
      Number of primitives:             10
      Number of atomic orbitals:        10
      Number of basis functions:        10

      Integral cutoff                 1.00e-12
      Number of threads:                 1

  Performing in-core PK
  Using 3080 doubles for integral storage.
  We computed 231 shell quartets total.
  Whereas there are 231 unique shell quartets.

  ==> DiskJK: Disk-Based J/K Matrices <==

    J tasked:                  Yes
    K tasked:                  Yes
    wK tasked:                  No
    Memory [MiB]:              357
    Schwarz Cutoff:          1E-12

    OpenMP threads:              1

  Minimum eigenvalue in the overlap matrix is 1.2993780358E-02.
  Reciprocal condition number of the overlap matrix is 3.9948722442E-03.
    Using symmetric orthogonalization.

  ==> Pre-Iterations <==

  SCF Guess: Core (One-Electron) Hamiltonian.

   -------------------------------------------------------
    Irrep   Nso     Nmo     Nalpha   Nbeta   Ndocc  Nsocc
   -------------------------------------------------------
     A         10      10       1       1       1       0
   -------------------------------------------------------
    Total      10      10       1       1       1       0
   -------------------------------------------------------

  ==> Iterations <==

                        Total Energy        Delta E     RMS |[F,P]|

   @RHF iter   1:    -0.99830407093707   -9.98304e-01   2.26836e-02 ADIIS/DIIS
   @RHF iter   2:    -1.04669895872780   -4.83949e-02   4.44875e-03 ADIIS/DIIS
   @RHF iter   3:    -1.04879637560571   -2.09742e-03   2.56699e-04 ADIIS/DIIS
   @RHF iter   4:    -1.04880050475902   -4.12915e-06   2.17740e-05 DIIS
   @RHF iter   5:    -1.04880055641821   -5.16592e-08   6.21315e-08 DIIS
   @RHF iter   6:    -1.04880055641864   -4.28546e-13   7.73384e-11 DIIS
   @RHF iter   7:    -1.04880055641864    1.77636e-15   6.28424e-14 DIIS
  Energy and wave function converged.


  ==> Post-Iterations <==

    Orbital Energies [Eh]
    ---------------------

    Doubly Occupied:                                                      

       1A     -0.677456  

    Virtual:                                                              

       2A      0.238185     3A      0.421537     4A      1.168756  
       5A      1.332750     6A      1.332750     7A      2.146500  
       8A      2.202789     9A      2.202789    10A      5.939503  

    Final Occupation by Irrep:
              A 
    DOCC [     1 ]
    NA   [     1 ]
    NB   [     1 ]

  @RHF Final Energy:    -1.04880055641864

   => Energetics <=

    Nuclear Repulsion Energy =              1.0583544213400000
    One-Electron Energy =                  -2.8593986897609716
    Two-Electron Energy =                   0.7522437120023301
    Total Energy =                         -1.0488005564186413

Computation Completed


Properties will be evaluated at   0.000000,   0.000000,   0.000000 [a0]

Properties computed using the SCF density matrix


 Multipole Moments:

 ------------------------------------------------------------------------------------
     Multipole            Electronic (a.u.)      Nuclear  (a.u.)        Total (a.u.)
 ------------------------------------------------------------------------------------

 L = 1.  Multiply by 2.5417464519 to convert [e a0] to [Debye]
 Dipole X            :         -0.0000000            0.0000000           -0.0000000
 Dipole Y            :         -0.0000000            0.0000000           -0.0000000
 Dipole Z            :         -0.0000000            0.0000000           -0.0000000
 Magnitude           :                                                    0.0000000

 ------------------------------------------------------------------------------------

*** tstop() called on [LOCAL_HOST]
Module time:
	user time   =        nan seconds =        nan minutes
	system time =        nan seconds =        nan minutes
	total time  =          0 seconds =       0.00 minutes
Total time:
	user time   =        nan seconds =        nan minutes
	system time =        nan seconds =        nan minutes
	total time  =         25 seconds =       0.42 minutes
 MINTS: Wrapper to libmints.
   by Justin Turney

   Calculation information:
      Number of threads:                 1
      Number of atoms:                   2
      Number of AO shells:               6
      Number of SO shells:               6
      Number of primitives:             10
      Number of atomic orbitals:        10
      Number of basis functions:        10

      Number of irreps:                  1
      Integral cutoff                 1.00e-12
      Number of functions per irrep: [  10 ]

 OEINTS: Overlap, kinetic, potential, dipole, and quadrupole integrals
         stored in file 35.

      Computing two-electron integrals...done
      Computed 512 non-zero two-electron integrals.
        Stored in file 33.


         ---------------------------------------------------------
                          Configuration Interaction
                            (a 'D E T C I' module)

                 C. David Sherrill, Daniel G. A. Smith, and
                              Matt L. Leininger
         ---------------------------------------------------------


   ==> Parameters <==

    EX LEVEL       =        2      H0 BLOCKSIZE  =     1000
    VAL EX LEVEL   =        0      H0 GUESS SIZE =     1000
    H0COUPLINGSIZE =        0      H0 COUPLING   =       NO
    MAXITER        =      100      NUM PRINT     =       20
    NUM ROOTS      =        1      ICORE         =        1
    PRINT LVL      =        1      FCI           =      YES
    R CONV         = 1.00e-10      MIXED         =      YES
    E CONV         = 1.00e-12      MIXED4        =      YES
    R4S            =       NO      REPL OTF      =       NO
    DIAG METHOD    =      SEM      FOLLOW ROOT   =        0
    PRECONDITIONER = DAVIDSON      UPDATE        = DAVIDSON
    S              =   0.0000      Ms0           =      YES
    GUESS VECTOR   =  H0BLOCK      OPENTYPE      =     NONE
    COLLAPSE SIZE  =        1      HD AVG        = EVANGELISTI
    MAX NUM VECS   =      101      REF SYM       =     AUTO
    IOPEN        =       NO

    EX ALLOW       =  1  1 
    STATE AVERAGE  =  0(1.00) 

   ==> CI Orbital and Space information <==

   ------------------------------------
               Space    Total     A
   ------------------------------------
                 Nso       10    10
                 Nmo       10    10
               Ndocc        1     1
               Nsocc        0     0
   ------------------------------------
              CI Spaces
   ------------------------------------
        Dropped DOCC        0     0
              Active       10    10
        Dropped UOCC        0     0
   ------------------------------------

   ==> Setting up CI strings <==

    There are 10 alpha and 10 beta strings
    The CI space requires 100 (1.00E+02) determinants and 1 blocks

   ==> Transforming CI integrals <==

	Presorting SO-basis two-electron integrals.
	Sorting File: SO Ints (nn|nn) nbuckets = 1
	Constructing frozen core operators
	Starting first half-transformation.
	Sorting half-transformed integrals.
	First half integral transformation complete.
	Starting second half-transformation.
	Two-electron integral transformation complete.

   ==> Starting CI iterations <==

    H0 Block Eigenvalue =  -1.04963850

    Simultaneous Expansion Method (Block Davidson Method)
    Using 1 initial trial vectors

     Iter   Root       Total Energy       Delta E      C RMS

   @CI  0:     0     -1.049638495745   -2.1080E+00   3.0709E-01  
   @CI  1:     0     -1.079090854065   -2.9452E-02   3.7791E-02  
   @CI  2:     0     -1.079366461128   -2.7561E-04   3.4775E-03  
   @CI  3:     0     -1.079369995657   -3.5345E-06   4.7253E-04  
   @CI  4:     0     -1.079370050934   -5.5278E-08   1.8544E-05  
   @CI  5:     0     -1.079370051086   -1.5153E-10   3.5035E-06  
   @CI  6:     0     -1.079370051089   -2.6317E-12   2.9320E-07  
    Warning: Norm of correction (root 0) is < 1.0E-13
   @CI  7:     0     -1.079370051089   -1.9540E-14   2.0174E-08  
    Warning: Norm of correction (root 0) is < 1.0E-13
   @CI  8:     0     -1.079370051089   -8.8818E-16   1.7904E-09  
    Warning: Norm of correction (root 0) is < 1.0E-13
   @CI  9:     0     -1.079370051089   -4.4409E-16   8.0572E-11 c

   ==> Energetics <==

    SCF energy =           -1.048800556418641
    Total CI energy =      -1.079370051088596

   ==> FCI root 0 information <==

    FCI Root 0 energy =    -1.079370051088596

   The 20 most important determinants:

    *   1    0.994275  (    0,    0)  1AX 
    *   2   -0.047180  (    3,    3)  4AX 
    *   3   -0.045149  (    2,    2)  3AX 
    *   4   -0.043606  (    4,    4)  5AX 
    *   5   -0.043606  (    5,    5)  6AX 
    *   6   -0.030481  (    1,    3)  2AA 4AB 
    *   7   -0.030481  (    3,    1)  2AB 4AA 
    *   8   -0.025552  (    1,    1)  2AX 
    *   9    0.013538  (    2,    6)  3AA 7AB 
    *  10    0.013538  (    6,    2)  3AB 7AA 
    *  11   -0.012863  (    6,    6)  7AX 
    *  12   -0.008180  (    8,    8)  9AX 
    *  13   -0.008180  (    7,    7)  8AX 
    *  14   -0.007602  (    3,    9)  4AA 10AB 
    *  15   -0.007602  (    9,    3)  4AB 10AA 
    *  16   -0.005593  (    9,    9)  10AX 
    *  17   -0.002734  (    1,    9)  2AA 10AB 
    *  18   -0.002734  (    9,    1)  2AB 10AA 
    *  19    0.002176  (    0,    6)  1AA 7AB 
    *  20    0.002176  (    6,    0)  1AB 7AA 

		 "A good bug is a dead bug" 

			 - Starship Troopers

		 "I didn't write FORTRAN.  That's the problem."

			 - Edward Valeev
