
Scratch directory: [LOCAL_PATH]
   => Libint2 <=

    Primary   basis highest AM E, G, H:  7, 6, -
    Auxiliary basis highest AM E, G, H:  7, 7, -
    Onebody   basis highest AM E, G, H:  -, -, -
    Solid Harmonics ordering:            Gaussian

*** tstart() called on [LOCAL_HOST]
*** at Mon Sep 28 20:12:02 2026

   => Loading Basis Set <=

    Name: CC-PVDZ
    Role: ORBITAL
    Keyword: BASIS
    atoms 1-2 entry H          line    22 file [LOCAL_PATH]


         ---------------------------------------------------------
                                   SCF
               by Justin Turney, Rob Parrish, Andy Simmonett
                          and Daniel G. A. Smith
                              RHF Reference
                        1 Threads,    476 MiB Core
         ---------------------------------------------------------

  ==> Geometry <==

    Molecular point group: c1
    Full point group: D_inf_h

    Geometry (in Angstrom), charge = 0, multiplicity = 1:

       Center              X                  Y                   Z               Mass       
    ------------   -----------------  -----------------  -----------------  -----------------
         H            0.000000000000     0.000000000000    -0.270000000000     1.007825032230
         H            0.000000000000     0.000000000000     0.270000000000     1.007825032230

  Running in c1 symmetry.

  Rotational constants: A = ************  B =    114.72388  C =    114.72388 [cm^-1]
  Rotational constants: A = ************  B = 3439335.43537  C = 3439335.43537 [MHz]
  Nuclear repulsion =    0.979957797537037

  Charge       = 0
  Multiplicity = 1
  Electrons    = 2
  Nalpha       = 1
  Nbeta        = 1

  ==> Algorithm <==

  SCF Algorithm Type is PK.
  DIIS enabled.
  MOM disabled.
  Fractional occupation disabled.
  Guess Type is CORE.
  Energy threshold   = 1.00e-12
  Density threshold  = 1.00e-12
  Integral threshold = 1.00e-12

  ==> Primary Basis <==

  Basis Set: CC-PVDZ
    Blend: CC-PVDZ
    Number of shells: 6
    Number of basis functions: 10
    Number of Cartesian functions: 10
    Spherical Harmonics?: true
    Max angular momentum: 1

  ==> Integral Setup <==

  Using in-core PK algorithm.
   Calculation information:
      Number of atoms:                   2
      Number of AO shells:               6
      Number of primitives:             10
      Number of atomic orbitals:        10
      Number of basis functions:        10

      Integral cutoff                 1.00e-12
      Number of threads:                 1

  Performing in-core PK
  Using 3080 doubles for integral storage.
  We computed 231 shell quartets total.
  Whereas there are 231 unique shell quartets.

  ==> DiskJK: Disk-Based J/K Matrices <==

    J tasked:                  Yes
    K tasked:                  Yes
    wK tasked:                  No
    Memory [MiB]:              357
    Schwarz Cutoff:          1E-12

    OpenMP threads:              1

  Minimum eigenvalue in the overlap matrix is 1.5342432315E-02.
  Reciprocal condition number of the overlap matrix is 4.7452789943E-03.
    Using symmetric orthogonalization.

  ==> Pre-Iterations <==

  SCF Guess: Core (One-Electron) Hamiltonian.

   -------------------------------------------------------
    Irrep   Nso     Nmo     Nalpha   Nbeta   Ndocc  Nsocc
   -------------------------------------------------------
     A         10      10       1       1       1       0
   -------------------------------------------------------
    Total      10      10       1       1       1       0
   -------------------------------------------------------

  ==> Iterations <==

                        Total Energy        Delta E     RMS |[F,P]|

   @RHF iter   1:    -1.02676785711632   -1.02677e+00   2.27477e-02 ADIIS/DIIS
   @RHF iter   2:    -1.07629609819461   -4.95282e-02   4.41378e-03 ADIIS/DIIS
   @RHF iter   3:    -1.07838114063514   -2.08504e-03   2.52885e-04 ADIIS/DIIS
   @RHF iter   4:    -1.07838510615303   -3.96552e-06   2.10945e-05 DIIS
   @RHF iter   5:    -1.07838515504335   -4.88903e-08   5.90781e-08 DIIS
   @RHF iter   6:    -1.07838515504374   -3.88578e-13   7.26746e-11 DIIS
   @RHF iter   7:    -1.07838515504374   -1.33227e-15   5.84694e-14 DIIS
  Energy and wave function converged.


  ==> Post-Iterations <==

    Orbital Energies [Eh]
    ---------------------

    Doubly Occupied:                                                      

       1A     -0.661400  

    Virtual:                                                              

       2A      0.232217     3A      0.431049     4A      1.121959  
       5A      1.324766     6A      1.324766     7A      2.121022  
       8A      2.177327     9A      2.177327    10A      5.475053  

    Final Occupation by Irrep:
              A 
    DOCC [     1 ]
    NA   [     1 ]
    NB   [     1 ]

  @RHF Final Energy:    -1.07838515504374

   => Energetics <=

    Nuclear Repulsion Energy =              0.9799577975370369
    One-Electron Energy =                  -2.7938868491112889
    Two-Electron Energy =                   0.7355438965305097
    Total Energy =                         -1.0783851550437422

Computation Completed


Properties will be evaluated at   0.000000,   0.000000,   0.000000 [a0]

Properties computed using the SCF density matrix


 Multipole Moments:

 ------------------------------------------------------------------------------------
     Multipole            Electronic (a.u.)      Nuclear  (a.u.)        Total (a.u.)
 ------------------------------------------------------------------------------------

 L = 1.  Multiply by 2.5417464519 to convert [e a0] to [Debye]
 Dipole X            :          0.0000000            0.0000000            0.0000000
 Dipole Y            :          0.0000000            0.0000000            0.0000000
 Dipole Z            :          0.0000000            0.0000000            0.0000000
 Magnitude           :                                                    0.0000000

 ------------------------------------------------------------------------------------

*** tstop() called on [LOCAL_HOST]
Module time:
	user time   =        nan seconds =        nan minutes
	system time =        nan seconds =        nan minutes
	total time  =          0 seconds =       0.00 minutes
Total time:
	user time   =        nan seconds =        nan minutes
	system time =        nan seconds =        nan minutes
	total time  =         26 seconds =       0.43 minutes
 MINTS: Wrapper to libmints.
   by Justin Turney

   Calculation information:
      Number of threads:                 1
      Number of atoms:                   2
      Number of AO shells:               6
      Number of SO shells:               6
      Number of primitives:             10
      Number of atomic orbitals:        10
      Number of basis functions:        10

      Number of irreps:                  1
      Integral cutoff                 1.00e-12
      Number of functions per irrep: [  10 ]

 OEINTS: Overlap, kinetic, potential, dipole, and quadrupole integrals
         stored in file 35.

      Computing two-electron integrals...done
      Computed 512 non-zero two-electron integrals.
        Stored in file 33.


         ---------------------------------------------------------
                          Configuration Interaction
                            (a 'D E T C I' module)

                 C. David Sherrill, Daniel G. A. Smith, and
                              Matt L. Leininger
         ---------------------------------------------------------


   ==> Parameters <==

    EX LEVEL       =        2      H0 BLOCKSIZE  =     1000
    VAL EX LEVEL   =        0      H0 GUESS SIZE =     1000
    H0COUPLINGSIZE =        0      H0 COUPLING   =       NO
    MAXITER        =      100      NUM PRINT     =       20
    NUM ROOTS      =        1      ICORE         =        1
    PRINT LVL      =        1      FCI           =      YES
    R CONV         = 1.00e-10      MIXED         =      YES
    E CONV         = 1.00e-12      MIXED4        =      YES
    R4S            =       NO      REPL OTF      =       NO
    DIAG METHOD    =      SEM      FOLLOW ROOT   =        0
    PRECONDITIONER = DAVIDSON      UPDATE        = DAVIDSON
    S              =   0.0000      Ms0           =      YES
    GUESS VECTOR   =  H0BLOCK      OPENTYPE      =     NONE
    COLLAPSE SIZE  =        1      HD AVG        = EVANGELISTI
    MAX NUM VECS   =      101      REF SYM       =     AUTO
    IOPEN        =       NO

    EX ALLOW       =  1  1 
    STATE AVERAGE  =  0(1.00) 

   ==> CI Orbital and Space information <==

   ------------------------------------
               Space    Total     A
   ------------------------------------
                 Nso       10    10
                 Nmo       10    10
               Ndocc        1     1
               Nsocc        0     0
   ------------------------------------
              CI Spaces
   ------------------------------------
        Dropped DOCC        0     0
              Active       10    10
        Dropped UOCC        0     0
   ------------------------------------

   ==> Setting up CI strings <==

    There are 10 alpha and 10 beta strings
    The CI space requires 100 (1.00E+02) determinants and 1 blocks

   ==> Transforming CI integrals <==

	Presorting SO-basis two-electron integrals.
	Sorting File: SO Ints (nn|nn) nbuckets = 1
	Constructing frozen core operators
	Starting first half-transformation.
	Sorting half-transformed integrals.
	First half integral transformation complete.
	Starting second half-transformation.
	Two-electron integral transformation complete.

   ==> Starting CI iterations <==

    H0 Block Eigenvalue =  -1.07941176

    Simultaneous Expansion Method (Block Davidson Method)
    Using 1 initial trial vectors

     Iter   Root       Total Energy       Delta E      C RMS

   @CI  0:     0     -1.079411761684   -2.0594E+00   3.0489E-01  
   @CI  1:     0     -1.109332684763   -2.9921E-02   3.8551E-02  
   @CI  2:     0     -1.109640764171   -3.0808E-04   3.7647E-03  
   @CI  3:     0     -1.109645273426   -4.5093E-06   5.3159E-04  
   @CI  4:     0     -1.109645347284   -7.3858E-08   2.3787E-05  
   @CI  5:     0     -1.109645347545   -2.6069E-10   4.5738E-06  
   @CI  6:     0     -1.109645347549   -4.5137E-12   3.7515E-07  
    Warning: Norm of correction (root 0) is < 1.0E-13
   @CI  7:     0     -1.109645347549   -3.5083E-14   2.7068E-08  
    Warning: Norm of correction (root 0) is < 1.0E-13
   @CI  8:     0     -1.109645347549   -1.3323E-15   2.0451E-09  
    Warning: Norm of correction (root 0) is < 1.0E-13
   @CI  9:     0     -1.109645347549   1.3323E-15   4.0916E-11 c

   ==> Energetics <==

    SCF energy =           -1.078385155043742
    Total CI energy =      -1.109645347549375

   ==> FCI root 0 information <==

    FCI Root 0 energy =    -1.109645347549375

   The 20 most important determinants:

    *   1    0.993913  (    0,    0)  1AX 
    *   2   -0.048406  (    3,    3)  4AX 
    *   3   -0.046527  (    2,    2)  3AX 
    *   4   -0.043193  (    5,    5)  6AX 
    *   5   -0.043193  (    4,    4)  5AX 
    *   6   -0.032920  (    1,    3)  2AA 4AB 
    *   7   -0.032920  (    3,    1)  2AB 4AA 
    *   8   -0.028961  (    1,    1)  2AX 
    *   9    0.013716  (    2,    6)  3AA 7AB 
    *  10    0.013716  (    6,    2)  3AB 7AA 
    *  11   -0.013217  (    6,    6)  7AX 
    *  12   -0.008324  (    8,    8)  9AX 
    *  13   -0.008324  (    7,    7)  8AX 
    *  14   -0.008137  (    3,    9)  4AA 10AB 
    *  15   -0.008137  (    9,    3)  4AB 10AA 
    *  16   -0.005778  (    9,    9)  10AX 
    *  17   -0.003184  (    1,    9)  2AA 10AB 
    *  18   -0.003184  (    9,    1)  2AB 10AA 
    *  19    0.002414  (    0,    6)  1AA 7AB 
    *  20    0.002414  (    6,    0)  1AB 7AA 

		 "A good bug is a dead bug" 

			 - Starship Troopers

		 "I didn't write FORTRAN.  That's the problem."

			 - Edward Valeev
