
Scratch directory: [LOCAL_PATH]
   => Libint2 <=

    Primary   basis highest AM E, G, H:  7, 6, -
    Auxiliary basis highest AM E, G, H:  7, 7, -
    Onebody   basis highest AM E, G, H:  -, -, -
    Solid Harmonics ordering:            Gaussian

*** tstart() called on [LOCAL_HOST]
*** at Mon Sep 28 20:12:03 2026

   => Loading Basis Set <=

    Name: CC-PVDZ
    Role: ORBITAL
    Keyword: BASIS
    atoms 1-2 entry H          line    22 file [LOCAL_PATH]


         ---------------------------------------------------------
                                   SCF
               by Justin Turney, Rob Parrish, Andy Simmonett
                          and Daniel G. A. Smith
                              UHF Reference
                        1 Threads,    476 MiB Core
         ---------------------------------------------------------

  ==> Geometry <==

    Molecular point group: c1
    Full point group: D_inf_h

    Geometry (in Angstrom), charge = 0, multiplicity = 1:

       Center              X                  Y                   Z               Mass       
    ------------   -----------------  -----------------  -----------------  -----------------
         H            0.000000000000     0.000000000000    -0.290000000000     1.007825032230
         H            0.000000000000     0.000000000000     0.290000000000     1.007825032230

  Running in c1 symmetry.

  Rotational constants: A = ************  B =     99.44555  C =     99.44555 [cm^-1]
  Rotational constants: A = ************  B = 2981302.65444  C = 2981302.65444 [MHz]
  Nuclear repulsion =    0.912374501155172

  Charge       = 0
  Multiplicity = 1
  Electrons    = 2
  Nalpha       = 1
  Nbeta        = 1

  ==> Algorithm <==

  SCF Algorithm Type is PK.
  DIIS enabled.
  MOM disabled.
  Fractional occupation disabled.
  Guess Type is CORE.
  Energy threshold   = 1.00e-12
  Density threshold  = 1.00e-12
  Integral threshold = 1.00e-12

  ==> Primary Basis <==

  Basis Set: CC-PVDZ
    Blend: CC-PVDZ
    Number of shells: 6
    Number of basis functions: 10
    Number of Cartesian functions: 10
    Spherical Harmonics?: true
    Max angular momentum: 1

  ==> Integral Setup <==

  Using in-core PK algorithm.
   Calculation information:
      Number of atoms:                   2
      Number of AO shells:               6
      Number of primitives:             10
      Number of atomic orbitals:        10
      Number of basis functions:        10

      Integral cutoff                 1.00e-12
      Number of threads:                 1

  Performing in-core PK
  Using 3080 doubles for integral storage.
  We computed 231 shell quartets total.
  Whereas there are 231 unique shell quartets.

  ==> DiskJK: Disk-Based J/K Matrices <==

    J tasked:                  Yes
    K tasked:                  Yes
    wK tasked:                  No
    Memory [MiB]:              357
    Schwarz Cutoff:          1E-12

    OpenMP threads:              1

  Minimum eigenvalue in the overlap matrix is 1.8403597393E-02.
  Reciprocal condition number of the overlap matrix is 5.7292854153E-03.
    Using symmetric orthogonalization.

  ==> Pre-Iterations <==

  SCF Guess: Core (One-Electron) Hamiltonian.

  Mixing beta HOMO/LUMO orbitals (1,2)
   -------------------------------------------------------
    Irrep   Nso     Nmo     Nalpha   Nbeta   Ndocc  Nsocc
   -------------------------------------------------------
     A         10      10       1       1       1       0
   -------------------------------------------------------
    Total      10      10       1       1       1       0
   -------------------------------------------------------

  ==> Iterations <==

                        Total Energy        Delta E     RMS |[F,P]|

   @UHF iter   1:    -0.55819146981222   -5.58191e-01   4.81845e-02 ADIIS/DIIS
   @UHF iter   2:    -0.98238268438086   -4.24191e-01   2.36606e-02 ADIIS/DIIS
   @UHF iter   3:    -1.08119372914576   -9.88110e-02   9.60172e-03 ADIIS/DIIS
   @UHF iter   4:    -1.09885322605598   -1.76595e-02   1.45832e-03 ADIIS/DIIS
   @UHF iter   5:    -1.09914030142623   -2.87075e-04   1.52511e-04 ADIIS/DIIS
   @UHF iter   6:    -1.09914287141142   -2.56999e-06   2.27369e-05 DIIS
   @UHF iter   7:    -1.09914299526168   -1.23850e-07   2.80500e-06 DIIS
   @UHF iter   8:    -1.09914299716767   -1.90599e-09   5.75514e-08 DIIS
   @UHF iter   9:    -1.09914299716842   -7.49623e-13   8.23674e-10 DIIS
   @UHF iter  10:    -1.09914299716842    1.33227e-15   3.51207e-11 DIIS
   @UHF iter  11:    -1.09914299716842   -2.66454e-15   9.96724e-15 DIIS
  Energy and wave function converged.

    Wavefunction stable under totally symmetric rotations.
    Lowest totally symmetric eigenvalue: 0.386758 
    Lowest UHF->UHF stability eigenvalues: 
       A 0.386758      

    Stability analysis over.

  ==> Post-Iterations <==

   @Spin Contamination Metric:   4.440892099E-16
   @S^2 Expected:                0.000000000E+00
   @S^2 Observed:                4.440892099E-16
   @S   Expected:                0.000000000E+00
   @S   Observed:                0.000000000E+00

    Orbital Energies [Eh]
    ---------------------

    Alpha Occupied:                                                       

       1A     -0.646136  

    Alpha Virtual:                                                        

       2A      0.225893     3A      0.440646     4A      1.078165  
       5A      1.317166     6A      1.317166     7A      2.093140  
       8A      2.151244     9A      2.151244    10A      5.020340  

    Beta Occupied:                                                        

       1A     -0.646136  

    Beta Virtual:                                                         

       2A      0.225893     3A      0.440646     4A      1.078165  
       5A      1.317166     6A      1.317166     7A      2.093140  
       8A      2.151244     9A      2.151244    10A      5.020340  

    Final Occupation by Irrep:
              A 
    DOCC [     1 ]
    SOCC [     0 ]
    NA   [     1 ]
    NB   [     1 ]

  @UHF Final Energy:    -1.09914299716842

   => Energetics <=

    Nuclear Repulsion Energy =              0.9123745011551725
    One-Electron Energy =                  -2.7307635001388295
    Two-Electron Energy =                   0.7192460018152360
    Total Energy =                         -1.0991429971684210

  UHF NO Occupations:
  HONO-0 :    1  A 2.0000000
  LUNO+0 :    2  A 0.0000000
  LUNO+1 :    3  A 0.0000000
  LUNO+2 :    4  A 0.0000000
  LUNO+3 :    5  A -0.0000000


Computation Completed


Properties will be evaluated at   0.000000,   0.000000,   0.000000 [a0]

Properties computed using the SCF density matrix


 Multipole Moments:

 ------------------------------------------------------------------------------------
     Multipole            Electronic (a.u.)      Nuclear  (a.u.)        Total (a.u.)
 ------------------------------------------------------------------------------------

 L = 1.  Multiply by 2.5417464519 to convert [e a0] to [Debye]
 Dipole X            :         -0.0000000            0.0000000           -0.0000000
 Dipole Y            :          0.0000000            0.0000000            0.0000000
 Dipole Z            :          0.0000000            0.0000000            0.0000000
 Magnitude           :                                                    0.0000000

 ------------------------------------------------------------------------------------

*** tstop() called on [LOCAL_HOST]
Module time:
	user time   =        nan seconds =        nan minutes
	system time =        nan seconds =        nan minutes
	total time  =          0 seconds =       0.00 minutes
Total time:
	user time   =        nan seconds =        nan minutes
	system time =        nan seconds =        nan minutes
	total time  =         27 seconds =       0.45 minutes
