
Scratch directory: [LOCAL_PATH]
   => Libint2 <=

    Primary   basis highest AM E, G, H:  7, 6, -
    Auxiliary basis highest AM E, G, H:  7, 7, -
    Onebody   basis highest AM E, G, H:  -, -, -
    Solid Harmonics ordering:            Gaussian

*** tstart() called on [LOCAL_HOST]
*** at Mon Sep 28 20:12:04 2026

   => Loading Basis Set <=

    Name: CC-PVDZ
    Role: ORBITAL
    Keyword: BASIS
    atoms 1-2 entry H          line    22 file [LOCAL_PATH]


         ---------------------------------------------------------
                                   SCF
               by Justin Turney, Rob Parrish, Andy Simmonett
                          and Daniel G. A. Smith
                              UHF Reference
                        1 Threads,    476 MiB Core
         ---------------------------------------------------------

  ==> Geometry <==

    Molecular point group: c1
    Full point group: D_inf_h

    Geometry (in Angstrom), charge = 0, multiplicity = 1:

       Center              X                  Y                   Z               Mass       
    ------------   -----------------  -----------------  -----------------  -----------------
         H            0.000000000000     0.000000000000    -0.310000000000     1.007825032230
         H            0.000000000000     0.000000000000     0.310000000000     1.007825032230

  Running in c1 symmetry.

  Rotational constants: A = ************  B =     87.02779  C =     87.02779 [cm^-1]
  Rotational constants: A = ************  B = 2609027.60914  C = 2609027.60914 [MHz]
  Nuclear repulsion =    0.853511630112903

  Charge       = 0
  Multiplicity = 1
  Electrons    = 2
  Nalpha       = 1
  Nbeta        = 1

  ==> Algorithm <==

  SCF Algorithm Type is PK.
  DIIS enabled.
  MOM disabled.
  Fractional occupation disabled.
  Guess Type is CORE.
  Energy threshold   = 1.00e-12
  Density threshold  = 1.00e-12
  Integral threshold = 1.00e-12

  ==> Primary Basis <==

  Basis Set: CC-PVDZ
    Blend: CC-PVDZ
    Number of shells: 6
    Number of basis functions: 10
    Number of Cartesian functions: 10
    Spherical Harmonics?: true
    Max angular momentum: 1

  ==> Integral Setup <==

  Using in-core PK algorithm.
   Calculation information:
      Number of atoms:                   2
      Number of AO shells:               6
      Number of primitives:             10
      Number of atomic orbitals:        10
      Number of basis functions:        10

      Integral cutoff                 1.00e-12
      Number of threads:                 1

  Performing in-core PK
  Using 3080 doubles for integral storage.
  We computed 231 shell quartets total.
  Whereas there are 231 unique shell quartets.

  ==> DiskJK: Disk-Based J/K Matrices <==

    J tasked:                  Yes
    K tasked:                  Yes
    wK tasked:                  No
    Memory [MiB]:              357
    Schwarz Cutoff:          1E-12

    OpenMP threads:              1

  Minimum eigenvalue in the overlap matrix is 2.2441131522E-02.
  Reciprocal condition number of the overlap matrix is 7.0357626627E-03.
    Using symmetric orthogonalization.

  ==> Pre-Iterations <==

  SCF Guess: Core (One-Electron) Hamiltonian.

  Mixing beta HOMO/LUMO orbitals (1,2)
   -------------------------------------------------------
    Irrep   Nso     Nmo     Nalpha   Nbeta   Ndocc  Nsocc
   -------------------------------------------------------
     A         10      10       1       1       1       0
   -------------------------------------------------------
    Total      10      10       1       1       1       0
   -------------------------------------------------------

  ==> Iterations <==

                        Total Energy        Delta E     RMS |[F,P]|

   @UHF iter   1:    -0.60100211710707   -6.01002e-01   4.64022e-02 ADIIS/DIIS
   @UHF iter   2:    -0.99614929176043   -3.95147e-01   2.29930e-02 ADIIS/DIIS
   @UHF iter   3:    -1.09356129981739   -9.74120e-02   9.60386e-03 ADIIS/DIIS
   @UHF iter   4:    -1.11283486812792   -1.92736e-02   1.49681e-03 ADIIS/DIIS
   @UHF iter   5:    -1.11317452229882   -3.39654e-04   1.62380e-04 ADIIS/DIIS
   @UHF iter   6:    -1.11317707717492   -2.55488e-06   2.27443e-05 DIIS
   @UHF iter   7:    -1.11317721351562   -1.36341e-07   3.02523e-06 DIIS
   @UHF iter   8:    -1.11317721593139   -2.41577e-09   9.18576e-08 DIIS
   @UHF iter   9:    -1.11317721593341   -2.01483e-12   3.77397e-09 DIIS
   @UHF iter  10:    -1.11317721593341   -3.99680e-15   1.94934e-11 DIIS
   @UHF iter  11:    -1.11317721593341   -2.22045e-16   3.09303e-14 DIIS
  Energy and wave function converged.

    Wavefunction stable under totally symmetric rotations.
    Lowest totally symmetric eigenvalue: 0.356663 
    Lowest UHF->UHF stability eigenvalues: 
       A 0.356663      

    Stability analysis over.

  ==> Post-Iterations <==

   @Spin Contamination Metric:   1.998401444E-15
   @S^2 Expected:                0.000000000E+00
   @S^2 Observed:                1.998401444E-15
   @S   Expected:                0.000000000E+00
   @S   Observed:                0.000000000E+00

    Orbital Energies [Eh]
    ---------------------

    Alpha Occupied:                                                       

       1A     -0.631641  

    Alpha Virtual:                                                        

       2A      0.219233     3A      0.450304     4A      1.037790  
       5A      1.310066     6A      1.310066     7A      2.062763  
       8A      2.124688     9A      2.124688    10A      4.593655  

    Beta Occupied:                                                        

       1A     -0.631641  

    Beta Virtual:                                                         

       2A      0.219233     3A      0.450304     4A      1.037790  
       5A      1.310066     6A      1.310066     7A      2.062763  
       8A      2.124688     9A      2.124688    10A      4.593655  

    Final Occupation by Irrep:
              A 
    DOCC [     1 ]
    SOCC [     0 ]
    NA   [     1 ]
    NB   [     1 ]

  @UHF Final Energy:    -1.11317721593341

   => Energetics <=

    Nuclear Repulsion Energy =              0.8535116301129032
    One-Electron Energy =                  -2.6700960604558581
    Two-Electron Energy =                   0.7034072144095448
    Total Energy =                         -1.1131772159334101

  UHF NO Occupations:
  HONO-0 :    1  A 2.0000000
  LUNO+0 :    2  A 0.0000000
  LUNO+1 :    3  A 0.0000000
  LUNO+2 :    4  A 0.0000000
  LUNO+3 :    5  A 0.0000000


Computation Completed


Properties will be evaluated at   0.000000,   0.000000,   0.000000 [a0]

Properties computed using the SCF density matrix


 Multipole Moments:

 ------------------------------------------------------------------------------------
     Multipole            Electronic (a.u.)      Nuclear  (a.u.)        Total (a.u.)
 ------------------------------------------------------------------------------------

 L = 1.  Multiply by 2.5417464519 to convert [e a0] to [Debye]
 Dipole X            :         -0.0000000            0.0000000           -0.0000000
 Dipole Y            :         -0.0000000            0.0000000           -0.0000000
 Dipole Z            :          0.0000000            0.0000000            0.0000000
 Magnitude           :                                                    0.0000000

 ------------------------------------------------------------------------------------

*** tstop() called on [LOCAL_HOST]
Module time:
	user time   =        nan seconds =        nan minutes
	system time =        nan seconds =        nan minutes
	total time  =          1 seconds =       0.02 minutes
Total time:
	user time   =        nan seconds =        nan minutes
	system time =        nan seconds =        nan minutes
	total time  =         29 seconds =       0.48 minutes
