
Scratch directory: [LOCAL_PATH]
   => Libint2 <=

    Primary   basis highest AM E, G, H:  7, 6, -
    Auxiliary basis highest AM E, G, H:  7, 7, -
    Onebody   basis highest AM E, G, H:  -, -, -
    Solid Harmonics ordering:            Gaussian

*** tstart() called on [LOCAL_HOST]
*** at Mon Sep 28 20:12:06 2026

   => Loading Basis Set <=

    Name: CC-PVDZ
    Role: ORBITAL
    Keyword: BASIS
    atoms 1-2 entry H          line    22 file [LOCAL_PATH]


         ---------------------------------------------------------
                                   SCF
               by Justin Turney, Rob Parrish, Andy Simmonett
                          and Daniel G. A. Smith
                              UHF Reference
                        1 Threads,    476 MiB Core
         ---------------------------------------------------------

  ==> Geometry <==

    Molecular point group: c1
    Full point group: D_inf_h

    Geometry (in Angstrom), charge = 0, multiplicity = 1:

       Center              X                  Y                   Z               Mass       
    ------------   -----------------  -----------------  -----------------  -----------------
         H            0.000000000000     0.000000000000    -0.330000000000     1.007825032230
         H            0.000000000000     0.000000000000     0.330000000000     1.007825032230

  Running in c1 symmetry.

  Rotational constants: A = ************  B =     76.79863  C =     76.79863 [cm^-1]
  Rotational constants: A = ************  B = 2302365.04351  C = 2302365.04351 [MHz]
  Nuclear repulsion =    0.801783652530303

  Charge       = 0
  Multiplicity = 1
  Electrons    = 2
  Nalpha       = 1
  Nbeta        = 1

  ==> Algorithm <==

  SCF Algorithm Type is PK.
  DIIS enabled.
  MOM disabled.
  Fractional occupation disabled.
  Guess Type is CORE.
  Energy threshold   = 1.00e-12
  Density threshold  = 1.00e-12
  Integral threshold = 1.00e-12

  ==> Primary Basis <==

  Basis Set: CC-PVDZ
    Blend: CC-PVDZ
    Number of shells: 6
    Number of basis functions: 10
    Number of Cartesian functions: 10
    Spherical Harmonics?: true
    Max angular momentum: 1

  ==> Integral Setup <==

  Using in-core PK algorithm.
   Calculation information:
      Number of atoms:                   2
      Number of AO shells:               6
      Number of primitives:             10
      Number of atomic orbitals:        10
      Number of basis functions:        10

      Integral cutoff                 1.00e-12
      Number of threads:                 1

  Performing in-core PK
  Using 3080 doubles for integral storage.
  We computed 231 shell quartets total.
  Whereas there are 231 unique shell quartets.

  ==> DiskJK: Disk-Based J/K Matrices <==

    J tasked:                  Yes
    K tasked:                  Yes
    wK tasked:                  No
    Memory [MiB]:              357
    Schwarz Cutoff:          1E-12

    OpenMP threads:              1

  Minimum eigenvalue in the overlap matrix is 2.7756406518E-02.
  Reciprocal condition number of the overlap matrix is 8.7688945808E-03.
    Using symmetric orthogonalization.

  ==> Pre-Iterations <==

  SCF Guess: Core (One-Electron) Hamiltonian.

  Mixing beta HOMO/LUMO orbitals (1,2)
   -------------------------------------------------------
    Irrep   Nso     Nmo     Nalpha   Nbeta   Ndocc  Nsocc
   -------------------------------------------------------
     A         10      10       1       1       1       0
   -------------------------------------------------------
    Total      10      10       1       1       1       0
   -------------------------------------------------------

  ==> Iterations <==

                        Total Energy        Delta E     RMS |[F,P]|

   @UHF iter   1:    -0.63818661006422   -6.38187e-01   4.46717e-02 ADIIS/DIIS
   @UHF iter   2:    -1.00550683555082   -3.67320e-01   2.22752e-02 ADIIS/DIIS
   @UHF iter   3:    -1.10075417885654   -9.52473e-02   9.56395e-03 ADIIS/DIIS
   @UHF iter   4:    -1.12160784167837   -2.08537e-02   1.58283e-03 ADIIS/DIIS
   @UHF iter   5:    -1.12204433820378   -4.36497e-04   1.78960e-04 ADIIS/DIIS
   @UHF iter   6:    -1.12204709940034   -2.76120e-06   2.18375e-05 DIIS
   @UHF iter   7:    -1.12204723609076   -1.36690e-07   3.41487e-06 DIIS
   @UHF iter   8:    -1.12204723947007   -3.37931e-09   1.09821e-07 DIIS
   @UHF iter   9:    -1.12204723947294   -2.86704e-12   8.32131e-09 DIIS
   @UHF iter  10:    -1.12204723947295   -1.84297e-14   5.31557e-11 DIIS
   @UHF iter  11:    -1.12204723947295    4.44089e-16   1.65067e-13 DIIS
  Energy and wave function converged.

    Wavefunction stable under totally symmetric rotations.
    Lowest totally symmetric eigenvalue: 0.327020 
    Lowest UHF->UHF stability eigenvalues: 
       A 0.327020      

    Stability analysis over.

  ==> Post-Iterations <==

   @Spin Contamination Metric:  -3.108624469E-15
   @S^2 Expected:                0.000000000E+00
   @S^2 Observed:               -3.108624469E-15
   @S   Expected:                0.000000000E+00
   @S   Observed:                0.000000000E+00

    Orbital Energies [Eh]
    ---------------------

    Alpha Occupied:                                                       

       1A     -0.617881  

    Alpha Virtual:                                                        

       2A      0.212255     3A      0.459992     4A      1.000973  
       5A      1.303580     6A      1.303580     7A      2.029882  
       8A      2.097798     9A      2.097798    10A      4.211455  

    Beta Occupied:                                                        

       1A     -0.617881  

    Beta Virtual:                                                         

       2A      0.212255     3A      0.459992     4A      1.000973  
       5A      1.303580     6A      1.303580     7A      2.029882  
       8A      2.097798     9A      2.097798    10A      4.211455  

    Final Occupation by Irrep:
              A 
    DOCC [     1 ]
    SOCC [     0 ]
    NA   [     1 ]
    NB   [     1 ]

  @UHF Final Energy:    -1.12204723947295

   => Energetics <=

    Nuclear Repulsion Energy =              0.8017836525303030
    One-Electron Energy =                  -2.6118988583267395
    Two-Electron Energy =                   0.6880679663234825
    Total Energy =                         -1.1220472394729539

  UHF NO Occupations:
  HONO-0 :    1  A 2.0000000
  LUNO+0 :    2  A 0.0000000
  LUNO+1 :    3  A 0.0000000
  LUNO+2 :    4  A 0.0000000
  LUNO+3 :    5  A -0.0000000


Computation Completed


Properties will be evaluated at   0.000000,   0.000000,   0.000000 [a0]

Properties computed using the SCF density matrix


 Multipole Moments:

 ------------------------------------------------------------------------------------
     Multipole            Electronic (a.u.)      Nuclear  (a.u.)        Total (a.u.)
 ------------------------------------------------------------------------------------

 L = 1.  Multiply by 2.5417464519 to convert [e a0] to [Debye]
 Dipole X            :          0.0000000            0.0000000            0.0000000
 Dipole Y            :          0.0000000            0.0000000            0.0000000
 Dipole Z            :          0.0000000            0.0000000            0.0000000
 Magnitude           :                                                    0.0000000

 ------------------------------------------------------------------------------------

*** tstop() called on [LOCAL_HOST]
Module time:
	user time   =        nan seconds =        nan minutes
	system time =        nan seconds =        nan minutes
	total time  =          0 seconds =       0.00 minutes
Total time:
	user time   =        nan seconds =        nan minutes
	system time =        nan seconds =        nan minutes
	total time  =         30 seconds =       0.50 minutes
