
Scratch directory: [LOCAL_PATH]
   => Libint2 <=

    Primary   basis highest AM E, G, H:  7, 6, -
    Auxiliary basis highest AM E, G, H:  7, 7, -
    Onebody   basis highest AM E, G, H:  -, -, -
    Solid Harmonics ordering:            Gaussian

*** tstart() called on [LOCAL_HOST]
*** at Mon Sep 28 20:12:05 2026

   => Loading Basis Set <=

    Name: CC-PVDZ
    Role: ORBITAL
    Keyword: BASIS
    atoms 1-2 entry H          line    22 file [LOCAL_PATH]


         ---------------------------------------------------------
                                   SCF
               by Justin Turney, Rob Parrish, Andy Simmonett
                          and Daniel G. A. Smith
                              RHF Reference
                        1 Threads,    476 MiB Core
         ---------------------------------------------------------

  ==> Geometry <==

    Molecular point group: c1
    Full point group: D_inf_h

    Geometry (in Angstrom), charge = 0, multiplicity = 1:

       Center              X                  Y                   Z               Mass       
    ------------   -----------------  -----------------  -----------------  -----------------
         H            0.000000000000     0.000000000000    -0.330000000000     1.007825032230
         H            0.000000000000     0.000000000000     0.330000000000     1.007825032230

  Running in c1 symmetry.

  Rotational constants: A = ************  B =     76.79863  C =     76.79863 [cm^-1]
  Rotational constants: A = ************  B = 2302365.04351  C = 2302365.04351 [MHz]
  Nuclear repulsion =    0.801783652530303

  Charge       = 0
  Multiplicity = 1
  Electrons    = 2
  Nalpha       = 1
  Nbeta        = 1

  ==> Algorithm <==

  SCF Algorithm Type is PK.
  DIIS enabled.
  MOM disabled.
  Fractional occupation disabled.
  Guess Type is CORE.
  Energy threshold   = 1.00e-12
  Density threshold  = 1.00e-12
  Integral threshold = 1.00e-12

  ==> Primary Basis <==

  Basis Set: CC-PVDZ
    Blend: CC-PVDZ
    Number of shells: 6
    Number of basis functions: 10
    Number of Cartesian functions: 10
    Spherical Harmonics?: true
    Max angular momentum: 1

  ==> Integral Setup <==

  Using in-core PK algorithm.
   Calculation information:
      Number of atoms:                   2
      Number of AO shells:               6
      Number of primitives:             10
      Number of atomic orbitals:        10
      Number of basis functions:        10

      Integral cutoff                 1.00e-12
      Number of threads:                 1

  Performing in-core PK
  Using 3080 doubles for integral storage.
  We computed 231 shell quartets total.
  Whereas there are 231 unique shell quartets.

  ==> DiskJK: Disk-Based J/K Matrices <==

    J tasked:                  Yes
    K tasked:                  Yes
    wK tasked:                  No
    Memory [MiB]:              357
    Schwarz Cutoff:          1E-12

    OpenMP threads:              1

  Minimum eigenvalue in the overlap matrix is 2.7756406518E-02.
  Reciprocal condition number of the overlap matrix is 8.7688945808E-03.
    Using symmetric orthogonalization.

  ==> Pre-Iterations <==

  SCF Guess: Core (One-Electron) Hamiltonian.

   -------------------------------------------------------
    Irrep   Nso     Nmo     Nalpha   Nbeta   Ndocc  Nsocc
   -------------------------------------------------------
     A         10      10       1       1       1       0
   -------------------------------------------------------
    Total      10      10       1       1       1       0
   -------------------------------------------------------

  ==> Iterations <==

                        Total Energy        Delta E     RMS |[F,P]|

   @RHF iter   1:    -1.06841483236444   -1.06841e+00   2.27211e-02 ADIIS/DIIS
   @RHF iter   2:    -1.12004437394729   -5.16295e-02   4.27399e-03 ADIIS/DIIS
   @RHF iter   3:    -1.12204376446349   -1.99939e-03   2.36806e-04 ADIIS/DIIS
   @RHF iter   4:    -1.12204720205780   -3.43759e-06   1.82727e-05 DIIS
   @RHF iter   5:    -1.12204723947271   -3.74149e-08   4.61592e-08 DIIS
   @RHF iter   6:    -1.12204723947296   -2.41362e-13   5.22925e-11 DIIS
   @RHF iter   7:    -1.12204723947295    3.10862e-15   3.87853e-14 DIIS
  Energy and wave function converged.

    SO Integrals not on disk. Computing...done.
	Presorting SO-basis two-electron integrals.
	Sorting File: SO Ints (nn|nn) nbuckets = 1
	Constructing frozen core operators
	Starting first half-transformation.
	Sorting half-transformed integrals.
	First half integral transformation complete.
	Starting second half-transformation.
	Two-electron integral transformation complete.
	Starting first half-transformation.
	Sorting half-transformed integrals.
	First half integral transformation complete.
	Starting second half-transformation.
	Two-electron integral transformation complete.
    Lowest singlet (RHF->RHF) stability eigenvalues:
       A 0.591258         A 0.873290         A 1.388448         A 1.637773  
       A 1.637773      

    Lowest triplet (RHF->UHF) stability eigenvalues:
       A 0.327020         A 0.532853         A 0.956170         A 1.124099  
       A 1.124099      


  ==> Post-Iterations <==

    Orbital Energies [Eh]
    ---------------------

    Doubly Occupied:                                                      

       1A     -0.617881  

    Virtual:                                                              

       2A      0.212255     3A      0.459992     4A      1.000973  
       5A      1.303580     6A      1.303580     7A      2.029882  
       8A      2.097798     9A      2.097798    10A      4.211455  

    Final Occupation by Irrep:
              A 
    DOCC [     1 ]
    NA   [     1 ]
    NB   [     1 ]

  @RHF Final Energy:    -1.12204723947295

   => Energetics <=

    Nuclear Repulsion Energy =              0.8017836525303030
    One-Electron Energy =                  -2.6118988583263785
    Two-Electron Energy =                   0.6880679663231228
    Total Energy =                         -1.1220472394729526

Computation Completed


Properties will be evaluated at   0.000000,   0.000000,   0.000000 [a0]

Properties computed using the SCF density matrix


 Multipole Moments:

 ------------------------------------------------------------------------------------
     Multipole            Electronic (a.u.)      Nuclear  (a.u.)        Total (a.u.)
 ------------------------------------------------------------------------------------

 L = 1.  Multiply by 2.5417464519 to convert [e a0] to [Debye]
 Dipole X            :          0.0000000            0.0000000            0.0000000
 Dipole Y            :          0.0000000            0.0000000            0.0000000
 Dipole Z            :          0.0000000            0.0000000            0.0000000
 Magnitude           :                                                    0.0000000

 ------------------------------------------------------------------------------------

*** tstop() called on [LOCAL_HOST]
Module time:
	user time   =        nan seconds =        nan minutes
	system time =        nan seconds =        nan minutes
	total time  =          0 seconds =       0.00 minutes
Total time:
	user time   =        nan seconds =        nan minutes
	system time =        nan seconds =        nan minutes
	total time  =         29 seconds =       0.48 minutes
