
Scratch directory: [LOCAL_PATH]
   => Libint2 <=

    Primary   basis highest AM E, G, H:  7, 6, -
    Auxiliary basis highest AM E, G, H:  7, 7, -
    Onebody   basis highest AM E, G, H:  -, -, -
    Solid Harmonics ordering:            Gaussian

*** tstart() called on [LOCAL_HOST]
*** at Mon Sep 28 20:12:10 2026

   => Loading Basis Set <=

    Name: CC-PVDZ
    Role: ORBITAL
    Keyword: BASIS
    atoms 1-2 entry H          line    22 file [LOCAL_PATH]


         ---------------------------------------------------------
                                   SCF
               by Justin Turney, Rob Parrish, Andy Simmonett
                          and Daniel G. A. Smith
                              UHF Reference
                        1 Threads,    476 MiB Core
         ---------------------------------------------------------

  ==> Geometry <==

    Molecular point group: c1
    Full point group: D_inf_h

    Geometry (in Angstrom), charge = 0, multiplicity = 1:

       Center              X                  Y                   Z               Mass       
    ------------   -----------------  -----------------  -----------------  -----------------
         H            0.000000000000     0.000000000000    -0.390000000000     1.007825032230
         H            0.000000000000     0.000000000000     0.390000000000     1.007825032230

  Running in c1 symmetry.

  Rotational constants: A = ************  B =     54.98600  C =     54.98600 [cm^-1]
  Rotational constants: A = ************  B = 1648438.87731  C = 1648438.87731 [MHz]
  Nuclear repulsion =    0.678432321371795

  Charge       = 0
  Multiplicity = 1
  Electrons    = 2
  Nalpha       = 1
  Nbeta        = 1

  ==> Algorithm <==

  SCF Algorithm Type is PK.
  DIIS enabled.
  MOM disabled.
  Fractional occupation disabled.
  Guess Type is CORE.
  Energy threshold   = 1.00e-12
  Density threshold  = 1.00e-12
  Integral threshold = 1.00e-12

  ==> Primary Basis <==

  Basis Set: CC-PVDZ
    Blend: CC-PVDZ
    Number of shells: 6
    Number of basis functions: 10
    Number of Cartesian functions: 10
    Spherical Harmonics?: true
    Max angular momentum: 1

  ==> Integral Setup <==

  Using in-core PK algorithm.
   Calculation information:
      Number of atoms:                   2
      Number of AO shells:               6
      Number of primitives:             10
      Number of atomic orbitals:        10
      Number of basis functions:        10

      Integral cutoff                 1.00e-12
      Number of threads:                 1

  Performing in-core PK
  Using 3080 doubles for integral storage.
  We computed 231 shell quartets total.
  Whereas there are 231 unique shell quartets.

  ==> DiskJK: Disk-Based J/K Matrices <==

    J tasked:                  Yes
    K tasked:                  Yes
    wK tasked:                  No
    Memory [MiB]:              357
    Schwarz Cutoff:          1E-12

    OpenMP threads:              1

  Minimum eigenvalue in the overlap matrix is 5.4658224531E-02.
  Reciprocal condition number of the overlap matrix is 1.7730458126E-02.
    Using symmetric orthogonalization.

  ==> Pre-Iterations <==

  SCF Guess: Core (One-Electron) Hamiltonian.

  Mixing beta HOMO/LUMO orbitals (1,2)
   -------------------------------------------------------
    Irrep   Nso     Nmo     Nalpha   Nbeta   Ndocc  Nsocc
   -------------------------------------------------------
     A         10      10       1       1       1       0
   -------------------------------------------------------
    Total      10      10       1       1       1       0
   -------------------------------------------------------

  ==> Iterations <==

                        Total Energy        Delta E     RMS |[F,P]|

   @UHF iter   1:    -0.72577580455023   -7.25776e-01   3.97946e-02 ADIIS/DIIS
   @UHF iter   2:    -1.01746877935804   -2.91693e-01   1.99124e-02 ADIIS/DIIS
   @UHF iter   3:    -1.10225366226556   -8.47849e-02   9.16312e-03 ADIIS/DIIS
   @UHF iter   4:    -1.12685119072023   -2.45975e-02   2.06281e-03 ADIIS/DIIS
   @UHF iter   5:    -1.12803541695988   -1.18423e-03   3.33178e-04 ADIIS/DIIS
   @UHF iter   6:    -1.12805768315574   -2.22662e-05   1.16444e-05 DIIS
   @UHF iter   7:    -1.12805769549332   -1.23376e-08   4.70234e-06 DIIS
   @UHF iter   8:    -1.12805770427829   -8.78498e-09   2.29711e-07 DIIS
   @UHF iter   9:    -1.12805770429322   -1.49256e-11   5.94659e-09 DIIS
   @UHF iter  10:    -1.12805770429321    1.99840e-15   2.90007e-09 DIIS
   @UHF iter  11:    -1.12805770429322   -4.44089e-15   9.91579e-14 DIIS
  Energy and wave function converged.

    Wavefunction stable under totally symmetric rotations.
    Lowest totally symmetric eigenvalue: 0.241628 
    Lowest UHF->UHF stability eigenvalues: 
       A 0.241628      

    Stability analysis over.

  ==> Post-Iterations <==

   @Spin Contamination Metric:   2.220446049E-16
   @S^2 Expected:                0.000000000E+00
   @S^2 Observed:                2.220446049E-16
   @S   Expected:                0.000000000E+00
   @S   Observed:                0.000000000E+00

    Orbital Energies [Eh]
    ---------------------

    Alpha Occupied:                                                       

       1A     -0.580617  

    Alpha Virtual:                                                        

       2A      0.189649     3A      0.488898     4A      0.909801  
       5A      1.288927     6A      1.288927     7A      1.917451  
       8A      2.016361     9A      2.016361    10A      3.388593  

    Beta Occupied:                                                        

       1A     -0.580617  

    Beta Virtual:                                                         

       2A      0.189649     3A      0.488898     4A      0.909801  
       5A      1.288927     6A      1.288927     7A      1.917451  
       8A      2.016361     9A      2.016361    10A      3.388593  

    Final Occupation by Irrep:
              A 
    DOCC [     1 ]
    SOCC [     0 ]
    NA   [     1 ]
    NB   [     1 ]

  @UHF Final Energy:    -1.12805770429322

   => Energetics <=

    Nuclear Repulsion Energy =              0.6784323213717949
    One-Electron Energy =                  -2.4517468586008375
    Two-Electron Energy =                   0.6452568329358240
    Total Energy =                         -1.1280577042932185

  UHF NO Occupations:
  HONO-0 :    1  A 2.0000000
  LUNO+0 :    2  A 0.0000000
  LUNO+1 :    3  A 0.0000000
  LUNO+2 :    4  A 0.0000000
  LUNO+3 :    5  A -0.0000000


Computation Completed


Properties will be evaluated at   0.000000,   0.000000,   0.000000 [a0]

Properties computed using the SCF density matrix


 Multipole Moments:

 ------------------------------------------------------------------------------------
     Multipole            Electronic (a.u.)      Nuclear  (a.u.)        Total (a.u.)
 ------------------------------------------------------------------------------------

 L = 1.  Multiply by 2.5417464519 to convert [e a0] to [Debye]
 Dipole X            :         -0.0000000            0.0000000           -0.0000000
 Dipole Y            :         -0.0000000            0.0000000           -0.0000000
 Dipole Z            :         -0.0000000            0.0000000           -0.0000000
 Magnitude           :                                                    0.0000000

 ------------------------------------------------------------------------------------

*** tstop() called on [LOCAL_HOST]
Module time:
	user time   =        nan seconds =        nan minutes
	system time =        nan seconds =        nan minutes
	total time  =          0 seconds =       0.00 minutes
Total time:
	user time   =        nan seconds =        nan minutes
	system time =        nan seconds =        nan minutes
	total time  =         34 seconds =       0.57 minutes
