
Scratch directory: [LOCAL_PATH]
   => Libint2 <=

    Primary   basis highest AM E, G, H:  7, 6, -
    Auxiliary basis highest AM E, G, H:  7, 7, -
    Onebody   basis highest AM E, G, H:  -, -, -
    Solid Harmonics ordering:            Gaussian

*** tstart() called on [LOCAL_HOST]
*** at Mon Sep 28 20:12:12 2026

   => Loading Basis Set <=

    Name: CC-PVDZ
    Role: ORBITAL
    Keyword: BASIS
    atoms 1-2 entry H          line    22 file [LOCAL_PATH]


         ---------------------------------------------------------
                                   SCF
               by Justin Turney, Rob Parrish, Andy Simmonett
                          and Daniel G. A. Smith
                              RHF Reference
                        1 Threads,    476 MiB Core
         ---------------------------------------------------------

  ==> Geometry <==

    Molecular point group: c1
    Full point group: D_inf_h

    Geometry (in Angstrom), charge = 0, multiplicity = 1:

       Center              X                  Y                   Z               Mass       
    ------------   -----------------  -----------------  -----------------  -----------------
         H            0.000000000000     0.000000000000    -0.470000000000     1.007825032230
         H            0.000000000000     0.000000000000     0.470000000000     1.007825032230

  Running in c1 symmetry.

  Rotational constants: A = ************  B =     37.86044  C =     37.86044 [cm^-1]
  Rotational constants: A = ************  B = 1135027.40262  C = 1135027.40262 [MHz]
  Nuclear repulsion =    0.562954479436170

  Charge       = 0
  Multiplicity = 1
  Electrons    = 2
  Nalpha       = 1
  Nbeta        = 1

  ==> Algorithm <==

  SCF Algorithm Type is PK.
  DIIS enabled.
  MOM disabled.
  Fractional occupation disabled.
  Guess Type is CORE.
  Energy threshold   = 1.00e-12
  Density threshold  = 1.00e-12
  Integral threshold = 1.00e-12

  ==> Primary Basis <==

  Basis Set: CC-PVDZ
    Blend: CC-PVDZ
    Number of shells: 6
    Number of basis functions: 10
    Number of Cartesian functions: 10
    Spherical Harmonics?: true
    Max angular momentum: 1

  ==> Integral Setup <==

  Using in-core PK algorithm.
   Calculation information:
      Number of atoms:                   2
      Number of AO shells:               6
      Number of primitives:             10
      Number of atomic orbitals:        10
      Number of basis functions:        10

      Integral cutoff                 1.00e-12
      Number of threads:                 1

  Performing in-core PK
  Using 3080 doubles for integral storage.
  We computed 231 shell quartets total.
  Whereas there are 231 unique shell quartets.

  ==> DiskJK: Disk-Based J/K Matrices <==

    J tasked:                  Yes
    K tasked:                  Yes
    wK tasked:                  No
    Memory [MiB]:              357
    Schwarz Cutoff:          1E-12

    OpenMP threads:              1

  Minimum eigenvalue in the overlap matrix is 1.0394038397E-01.
  Reciprocal condition number of the overlap matrix is 3.5214916230E-02.
    Using symmetric orthogonalization.

  ==> Pre-Iterations <==

  SCF Guess: Core (One-Electron) Hamiltonian.

   -------------------------------------------------------
    Irrep   Nso     Nmo     Nalpha   Nbeta   Ndocc  Nsocc
   -------------------------------------------------------
     A         10      10       1       1       1       0
   -------------------------------------------------------
    Total      10      10       1       1       1       0
   -------------------------------------------------------

  ==> Iterations <==

                        Total Energy        Delta E     RMS |[F,P]|

   @RHF iter   1:    -1.05907247842212   -1.05907e+00   2.16523e-02 ADIIS/DIIS
   @RHF iter   2:    -1.10870967173377   -4.96372e-02   3.85491e-03 ADIIS/DIIS
   @RHF iter   3:    -1.11037258689802   -1.66292e-03   1.87747e-04 ADIIS/DIIS
   @RHF iter   4:    -1.11037490995871   -2.32306e-06   1.06769e-05 DIIS
   @RHF iter   5:    -1.11037492301258   -1.30539e-08   1.66812e-08 DIIS
   @RHF iter   6:    -1.11037492301262   -3.30846e-14   1.24579e-11 DIIS
   @RHF iter   7:    -1.11037492301261    1.99840e-15   5.99509e-15 DIIS
  Energy and wave function converged.


  ==> Post-Iterations <==

    Orbital Energies [Eh]
    ---------------------

    Doubly Occupied:                                                      

       1A     -0.538806  

    Virtual:                                                              

       2A      0.156536     3A      0.526140     4A      0.820993  
       5A      1.284032     6A      1.284032     7A      1.745669  
       8A      1.909865     9A      1.909865    10A      2.852705  

    Final Occupation by Irrep:
              A 
    DOCC [     1 ]
    NA   [     1 ]
    NB   [     1 ]

  @RHF Final Energy:    -1.11037492301261

   => Energetics <=

    Nuclear Repulsion Energy =              0.5629544794361703
    One-Electron Energy =                  -2.2690477546614662
    Two-Electron Energy =                   0.5957183522126825
    Total Energy =                         -1.1103749230126134

Computation Completed


Properties will be evaluated at   0.000000,   0.000000,   0.000000 [a0]

Properties computed using the SCF density matrix


 Multipole Moments:

 ------------------------------------------------------------------------------------
     Multipole            Electronic (a.u.)      Nuclear  (a.u.)        Total (a.u.)
 ------------------------------------------------------------------------------------

 L = 1.  Multiply by 2.5417464519 to convert [e a0] to [Debye]
 Dipole X            :         -0.0000000            0.0000000           -0.0000000
 Dipole Y            :          0.0000000            0.0000000            0.0000000
 Dipole Z            :         -0.0000000            0.0000000           -0.0000000
 Magnitude           :                                                    0.0000000

 ------------------------------------------------------------------------------------

*** tstop() called on [LOCAL_HOST]
Module time:
	user time   =        nan seconds =        nan minutes
	system time =        nan seconds =        nan minutes
	total time  =          0 seconds =       0.00 minutes
Total time:
	user time   =        nan seconds =        nan minutes
	system time =        nan seconds =        nan minutes
	total time  =         36 seconds =       0.60 minutes
 MINTS: Wrapper to libmints.
   by Justin Turney

   Calculation information:
      Number of threads:                 1
      Number of atoms:                   2
      Number of AO shells:               6
      Number of SO shells:               6
      Number of primitives:             10
      Number of atomic orbitals:        10
      Number of basis functions:        10

      Number of irreps:                  1
      Integral cutoff                 1.00e-12
      Number of functions per irrep: [  10 ]

 OEINTS: Overlap, kinetic, potential, dipole, and quadrupole integrals
         stored in file 35.

      Computing two-electron integrals...done
      Computed 512 non-zero two-electron integrals.
        Stored in file 33.


         ---------------------------------------------------------
                          Configuration Interaction
                            (a 'D E T C I' module)

                 C. David Sherrill, Daniel G. A. Smith, and
                              Matt L. Leininger
         ---------------------------------------------------------


   ==> Parameters <==

    EX LEVEL       =        2      H0 BLOCKSIZE  =     1000
    VAL EX LEVEL   =        0      H0 GUESS SIZE =     1000
    H0COUPLINGSIZE =        0      H0 COUPLING   =       NO
    MAXITER        =      100      NUM PRINT     =       20
    NUM ROOTS      =        1      ICORE         =        1
    PRINT LVL      =        1      FCI           =      YES
    R CONV         = 1.00e-10      MIXED         =      YES
    E CONV         = 1.00e-12      MIXED4        =      YES
    R4S            =       NO      REPL OTF      =       NO
    DIAG METHOD    =      SEM      FOLLOW ROOT   =        0
    PRECONDITIONER = DAVIDSON      UPDATE        = DAVIDSON
    S              =   0.0000      Ms0           =      YES
    GUESS VECTOR   =  H0BLOCK      OPENTYPE      =     NONE
    COLLAPSE SIZE  =        1      HD AVG        = EVANGELISTI
    MAX NUM VECS   =      101      REF SYM       =     AUTO
    IOPEN        =       NO

    EX ALLOW       =  1  1 
    STATE AVERAGE  =  0(1.00) 

   ==> CI Orbital and Space information <==

   ------------------------------------
               Space    Total     A
   ------------------------------------
                 Nso       10    10
                 Nmo       10    10
               Ndocc        1     1
               Nsocc        0     0
   ------------------------------------
              CI Spaces
   ------------------------------------
        Dropped DOCC        0     0
              Active       10    10
        Dropped UOCC        0     0
   ------------------------------------

   ==> Setting up CI strings <==

    There are 10 alpha and 10 beta strings
    The CI space requires 100 (1.00E+02) determinants and 1 blocks

   ==> Transforming CI integrals <==

	Presorting SO-basis two-electron integrals.
	Sorting File: SO Ints (nn|nn) nbuckets = 1
	Constructing frozen core operators
	Starting first half-transformation.
	Sorting half-transformed integrals.
	First half integral transformation complete.
	Starting second half-transformation.
	Two-electron integral transformation complete.

   ==> Starting CI iterations <==

    H0 Block Eigenvalue =  -1.11687909

    Simultaneous Expansion Method (Block Davidson Method)
    Using 1 initial trial vectors

     Iter   Root       Total Energy       Delta E      C RMS

   @CI  0:     0     -1.116879087598   -1.6798E+00   2.7007E-01  
   @CI  1:     0     -1.148030515048   -3.1151E-02   4.4458E-02  
   @CI  2:     0     -1.148889580499   -8.5907E-04   6.7908E-03  
   @CI  3:     0     -1.148914862791   -2.5282E-05   1.0653E-03  
   @CI  4:     0     -1.148915289987   -4.2720E-07   7.9675E-05  
   @CI  5:     0     -1.148915293194   -3.2075E-09   8.2273E-06  
   @CI  6:     0     -1.148915293229   -3.4204E-11   1.0924E-06  
   @CI  7:     0     -1.148915293229   -5.3002E-13   9.7085E-08  
    Warning: Norm of correction (root 0) is < 1.0E-13
   @CI  8:     0     -1.148915293229   -4.8850E-15   4.6759E-09  
    Warning: Norm of correction (root 0) is < 1.0E-13
   @CI  9:     0     -1.148915293229   -4.4409E-16   1.6932E-10  
    Warning: Norm of correction (root 0) is < 1.0E-13
   @CI 10:     0     -1.148915293229   2.2204E-16   6.8307E-12 c

   ==> Energetics <==

    SCF energy =           -1.110374923012613
    Total CI energy =      -1.148915293229125

   ==> FCI root 0 information <==

    FCI Root 0 energy =    -1.148915293229125

   The 20 most important determinants:

    *   1   -0.987457  (    0,    0)  1AX 
    *   2    0.090671  (    1,    1)  2AX 
    *   3    0.061359  (    1,    3)  2AA 4AB 
    *   4    0.061359  (    3,    1)  2AB 4AA 
    *   5    0.053314  (    3,    3)  4AX 
    *   6    0.048906  (    2,    2)  3AX 
    *   7    0.034713  (    5,    5)  6AX 
    *   8    0.034713  (    4,    4)  5AX 
    *   9    0.016462  (    6,    6)  7AX 
    *  10   -0.014056  (    2,    6)  3AA 7AB 
    *  11   -0.014056  (    6,    2)  3AB 7AA 
    *  12   -0.011348  (    0,    2)  1AA 3AB 
    *  13   -0.011348  (    2,    0)  1AB 3AA 
    *  14    0.009847  (    3,    9)  4AA 10AB 
    *  15    0.009847  (    9,    3)  4AB 10AA 
    *  16    0.008980  (    7,    7)  8AX 
    *  17    0.008980  (    8,    8)  9AX 
    *  18    0.007661  (    1,    9)  2AA 10AB 
    *  19    0.007661  (    9,    1)  2AB 10AA 
    *  20   -0.006948  (    0,    6)  1AA 7AB 

		 "A good bug is a dead bug" 

			 - Starship Troopers

		 "I didn't write FORTRAN.  That's the problem."

			 - Edward Valeev
