
Scratch directory: [LOCAL_PATH]
   => Libint2 <=

    Primary   basis highest AM E, G, H:  7, 6, -
    Auxiliary basis highest AM E, G, H:  7, 7, -
    Onebody   basis highest AM E, G, H:  -, -, -
    Solid Harmonics ordering:            Gaussian

*** tstart() called on [LOCAL_HOST]
*** at Mon Sep 28 20:12:11 2026

   => Loading Basis Set <=

    Name: CC-PVDZ
    Role: ORBITAL
    Keyword: BASIS
    atoms 1-2 entry H          line    22 file [LOCAL_PATH]


         ---------------------------------------------------------
                                   SCF
               by Justin Turney, Rob Parrish, Andy Simmonett
                          and Daniel G. A. Smith
                              UHF Reference
                        1 Threads,    476 MiB Core
         ---------------------------------------------------------

  ==> Geometry <==

    Molecular point group: c1
    Full point group: D_inf_h

    Geometry (in Angstrom), charge = 0, multiplicity = 1:

       Center              X                  Y                   Z               Mass       
    ------------   -----------------  -----------------  -----------------  -----------------
         H            0.000000000000     0.000000000000    -0.410000000000     1.007825032230
         H            0.000000000000     0.000000000000     0.410000000000     1.007825032230

  Running in c1 symmetry.

  Rotational constants: A = ************  B =     49.75236  C =     49.75236 [cm^-1]
  Rotational constants: A = ************  B = 1491538.09184  C = 1491538.09184 [MHz]
  Nuclear repulsion =    0.645338061792683

  Charge       = 0
  Multiplicity = 1
  Electrons    = 2
  Nalpha       = 1
  Nbeta        = 1

  ==> Algorithm <==

  SCF Algorithm Type is PK.
  DIIS enabled.
  MOM disabled.
  Fractional occupation disabled.
  Guess Type is CORE.
  Energy threshold   = 1.00e-12
  Density threshold  = 1.00e-12
  Integral threshold = 1.00e-12

  ==> Primary Basis <==

  Basis Set: CC-PVDZ
    Blend: CC-PVDZ
    Number of shells: 6
    Number of basis functions: 10
    Number of Cartesian functions: 10
    Spherical Harmonics?: true
    Max angular momentum: 1

  ==> Integral Setup <==

  Using in-core PK algorithm.
   Calculation information:
      Number of atoms:                   2
      Number of AO shells:               6
      Number of primitives:             10
      Number of atomic orbitals:        10
      Number of basis functions:        10

      Integral cutoff                 1.00e-12
      Number of threads:                 1

  Performing in-core PK
  Using 3080 doubles for integral storage.
  We computed 231 shell quartets total.
  Whereas there are 231 unique shell quartets.

  ==> DiskJK: Disk-Based J/K Matrices <==

    J tasked:                  Yes
    K tasked:                  Yes
    wK tasked:                  No
    Memory [MiB]:              357
    Schwarz Cutoff:          1E-12

    OpenMP threads:              1

  Minimum eigenvalue in the overlap matrix is 6.8331464852E-02.
  Reciprocal condition number of the overlap matrix is 2.2388882774E-02.
    Using symmetric orthogonalization.

  ==> Pre-Iterations <==

  SCF Guess: Core (One-Electron) Hamiltonian.

  Mixing beta HOMO/LUMO orbitals (1,2)
   -------------------------------------------------------
    Irrep   Nso     Nmo     Nalpha   Nbeta   Ndocc  Nsocc
   -------------------------------------------------------
     A         10      10       1       1       1       0
   -------------------------------------------------------
    Total      10      10       1       1       1       0
   -------------------------------------------------------

  ==> Iterations <==

                        Total Energy        Delta E     RMS |[F,P]|

   @UHF iter   1:    -0.74910107053593   -7.49101e-01   3.82771e-02 ADIIS/DIIS
   @UHF iter   2:    -1.01834910309690   -2.69248e-01   1.90852e-02 ADIIS/DIIS
   @UHF iter   3:    -1.09862184865074   -8.02727e-02   8.93467e-03 ADIIS/DIIS
   @UHF iter   4:    -1.12384409790680   -2.52222e-02   2.24808e-03 ADIIS/DIIS
   @UHF iter   5:    -1.12547671178133   -1.63261e-03   4.34612e-04 ADIIS/DIIS
   @UHF iter   6:    -1.12552879243474   -5.20807e-05   1.61310e-05 DIIS
   @UHF iter   7:    -1.12552883636967   -4.39349e-08   3.41511e-06 DIIS
   @UHF iter   8:    -1.12552884141879   -5.04912e-09   4.26796e-07 DIIS
   @UHF iter   9:    -1.12552884149016   -7.13705e-11   3.15012e-08 DIIS
   @UHF iter  10:    -1.12552884149058   -4.26326e-13   3.96895e-09 DIIS
   @UHF iter  11:    -1.12552884149059   -6.66134e-15   4.88789e-13 DIIS
  Energy and wave function converged.

    Wavefunction stable under totally symmetric rotations.
    Lowest totally symmetric eigenvalue: 0.214619 
    Lowest UHF->UHF stability eigenvalues: 
       A 0.214619      

    Stability analysis over.

  ==> Post-Iterations <==

   @Spin Contamination Metric:   3.552713679E-15
   @S^2 Expected:                0.000000000E+00
   @S^2 Observed:                3.552713679E-15
   @S   Expected:                0.000000000E+00
   @S   Observed:                0.000000000E+00

    Orbital Energies [Eh]
    ---------------------

    Alpha Occupied:                                                       

       1A     -0.569395  

    Alpha Virtual:                                                        

       2A      0.181636     3A      0.498382     4A      0.884659  
       5A      1.285983     6A      1.285983     7A      1.876166  
       8A      1.989326     9A      1.989326    10A      3.209911  

    Beta Occupied:                                                        

       1A     -0.569395  

    Beta Virtual:                                                         

       2A      0.181636     3A      0.498382     4A      0.884659  
       5A      1.285983     6A      1.285983     7A      1.876166  
       8A      1.989326     9A      1.989326    10A      3.209911  

    Final Occupation by Irrep:
              A 
    DOCC [     1 ]
    SOCC [     0 ]
    NA   [     1 ]
    NB   [     1 ]

  @UHF Final Energy:    -1.12552884149059

   => Energetics <=

    Nuclear Repulsion Energy =              0.6453380617926829
    One-Electron Energy =                  -2.4029432879945780
    Two-Electron Energy =                   0.6320763847113045
    Total Energy =                         -1.1255288414905906

  UHF NO Occupations:
  HONO-0 :    1  A 2.0000000
  LUNO+0 :    2  A 0.0000000
  LUNO+1 :    3  A 0.0000000
  LUNO+2 :    4  A 0.0000000
  LUNO+3 :    5  A 0.0000000


Computation Completed


Properties will be evaluated at   0.000000,   0.000000,   0.000000 [a0]

Properties computed using the SCF density matrix


 Multipole Moments:

 ------------------------------------------------------------------------------------
     Multipole            Electronic (a.u.)      Nuclear  (a.u.)        Total (a.u.)
 ------------------------------------------------------------------------------------

 L = 1.  Multiply by 2.5417464519 to convert [e a0] to [Debye]
 Dipole X            :          0.0000000            0.0000000            0.0000000
 Dipole Y            :         -0.0000000            0.0000000           -0.0000000
 Dipole Z            :          0.0000000            0.0000000            0.0000000
 Magnitude           :                                                    0.0000000

 ------------------------------------------------------------------------------------

*** tstop() called on [LOCAL_HOST]
Module time:
	user time   =        nan seconds =        nan minutes
	system time =        nan seconds =        nan minutes
	total time  =          0 seconds =       0.00 minutes
Total time:
	user time   =        nan seconds =        nan minutes
	system time =        nan seconds =        nan minutes
	total time  =         35 seconds =       0.58 minutes
