
Scratch directory: [LOCAL_PATH]
   => Libint2 <=

    Primary   basis highest AM E, G, H:  7, 6, -
    Auxiliary basis highest AM E, G, H:  7, 7, -
    Onebody   basis highest AM E, G, H:  -, -, -
    Solid Harmonics ordering:            Gaussian

*** tstart() called on [LOCAL_HOST]
*** at Mon Sep 28 20:12:13 2026

   => Loading Basis Set <=

    Name: CC-PVDZ
    Role: ORBITAL
    Keyword: BASIS
    atoms 1-2 entry H          line    22 file [LOCAL_PATH]


         ---------------------------------------------------------
                                   SCF
               by Justin Turney, Rob Parrish, Andy Simmonett
                          and Daniel G. A. Smith
                              UHF Reference
                        1 Threads,    476 MiB Core
         ---------------------------------------------------------

  ==> Geometry <==

    Molecular point group: c1
    Full point group: D_inf_h

    Geometry (in Angstrom), charge = 0, multiplicity = 1:

       Center              X                  Y                   Z               Mass       
    ------------   -----------------  -----------------  -----------------  -----------------
         H            0.000000000000     0.000000000000    -0.550000000000     1.007825032230
         H            0.000000000000     0.000000000000     0.550000000000     1.007825032230

  Running in c1 symmetry.

  Rotational constants: A = ************  B =     27.64751  C =     27.64751 [cm^-1]
  Rotational constants: A = ************  B = 828851.41566  C = 828851.41566 [MHz]
  Nuclear repulsion =    0.481070191518182

  Charge       = 0
  Multiplicity = 1
  Electrons    = 2
  Nalpha       = 1
  Nbeta        = 1

  ==> Algorithm <==

  SCF Algorithm Type is PK.
  DIIS enabled.
  MOM disabled.
  Fractional occupation disabled.
  Guess Type is CORE.
  Energy threshold   = 1.00e-12
  Density threshold  = 1.00e-12
  Integral threshold = 1.00e-12

  ==> Primary Basis <==

  Basis Set: CC-PVDZ
    Blend: CC-PVDZ
    Number of shells: 6
    Number of basis functions: 10
    Number of Cartesian functions: 10
    Spherical Harmonics?: true
    Max angular momentum: 1

  ==> Integral Setup <==

  Using in-core PK algorithm.
   Calculation information:
      Number of atoms:                   2
      Number of AO shells:               6
      Number of primitives:             10
      Number of atomic orbitals:        10
      Number of basis functions:        10

      Integral cutoff                 1.00e-12
      Number of threads:                 1

  Performing in-core PK
  Using 3080 doubles for integral storage.
  We computed 231 shell quartets total.
  Whereas there are 231 unique shell quartets.

  ==> DiskJK: Disk-Based J/K Matrices <==

    J tasked:                  Yes
    K tasked:                  Yes
    wK tasked:                  No
    Memory [MiB]:              357
    Schwarz Cutoff:          1E-12

    OpenMP threads:              1

  Minimum eigenvalue in the overlap matrix is 1.2602117081E-01.
  Reciprocal condition number of the overlap matrix is 4.4938297969E-02.
    Using symmetric orthogonalization.

  ==> Pre-Iterations <==

  SCF Guess: Core (One-Electron) Hamiltonian.

  Mixing beta HOMO/LUMO orbitals (1,2)
   -------------------------------------------------------
    Irrep   Nso     Nmo     Nalpha   Nbeta   Ndocc  Nsocc
   -------------------------------------------------------
     A         10      10       1       1       1       0
   -------------------------------------------------------
    Total      10      10       1       1       1       0
   -------------------------------------------------------

  ==> Iterations <==

                        Total Energy        Delta E     RMS |[F,P]|

   @UHF iter   1:    -0.86245303193893   -8.62453e-01   2.91417e-02 ADIIS/DIIS
   @UHF iter   2:    -1.01227617956001   -1.49823e-01   1.34982e-02 ADIIS/DIIS
   @UHF iter   3:    -1.05791065494934   -4.56345e-02   6.44966e-03 ADIIS/DIIS
   @UHF iter   4:    -1.07564901743117   -1.77384e-02   2.39511e-03 ADIIS/DIIS
   @UHF iter   5:    -1.07946776164017   -3.81874e-03   1.12282e-03 ADIIS/DIIS
   @UHF iter   6:    -1.08082538617853   -1.35762e-03   4.49091e-04 ADIIS/DIIS
   @UHF iter   7:    -1.08113948445370   -3.14098e-04   1.30495e-04 ADIIS/DIIS
   @UHF iter   8:    -1.08117065908781   -3.11746e-05   8.43476e-06 DIIS
   @UHF iter   9:    -1.08117078333502   -1.24247e-07   1.08205e-06 DIIS
   @UHF iter  10:    -1.08117078422946   -8.94436e-10   2.05550e-07 DIIS
   @UHF iter  11:    -1.08117078427459   -4.51392e-11   4.15344e-08 DIIS
   @UHF iter  12:    -1.08117078427507   -4.78062e-13   2.91649e-09 DIIS
   @UHF iter  13:    -1.08117078427507   -8.88178e-16   7.52195e-12 DIIS
   @UHF iter  14:    -1.08117078427507    8.88178e-16   9.00931e-15 DIIS
  Energy and wave function converged.

    Wavefunction stable under totally symmetric rotations.
    Lowest totally symmetric eigenvalue: 0.051559 
    Lowest UHF->UHF stability eigenvalues: 
       A 0.051559      

    Stability analysis over.

  ==> Post-Iterations <==

   @Spin Contamination Metric:  -3.996802889E-15
   @S^2 Expected:                0.000000000E+00
   @S^2 Observed:               -3.996802889E-15
   @S   Expected:                0.000000000E+00
   @S   Observed:                0.000000000E+00

    Orbital Energies [Eh]
    ---------------------

    Alpha Occupied:                                                       

       1A     -0.504070  

    Alpha Virtual:                                                        

       2A      0.121816     3A      0.561524     4A      0.758240  
       5A      1.298118     6A      1.298118     7A      1.571229  
       8A      1.810600     9A      1.810600    10A      2.584006  

    Beta Occupied:                                                        

       1A     -0.504070  

    Beta Virtual:                                                         

       2A      0.121816     3A      0.561524     4A      0.758240  
       5A      1.298118     6A      1.298118     7A      1.571229  
       8A      1.810600     9A      1.810600    10A      2.584006  

    Final Occupation by Irrep:
              A 
    DOCC [     1 ]
    SOCC [     0 ]
    NA   [     1 ]
    NB   [     1 ]

  @UHF Final Energy:    -1.08117078427507

   => Energetics <=

    Nuclear Repulsion Energy =              0.4810701915181818
    One-Electron Energy =                  -2.1163429214288940
    Two-Electron Energy =                   0.5541019456356397
    Total Energy =                         -1.0811707842750726

  UHF NO Occupations:
  HONO-0 :    1  A 2.0000000
  LUNO+0 :    2  A 0.0000000
  LUNO+1 :    3  A 0.0000000
  LUNO+2 :    4  A 0.0000000
  LUNO+3 :    5  A 0.0000000


Computation Completed


Properties will be evaluated at   0.000000,   0.000000,   0.000000 [a0]

Properties computed using the SCF density matrix


 Multipole Moments:

 ------------------------------------------------------------------------------------
     Multipole            Electronic (a.u.)      Nuclear  (a.u.)        Total (a.u.)
 ------------------------------------------------------------------------------------

 L = 1.  Multiply by 2.5417464519 to convert [e a0] to [Debye]
 Dipole X            :         -0.0000000            0.0000000           -0.0000000
 Dipole Y            :         -0.0000000            0.0000000           -0.0000000
 Dipole Z            :         -0.0000000            0.0000000           -0.0000000
 Magnitude           :                                                    0.0000000

 ------------------------------------------------------------------------------------

*** tstop() called on [LOCAL_HOST]
Module time:
	user time   =        nan seconds =        nan minutes
	system time =        nan seconds =        nan minutes
	total time  =          0 seconds =       0.00 minutes
Total time:
	user time   =        nan seconds =        nan minutes
	system time =        nan seconds =        nan minutes
	total time  =         37 seconds =       0.62 minutes
