
Scratch directory: [LOCAL_PATH]
   => Libint2 <=

    Primary   basis highest AM E, G, H:  7, 6, -
    Auxiliary basis highest AM E, G, H:  7, 7, -
    Onebody   basis highest AM E, G, H:  -, -, -
    Solid Harmonics ordering:            Gaussian

*** tstart() called on [LOCAL_HOST]
*** at Mon Sep 28 20:12:12 2026

   => Loading Basis Set <=

    Name: CC-PVDZ
    Role: ORBITAL
    Keyword: BASIS
    atoms 1-2 entry H          line    22 file [LOCAL_PATH]


         ---------------------------------------------------------
                                   SCF
               by Justin Turney, Rob Parrish, Andy Simmonett
                          and Daniel G. A. Smith
                              RHF Reference
                        1 Threads,    476 MiB Core
         ---------------------------------------------------------

  ==> Geometry <==

    Molecular point group: c1
    Full point group: D_inf_h

    Geometry (in Angstrom), charge = 0, multiplicity = 1:

       Center              X                  Y                   Z               Mass       
    ------------   -----------------  -----------------  -----------------  -----------------
         H            0.000000000000     0.000000000000    -0.470000000000     1.007825032230
         H            0.000000000000     0.000000000000     0.470000000000     1.007825032230

  Running in c1 symmetry.

  Rotational constants: A = ************  B =     37.86044  C =     37.86044 [cm^-1]
  Rotational constants: A = ************  B = 1135027.40262  C = 1135027.40262 [MHz]
  Nuclear repulsion =    0.562954479436170

  Charge       = 0
  Multiplicity = 1
  Electrons    = 2
  Nalpha       = 1
  Nbeta        = 1

  ==> Algorithm <==

  SCF Algorithm Type is PK.
  DIIS enabled.
  MOM disabled.
  Fractional occupation disabled.
  Guess Type is CORE.
  Energy threshold   = 1.00e-12
  Density threshold  = 1.00e-12
  Integral threshold = 1.00e-12

  ==> Primary Basis <==

  Basis Set: CC-PVDZ
    Blend: CC-PVDZ
    Number of shells: 6
    Number of basis functions: 10
    Number of Cartesian functions: 10
    Spherical Harmonics?: true
    Max angular momentum: 1

  ==> Integral Setup <==

  Using in-core PK algorithm.
   Calculation information:
      Number of atoms:                   2
      Number of AO shells:               6
      Number of primitives:             10
      Number of atomic orbitals:        10
      Number of basis functions:        10

      Integral cutoff                 1.00e-12
      Number of threads:                 1

  Performing in-core PK
  Using 3080 doubles for integral storage.
  We computed 231 shell quartets total.
  Whereas there are 231 unique shell quartets.

  ==> DiskJK: Disk-Based J/K Matrices <==

    J tasked:                  Yes
    K tasked:                  Yes
    wK tasked:                  No
    Memory [MiB]:              357
    Schwarz Cutoff:          1E-12

    OpenMP threads:              1

  Minimum eigenvalue in the overlap matrix is 1.0394038397E-01.
  Reciprocal condition number of the overlap matrix is 3.5214916230E-02.
    Using symmetric orthogonalization.

  ==> Pre-Iterations <==

  SCF Guess: Core (One-Electron) Hamiltonian.

   -------------------------------------------------------
    Irrep   Nso     Nmo     Nalpha   Nbeta   Ndocc  Nsocc
   -------------------------------------------------------
     A         10      10       1       1       1       0
   -------------------------------------------------------
    Total      10      10       1       1       1       0
   -------------------------------------------------------

  ==> Iterations <==

                        Total Energy        Delta E     RMS |[F,P]|

   @RHF iter   1:    -1.05907247842212   -1.05907e+00   2.16523e-02 ADIIS/DIIS
   @RHF iter   2:    -1.10870967173377   -4.96372e-02   3.85491e-03 ADIIS/DIIS
   @RHF iter   3:    -1.11037258689802   -1.66292e-03   1.87747e-04 ADIIS/DIIS
   @RHF iter   4:    -1.11037490995871   -2.32306e-06   1.06769e-05 DIIS
   @RHF iter   5:    -1.11037492301258   -1.30539e-08   1.66812e-08 DIIS
   @RHF iter   6:    -1.11037492301262   -3.30846e-14   1.24579e-11 DIIS
   @RHF iter   7:    -1.11037492301261    1.99840e-15   5.99509e-15 DIIS
  Energy and wave function converged.

    SO Integrals not on disk. Computing...done.
	Presorting SO-basis two-electron integrals.
	Sorting File: SO Ints (nn|nn) nbuckets = 1
	Constructing frozen core operators
	Starting first half-transformation.
	Sorting half-transformed integrals.
	First half integral transformation complete.
	Starting second half-transformation.
	Two-electron integral transformation complete.
	Starting first half-transformation.
	Sorting half-transformed integrals.
	First half integral transformation complete.
	Starting second half-transformation.
	Two-electron integral transformation complete.
    Lowest singlet (RHF->RHF) stability eigenvalues:
       A 0.516620         A 0.872052         A 1.165626         A 1.546520  
       A 1.546520      

    Lowest triplet (RHF->UHF) stability eigenvalues:
       A 0.138938         A 0.526008         A 0.798286         A 1.113359  
       A 1.113359      


  ==> Post-Iterations <==

    Orbital Energies [Eh]
    ---------------------

    Doubly Occupied:                                                      

       1A     -0.538806  

    Virtual:                                                              

       2A      0.156536     3A      0.526140     4A      0.820993  
       5A      1.284032     6A      1.284032     7A      1.745669  
       8A      1.909865     9A      1.909865    10A      2.852705  

    Final Occupation by Irrep:
              A 
    DOCC [     1 ]
    NA   [     1 ]
    NB   [     1 ]

  @RHF Final Energy:    -1.11037492301261

   => Energetics <=

    Nuclear Repulsion Energy =              0.5629544794361703
    One-Electron Energy =                  -2.2690477546614662
    Two-Electron Energy =                   0.5957183522126825
    Total Energy =                         -1.1103749230126134

Computation Completed


Properties will be evaluated at   0.000000,   0.000000,   0.000000 [a0]

Properties computed using the SCF density matrix


 Multipole Moments:

 ------------------------------------------------------------------------------------
     Multipole            Electronic (a.u.)      Nuclear  (a.u.)        Total (a.u.)
 ------------------------------------------------------------------------------------

 L = 1.  Multiply by 2.5417464519 to convert [e a0] to [Debye]
 Dipole X            :         -0.0000000            0.0000000           -0.0000000
 Dipole Y            :          0.0000000            0.0000000            0.0000000
 Dipole Z            :         -0.0000000            0.0000000           -0.0000000
 Magnitude           :                                                    0.0000000

 ------------------------------------------------------------------------------------

*** tstop() called on [LOCAL_HOST]
Module time:
	user time   =        nan seconds =        nan minutes
	system time =        nan seconds =        nan minutes
	total time  =          0 seconds =       0.00 minutes
Total time:
	user time   =        nan seconds =        nan minutes
	system time =        nan seconds =        nan minutes
	total time  =         36 seconds =       0.60 minutes
