
Scratch directory: [LOCAL_PATH]
   => Libint2 <=

    Primary   basis highest AM E, G, H:  7, 6, -
    Auxiliary basis highest AM E, G, H:  7, 7, -
    Onebody   basis highest AM E, G, H:  -, -, -
    Solid Harmonics ordering:            Gaussian

*** tstart() called on [LOCAL_HOST]
*** at Mon Sep 28 20:12:14 2026

   => Loading Basis Set <=

    Name: CC-PVDZ
    Role: ORBITAL
    Keyword: BASIS
    atoms 1-2 entry H          line    22 file [LOCAL_PATH]


         ---------------------------------------------------------
                                   SCF
               by Justin Turney, Rob Parrish, Andy Simmonett
                          and Daniel G. A. Smith
                              RHF Reference
                        1 Threads,    476 MiB Core
         ---------------------------------------------------------

  ==> Geometry <==

    Molecular point group: c1
    Full point group: D_inf_h

    Geometry (in Angstrom), charge = 0, multiplicity = 1:

       Center              X                  Y                   Z               Mass       
    ------------   -----------------  -----------------  -----------------  -----------------
         H            0.000000000000     0.000000000000    -0.630000000000     1.007825032230
         H            0.000000000000     0.000000000000     0.630000000000     1.007825032230

  Running in c1 symmetry.

  Rotational constants: A = ************  B =     21.07173  C =     21.07173 [cm^-1]
  Rotational constants: A = ************  B = 631714.67180  C = 631714.67180 [MHz]
  Nuclear repulsion =    0.419981913230159

  Charge       = 0
  Multiplicity = 1
  Electrons    = 2
  Nalpha       = 1
  Nbeta        = 1

  ==> Algorithm <==

  SCF Algorithm Type is PK.
  DIIS enabled.
  MOM disabled.
  Fractional occupation disabled.
  Guess Type is CORE.
  Energy threshold   = 1.00e-12
  Density threshold  = 1.00e-12
  Integral threshold = 1.00e-12

  ==> Primary Basis <==

  Basis Set: CC-PVDZ
    Blend: CC-PVDZ
    Number of shells: 6
    Number of basis functions: 10
    Number of Cartesian functions: 10
    Spherical Harmonics?: true
    Max angular momentum: 1

  ==> Integral Setup <==

  Using in-core PK algorithm.
   Calculation information:
      Number of atoms:                   2
      Number of AO shells:               6
      Number of primitives:             10
      Number of atomic orbitals:        10
      Number of basis functions:        10

      Integral cutoff                 1.00e-12
      Number of threads:                 1

  Performing in-core PK
  Using 3080 doubles for integral storage.
  We computed 231 shell quartets total.
  Whereas there are 231 unique shell quartets.

  ==> DiskJK: Disk-Based J/K Matrices <==

    J tasked:                  Yes
    K tasked:                  Yes
    wK tasked:                  No
    Memory [MiB]:              357
    Schwarz Cutoff:          1E-12

    OpenMP threads:              1

  Minimum eigenvalue in the overlap matrix is 1.4672123468E-01.
  Reciprocal condition number of the overlap matrix is 5.5291058579E-02.
    Using symmetric orthogonalization.

  ==> Pre-Iterations <==

  SCF Guess: Core (One-Electron) Hamiltonian.

   -------------------------------------------------------
    Irrep   Nso     Nmo     Nalpha   Nbeta   Ndocc  Nsocc
   -------------------------------------------------------
     A         10      10       1       1       1       0
   -------------------------------------------------------
    Total      10      10       1       1       1       0
   -------------------------------------------------------

  ==> Iterations <==

                        Total Energy        Delta E     RMS |[F,P]|

   @RHF iter   1:    -1.00762270068921   -1.00762e+00   1.93455e-02 ADIIS/DIIS
   @RHF iter   2:    -1.04771545579480   -4.00928e-02   3.36106e-03 ADIIS/DIIS
   @RHF iter   3:    -1.04897851696421   -1.26306e-03   1.38797e-04 ADIIS/DIIS
   @RHF iter   4:    -1.04897999959982   -1.48264e-06   4.74876e-06 DIIS
   @RHF iter   5:    -1.04898000215729   -2.55748e-09   2.94735e-09 DIIS
   @RHF iter   6:    -1.04898000215729   -4.44089e-16   1.02857e-12 DIIS
   @RHF iter   7:    -1.04898000215729    6.66134e-16   2.65191e-16 DIIS
  Energy and wave function converged.


  ==> Post-Iterations <==

    Orbital Energies [Eh]
    ---------------------

    Doubly Occupied:                                                      

       1A     -0.474885  

    Virtual:                                                              

       2A      0.087578     3A      0.595656     4A      0.714993  
       5A      1.327806     6A      1.327806     7A      1.419328  
       8A      1.722562     9A      1.722562    10A      2.391180  

    Final Occupation by Irrep:
              A 
    DOCC [     1 ]
    NA   [     1 ]
    NB   [     1 ]

  @RHF Final Energy:    -1.04898000215729

   => Energetics <=

    Nuclear Repulsion Energy =              0.4199819132301587
    One-Electron Energy =                  -1.9881532599623515
    Two-Electron Energy =                   0.5191913445748988
    Total Energy =                         -1.0489800021572939

Computation Completed


Properties will be evaluated at   0.000000,   0.000000,   0.000000 [a0]

Properties computed using the SCF density matrix


 Multipole Moments:

 ------------------------------------------------------------------------------------
     Multipole            Electronic (a.u.)      Nuclear  (a.u.)        Total (a.u.)
 ------------------------------------------------------------------------------------

 L = 1.  Multiply by 2.5417464519 to convert [e a0] to [Debye]
 Dipole X            :          0.0000000            0.0000000            0.0000000
 Dipole Y            :         -0.0000000            0.0000000           -0.0000000
 Dipole Z            :         -0.0000000            0.0000000           -0.0000000
 Magnitude           :                                                    0.0000000

 ------------------------------------------------------------------------------------

*** tstop() called on [LOCAL_HOST]
Module time:
	user time   =        nan seconds =        nan minutes
	system time =        nan seconds =        nan minutes
	total time  =          0 seconds =       0.00 minutes
Total time:
	user time   =        nan seconds =        nan minutes
	system time =        nan seconds =        nan minutes
	total time  =         38 seconds =       0.63 minutes
 MINTS: Wrapper to libmints.
   by Justin Turney

   Calculation information:
      Number of threads:                 1
      Number of atoms:                   2
      Number of AO shells:               6
      Number of SO shells:               6
      Number of primitives:             10
      Number of atomic orbitals:        10
      Number of basis functions:        10

      Number of irreps:                  1
      Integral cutoff                 1.00e-12
      Number of functions per irrep: [  10 ]

 OEINTS: Overlap, kinetic, potential, dipole, and quadrupole integrals
         stored in file 35.

      Computing two-electron integrals...done
      Computed 512 non-zero two-electron integrals.
        Stored in file 33.


         ---------------------------------------------------------
                          Configuration Interaction
                            (a 'D E T C I' module)

                 C. David Sherrill, Daniel G. A. Smith, and
                              Matt L. Leininger
         ---------------------------------------------------------


   ==> Parameters <==

    EX LEVEL       =        2      H0 BLOCKSIZE  =     1000
    VAL EX LEVEL   =        0      H0 GUESS SIZE =     1000
    H0COUPLINGSIZE =        0      H0 COUPLING   =       NO
    MAXITER        =      100      NUM PRINT     =       20
    NUM ROOTS      =        1      ICORE         =        1
    PRINT LVL      =        1      FCI           =      YES
    R CONV         = 1.00e-10      MIXED         =      YES
    E CONV         = 1.00e-12      MIXED4        =      YES
    R4S            =       NO      REPL OTF      =       NO
    DIAG METHOD    =      SEM      FOLLOW ROOT   =        0
    PRECONDITIONER = DAVIDSON      UPDATE        = DAVIDSON
    S              =   0.0000      Ms0           =      YES
    GUESS VECTOR   =  H0BLOCK      OPENTYPE      =     NONE
    COLLAPSE SIZE  =        1      HD AVG        = EVANGELISTI
    MAX NUM VECS   =      101      REF SYM       =     AUTO
    IOPEN        =       NO

    EX ALLOW       =  1  1 
    STATE AVERAGE  =  0(1.00) 

   ==> CI Orbital and Space information <==

   ------------------------------------
               Space    Total     A
   ------------------------------------
                 Nso       10    10
                 Nmo       10    10
               Ndocc        1     1
               Nsocc        0     0
   ------------------------------------
              CI Spaces
   ------------------------------------
        Dropped DOCC        0     0
              Active       10    10
        Dropped UOCC        0     0
   ------------------------------------

   ==> Setting up CI strings <==

    There are 10 alpha and 10 beta strings
    The CI space requires 100 (1.00E+02) determinants and 1 blocks

   ==> Transforming CI integrals <==

	Presorting SO-basis two-electron integrals.
	Sorting File: SO Ints (nn|nn) nbuckets = 1
	Constructing frozen core operators
	Starting first half-transformation.
	Sorting half-transformed integrals.
	First half integral transformation complete.
	Starting second half-transformation.
	Two-electron integral transformation complete.

   ==> Starting CI iterations <==

    H0 Block Eigenvalue =  -1.06782934

    Simultaneous Expansion Method (Block Davidson Method)
    Using 1 initial trial vectors

     Iter   Root       Total Energy       Delta E      C RMS

   @CI  0:     0     -1.067829340673   -1.4878E+00   2.3260E-01  
   @CI  1:     0     -1.095587559739   -2.7758E-02   4.6295E-02  
   @CI  2:     0     -1.096880676424   -1.2931E-03   8.1821E-03  
   @CI  3:     0     -1.096926944243   -4.6268E-05   1.8080E-03  
   @CI  4:     0     -1.096929035632   -2.0914E-06   1.5568E-04  
   @CI  5:     0     -1.096929046963   -1.1331E-08   1.6943E-05  
   @CI  6:     0     -1.096929047092   -1.2934E-10   1.2907E-06  
   @CI  7:     0     -1.096929047093   -8.7530E-13   8.5829E-08  
    Warning: Norm of correction (root 0) is < 1.0E-13
   @CI  8:     0     -1.096929047093   -3.5527E-15   3.8990E-09  
    Warning: Norm of correction (root 0) is < 1.0E-13
   @CI  9:     0     -1.096929047093   1.3323E-15   2.5061E-10  
    Warning: Norm of correction (root 0) is < 1.0E-13
   @CI 10:     0     -1.096929047093   -1.1102E-15   1.4336E-11 c

   ==> Energetics <==

    SCF energy =           -1.048980002157294
    Total CI energy =      -1.096929047093105

   ==> FCI root 0 information <==

    FCI Root 0 energy =    -1.096929047093105

   The 20 most important determinants:

    *   1    0.973706  (    0,    0)  1AX 
    *   2   -0.178951  (    1,    1)  2AX 
    *   3   -0.079294  (    1,    3)  2AA 4AB 
    *   4   -0.079294  (    3,    1)  2AB 4AA 
    *   5   -0.046308  (    3,    3)  4AX 
    *   6   -0.038651  (    2,    2)  3AX 
    *   7   -0.024798  (    5,    5)  6AX 
    *   8   -0.024798  (    4,    4)  5AX 
    *   9    0.021993  (    0,    2)  1AA 3AB 
    *  10    0.021993  (    2,    0)  1AB 3AA 
    *  11   -0.018336  (    6,    6)  7AX 
    *  12    0.013555  (    0,    6)  1AA 7AB 
    *  13    0.013555  (    6,    0)  1AB 7AA 
    *  14    0.013356  (    2,    6)  3AA 7AB 
    *  15    0.013356  (    6,    2)  3AB 7AA 
    *  16   -0.008480  (    7,    7)  8AX 
    *  17   -0.008480  (    8,    8)  9AX 
    *  18   -0.008002  (    1,    9)  2AA 10AB 
    *  19   -0.008002  (    9,    1)  2AB 10AA 
    *  20   -0.007049  (    3,    9)  4AA 10AB 

		 "A good bug is a dead bug" 

			 - Starship Troopers

		 "I didn't write FORTRAN.  That's the problem."

			 - Edward Valeev
