
Scratch directory: [LOCAL_PATH]
   => Libint2 <=

    Primary   basis highest AM E, G, H:  7, 6, -
    Auxiliary basis highest AM E, G, H:  7, 7, -
    Onebody   basis highest AM E, G, H:  -, -, -
    Solid Harmonics ordering:            Gaussian

*** tstart() called on [LOCAL_HOST]
*** at Mon Sep 28 20:12:15 2026

   => Loading Basis Set <=

    Name: CC-PVDZ
    Role: ORBITAL
    Keyword: BASIS
    atoms 1-2 entry H          line    22 file [LOCAL_PATH]


         ---------------------------------------------------------
                                   SCF
               by Justin Turney, Rob Parrish, Andy Simmonett
                          and Daniel G. A. Smith
                              RHF Reference
                        1 Threads,    476 MiB Core
         ---------------------------------------------------------

  ==> Geometry <==

    Molecular point group: c1
    Full point group: D_inf_h

    Geometry (in Angstrom), charge = 0, multiplicity = 1:

       Center              X                  Y                   Z               Mass       
    ------------   -----------------  -----------------  -----------------  -----------------
         H            0.000000000000     0.000000000000    -0.650000000000     1.007825032230
         H            0.000000000000     0.000000000000     0.650000000000     1.007825032230

  Running in c1 symmetry.

  Rotational constants: A = ************  B =     19.79496  C =     19.79496 [cm^-1]
  Rotational constants: A = ************  B = 593437.99583  C = 593437.99583 [MHz]
  Nuclear repulsion =    0.407059392823077

  Charge       = 0
  Multiplicity = 1
  Electrons    = 2
  Nalpha       = 1
  Nbeta        = 1

  ==> Algorithm <==

  SCF Algorithm Type is PK.
  DIIS enabled.
  MOM disabled.
  Fractional occupation disabled.
  Guess Type is CORE.
  Energy threshold   = 1.00e-12
  Density threshold  = 1.00e-12
  Integral threshold = 1.00e-12

  ==> Primary Basis <==

  Basis Set: CC-PVDZ
    Blend: CC-PVDZ
    Number of shells: 6
    Number of basis functions: 10
    Number of Cartesian functions: 10
    Spherical Harmonics?: true
    Max angular momentum: 1

  ==> Integral Setup <==

  Using in-core PK algorithm.
   Calculation information:
      Number of atoms:                   2
      Number of AO shells:               6
      Number of primitives:             10
      Number of atomic orbitals:        10
      Number of basis functions:        10

      Integral cutoff                 1.00e-12
      Number of threads:                 1

  Performing in-core PK
  Using 3080 doubles for integral storage.
  We computed 231 shell quartets total.
  Whereas there are 231 unique shell quartets.

  ==> DiskJK: Disk-Based J/K Matrices <==

    J tasked:                  Yes
    K tasked:                  Yes
    wK tasked:                  No
    Memory [MiB]:              357
    Schwarz Cutoff:          1E-12

    OpenMP threads:              1

  Minimum eigenvalue in the overlap matrix is 1.5162619141E-01.
  Reciprocal condition number of the overlap matrix is 5.7942480672E-02.
    Using symmetric orthogonalization.

  ==> Pre-Iterations <==

  SCF Guess: Core (One-Electron) Hamiltonian.

   -------------------------------------------------------
    Irrep   Nso     Nmo     Nalpha   Nbeta   Ndocc  Nsocc
   -------------------------------------------------------
     A         10      10       1       1       1       0
   -------------------------------------------------------
    Total      10      10       1       1       1       0
   -------------------------------------------------------

  ==> Iterations <==

                        Total Energy        Delta E     RMS |[F,P]|

   @RHF iter   1:    -1.00103570345327   -1.00104e+00   1.90173e-02 ADIIS/DIIS
   @RHF iter   2:    -1.03972168642487   -3.86860e-02   3.29989e-03 ADIIS/DIIS
   @RHF iter   3:    -1.04093733320900   -1.21565e-03   1.33804e-04 ADIIS/DIIS
   @RHF iter   4:    -1.04093873636157   -1.40315e-06   4.23899e-06 DIIS
   @RHF iter   5:    -1.04093873839376   -2.03219e-09   2.26822e-09 DIIS
   @RHF iter   6:    -1.04093873839376   -1.99840e-15   7.01405e-13 DIIS
  Energy and wave function converged.


  ==> Post-Iterations <==

    Orbital Energies [Eh]
    ---------------------

    Doubly Occupied:                                                      

       1A     -0.468320  

    Virtual:                                                              

       2A      0.079293     3A      0.604048     4A      0.706588  
       5A      1.336739     6A      1.336739     7A      1.387453  
       8A      1.702656     9A      1.702656    10A      2.346676  

    Final Occupation by Irrep:
              A 
    DOCC [     1 ]
    NA   [     1 ]
    NB   [     1 ]

  @RHF Final Energy:    -1.04093873839376

   => Energetics <=

    Nuclear Repulsion Energy =              0.4070593928230769
    One-Electron Energy =                  -1.9593558440278274
    Two-Electron Energy =                   0.5113577128109923
    Total Energy =                         -1.0409387383937583

Computation Completed


Properties will be evaluated at   0.000000,   0.000000,   0.000000 [a0]

Properties computed using the SCF density matrix


 Multipole Moments:

 ------------------------------------------------------------------------------------
     Multipole            Electronic (a.u.)      Nuclear  (a.u.)        Total (a.u.)
 ------------------------------------------------------------------------------------

 L = 1.  Multiply by 2.5417464519 to convert [e a0] to [Debye]
 Dipole X            :         -0.0000000            0.0000000           -0.0000000
 Dipole Y            :          0.0000000            0.0000000            0.0000000
 Dipole Z            :         -0.0000000            0.0000000           -0.0000000
 Magnitude           :                                                    0.0000000

 ------------------------------------------------------------------------------------

*** tstop() called on [LOCAL_HOST]
Module time:
	user time   =        nan seconds =        nan minutes
	system time =        nan seconds =        nan minutes
	total time  =          0 seconds =       0.00 minutes
Total time:
	user time   =        nan seconds =        nan minutes
	system time =        nan seconds =        nan minutes
	total time  =         39 seconds =       0.65 minutes
 MINTS: Wrapper to libmints.
   by Justin Turney

   Calculation information:
      Number of threads:                 1
      Number of atoms:                   2
      Number of AO shells:               6
      Number of SO shells:               6
      Number of primitives:             10
      Number of atomic orbitals:        10
      Number of basis functions:        10

      Number of irreps:                  1
      Integral cutoff                 1.00e-12
      Number of functions per irrep: [  10 ]

 OEINTS: Overlap, kinetic, potential, dipole, and quadrupole integrals
         stored in file 35.

      Computing two-electron integrals...done
      Computed 512 non-zero two-electron integrals.
        Stored in file 33.


         ---------------------------------------------------------
                          Configuration Interaction
                            (a 'D E T C I' module)

                 C. David Sherrill, Daniel G. A. Smith, and
                              Matt L. Leininger
         ---------------------------------------------------------


   ==> Parameters <==

    EX LEVEL       =        2      H0 BLOCKSIZE  =     1000
    VAL EX LEVEL   =        0      H0 GUESS SIZE =     1000
    H0COUPLINGSIZE =        0      H0 COUPLING   =       NO
    MAXITER        =      100      NUM PRINT     =       20
    NUM ROOTS      =        1      ICORE         =        1
    PRINT LVL      =        1      FCI           =      YES
    R CONV         = 1.00e-10      MIXED         =      YES
    E CONV         = 1.00e-12      MIXED4        =      YES
    R4S            =       NO      REPL OTF      =       NO
    DIAG METHOD    =      SEM      FOLLOW ROOT   =        0
    PRECONDITIONER = DAVIDSON      UPDATE        = DAVIDSON
    S              =   0.0000      Ms0           =      YES
    GUESS VECTOR   =  H0BLOCK      OPENTYPE      =     NONE
    COLLAPSE SIZE  =        1      HD AVG        = EVANGELISTI
    MAX NUM VECS   =      101      REF SYM       =     AUTO
    IOPEN        =       NO

    EX ALLOW       =  1  1 
    STATE AVERAGE  =  0(1.00) 

   ==> CI Orbital and Space information <==

   ------------------------------------
               Space    Total     A
   ------------------------------------
                 Nso       10    10
                 Nmo       10    10
               Ndocc        1     1
               Nsocc        0     0
   ------------------------------------
              CI Spaces
   ------------------------------------
        Dropped DOCC        0     0
              Active       10    10
        Dropped UOCC        0     0
   ------------------------------------

   ==> Setting up CI strings <==

    There are 10 alpha and 10 beta strings
    The CI space requires 100 (1.00E+02) determinants and 1 blocks

   ==> Transforming CI integrals <==

	Presorting SO-basis two-electron integrals.
	Sorting File: SO Ints (nn|nn) nbuckets = 1
	Constructing frozen core operators
	Starting first half-transformation.
	Sorting half-transformed integrals.
	First half integral transformation complete.
	Starting second half-transformation.
	Two-electron integral transformation complete.

   ==> Starting CI iterations <==

    H0 Block Eigenvalue =  -1.06192584

    Simultaneous Expansion Method (Block Davidson Method)
    Using 1 initial trial vectors

     Iter   Root       Total Energy       Delta E      C RMS

   @CI  0:     0     -1.061925843122   -1.4690E+00   2.2769E-01  
   @CI  1:     0     -1.089114434350   -2.7189E-02   4.6281E-02  
   @CI  2:     0     -1.090442337739   -1.3279E-03   8.2845E-03  
   @CI  3:     0     -1.090491372861   -4.9035E-05   1.9542E-03  
   @CI  4:     0     -1.090493854380   -2.4815E-06   1.5603E-04  
   @CI  5:     0     -1.090493865794   -1.1413E-08   1.7316E-05  
   @CI  6:     0     -1.090493865931   -1.3705E-10   1.2880E-06  
   @CI  7:     0     -1.090493865932   -8.8796E-13   8.0930E-08  
    Warning: Norm of correction (root 0) is < 1.0E-13
   @CI  8:     0     -1.090493865932   -3.1086E-15   3.5738E-09  
    Warning: Norm of correction (root 0) is < 1.0E-13
   @CI  9:     0     -1.090493865932   8.8818E-16   2.1320E-10  
    Warning: Norm of correction (root 0) is < 1.0E-13
   @CI 10:     0     -1.090493865932   -1.1102E-15   1.3566E-11 c

   ==> Energetics <==

    SCF energy =           -1.040938738393758
    Total CI energy =      -1.090493865931507

   ==> FCI root 0 information <==

    FCI Root 0 energy =    -1.090493865931507

   The 20 most important determinants:

    *   1   -0.971043  (    0,    0)  1AX 
    *   2    0.192082  (    1,    1)  2AX 
    *   3    0.080865  (    1,    3)  2AA 4AB 
    *   4    0.080865  (    3,    1)  2AB 4AA 
    *   5    0.045030  (    3,    3)  4AX 
    *   6    0.036841  (    2,    2)  3AX 
    *   7   -0.023603  (    0,    2)  1AA 3AB 
    *   8   -0.023603  (    2,    0)  1AB 3AA 
    *   9    0.023581  (    4,    4)  5AX 
    *  10    0.023581  (    5,    5)  6AX 
    *  11    0.018457  (    6,    6)  7AX 
    *  12   -0.014417  (    0,    6)  1AA 7AB 
    *  13   -0.014417  (    6,    0)  1AB 7AA 
    *  14   -0.013163  (    2,    6)  3AA 7AB 
    *  15   -0.013163  (    6,    2)  3AB 7AA 
    *  16    0.008353  (    8,    8)  9AX 
    *  17    0.008353  (    7,    7)  8AX 
    *  18    0.007990  (    1,    9)  2AA 10AB 
    *  19    0.007990  (    9,    1)  2AB 10AA 
    *  20    0.006724  (    3,    9)  4AA 10AB 

		 "A good bug is a dead bug" 

			 - Starship Troopers

		 "I didn't write FORTRAN.  That's the problem."

			 - Edward Valeev
