
Scratch directory: [LOCAL_PATH]
   => Libint2 <=

    Primary   basis highest AM E, G, H:  7, 6, -
    Auxiliary basis highest AM E, G, H:  7, 7, -
    Onebody   basis highest AM E, G, H:  -, -, -
    Solid Harmonics ordering:            Gaussian

*** tstart() called on [LOCAL_HOST]
*** at Mon Sep 28 20:12:17 2026

   => Loading Basis Set <=

    Name: CC-PVDZ
    Role: ORBITAL
    Keyword: BASIS
    atoms 1-2 entry H          line    22 file [LOCAL_PATH]


         ---------------------------------------------------------
                                   SCF
               by Justin Turney, Rob Parrish, Andy Simmonett
                          and Daniel G. A. Smith
                              UHF Reference
                        1 Threads,    476 MiB Core
         ---------------------------------------------------------

  ==> Geometry <==

    Molecular point group: c1
    Full point group: D_inf_h

    Geometry (in Angstrom), charge = 0, multiplicity = 1:

       Center              X                  Y                   Z               Mass       
    ------------   -----------------  -----------------  -----------------  -----------------
         H            0.000000000000     0.000000000000    -0.790000000000     1.007825032230
         H            0.000000000000     0.000000000000     0.790000000000     1.007825032230

  Running in c1 symmetry.

  Rotational constants: A = ************  B =     13.40069  C =     13.40069 [cm^-1]
  Rotational constants: A = ************  B = 401742.59452  C = 401742.59452 [MHz]
  Nuclear repulsion =    0.334922285234177

  Charge       = 0
  Multiplicity = 1
  Electrons    = 2
  Nalpha       = 1
  Nbeta        = 1

  ==> Algorithm <==

  SCF Algorithm Type is PK.
  DIIS enabled.
  MOM disabled.
  Fractional occupation disabled.
  Guess Type is CORE.
  Energy threshold   = 1.00e-12
  Density threshold  = 1.00e-12
  Integral threshold = 1.00e-12

  ==> Primary Basis <==

  Basis Set: CC-PVDZ
    Blend: CC-PVDZ
    Number of shells: 6
    Number of basis functions: 10
    Number of Cartesian functions: 10
    Spherical Harmonics?: true
    Max angular momentum: 1

  ==> Integral Setup <==

  Using in-core PK algorithm.
   Calculation information:
      Number of atoms:                   2
      Number of AO shells:               6
      Number of primitives:             10
      Number of atomic orbitals:        10
      Number of basis functions:        10

      Integral cutoff                 1.00e-12
      Number of threads:                 1

  Performing in-core PK
  Using 3080 doubles for integral storage.
  We computed 231 shell quartets total.
  Whereas there are 231 unique shell quartets.

  ==> DiskJK: Disk-Based J/K Matrices <==

    J tasked:                  Yes
    K tasked:                  Yes
    wK tasked:                  No
    Memory [MiB]:              357
    Schwarz Cutoff:          1E-12

    OpenMP threads:              1

  Minimum eigenvalue in the overlap matrix is 1.8232826602E-01.
  Reciprocal condition number of the overlap matrix is 7.6552274022E-02.
    Using symmetric orthogonalization.

  ==> Pre-Iterations <==

  SCF Guess: Core (One-Electron) Hamiltonian.

  Mixing beta HOMO/LUMO orbitals (1,2)
   -------------------------------------------------------
    Irrep   Nso     Nmo     Nalpha   Nbeta   Ndocc  Nsocc
   -------------------------------------------------------
     A         10      10       1       1       1       0
   -------------------------------------------------------
    Total      10      10       1       1       1       0
   -------------------------------------------------------

  ==> Iterations <==

                        Total Energy        Delta E     RMS |[F,P]|

   @UHF iter   1:    -0.95055194475911   -9.50552e-01   1.82237e-02 ADIIS/DIIS
   @UHF iter   2:    -1.00225655064750   -5.17046e-02   6.84947e-03 ADIIS/DIIS
   @UHF iter   3:    -1.01377609188055   -1.15195e-02   2.50557e-03 ADIIS/DIIS
   @UHF iter   4:    -1.01588721561535   -2.11112e-03   5.18478e-04 ADIIS/DIIS
   @UHF iter   5:    -1.01597949976407   -9.22841e-05   4.80895e-05 DIIS
   @UHF iter   6:    -1.01598020453197   -7.04768e-07   3.11314e-06 DIIS
   @UHF iter   7:    -1.01598020687798   -2.34602e-09   3.27624e-07 DIIS
   @UHF iter   8:    -1.01598020692559   -4.76084e-11   2.67257e-08 DIIS
   @UHF iter   9:    -1.01598020692590   -3.04645e-13   7.08221e-11 DIIS
   @UHF iter  10:    -1.01598020692590   -8.88178e-16   1.51312e-11 DIIS
   @UHF iter  11:    -1.01598020692590    0.00000e+00   5.71361e-14 DIIS
  Energy and wave function converged.

    Wavefunction stable under totally symmetric rotations.
    Lowest totally symmetric eigenvalue: 0.207940 
    Lowest UHF->UHF stability eigenvalues: 
       A 0.207940      

    Stability analysis over.

  ==> Post-Iterations <==

   @Spin Contamination Metric:   6.709532649E-01
   @S^2 Expected:                0.000000000E+00
   @S^2 Observed:                6.709532649E-01
   @S   Expected:                0.000000000E+00
   @S   Observed:                0.000000000E+00

    Orbital Energies [Eh]
    ---------------------

    Alpha Occupied:                                                       

       1A     -0.494980  

    Alpha Virtual:                                                        

       2A      0.089936     3A      0.603287     4A      0.747946  
       5A      1.268920     6A      1.399184     7A      1.399184  
       8A      1.614301     9A      1.614301    10A      2.064230  

    Beta Occupied:                                                        

       1A     -0.494980  

    Beta Virtual:                                                         

       2A      0.089936     3A      0.603287     4A      0.747946  
       5A      1.268920     6A      1.399184     7A      1.399184  
       8A      1.614301     9A      1.614301    10A      2.064230  

    Final Occupation by Irrep:
              A 
    DOCC [     1 ]
    SOCC [     0 ]
    NA   [     1 ]
    NB   [     1 ]

  @UHF Final Energy:    -1.01598020692590

   => Energetics <=

    Nuclear Repulsion Energy =              0.3349222852341772
    One-Electron Energy =                  -1.7118459764632368
    Two-Electron Energy =                   0.3609434843031627
    Total Energy =                         -1.0159802069258967

  UHF NO Occupations:
  HONO-0 :    1  A 1.5736260
  LUNO+0 :    2  A 0.4263740
  LUNO+1 :    3  A 0.0000000
  LUNO+2 :    4  A 0.0000000
  LUNO+3 :    5  A 0.0000000


Computation Completed


Properties will be evaluated at   0.000000,   0.000000,   0.000000 [a0]

Properties computed using the SCF density matrix


 Multipole Moments:

 ------------------------------------------------------------------------------------
     Multipole            Electronic (a.u.)      Nuclear  (a.u.)        Total (a.u.)
 ------------------------------------------------------------------------------------

 L = 1.  Multiply by 2.5417464519 to convert [e a0] to [Debye]
 Dipole X            :          0.0000000            0.0000000            0.0000000
 Dipole Y            :         -0.0000000            0.0000000           -0.0000000
 Dipole Z            :          0.0000000            0.0000000            0.0000000
 Magnitude           :                                                    0.0000000

 ------------------------------------------------------------------------------------

*** tstop() called on [LOCAL_HOST]
Module time:
	user time   =        nan seconds =        nan minutes
	system time =        nan seconds =        nan minutes
	total time  =          0 seconds =       0.00 minutes
Total time:
	user time   =        nan seconds =        nan minutes
	system time =        nan seconds =        nan minutes
	total time  =         41 seconds =       0.68 minutes
