
Scratch directory: [LOCAL_PATH]
   => Libint2 <=

    Primary   basis highest AM E, G, H:  7, 6, -
    Auxiliary basis highest AM E, G, H:  7, 7, -
    Onebody   basis highest AM E, G, H:  -, -, -
    Solid Harmonics ordering:            Gaussian

*** tstart() called on [LOCAL_HOST]
*** at Mon Sep 28 20:12:14 2026

   => Loading Basis Set <=

    Name: CC-PVDZ
    Role: ORBITAL
    Keyword: BASIS
    atoms 1-2 entry H          line    22 file [LOCAL_PATH]


         ---------------------------------------------------------
                                   SCF
               by Justin Turney, Rob Parrish, Andy Simmonett
                          and Daniel G. A. Smith
                              UHF Reference
                        1 Threads,    476 MiB Core
         ---------------------------------------------------------

  ==> Geometry <==

    Molecular point group: c1
    Full point group: D_inf_h

    Geometry (in Angstrom), charge = 0, multiplicity = 1:

       Center              X                  Y                   Z               Mass       
    ------------   -----------------  -----------------  -----------------  -----------------
         H            0.000000000000     0.000000000000    -0.630000000000     1.007825032230
         H            0.000000000000     0.000000000000     0.630000000000     1.007825032230

  Running in c1 symmetry.

  Rotational constants: A = ************  B =     21.07173  C =     21.07173 [cm^-1]
  Rotational constants: A = ************  B = 631714.67180  C = 631714.67180 [MHz]
  Nuclear repulsion =    0.419981913230159

  Charge       = 0
  Multiplicity = 1
  Electrons    = 2
  Nalpha       = 1
  Nbeta        = 1

  ==> Algorithm <==

  SCF Algorithm Type is PK.
  DIIS enabled.
  MOM disabled.
  Fractional occupation disabled.
  Guess Type is CORE.
  Energy threshold   = 1.00e-12
  Density threshold  = 1.00e-12
  Integral threshold = 1.00e-12

  ==> Primary Basis <==

  Basis Set: CC-PVDZ
    Blend: CC-PVDZ
    Number of shells: 6
    Number of basis functions: 10
    Number of Cartesian functions: 10
    Spherical Harmonics?: true
    Max angular momentum: 1

  ==> Integral Setup <==

  Using in-core PK algorithm.
   Calculation information:
      Number of atoms:                   2
      Number of AO shells:               6
      Number of primitives:             10
      Number of atomic orbitals:        10
      Number of basis functions:        10

      Integral cutoff                 1.00e-12
      Number of threads:                 1

  Performing in-core PK
  Using 3080 doubles for integral storage.
  We computed 231 shell quartets total.
  Whereas there are 231 unique shell quartets.

  ==> DiskJK: Disk-Based J/K Matrices <==

    J tasked:                  Yes
    K tasked:                  Yes
    wK tasked:                  No
    Memory [MiB]:              357
    Schwarz Cutoff:          1E-12

    OpenMP threads:              1

  Minimum eigenvalue in the overlap matrix is 1.4672123468E-01.
  Reciprocal condition number of the overlap matrix is 5.5291058579E-02.
    Using symmetric orthogonalization.

  ==> Pre-Iterations <==

  SCF Guess: Core (One-Electron) Hamiltonian.

  Mixing beta HOMO/LUMO orbitals (1,2)
   -------------------------------------------------------
    Irrep   Nso     Nmo     Nalpha   Nbeta   Ndocc  Nsocc
   -------------------------------------------------------
     A         10      10       1       1       1       0
   -------------------------------------------------------
    Total      10      10       1       1       1       0
   -------------------------------------------------------

  ==> Iterations <==

                        Total Energy        Delta E     RMS |[F,P]|

   @UHF iter   1:    -0.90182816504351   -9.01828e-01   2.49553e-02 ADIIS/DIIS
   @UHF iter   2:    -1.00779455515374   -1.05966e-01   1.08280e-02 ADIIS/DIIS
   @UHF iter   3:    -1.03771761135905   -2.99231e-02   4.88095e-03 ADIIS/DIIS
   @UHF iter   4:    -1.04762542278053   -9.90781e-03   1.60888e-03 ADIIS/DIIS
   @UHF iter   5:    -1.04927437486247   -1.64895e-03   6.20331e-04 ADIIS/DIIS
   @UHF iter   6:    -1.04965671037234   -3.82336e-04   2.30371e-04 ADIIS/DIIS
   @UHF iter   7:    -1.04972672920919   -7.00188e-05   1.02779e-04 ADIIS/DIIS
   @UHF iter   8:    -1.04974789225157   -2.11630e-05   8.37241e-06 DIIS
   @UHF iter   9:    -1.04974805027698   -1.58025e-07   6.85578e-07 DIIS
   @UHF iter  10:    -1.04974805133825   -1.06126e-09   5.70278e-08 DIIS
   @UHF iter  11:    -1.04974805134545   -7.19891e-12   6.79836e-09 DIIS
   @UHF iter  12:    -1.04974805134555   -1.04139e-13   5.05581e-11 DIIS
   @UHF iter  13:    -1.04974805134555    2.22045e-16   1.33841e-12 DIIS
   @UHF iter  14:    -1.04974805134555    1.33227e-15   5.44411e-14 DIIS
  Energy and wave function converged.

    Wavefunction stable under totally symmetric rotations.
    Lowest totally symmetric eigenvalue: 0.040622 
    Lowest UHF->UHF stability eigenvalues: 
       A 0.040622      

    Stability analysis over.

  ==> Post-Iterations <==

   @Spin Contamination Metric:   1.402830638E-01
   @S^2 Expected:                0.000000000E+00
   @S^2 Observed:                1.402830638E-01
   @S   Expected:                0.000000000E+00
   @S   Observed:                0.000000000E+00

    Orbital Energies [Eh]
    ---------------------

    Alpha Occupied:                                                       

       1A     -0.485900  

    Alpha Virtual:                                                        

       2A      0.097000     3A      0.589382     4A      0.724556  
       5A      1.327313     6A      1.327313     7A      1.419960  
       8A      1.724445     9A      1.724445    10A      2.392468  

    Beta Occupied:                                                        

       1A     -0.485900  

    Beta Virtual:                                                         

       2A      0.097000     3A      0.589382     4A      0.724556  
       5A      1.327313     6A      1.327313     7A      1.419960  
       8A      1.724445     9A      1.724445    10A      2.392468  

    Final Occupation by Irrep:
              A 
    DOCC [     1 ]
    SOCC [     0 ]
    NA   [     1 ]
    NB   [     1 ]

  @UHF Final Energy:    -1.04974805134555

   => Energetics <=

    Nuclear Repulsion Energy =              0.4199819132301587
    One-Electron Energy =                  -1.9676608465364105
    Two-Electron Energy =                   0.4979308819607033
    Total Energy =                         -1.0497480513455484

  UHF NO Occupations:
  HONO-0 :    1  A 1.9272092
  LUNO+0 :    2  A 0.0727908
  LUNO+1 :    3  A 0.0000000
  LUNO+2 :    4  A 0.0000000
  LUNO+3 :    5  A 0.0000000


Computation Completed


Properties will be evaluated at   0.000000,   0.000000,   0.000000 [a0]

Properties computed using the SCF density matrix


 Multipole Moments:

 ------------------------------------------------------------------------------------
     Multipole            Electronic (a.u.)      Nuclear  (a.u.)        Total (a.u.)
 ------------------------------------------------------------------------------------

 L = 1.  Multiply by 2.5417464519 to convert [e a0] to [Debye]
 Dipole X            :          0.0000000            0.0000000            0.0000000
 Dipole Y            :          0.0000000            0.0000000            0.0000000
 Dipole Z            :          0.0000000            0.0000000            0.0000000
 Magnitude           :                                                    0.0000000

 ------------------------------------------------------------------------------------

*** tstop() called on [LOCAL_HOST]
Module time:
	user time   =        nan seconds =        nan minutes
	system time =        nan seconds =        nan minutes
	total time  =          0 seconds =       0.00 minutes
Total time:
	user time   =        nan seconds =        nan minutes
	system time =        nan seconds =        nan minutes
	total time  =         38 seconds =       0.63 minutes
