
Scratch directory: [LOCAL_PATH]
   => Libint2 <=

    Primary   basis highest AM E, G, H:  7, 6, -
    Auxiliary basis highest AM E, G, H:  7, 7, -
    Onebody   basis highest AM E, G, H:  -, -, -
    Solid Harmonics ordering:            Gaussian

*** tstart() called on [LOCAL_HOST]
*** at Mon Sep 28 20:12:16 2026

   => Loading Basis Set <=

    Name: CC-PVDZ
    Role: ORBITAL
    Keyword: BASIS
    atoms 1-2 entry H          line    22 file [LOCAL_PATH]


         ---------------------------------------------------------
                                   SCF
               by Justin Turney, Rob Parrish, Andy Simmonett
                          and Daniel G. A. Smith
                              UHF Reference
                        1 Threads,    476 MiB Core
         ---------------------------------------------------------

  ==> Geometry <==

    Molecular point group: c1
    Full point group: D_inf_h

    Geometry (in Angstrom), charge = 0, multiplicity = 1:

       Center              X                  Y                   Z               Mass       
    ------------   -----------------  -----------------  -----------------  -----------------
         H            0.000000000000     0.000000000000    -0.710000000000     1.007825032230
         H            0.000000000000     0.000000000000     0.710000000000     1.007825032230

  Running in c1 symmetry.

  Rotational constants: A = ************  B =     16.59070  C =     16.59070 [cm^-1]
  Rotational constants: A = ************  B = 497376.61821  C = 497376.61821 [MHz]
  Nuclear repulsion =    0.372660007514085

  Charge       = 0
  Multiplicity = 1
  Electrons    = 2
  Nalpha       = 1
  Nbeta        = 1

  ==> Algorithm <==

  SCF Algorithm Type is PK.
  DIIS enabled.
  MOM disabled.
  Fractional occupation disabled.
  Guess Type is CORE.
  Energy threshold   = 1.00e-12
  Density threshold  = 1.00e-12
  Integral threshold = 1.00e-12

  ==> Primary Basis <==

  Basis Set: CC-PVDZ
    Blend: CC-PVDZ
    Number of shells: 6
    Number of basis functions: 10
    Number of Cartesian functions: 10
    Spherical Harmonics?: true
    Max angular momentum: 1

  ==> Integral Setup <==

  Using in-core PK algorithm.
   Calculation information:
      Number of atoms:                   2
      Number of AO shells:               6
      Number of primitives:             10
      Number of atomic orbitals:        10
      Number of basis functions:        10

      Integral cutoff                 1.00e-12
      Number of threads:                 1

  Performing in-core PK
  Using 3080 doubles for integral storage.
  We computed 231 shell quartets total.
  Whereas there are 231 unique shell quartets.

  ==> DiskJK: Disk-Based J/K Matrices <==

    J tasked:                  Yes
    K tasked:                  Yes
    wK tasked:                  No
    Memory [MiB]:              357
    Schwarz Cutoff:          1E-12

    OpenMP threads:              1

  Minimum eigenvalue in the overlap matrix is 1.6559013450E-01.
  Reciprocal condition number of the overlap matrix is 6.5951602232E-02.
    Using symmetric orthogonalization.

  ==> Pre-Iterations <==

  SCF Guess: Core (One-Electron) Hamiltonian.

  Mixing beta HOMO/LUMO orbitals (1,2)
   -------------------------------------------------------
    Irrep   Nso     Nmo     Nalpha   Nbeta   Ndocc  Nsocc
   -------------------------------------------------------
     A         10      10       1       1       1       0
   -------------------------------------------------------
    Total      10      10       1       1       1       0
   -------------------------------------------------------

  ==> Iterations <==

                        Total Energy        Delta E     RMS |[F,P]|

   @UHF iter   1:    -0.93009882064541   -9.30099e-01   2.13548e-02 ADIIS/DIIS
   @UHF iter   2:    -1.00448703390795   -7.43882e-02   8.62721e-03 ADIIS/DIIS
   @UHF iter   3:    -1.02330539427633   -1.88184e-02   3.54241e-03 ADIIS/DIIS
   @UHF iter   4:    -1.02802777247222   -4.72238e-03   9.17990e-04 ADIIS/DIIS
   @UHF iter   5:    -1.02842566985365   -3.97897e-04   1.75523e-04 ADIIS/DIIS
   @UHF iter   6:    -1.02844268917189   -1.70193e-05   1.61896e-05 DIIS
   @UHF iter   7:    -1.02844282921699   -1.40045e-07   1.27892e-06 DIIS
   @UHF iter   8:    -1.02844283021538   -9.98395e-10   3.77400e-07 DIIS
   @UHF iter   9:    -1.02844283030824   -9.28573e-11   1.36622e-08 DIIS
   @UHF iter  10:    -1.02844283030835   -1.10134e-13   1.52168e-10 DIIS
   @UHF iter  11:    -1.02844283030835    2.22045e-16   6.10786e-13 DIIS
  Energy and wave function converged.

    Wavefunction stable under totally symmetric rotations.
    Lowest totally symmetric eigenvalue: 0.140756 
    Lowest UHF->UHF stability eigenvalues: 
       A 0.140756      

    Stability analysis over.

  ==> Post-Iterations <==

   @Spin Contamination Metric:   4.696412432E-01
   @S^2 Expected:                0.000000000E+00
   @S^2 Observed:                4.696412432E-01
   @S   Expected:                0.000000000E+00
   @S   Observed:                0.000000000E+00

    Orbital Energies [Eh]
    ---------------------

    Alpha Occupied:                                                       

       1A     -0.491617  

    Alpha Virtual:                                                        

       2A      0.093466     3A      0.598958     4A      0.730628  
       5A      1.315548     6A      1.364368     7A      1.364368  
       8A      1.659677     9A      1.659677    10A      2.223296  

    Beta Occupied:                                                        

       1A     -0.491617  

    Beta Virtual:                                                         

       2A      0.093466     3A      0.598958     4A      0.730628  
       5A      1.315548     6A      1.364368     7A      1.364368  
       8A      1.659677     9A      1.659677    10A      2.223296  

    Final Occupation by Irrep:
              A 
    DOCC [     1 ]
    SOCC [     0 ]
    NA   [     1 ]
    NB   [     1 ]

  @UHF Final Energy:    -1.02844283030835

   => Energetics <=

    Nuclear Repulsion Energy =              0.3726600075140845
    One-Electron Energy =                  -1.8189712102246158
    Two-Electron Energy =                   0.4178683724021792
    Total Energy =                         -1.0284428303083522

  UHF NO Occupations:
  HONO-0 :    1  A 1.7282573
  LUNO+0 :    2  A 0.2717427
  LUNO+1 :    3  A 0.0000000
  LUNO+2 :    4  A 0.0000000
  LUNO+3 :    5  A 0.0000000


Computation Completed


Properties will be evaluated at   0.000000,   0.000000,   0.000000 [a0]

Properties computed using the SCF density matrix


 Multipole Moments:

 ------------------------------------------------------------------------------------
     Multipole            Electronic (a.u.)      Nuclear  (a.u.)        Total (a.u.)
 ------------------------------------------------------------------------------------

 L = 1.  Multiply by 2.5417464519 to convert [e a0] to [Debye]
 Dipole X            :         -0.0000000            0.0000000           -0.0000000
 Dipole Y            :          0.0000000            0.0000000            0.0000000
 Dipole Z            :         -0.0000000            0.0000000           -0.0000000
 Magnitude           :                                                    0.0000000

 ------------------------------------------------------------------------------------

*** tstop() called on [LOCAL_HOST]
Module time:
	user time   =        nan seconds =        nan minutes
	system time =        nan seconds =        nan minutes
	total time  =          0 seconds =       0.00 minutes
Total time:
	user time   =        nan seconds =        nan minutes
	system time =        nan seconds =        nan minutes
	total time  =         40 seconds =       0.67 minutes
