
Scratch directory: [LOCAL_PATH]
   => Libint2 <=

    Primary   basis highest AM E, G, H:  7, 6, -
    Auxiliary basis highest AM E, G, H:  7, 7, -
    Onebody   basis highest AM E, G, H:  -, -, -
    Solid Harmonics ordering:            Gaussian

*** tstart() called on [LOCAL_HOST]
*** at Mon Sep 28 20:12:17 2026

   => Loading Basis Set <=

    Name: CC-PVDZ
    Role: ORBITAL
    Keyword: BASIS
    atoms 1-2 entry H          line    22 file [LOCAL_PATH]


         ---------------------------------------------------------
                                   SCF
               by Justin Turney, Rob Parrish, Andy Simmonett
                          and Daniel G. A. Smith
                              RHF Reference
                        1 Threads,    476 MiB Core
         ---------------------------------------------------------

  ==> Geometry <==

    Molecular point group: c1
    Full point group: D_inf_h

    Geometry (in Angstrom), charge = 0, multiplicity = 1:

       Center              X                  Y                   Z               Mass       
    ------------   -----------------  -----------------  -----------------  -----------------
         H            0.000000000000     0.000000000000    -0.790000000000     1.007825032230
         H            0.000000000000     0.000000000000     0.790000000000     1.007825032230

  Running in c1 symmetry.

  Rotational constants: A = ************  B =     13.40069  C =     13.40069 [cm^-1]
  Rotational constants: A = ************  B = 401742.59452  C = 401742.59452 [MHz]
  Nuclear repulsion =    0.334922285234177

  Charge       = 0
  Multiplicity = 1
  Electrons    = 2
  Nalpha       = 1
  Nbeta        = 1

  ==> Algorithm <==

  SCF Algorithm Type is PK.
  DIIS enabled.
  MOM disabled.
  Fractional occupation disabled.
  Guess Type is CORE.
  Energy threshold   = 1.00e-12
  Density threshold  = 1.00e-12
  Integral threshold = 1.00e-12

  ==> Primary Basis <==

  Basis Set: CC-PVDZ
    Blend: CC-PVDZ
    Number of shells: 6
    Number of basis functions: 10
    Number of Cartesian functions: 10
    Spherical Harmonics?: true
    Max angular momentum: 1

  ==> Integral Setup <==

  Using in-core PK algorithm.
   Calculation information:
      Number of atoms:                   2
      Number of AO shells:               6
      Number of primitives:             10
      Number of atomic orbitals:        10
      Number of basis functions:        10

      Integral cutoff                 1.00e-12
      Number of threads:                 1

  Performing in-core PK
  Using 3080 doubles for integral storage.
  We computed 231 shell quartets total.
  Whereas there are 231 unique shell quartets.

  ==> DiskJK: Disk-Based J/K Matrices <==

    J tasked:                  Yes
    K tasked:                  Yes
    wK tasked:                  No
    Memory [MiB]:              357
    Schwarz Cutoff:          1E-12

    OpenMP threads:              1

  Minimum eigenvalue in the overlap matrix is 1.8232826602E-01.
  Reciprocal condition number of the overlap matrix is 7.6552274022E-02.
    Using symmetric orthogonalization.

  ==> Pre-Iterations <==

  SCF Guess: Core (One-Electron) Hamiltonian.

   -------------------------------------------------------
    Irrep   Nso     Nmo     Nalpha   Nbeta   Ndocc  Nsocc
   -------------------------------------------------------
     A         10      10       1       1       1       0
   -------------------------------------------------------
    Total      10      10       1       1       1       0
   -------------------------------------------------------

  ==> Iterations <==

                        Total Energy        Delta E     RMS |[F,P]|

   @RHF iter   1:    -0.95758459898856   -9.57585e-01   1.67162e-02 ADIIS/DIIS
   @RHF iter   2:    -0.98672729870999   -2.91427e-02   2.87792e-03 ADIIS/DIIS
   @RHF iter   3:    -0.98763711592419   -9.09817e-04   1.07474e-04 ADIIS/DIIS
   @RHF iter   4:    -0.98763811919115   -1.00327e-06   1.61840e-06 DIIS
   @RHF iter   5:    -0.98763811948244   -2.91288e-10   1.84638e-10 DIIS
   @RHF iter   6:    -0.98763811948244    0.00000e+00   1.63500e-14 DIIS
  Energy and wave function converged.


  ==> Post-Iterations <==

    Orbital Energies [Eh]
    ---------------------

    Doubly Occupied:                                                      

       1A     -0.428984  

    Virtual:                                                              

       2A      0.025998     3A      0.656801     4A      0.667668  
       5A      1.258434     6A      1.399919     7A      1.399919  
       8A      1.589661     9A      1.589661    10A      2.051416  

    Final Occupation by Irrep:
              A 
    DOCC [     1 ]
    NA   [     1 ]
    NB   [     1 ]

  @RHF Final Energy:    -0.98763811948244

   => Energetics <=

    Nuclear Repulsion Energy =              0.3349222852341772
    One-Electron Energy =                  -1.7871521271629391
    Two-Electron Energy =                   0.4645917224463201
    Total Energy =                         -0.9876381194824417

Computation Completed


Properties will be evaluated at   0.000000,   0.000000,   0.000000 [a0]

Properties computed using the SCF density matrix


 Multipole Moments:

 ------------------------------------------------------------------------------------
     Multipole            Electronic (a.u.)      Nuclear  (a.u.)        Total (a.u.)
 ------------------------------------------------------------------------------------

 L = 1.  Multiply by 2.5417464519 to convert [e a0] to [Debye]
 Dipole X            :          0.0000000            0.0000000            0.0000000
 Dipole Y            :          0.0000000            0.0000000            0.0000000
 Dipole Z            :          0.0000000            0.0000000            0.0000000
 Magnitude           :                                                    0.0000000

 ------------------------------------------------------------------------------------

*** tstop() called on [LOCAL_HOST]
Module time:
	user time   =        nan seconds =        nan minutes
	system time =        nan seconds =        nan minutes
	total time  =          0 seconds =       0.00 minutes
Total time:
	user time   =        nan seconds =        nan minutes
	system time =        nan seconds =        nan minutes
	total time  =         41 seconds =       0.68 minutes
 MINTS: Wrapper to libmints.
   by Justin Turney

   Calculation information:
      Number of threads:                 1
      Number of atoms:                   2
      Number of AO shells:               6
      Number of SO shells:               6
      Number of primitives:             10
      Number of atomic orbitals:        10
      Number of basis functions:        10

      Number of irreps:                  1
      Integral cutoff                 1.00e-12
      Number of functions per irrep: [  10 ]

 OEINTS: Overlap, kinetic, potential, dipole, and quadrupole integrals
         stored in file 35.

      Computing two-electron integrals...done
      Computed 512 non-zero two-electron integrals.
        Stored in file 33.


         ---------------------------------------------------------
                          Configuration Interaction
                            (a 'D E T C I' module)

                 C. David Sherrill, Daniel G. A. Smith, and
                              Matt L. Leininger
         ---------------------------------------------------------


   ==> Parameters <==

    EX LEVEL       =        2      H0 BLOCKSIZE  =     1000
    VAL EX LEVEL   =        0      H0 GUESS SIZE =     1000
    H0COUPLINGSIZE =        0      H0 COUPLING   =       NO
    MAXITER        =      100      NUM PRINT     =       20
    NUM ROOTS      =        1      ICORE         =        1
    PRINT LVL      =        1      FCI           =      YES
    R CONV         = 1.00e-10      MIXED         =      YES
    E CONV         = 1.00e-12      MIXED4        =      YES
    R4S            =       NO      REPL OTF      =       NO
    DIAG METHOD    =      SEM      FOLLOW ROOT   =        0
    PRECONDITIONER = DAVIDSON      UPDATE        = DAVIDSON
    S              =   0.0000      Ms0           =      YES
    GUESS VECTOR   =  H0BLOCK      OPENTYPE      =     NONE
    COLLAPSE SIZE  =        1      HD AVG        = EVANGELISTI
    MAX NUM VECS   =      101      REF SYM       =     AUTO
    IOPEN        =       NO

    EX ALLOW       =  1  1 
    STATE AVERAGE  =  0(1.00) 

   ==> CI Orbital and Space information <==

   ------------------------------------
               Space    Total     A
   ------------------------------------
                 Nso       10    10
                 Nmo       10    10
               Ndocc        1     1
               Nsocc        0     0
   ------------------------------------
              CI Spaces
   ------------------------------------
        Dropped DOCC        0     0
              Active       10    10
        Dropped UOCC        0     0
   ------------------------------------

   ==> Setting up CI strings <==

    There are 10 alpha and 10 beta strings
    The CI space requires 100 (1.00E+02) determinants and 1 blocks

   ==> Transforming CI integrals <==

	Presorting SO-basis two-electron integrals.
	Sorting File: SO Ints (nn|nn) nbuckets = 1
	Constructing frozen core operators
	Starting first half-transformation.
	Sorting half-transformed integrals.
	First half integral transformation complete.
	Starting second half-transformation.
	Two-electron integral transformation complete.

   ==> Starting CI iterations <==

    H0 Block Eigenvalue =  -1.02728081

    Simultaneous Expansion Method (Block Davidson Method)
    Using 1 initial trial vectors

     Iter   Root       Total Energy       Delta E      C RMS

   @CI  0:     0     -1.027280807388   -1.3622E+00   1.9431E-01  
   @CI  1:     0     -1.050237419764   -2.2957E-02   4.4822E-02  
   @CI  2:     0     -1.051669675164   -1.4323E-03   8.6530E-03  
   @CI  3:     0     -1.051736736565   -6.7061E-05   2.6305E-03  
   @CI  4:     0     -1.051741196958   -4.4604E-06   1.0959E-04  
   @CI  5:     0     -1.051741203191   -6.2334E-09   1.3443E-05  
   @CI  6:     0     -1.051741203289   -9.7252E-11   9.0067E-07  
   @CI  7:     0     -1.051741203289   -4.3143E-13   5.2000E-08  
    Warning: Norm of correction (root 0) is < 1.0E-13
   @CI  8:     0     -1.051741203289   -4.4409E-16   3.8487E-09  
    Warning: Norm of correction (root 0) is < 1.0E-13
   @CI  9:     0     -1.051741203289   -6.6613E-16   1.4271E-10  
    Warning: Norm of correction (root 0) is < 1.0E-13
   @CI 10:     0     -1.051741203289   2.2204E-16   9.2990E-12 c

   ==> Energetics <==

    SCF energy =           -0.987638119482442
    Total CI energy =      -1.051741203289037

   ==> FCI root 0 information <==

    FCI Root 0 energy =    -1.051741203289037

   The 20 most important determinants:

    *   1    0.944453  (    0,    0)  1AX 
    *   2   -0.293202  (    1,    1)  2AX 
    *   3   -0.087888  (    1,    3)  2AA 4AB 
    *   4   -0.087888  (    3,    1)  2AB 4AA 
    *   5    0.037702  (    0,    2)  1AA 3AB 
    *   6    0.037702  (    2,    0)  1AB 3AA 
    *   7   -0.035437  (    3,    3)  4AX 
    *   8   -0.022352  (    2,    2)  3AX 
    *   9   -0.018031  (    4,    4)  5AX 
    *  10    0.017964  (    0,    4)  1AA 5AB 
    *  11    0.017964  (    4,    0)  1AB 5AA 
    *  12   -0.016054  (    6,    6)  7AX 
    *  13   -0.016054  (    5,    5)  6AX 
    *  14    0.010542  (    2,    4)  3AA 5AB 
    *  15    0.010542  (    4,    2)  3AB 5AA 
    *  16    0.007740  (    1,    9)  2AA 10AB 
    *  17    0.007740  (    9,    1)  2AB 10AA 
    *  18   -0.007041  (    7,    7)  8AX 
    *  19   -0.007041  (    8,    8)  9AX 
    *  20   -0.004751  (    9,    9)  10AX 

		 "A good bug is a dead bug" 

			 - Starship Troopers

		 "I didn't write FORTRAN.  That's the problem."

			 - Edward Valeev
