
Scratch directory: [LOCAL_PATH]
   => Libint2 <=

    Primary   basis highest AM E, G, H:  7, 6, -
    Auxiliary basis highest AM E, G, H:  7, 7, -
    Onebody   basis highest AM E, G, H:  -, -, -
    Solid Harmonics ordering:            Gaussian

*** tstart() called on [LOCAL_HOST]
*** at Mon Sep 28 20:12:18 2026

   => Loading Basis Set <=

    Name: CC-PVDZ
    Role: ORBITAL
    Keyword: BASIS
    atoms 1-2 entry H          line    22 file [LOCAL_PATH]


         ---------------------------------------------------------
                                   SCF
               by Justin Turney, Rob Parrish, Andy Simmonett
                          and Daniel G. A. Smith
                              UHF Reference
                        1 Threads,    476 MiB Core
         ---------------------------------------------------------

  ==> Geometry <==

    Molecular point group: c1
    Full point group: D_inf_h

    Geometry (in Angstrom), charge = 0, multiplicity = 1:

       Center              X                  Y                   Z               Mass       
    ------------   -----------------  -----------------  -----------------  -----------------
         H            0.000000000000     0.000000000000    -0.870000000000     1.007825032230
         H            0.000000000000     0.000000000000     0.870000000000     1.007825032230

  Running in c1 symmetry.

  Rotational constants: A = ************  B =     11.04951  C =     11.04951 [cm^-1]
  Rotational constants: A = ************  B = 331255.85049  C = 331255.85049 [MHz]
  Nuclear repulsion =    0.304124833718391

  Charge       = 0
  Multiplicity = 1
  Electrons    = 2
  Nalpha       = 1
  Nbeta        = 1

  ==> Algorithm <==

  SCF Algorithm Type is PK.
  DIIS enabled.
  MOM disabled.
  Fractional occupation disabled.
  Guess Type is CORE.
  Energy threshold   = 1.00e-12
  Density threshold  = 1.00e-12
  Integral threshold = 1.00e-12

  ==> Primary Basis <==

  Basis Set: CC-PVDZ
    Blend: CC-PVDZ
    Number of shells: 6
    Number of basis functions: 10
    Number of Cartesian functions: 10
    Spherical Harmonics?: true
    Max angular momentum: 1

  ==> Integral Setup <==

  Using in-core PK algorithm.
   Calculation information:
      Number of atoms:                   2
      Number of AO shells:               6
      Number of primitives:             10
      Number of atomic orbitals:        10
      Number of basis functions:        10

      Integral cutoff                 1.00e-12
      Number of threads:                 1

  Performing in-core PK
  Using 3080 doubles for integral storage.
  We computed 231 shell quartets total.
  Whereas there are 231 unique shell quartets.

  ==> DiskJK: Disk-Based J/K Matrices <==

    J tasked:                  Yes
    K tasked:                  Yes
    wK tasked:                  No
    Memory [MiB]:              357
    Schwarz Cutoff:          1E-12

    OpenMP threads:              1

  Minimum eigenvalue in the overlap matrix is 1.9692732642E-01.
  Reciprocal condition number of the overlap matrix is 8.6831188339E-02.
    Using symmetric orthogonalization.

  ==> Pre-Iterations <==

  SCF Guess: Core (One-Electron) Hamiltonian.

  Mixing beta HOMO/LUMO orbitals (1,2)
   -------------------------------------------------------
    Irrep   Nso     Nmo     Nalpha   Nbeta   Ndocc  Nsocc
   -------------------------------------------------------
     A         10      10       1       1       1       0
   -------------------------------------------------------
    Total      10      10       1       1       1       0
   -------------------------------------------------------

  ==> Iterations <==

                        Total Energy        Delta E     RMS |[F,P]|

   @UHF iter   1:    -0.96521301547744   -9.65213e-01   1.54984e-02 ADIIS/DIIS
   @UHF iter   2:    -1.00082004838376   -3.56070e-02   5.42858e-03 ADIIS/DIIS
   @UHF iter   3:    -1.00775396645360   -6.93392e-03   1.74641e-03 ADIIS/DIIS
   @UHF iter   4:    -1.00868406447995   -9.30098e-04   3.13842e-04 ADIIS/DIIS
   @UHF iter   5:    -1.00871029716738   -2.62327e-05   2.15391e-05 DIIS
   @UHF iter   6:    -1.00871038330678   -8.61394e-08   2.08078e-06 DIIS
   @UHF iter   7:    -1.00871038428868   -9.81894e-10   1.91752e-08 DIIS
   @UHF iter   8:    -1.00871038428879   -1.10578e-13   7.74650e-10 DIIS
   @UHF iter   9:    -1.00871038428879    0.00000e+00   1.36376e-10 DIIS
   @UHF iter  10:    -1.00871038428879    4.44089e-16   1.14757e-12 DIIS
   @UHF iter  11:    -1.00871038428879    0.00000e+00   7.67355e-16 DIIS
  Energy and wave function converged.

    Wavefunction stable under totally symmetric rotations.
    Lowest totally symmetric eigenvalue: 0.254533 
    Lowest UHF->UHF stability eigenvalues: 
       A 0.254533      

    Stability analysis over.

  ==> Post-Iterations <==

   @Spin Contamination Metric:   7.949210106E-01
   @S^2 Expected:                0.000000000E+00
   @S^2 Observed:                7.949210106E-01
   @S   Expected:                0.000000000E+00
   @S   Observed:                0.000000000E+00

    Orbital Energies [Eh]
    ---------------------

    Alpha Occupied:                                                       

       1A     -0.496927  

    Alpha Virtual:                                                        

       2A      0.086675     3A      0.604514     4A      0.763534  
       5A      1.279196     6A      1.423516     7A      1.423516  
       8A      1.587438     9A      1.587438    10A      1.921011  

    Beta Occupied:                                                        

       1A     -0.496927  

    Beta Virtual:                                                         

       2A      0.086675     3A      0.604514     4A      0.763534  
       5A      1.279196     6A      1.423516     7A      1.423516  
       8A      1.587438     9A      1.587438    10A      1.921011  

    Final Occupation by Irrep:
              A 
    DOCC [     1 ]
    SOCC [     0 ]
    NA   [     1 ]
    NB   [     1 ]

  @UHF Final Energy:    -1.00871038428879

   => Energetics <=

    Nuclear Repulsion Energy =              0.3041248337183908
    One-Electron Energy =                  -1.6318160129343791
    Two-Electron Energy =                   0.3189807949272019
    Total Energy =                         -1.0087103842887863

  UHF NO Occupations:
  HONO-0 :    1  A 1.4528565
  LUNO+0 :    2  A 0.5471435
  LUNO+1 :    3  A 0.0000000
  LUNO+2 :    4  A 0.0000000
  LUNO+3 :    5  A 0.0000000


Computation Completed


Properties will be evaluated at   0.000000,   0.000000,   0.000000 [a0]

Properties computed using the SCF density matrix


 Multipole Moments:

 ------------------------------------------------------------------------------------
     Multipole            Electronic (a.u.)      Nuclear  (a.u.)        Total (a.u.)
 ------------------------------------------------------------------------------------

 L = 1.  Multiply by 2.5417464519 to convert [e a0] to [Debye]
 Dipole X            :          0.0000000            0.0000000            0.0000000
 Dipole Y            :         -0.0000000            0.0000000           -0.0000000
 Dipole Z            :          0.0000000            0.0000000            0.0000000
 Magnitude           :                                                    0.0000000

 ------------------------------------------------------------------------------------

*** tstop() called on [LOCAL_HOST]
Module time:
	user time   =        nan seconds =        nan minutes
	system time =        nan seconds =        nan minutes
	total time  =          0 seconds =       0.00 minutes
Total time:
	user time   =        nan seconds =        nan minutes
	system time =        nan seconds =        nan minutes
	total time  =         42 seconds =       0.70 minutes
