
Scratch directory: [LOCAL_PATH]
   => Libint2 <=

    Primary   basis highest AM E, G, H:  7, 6, -
    Auxiliary basis highest AM E, G, H:  7, 7, -
    Onebody   basis highest AM E, G, H:  -, -, -
    Solid Harmonics ordering:            Gaussian

*** tstart() called on [LOCAL_HOST]
*** at Mon Sep 28 20:12:19 2026

   => Loading Basis Set <=

    Name: CC-PVDZ
    Role: ORBITAL
    Keyword: BASIS
    atoms 1-2 entry H          line    22 file [LOCAL_PATH]


         ---------------------------------------------------------
                                   SCF
               by Justin Turney, Rob Parrish, Andy Simmonett
                          and Daniel G. A. Smith
                              UHF Reference
                        1 Threads,    476 MiB Core
         ---------------------------------------------------------

  ==> Geometry <==

    Molecular point group: c1
    Full point group: D_inf_h

    Geometry (in Angstrom), charge = 0, multiplicity = 1:

       Center              X                  Y                   Z               Mass       
    ------------   -----------------  -----------------  -----------------  -----------------
         H            0.000000000000     0.000000000000    -0.950000000000     1.007825032230
         H            0.000000000000     0.000000000000     0.950000000000     1.007825032230

  Running in c1 symmetry.

  Rotational constants: A = ************  B =      9.26689  C =      9.26689 [cm^-1]
  Rotational constants: A = ************  B = 277814.46342  C = 277814.46342 [MHz]
  Nuclear repulsion =    0.278514321405263

  Charge       = 0
  Multiplicity = 1
  Electrons    = 2
  Nalpha       = 1
  Nbeta        = 1

  ==> Algorithm <==

  SCF Algorithm Type is PK.
  DIIS enabled.
  MOM disabled.
  Fractional occupation disabled.
  Guess Type is CORE.
  Energy threshold   = 1.00e-12
  Density threshold  = 1.00e-12
  Integral threshold = 1.00e-12

  ==> Primary Basis <==

  Basis Set: CC-PVDZ
    Blend: CC-PVDZ
    Number of shells: 6
    Number of basis functions: 10
    Number of Cartesian functions: 10
    Spherical Harmonics?: true
    Max angular momentum: 1

  ==> Integral Setup <==

  Using in-core PK algorithm.
   Calculation information:
      Number of atoms:                   2
      Number of AO shells:               6
      Number of primitives:             10
      Number of atomic orbitals:        10
      Number of basis functions:        10

      Integral cutoff                 1.00e-12
      Number of threads:                 1

  Performing in-core PK
  Using 3080 doubles for integral storage.
  We computed 231 shell quartets total.
  Whereas there are 231 unique shell quartets.

  ==> DiskJK: Disk-Based J/K Matrices <==

    J tasked:                  Yes
    K tasked:                  Yes
    wK tasked:                  No
    Memory [MiB]:              357
    Schwarz Cutoff:          1E-12

    OpenMP threads:              1

  Minimum eigenvalue in the overlap matrix is 2.0962876023E-01.
  Reciprocal condition number of the overlap matrix is 9.6661652618E-02.
    Using symmetric orthogonalization.

  ==> Pre-Iterations <==

  SCF Guess: Core (One-Electron) Hamiltonian.

  Mixing beta HOMO/LUMO orbitals (1,2)
   -------------------------------------------------------
    Irrep   Nso     Nmo     Nalpha   Nbeta   Ndocc  Nsocc
   -------------------------------------------------------
     A         10      10       1       1       1       0
   -------------------------------------------------------
    Total      10      10       1       1       1       0
   -------------------------------------------------------

  ==> Iterations <==

                        Total Energy        Delta E     RMS |[F,P]|

   @UHF iter   1:    -0.97549333976143   -9.75493e-01   1.31559e-02 ADIIS/DIIS
   @UHF iter   2:    -0.99992076489846   -2.44274e-02   4.30427e-03 ADIIS/DIIS
   @UHF iter   3:    -1.00405561403806   -4.13485e-03   1.20708e-03 ADIIS/DIIS
   @UHF iter   4:    -1.00446629954457   -4.10686e-04   2.04625e-04 ADIIS/DIIS
   @UHF iter   5:    -1.00447566247317   -9.36293e-06   1.33156e-05 DIIS
   @UHF iter   6:    -1.00447568992874   -2.74556e-08   1.52119e-06 DIIS
   @UHF iter   7:    -1.00447569037779   -4.49048e-10   3.87329e-08 DIIS
   @UHF iter   8:    -1.00447569037796   -1.70086e-13   3.71295e-10 DIIS
   @UHF iter   9:    -1.00447569037796   -6.66134e-16   1.62772e-11 DIIS
   @UHF iter  10:    -1.00447569037796   -2.22045e-16   1.60145e-13 DIIS
  Energy and wave function converged.

    Wavefunction stable under totally symmetric rotations.
    Lowest totally symmetric eigenvalue: 0.288079 
    Lowest UHF->UHF stability eigenvalues: 
       A 0.288079      

    Stability analysis over.

  ==> Post-Iterations <==

   @Spin Contamination Metric:   8.717389290E-01
   @S^2 Expected:                0.000000000E+00
   @S^2 Observed:                8.717389290E-01
   @S   Expected:                0.000000000E+00
   @S   Observed:                0.000000000E+00

    Orbital Energies [Eh]
    ---------------------

    Alpha Occupied:                                                       

       1A     -0.498016  

    Alpha Virtual:                                                        

       2A      0.083815     3A      0.604104     4A      0.770131  
       5A      1.327764     6A      1.436039     7A      1.436039  
       8A      1.575387     9A      1.575387    10A      1.801603  

    Beta Occupied:                                                        

       1A     -0.498016  

    Beta Virtual:                                                         

       2A      0.083815     3A      0.604104     4A      0.770131  
       5A      1.327764     6A      1.436039     7A      1.436039  
       8A      1.575387     9A      1.575387    10A      1.801603  

    Final Occupation by Irrep:
              A 
    DOCC [     1 ]
    SOCC [     0 ]
    NA   [     1 ]
    NB   [     1 ]

  @UHF Final Energy:    -1.00447569037796

   => Energetics <=

    Nuclear Repulsion Energy =              0.2785143214052632
    One-Electron Energy =                  -1.5699484706315454
    Two-Electron Energy =                   0.2869584588483195
    Total Energy =                         -1.0044756903779626

  UHF NO Occupations:
  HONO-0 :    1  A 1.3581355
  LUNO+0 :    2  A 0.6418645
  LUNO+1 :    3  A 0.0000000
  LUNO+2 :    4  A 0.0000000
  LUNO+3 :    5  A 0.0000000


Computation Completed


Properties will be evaluated at   0.000000,   0.000000,   0.000000 [a0]

Properties computed using the SCF density matrix


 Multipole Moments:

 ------------------------------------------------------------------------------------
     Multipole            Electronic (a.u.)      Nuclear  (a.u.)        Total (a.u.)
 ------------------------------------------------------------------------------------

 L = 1.  Multiply by 2.5417464519 to convert [e a0] to [Debye]
 Dipole X            :          0.0000000            0.0000000            0.0000000
 Dipole Y            :          0.0000000            0.0000000            0.0000000
 Dipole Z            :          0.0000000            0.0000000            0.0000000
 Magnitude           :                                                    0.0000000

 ------------------------------------------------------------------------------------

*** tstop() called on [LOCAL_HOST]
Module time:
	user time   =        nan seconds =        nan minutes
	system time =        nan seconds =        nan minutes
	total time  =          1 seconds =       0.02 minutes
Total time:
	user time   =        nan seconds =        nan minutes
	system time =        nan seconds =        nan minutes
	total time  =         44 seconds =       0.73 minutes
