
Scratch directory: [LOCAL_PATH]
   => Libint2 <=

    Primary   basis highest AM E, G, H:  7, 6, -
    Auxiliary basis highest AM E, G, H:  7, 7, -
    Onebody   basis highest AM E, G, H:  -, -, -
    Solid Harmonics ordering:            Gaussian

*** tstart() called on [LOCAL_HOST]
*** at Mon Sep 28 20:12:18 2026

   => Loading Basis Set <=

    Name: CC-PVDZ
    Role: ORBITAL
    Keyword: BASIS
    atoms 1-2 entry H          line    22 file [LOCAL_PATH]


         ---------------------------------------------------------
                                   SCF
               by Justin Turney, Rob Parrish, Andy Simmonett
                          and Daniel G. A. Smith
                              RHF Reference
                        1 Threads,    476 MiB Core
         ---------------------------------------------------------

  ==> Geometry <==

    Molecular point group: c1
    Full point group: D_inf_h

    Geometry (in Angstrom), charge = 0, multiplicity = 1:

       Center              X                  Y                   Z               Mass       
    ------------   -----------------  -----------------  -----------------  -----------------
         H            0.000000000000     0.000000000000    -0.870000000000     1.007825032230
         H            0.000000000000     0.000000000000     0.870000000000     1.007825032230

  Running in c1 symmetry.

  Rotational constants: A = ************  B =     11.04951  C =     11.04951 [cm^-1]
  Rotational constants: A = ************  B = 331255.85049  C = 331255.85049 [MHz]
  Nuclear repulsion =    0.304124833718391

  Charge       = 0
  Multiplicity = 1
  Electrons    = 2
  Nalpha       = 1
  Nbeta        = 1

  ==> Algorithm <==

  SCF Algorithm Type is PK.
  DIIS enabled.
  MOM disabled.
  Fractional occupation disabled.
  Guess Type is CORE.
  Energy threshold   = 1.00e-12
  Density threshold  = 1.00e-12
  Integral threshold = 1.00e-12

  ==> Primary Basis <==

  Basis Set: CC-PVDZ
    Blend: CC-PVDZ
    Number of shells: 6
    Number of basis functions: 10
    Number of Cartesian functions: 10
    Spherical Harmonics?: true
    Max angular momentum: 1

  ==> Integral Setup <==

  Using in-core PK algorithm.
   Calculation information:
      Number of atoms:                   2
      Number of AO shells:               6
      Number of primitives:             10
      Number of atomic orbitals:        10
      Number of basis functions:        10

      Integral cutoff                 1.00e-12
      Number of threads:                 1

  Performing in-core PK
  Using 3080 doubles for integral storage.
  We computed 231 shell quartets total.
  Whereas there are 231 unique shell quartets.

  ==> DiskJK: Disk-Based J/K Matrices <==

    J tasked:                  Yes
    K tasked:                  Yes
    wK tasked:                  No
    Memory [MiB]:              357
    Schwarz Cutoff:          1E-12

    OpenMP threads:              1

  Minimum eigenvalue in the overlap matrix is 1.9692732642E-01.
  Reciprocal condition number of the overlap matrix is 8.6831188339E-02.
    Using symmetric orthogonalization.

  ==> Pre-Iterations <==

  SCF Guess: Core (One-Electron) Hamiltonian.

   -------------------------------------------------------
    Irrep   Nso     Nmo     Nalpha   Nbeta   Ndocc  Nsocc
   -------------------------------------------------------
     A         10      10       1       1       1       0
   -------------------------------------------------------
    Total      10      10       1       1       1       0
   -------------------------------------------------------

  ==> Iterations <==

                        Total Energy        Delta E     RMS |[F,P]|

   @RHF iter   1:    -0.93492836213365   -9.34928e-01   1.55295e-02 ADIIS/DIIS
   @RHF iter   2:    -0.95967469377428   -2.47463e-02   2.66231e-03 ADIIS/DIIS
   @RHF iter   3:    -0.96044930252219   -7.74609e-04   9.73707e-05 DIIS
   @RHF iter   4:    -0.96045015957235   -8.57050e-07   7.46358e-07 DIIS
   @RHF iter   5:    -0.96045015963107   -5.87229e-11   1.13438e-11 DIIS
   @RHF iter   6:    -0.96045015963107    1.11022e-16   2.91230e-16 DIIS
  Energy and wave function converged.


  ==> Post-Iterations <==

    Orbital Energies [Eh]
    ---------------------

    Doubly Occupied:                                                      

       1A     -0.410701  

    Virtual:                                                              

       2A     -0.000178     3A      0.657382     4A      0.673450  
       5A      1.262958     6A      1.427533     7A      1.427533  
       8A      1.545826     9A      1.545826    10A      1.901182  

    Final Occupation by Irrep:
              A 
    DOCC [     1 ]
    NA   [     1 ]
    NB   [     1 ]

  @RHF Final Energy:    -0.96045015963107

   => Energetics <=

    Nuclear Repulsion Energy =              0.3041248337183908
    One-Electron Energy =                  -1.7077478674725932
    Two-Electron Energy =                   0.4431728741231314
    Total Energy =                         -0.9604501596310709

Computation Completed


Properties will be evaluated at   0.000000,   0.000000,   0.000000 [a0]

Properties computed using the SCF density matrix


 Multipole Moments:

 ------------------------------------------------------------------------------------
     Multipole            Electronic (a.u.)      Nuclear  (a.u.)        Total (a.u.)
 ------------------------------------------------------------------------------------

 L = 1.  Multiply by 2.5417464519 to convert [e a0] to [Debye]
 Dipole X            :          0.0000000            0.0000000            0.0000000
 Dipole Y            :         -0.0000000            0.0000000           -0.0000000
 Dipole Z            :          0.0000000            0.0000000            0.0000000
 Magnitude           :                                                    0.0000000

 ------------------------------------------------------------------------------------

*** tstop() called on [LOCAL_HOST]
Module time:
	user time   =        nan seconds =        nan minutes
	system time =        nan seconds =        nan minutes
	total time  =          0 seconds =       0.00 minutes
Total time:
	user time   =        nan seconds =        nan minutes
	system time =        nan seconds =        nan minutes
	total time  =         42 seconds =       0.70 minutes
 MINTS: Wrapper to libmints.
   by Justin Turney

   Calculation information:
      Number of threads:                 1
      Number of atoms:                   2
      Number of AO shells:               6
      Number of SO shells:               6
      Number of primitives:             10
      Number of atomic orbitals:        10
      Number of basis functions:        10

      Number of irreps:                  1
      Integral cutoff                 1.00e-12
      Number of functions per irrep: [  10 ]

 OEINTS: Overlap, kinetic, potential, dipole, and quadrupole integrals
         stored in file 35.

      Computing two-electron integrals...done
      Computed 512 non-zero two-electron integrals.
        Stored in file 33.


         ---------------------------------------------------------
                          Configuration Interaction
                            (a 'D E T C I' module)

                 C. David Sherrill, Daniel G. A. Smith, and
                              Matt L. Leininger
         ---------------------------------------------------------


   ==> Parameters <==

    EX LEVEL       =        2      H0 BLOCKSIZE  =     1000
    VAL EX LEVEL   =        0      H0 GUESS SIZE =     1000
    H0COUPLINGSIZE =        0      H0 COUPLING   =       NO
    MAXITER        =      100      NUM PRINT     =       20
    NUM ROOTS      =        1      ICORE         =        1
    PRINT LVL      =        1      FCI           =      YES
    R CONV         = 1.00e-10      MIXED         =      YES
    E CONV         = 1.00e-12      MIXED4        =      YES
    R4S            =       NO      REPL OTF      =       NO
    DIAG METHOD    =      SEM      FOLLOW ROOT   =        0
    PRECONDITIONER = DAVIDSON      UPDATE        = DAVIDSON
    S              =   0.0000      Ms0           =      YES
    GUESS VECTOR   =  H0BLOCK      OPENTYPE      =     NONE
    COLLAPSE SIZE  =        1      HD AVG        = EVANGELISTI
    MAX NUM VECS   =      101      REF SYM       =     AUTO
    IOPEN        =       NO

    EX ALLOW       =  1  1 
    STATE AVERAGE  =  0(1.00) 

   ==> CI Orbital and Space information <==

   ------------------------------------
               Space    Total     A
   ------------------------------------
                 Nso       10    10
                 Nmo       10    10
               Ndocc        1     1
               Nsocc        0     0
   ------------------------------------
              CI Spaces
   ------------------------------------
        Dropped DOCC        0     0
              Active       10    10
        Dropped UOCC        0     0
   ------------------------------------

   ==> Setting up CI strings <==

    There are 10 alpha and 10 beta strings
    The CI space requires 100 (1.00E+02) determinants and 1 blocks

   ==> Transforming CI integrals <==

	Presorting SO-basis two-electron integrals.
	Sorting File: SO Ints (nn|nn) nbuckets = 1
	Constructing frozen core operators
	Starting first half-transformation.
	Sorting half-transformed integrals.
	First half integral transformation complete.
	Starting second half-transformation.
	Two-electron integral transformation complete.

   ==> Starting CI iterations <==

    H0 Block Eigenvalue =  -1.01347183

    Simultaneous Expansion Method (Block Davidson Method)
    Using 1 initial trial vectors

     Iter   Root       Total Energy       Delta E      C RMS

   @CI  0:     0     -1.013471832379   -1.3176E+00   1.7670E-01  
   @CI  1:     0     -1.033968369195   -2.0497E-02   4.3236E-02  
   @CI  2:     0     -1.035366050989   -1.3977E-03   8.7679E-03  
   @CI  3:     0     -1.035442946984   -7.6896E-05   2.6708E-03  
   @CI  4:     0     -1.035447534533   -4.5875E-06   9.1161E-05  
   @CI  5:     0     -1.035447539079   -4.5455E-09   6.3414E-06  
   @CI  6:     0     -1.035447539098   -1.9183E-11   5.0798E-07  
    Warning: Norm of correction (root 0) is < 1.0E-13
   @CI  7:     0     -1.035447539098   -1.1324E-13   5.3763E-08  
    Warning: Norm of correction (root 0) is < 1.0E-13
   @CI  8:     0     -1.035447539098   -1.3323E-15   4.9353E-09  
    Warning: Norm of correction (root 0) is < 1.0E-13
   @CI  9:     0     -1.035447539098   -4.4409E-16   2.9491E-10  
    Warning: Norm of correction (root 0) is < 1.0E-13
   @CI 10:     0     -1.035447539098   6.6613E-16   7.8393E-12 c

   ==> Energetics <==

    SCF energy =           -0.960450159631071
    Total CI energy =      -1.035447539098203

   ==> FCI root 0 information <==

    FCI Root 0 energy =    -1.035447539098203

   The 20 most important determinants:

    *   1   -0.922747  (    0,    0)  1AX 
    *   2    0.354292  (    1,    1)  2AX 
    *   3    0.089123  (    1,    2)  2AA 3AB 
    *   4    0.089123  (    2,    1)  2AB 3AA 
    *   5   -0.047547  (    0,    3)  1AA 4AB 
    *   6   -0.047547  (    3,    0)  1AB 4AA 
    *   7    0.030086  (    2,    2)  3AX 
    *   8   -0.016595  (    0,    4)  1AA 5AB 
    *   9   -0.016595  (    4,    0)  1AB 5AA 
    *  10    0.016374  (    4,    4)  5AX 
    *  11    0.014405  (    3,    3)  4AX 
    *  12    0.012665  (    5,    5)  6AX 
    *  13    0.012665  (    6,    6)  7AX 
    *  14   -0.008024  (    3,    4)  4AA 5AB 
    *  15   -0.008024  (    4,    3)  4AB 5AA 
    *  16   -0.007384  (    1,    9)  2AA 10AB 
    *  17   -0.007384  (    9,    1)  2AB 10AA 
    *  18    0.006022  (    8,    8)  9AX 
    *  19    0.006022  (    7,    7)  8AX 
    *  20    0.004216  (    9,    9)  10AX 

		 "A good bug is a dead bug" 

			 - Starship Troopers

		 "I didn't write FORTRAN.  That's the problem."

			 - Edward Valeev
