
Scratch directory: [LOCAL_PATH]
   => Libint2 <=

    Primary   basis highest AM E, G, H:  7, 6, -
    Auxiliary basis highest AM E, G, H:  7, 7, -
    Onebody   basis highest AM E, G, H:  -, -, -
    Solid Harmonics ordering:            Gaussian

*** tstart() called on [LOCAL_HOST]
*** at Mon Sep 28 20:12:21 2026

   => Loading Basis Set <=

    Name: CC-PVDZ
    Role: ORBITAL
    Keyword: BASIS
    atoms 1-2 entry H          line    22 file [LOCAL_PATH]


         ---------------------------------------------------------
                                   SCF
               by Justin Turney, Rob Parrish, Andy Simmonett
                          and Daniel G. A. Smith
                              RHF Reference
                        1 Threads,    476 MiB Core
         ---------------------------------------------------------

  ==> Geometry <==

    Molecular point group: c1
    Full point group: D_inf_h

    Geometry (in Angstrom), charge = 0, multiplicity = 1:

       Center              X                  Y                   Z               Mass       
    ------------   -----------------  -----------------  -----------------  -----------------
         H            0.000000000000     0.000000000000    -1.050000000000     1.007825032230
         H            0.000000000000     0.000000000000     1.050000000000     1.007825032230

  Running in c1 symmetry.

  Rotational constants: A = ************  B =      7.58582  C =      7.58582 [cm^-1]
  Rotational constants: A = ************  B = 227417.28185  C = 227417.28185 [MHz]
  Nuclear repulsion =    0.251989147938095

  Charge       = 0
  Multiplicity = 1
  Electrons    = 2
  Nalpha       = 1
  Nbeta        = 1

  ==> Algorithm <==

  SCF Algorithm Type is PK.
  DIIS enabled.
  MOM disabled.
  Fractional occupation disabled.
  Guess Type is CORE.
  Energy threshold   = 1.00e-12
  Density threshold  = 1.00e-12
  Integral threshold = 1.00e-12

  ==> Primary Basis <==

  Basis Set: CC-PVDZ
    Blend: CC-PVDZ
    Number of shells: 6
    Number of basis functions: 10
    Number of Cartesian functions: 10
    Spherical Harmonics?: true
    Max angular momentum: 1

  ==> Integral Setup <==

  Using in-core PK algorithm.
   Calculation information:
      Number of atoms:                   2
      Number of AO shells:               6
      Number of primitives:             10
      Number of atomic orbitals:        10
      Number of basis functions:        10

      Integral cutoff                 1.00e-12
      Number of threads:                 1

  Performing in-core PK
  Using 3080 doubles for integral storage.
  We computed 231 shell quartets total.
  Whereas there are 231 unique shell quartets.

  ==> DiskJK: Disk-Based J/K Matrices <==

    J tasked:                  Yes
    K tasked:                  Yes
    wK tasked:                  No
    Memory [MiB]:              357
    Schwarz Cutoff:          1E-12

    OpenMP threads:              1

  Minimum eigenvalue in the overlap matrix is 2.2338409381E-01.
  Reciprocal condition number of the overlap matrix is 1.0826414830E-01.
    Using symmetric orthogonalization.

  ==> Pre-Iterations <==

  SCF Guess: Core (One-Electron) Hamiltonian.

   -------------------------------------------------------
    Irrep   Nso     Nmo     Nalpha   Nbeta   Ndocc  Nsocc
   -------------------------------------------------------
     A         10      10       1       1       1       0
   -------------------------------------------------------
    Total      10      10       1       1       1       0
   -------------------------------------------------------

  ==> Iterations <==

                        Total Energy        Delta E     RMS |[F,P]|

   @RHF iter   1:    -0.88902339123316   -8.89023e-01   1.35810e-02 ADIIS/DIIS
   @RHF iter   2:    -0.90825413394731   -1.92307e-02   2.33455e-03 ADIIS/DIIS
   @RHF iter   3:    -0.90886839324404   -6.14259e-04   7.31483e-05 DIIS
   @RHF iter   4:    -0.90886890378563   -5.10542e-07   6.42401e-07 DIIS
   @RHF iter   5:    -0.90886890381555   -2.99140e-11   1.27988e-10 DIIS
   @RHF iter   6:    -0.90886890381555    1.44329e-15   1.46974e-14 DIIS
  Energy and wave function converged.


  ==> Post-Iterations <==

    Orbital Energies [Eh]
    ---------------------

    Doubly Occupied:                                                      

       1A     -0.377358  

    Virtual:                                                              

       2A     -0.047480     3A      0.654555     4A      0.662437  
       5A      1.375917     6A      1.458128     7A      1.458128  
       8A      1.491293     9A      1.491293    10A      1.653297  

    Final Occupation by Irrep:
              A 
    DOCC [     1 ]
    NA   [     1 ]
    NB   [     1 ]

  @RHF Final Energy:    -0.90886890381555

   => Energetics <=

    Nuclear Repulsion Energy =              0.2519891479380952
    One-Electron Energy =                  -1.5669994047550782
    Two-Electron Energy =                   0.4061413530014365
    Total Energy =                         -0.9088689038155463

Computation Completed


Properties will be evaluated at   0.000000,   0.000000,   0.000000 [a0]

Properties computed using the SCF density matrix


 Multipole Moments:

 ------------------------------------------------------------------------------------
     Multipole            Electronic (a.u.)      Nuclear  (a.u.)        Total (a.u.)
 ------------------------------------------------------------------------------------

 L = 1.  Multiply by 2.5417464519 to convert [e a0] to [Debye]
 Dipole X            :          0.0000000            0.0000000            0.0000000
 Dipole Y            :         -0.0000000            0.0000000           -0.0000000
 Dipole Z            :         -0.0000000            0.0000000           -0.0000000
 Magnitude           :                                                    0.0000000

 ------------------------------------------------------------------------------------

*** tstop() called on [LOCAL_HOST]
Module time:
	user time   =        nan seconds =        nan minutes
	system time =        nan seconds =        nan minutes
	total time  =          0 seconds =       0.00 minutes
Total time:
	user time   =        nan seconds =        nan minutes
	system time =        nan seconds =        nan minutes
	total time  =         45 seconds =       0.75 minutes
 MINTS: Wrapper to libmints.
   by Justin Turney

   Calculation information:
      Number of threads:                 1
      Number of atoms:                   2
      Number of AO shells:               6
      Number of SO shells:               6
      Number of primitives:             10
      Number of atomic orbitals:        10
      Number of basis functions:        10

      Number of irreps:                  1
      Integral cutoff                 1.00e-12
      Number of functions per irrep: [  10 ]

 OEINTS: Overlap, kinetic, potential, dipole, and quadrupole integrals
         stored in file 35.

      Computing two-electron integrals...done
      Computed 512 non-zero two-electron integrals.
        Stored in file 33.


         ---------------------------------------------------------
                          Configuration Interaction
                            (a 'D E T C I' module)

                 C. David Sherrill, Daniel G. A. Smith, and
                              Matt L. Leininger
         ---------------------------------------------------------


   ==> Parameters <==

    EX LEVEL       =        2      H0 BLOCKSIZE  =     1000
    VAL EX LEVEL   =        0      H0 GUESS SIZE =     1000
    H0COUPLINGSIZE =        0      H0 COUPLING   =       NO
    MAXITER        =      100      NUM PRINT     =       20
    NUM ROOTS      =        1      ICORE         =        1
    PRINT LVL      =        1      FCI           =      YES
    R CONV         = 1.00e-10      MIXED         =      YES
    E CONV         = 1.00e-12      MIXED4        =      YES
    R4S            =       NO      REPL OTF      =       NO
    DIAG METHOD    =      SEM      FOLLOW ROOT   =        0
    PRECONDITIONER = DAVIDSON      UPDATE        = DAVIDSON
    S              =   0.0000      Ms0           =      YES
    GUESS VECTOR   =  H0BLOCK      OPENTYPE      =     NONE
    COLLAPSE SIZE  =        1      HD AVG        = EVANGELISTI
    MAX NUM VECS   =      101      REF SYM       =     AUTO
    IOPEN        =       NO

    EX ALLOW       =  1  1 
    STATE AVERAGE  =  0(1.00) 

   ==> CI Orbital and Space information <==

   ------------------------------------
               Space    Total     A
   ------------------------------------
                 Nso       10    10
                 Nmo       10    10
               Ndocc        1     1
               Nsocc        0     0
   ------------------------------------
              CI Spaces
   ------------------------------------
        Dropped DOCC        0     0
              Active       10    10
        Dropped UOCC        0     0
   ------------------------------------

   ==> Setting up CI strings <==

    There are 10 alpha and 10 beta strings
    The CI space requires 100 (1.00E+02) determinants and 1 blocks

   ==> Transforming CI integrals <==

	Presorting SO-basis two-electron integrals.
	Sorting File: SO Ints (nn|nn) nbuckets = 1
	Constructing frozen core operators
	Starting first half-transformation.
	Sorting half-transformed integrals.
	First half integral transformation complete.
	Starting second half-transformation.
	Two-electron integral transformation complete.

   ==> Starting CI iterations <==

    H0 Block Eigenvalue =  -0.99614722

    Simultaneous Expansion Method (Block Davidson Method)
    Using 1 initial trial vectors

     Iter   Root       Total Energy       Delta E      C RMS

   @CI  0:     0     -0.996147223916   -1.2481E+00   1.4255E-01  
   @CI  1:     0     -1.011758060451   -1.5611E-02   3.9644E-02  
   @CI  2:     0     -1.012955091114   -1.1970E-03   9.3161E-03  
   @CI  3:     0     -1.013055726782   -1.0064E-04   2.3581E-03  
   @CI  4:     0     -1.013059448513   -3.7217E-06   1.3763E-04  
   @CI  5:     0     -1.013059457584   -9.0711E-09   1.2738E-05  
   @CI  6:     0     -1.013059457660   -7.5378E-11   9.7015E-07  
   @CI  7:     0     -1.013059457660   -4.2522E-13   8.8855E-08  
    Warning: Norm of correction (root 0) is < 1.0E-13
   @CI  8:     0     -1.013059457660   -2.8866E-15   5.7947E-09  
    Warning: Norm of correction (root 0) is < 1.0E-13
   @CI  9:     0     -1.013059457660   2.2204E-16   3.6704E-10  
    Warning: Norm of correction (root 0) is < 1.0E-13
   @CI 10:     0     -1.013059457660   -1.1102E-15   1.8393E-11 c

   ==> Energetics <==

    SCF energy =           -0.908868903815546
    Total CI energy =      -1.013059457660246

   ==> FCI root 0 information <==

    FCI Root 0 energy =    -1.013059457660246

   The 20 most important determinants:

    *   1    0.863127  (    0,    0)  1AX 
    *   2   -0.479481  (    1,    1)  2AX 
    *   3   -0.086843  (    1,    2)  2AA 3AB 
    *   4   -0.086843  (    2,    1)  2AB 3AA 
    *   5    0.067397  (    0,    3)  1AA 4AB 
    *   6    0.067397  (    3,    0)  1AB 4AA 
    *   7   -0.020138  (    2,    2)  3AX 
    *   8   -0.010207  (    4,    4)  5AX 
    *   9   -0.009688  (    0,    4)  1AA 5AB 
    *  10   -0.009688  (    4,    0)  1AB 5AA 
    *  11   -0.007203  (    6,    6)  7AX 
    *  12   -0.007203  (    5,    5)  6AX 
    *  13    0.006037  (    1,    9)  2AA 10AB 
    *  14    0.006037  (    9,    1)  2AB 10AA 
    *  15   -0.003605  (    7,    7)  8AX 
    *  16   -0.003605  (    8,    8)  9AX 
    *  17   -0.003139  (    3,    4)  4AA 5AB 
    *  18   -0.003139  (    4,    3)  4AB 5AA 
    *  19   -0.002806  (    9,    9)  10AX 
    *  20   -0.002413  (    3,    3)  4AX 

		 "A good bug is a dead bug" 

			 - Starship Troopers

		 "I didn't write FORTRAN.  That's the problem."

			 - Edward Valeev
