
Scratch directory: [LOCAL_PATH]
   => Libint2 <=

    Primary   basis highest AM E, G, H:  7, 6, -
    Auxiliary basis highest AM E, G, H:  7, 7, -
    Onebody   basis highest AM E, G, H:  -, -, -
    Solid Harmonics ordering:            Gaussian

*** tstart() called on [LOCAL_HOST]
*** at Mon Sep 28 20:12:22 2026

   => Loading Basis Set <=

    Name: CC-PVDZ
    Role: ORBITAL
    Keyword: BASIS
    atoms 1-2 entry H          line    22 file [LOCAL_PATH]


         ---------------------------------------------------------
                                   SCF
               by Justin Turney, Rob Parrish, Andy Simmonett
                          and Daniel G. A. Smith
                              RHF Reference
                        1 Threads,    476 MiB Core
         ---------------------------------------------------------

  ==> Geometry <==

    Molecular point group: c1
    Full point group: D_inf_h

    Geometry (in Angstrom), charge = 0, multiplicity = 1:

       Center              X                  Y                   Z               Mass       
    ------------   -----------------  -----------------  -----------------  -----------------
         H            0.000000000000     0.000000000000    -1.250000000000     1.007825032230
         H            0.000000000000     0.000000000000     1.250000000000     1.007825032230

  Running in c1 symmetry.

  Rotational constants: A = ************  B =      5.35256  C =      5.35256 [cm^-1]
  Rotational constants: A = ************  B = 160465.63407  C = 160465.63407 [MHz]
  Nuclear repulsion =    0.211670884268000

  Charge       = 0
  Multiplicity = 1
  Electrons    = 2
  Nalpha       = 1
  Nbeta        = 1

  ==> Algorithm <==

  SCF Algorithm Type is PK.
  DIIS enabled.
  MOM disabled.
  Fractional occupation disabled.
  Guess Type is CORE.
  Energy threshold   = 1.00e-12
  Density threshold  = 1.00e-12
  Integral threshold = 1.00e-12

  ==> Primary Basis <==

  Basis Set: CC-PVDZ
    Blend: CC-PVDZ
    Number of shells: 6
    Number of basis functions: 10
    Number of Cartesian functions: 10
    Spherical Harmonics?: true
    Max angular momentum: 1

  ==> Integral Setup <==

  Using in-core PK algorithm.
   Calculation information:
      Number of atoms:                   2
      Number of AO shells:               6
      Number of primitives:             10
      Number of atomic orbitals:        10
      Number of basis functions:        10

      Integral cutoff                 1.00e-12
      Number of threads:                 1

  Performing in-core PK
  Using 3080 doubles for integral storage.
  We computed 231 shell quartets total.
  Whereas there are 231 unique shell quartets.

  ==> DiskJK: Disk-Based J/K Matrices <==

    J tasked:                  Yes
    K tasked:                  Yes
    wK tasked:                  No
    Memory [MiB]:              357
    Schwarz Cutoff:          1E-12

    OpenMP threads:              1

  Minimum eigenvalue in the overlap matrix is 2.4626615087E-01.
  Reciprocal condition number of the overlap matrix is 1.2917400890E-01.
    Using symmetric orthogonalization.

  ==> Pre-Iterations <==

  SCF Guess: Core (One-Electron) Hamiltonian.

   -------------------------------------------------------
    Irrep   Nso     Nmo     Nalpha   Nbeta   Ndocc  Nsocc
   -------------------------------------------------------
     A         10      10       1       1       1       0
   -------------------------------------------------------
    Total      10      10       1       1       1       0
   -------------------------------------------------------

  ==> Iterations <==

                        Total Energy        Delta E     RMS |[F,P]|

   @RHF iter   1:    -0.84660919219389   -8.46609e-01   1.26169e-02 ADIIS/DIIS
   @RHF iter   2:    -0.86475758827751   -1.81484e-02   2.17607e-03 ADIIS/DIIS
   @RHF iter   3:    -0.86532993517670   -5.72347e-04   4.32895e-05 DIIS
   @RHF iter   4:    -0.86533011998144   -1.84805e-07   8.22036e-07 DIIS
   @RHF iter   5:    -0.86533012003517   -5.37251e-11   2.44409e-10 DIIS
   @RHF iter   6:    -0.86533012003517    0.00000e+00   3.07011e-14 DIIS
  Energy and wave function converged.


  ==> Post-Iterations <==

    Orbital Energies [Eh]
    ---------------------

    Doubly Occupied:                                                      

       1A     -0.349336  

    Virtual:                                                              

       2A     -0.084657     3A      0.624634     4A      0.667771  
       5A      1.453187     6A      1.463173     7A      1.463173  
       8A      1.470798     9A      1.470798    10A      1.523698  

    Final Occupation by Irrep:
              A 
    DOCC [     1 ]
    NA   [     1 ]
    NB   [     1 ]

  @RHF Final Energy:    -0.86533012003517

   => Energetics <=

    Nuclear Repulsion Energy =              0.2116708842680000
    One-Electron Energy =                  -1.4553308365235280
    Two-Electron Energy =                   0.3783298322203613
    Total Energy =                         -0.8653301200351667

Computation Completed


Properties will be evaluated at   0.000000,   0.000000,   0.000000 [a0]

Properties computed using the SCF density matrix


 Multipole Moments:

 ------------------------------------------------------------------------------------
     Multipole            Electronic (a.u.)      Nuclear  (a.u.)        Total (a.u.)
 ------------------------------------------------------------------------------------

 L = 1.  Multiply by 2.5417464519 to convert [e a0] to [Debye]
 Dipole X            :          0.0000000            0.0000000            0.0000000
 Dipole Y            :         -0.0000000            0.0000000           -0.0000000
 Dipole Z            :         -0.0000000            0.0000000           -0.0000000
 Magnitude           :                                                    0.0000000

 ------------------------------------------------------------------------------------

*** tstop() called on [LOCAL_HOST]
Module time:
	user time   =        nan seconds =        nan minutes
	system time =        nan seconds =        nan minutes
	total time  =          1 seconds =       0.02 minutes
Total time:
	user time   =        nan seconds =        nan minutes
	system time =        nan seconds =        nan minutes
	total time  =         47 seconds =       0.78 minutes
 MINTS: Wrapper to libmints.
   by Justin Turney

   Calculation information:
      Number of threads:                 1
      Number of atoms:                   2
      Number of AO shells:               6
      Number of SO shells:               6
      Number of primitives:             10
      Number of atomic orbitals:        10
      Number of basis functions:        10

      Number of irreps:                  1
      Integral cutoff                 1.00e-12
      Number of functions per irrep: [  10 ]

 OEINTS: Overlap, kinetic, potential, dipole, and quadrupole integrals
         stored in file 35.

      Computing two-electron integrals...done
      Computed 512 non-zero two-electron integrals.
        Stored in file 33.


         ---------------------------------------------------------
                          Configuration Interaction
                            (a 'D E T C I' module)

                 C. David Sherrill, Daniel G. A. Smith, and
                              Matt L. Leininger
         ---------------------------------------------------------


   ==> Parameters <==

    EX LEVEL       =        2      H0 BLOCKSIZE  =     1000
    VAL EX LEVEL   =        0      H0 GUESS SIZE =     1000
    H0COUPLINGSIZE =        0      H0 COUPLING   =       NO
    MAXITER        =      100      NUM PRINT     =       20
    NUM ROOTS      =        1      ICORE         =        1
    PRINT LVL      =        1      FCI           =      YES
    R CONV         = 1.00e-10      MIXED         =      YES
    E CONV         = 1.00e-12      MIXED4        =      YES
    R4S            =       NO      REPL OTF      =       NO
    DIAG METHOD    =      SEM      FOLLOW ROOT   =        0
    PRECONDITIONER = DAVIDSON      UPDATE        = DAVIDSON
    S              =   0.0000      Ms0           =      YES
    GUESS VECTOR   =  H0BLOCK      OPENTYPE      =     NONE
    COLLAPSE SIZE  =        1      HD AVG        = EVANGELISTI
    MAX NUM VECS   =      101      REF SYM       =     AUTO
    IOPEN        =       NO

    EX ALLOW       =  1  1 
    STATE AVERAGE  =  0(1.00) 

   ==> CI Orbital and Space information <==

   ------------------------------------
               Space    Total     A
   ------------------------------------
                 Nso       10    10
                 Nmo       10    10
               Ndocc        1     1
               Nsocc        0     0
   ------------------------------------
              CI Spaces
   ------------------------------------
        Dropped DOCC        0     0
              Active       10    10
        Dropped UOCC        0     0
   ------------------------------------

   ==> Setting up CI strings <==

    There are 10 alpha and 10 beta strings
    The CI space requires 100 (1.00E+02) determinants and 1 blocks

   ==> Transforming CI integrals <==

	Presorting SO-basis two-electron integrals.
	Sorting File: SO Ints (nn|nn) nbuckets = 1
	Constructing frozen core operators
	Starting first half-transformation.
	Sorting half-transformed integrals.
	First half integral transformation complete.
	Starting second half-transformation.
	Two-electron integral transformation complete.

   ==> Starting CI iterations <==

    H0 Block Eigenvalue =  -0.98984734

    Simultaneous Expansion Method (Block Davidson Method)
    Using 1 initial trial vectors

     Iter   Root       Total Energy       Delta E      C RMS

   @CI  0:     0     -0.989847335610   -1.2015E+00   1.1816E-01  
   @CI  1:     0     -1.002038787632   -1.2191E-02   3.5761E-02  
   @CI  2:     0     -1.003024237655   -9.8545E-04   9.4680E-03  
   @CI  3:     0     -1.003126291383   -1.0205E-04   2.0634E-03  
   @CI  4:     0     -1.003129235161   -2.9438E-06   1.8175E-04  
   @CI  5:     0     -1.003129251139   -1.5978E-08   1.1244E-05  
   @CI  6:     0     -1.003129251212   -7.2571E-11   9.2569E-07  
    Warning: Norm of correction (root 0) is < 1.0E-13
   @CI  7:     0     -1.003129251212   -3.5882E-13   9.6847E-08  
    Warning: Norm of correction (root 0) is < 1.0E-13
   @CI  8:     0     -1.003129251212   -3.7748E-15   4.3262E-09  
    Warning: Norm of correction (root 0) is < 1.0E-13
   @CI  9:     0     -1.003129251212   -2.2204E-16   2.4977E-10  
    Warning: Norm of correction (root 0) is < 1.0E-13
   @CI 10:     0     -1.003129251212   4.4409E-16   9.6165E-12 c

   ==> Energetics <==

    SCF energy =           -0.865330120035167
    Total CI energy =      -1.003129251212034

   ==> FCI root 0 information <==

    FCI Root 0 energy =    -1.003129251212034

   The 20 most important determinants:

    *   1   -0.800290  (    0,    0)  1AX 
    *   2    0.576882  (    1,    1)  2AX 
    *   3   -0.081244  (    0,    2)  1AA 3AB 
    *   4   -0.081244  (    2,    0)  1AB 3AA 
    *   5    0.081164  (    1,    3)  2AA 4AB 
    *   6    0.081164  (    3,    1)  2AB 4AA 
    *   7    0.013353  (    3,    3)  4AX 
    *   8    0.005356  (    4,    4)  5AX 
    *   9    0.005218  (    0,    4)  1AA 5AB 
    *  10    0.005218  (    4,    0)  1AB 5AA 
    *  11   -0.004852  (    2,    2)  3AX 
    *  12   -0.004692  (    1,    9)  2AA 10AB 
    *  13   -0.004692  (    9,    1)  2AB 10AA 
    *  14    0.003728  (    6,    6)  7AX 
    *  15    0.003728  (    5,    5)  6AX 
    *  16    0.001630  (    7,    7)  8AX 
    *  17    0.001630  (    8,    8)  9AX 
    *  18    0.001350  (    9,    9)  10AX 
    *  19    0.000971  (    2,    4)  3AA 5AB 
    *  20    0.000971  (    4,    2)  3AB 5AA 

		 "A good bug is a dead bug" 

			 - Starship Troopers

		 "I didn't write FORTRAN.  That's the problem."

			 - Edward Valeev
