
Scratch directory: [LOCAL_PATH]
   => Libint2 <=

    Primary   basis highest AM E, G, H:  7, 6, -
    Auxiliary basis highest AM E, G, H:  7, 7, -
    Onebody   basis highest AM E, G, H:  -, -, -
    Solid Harmonics ordering:            Gaussian

*** tstart() called on [LOCAL_HOST]
*** at Mon Sep 28 20:12:20 2026

   => Loading Basis Set <=

    Name: CC-PVDZ
    Role: ORBITAL
    Keyword: BASIS
    atoms 1-2 entry H          line    22 file [LOCAL_PATH]


         ---------------------------------------------------------
                                   SCF
               by Justin Turney, Rob Parrish, Andy Simmonett
                          and Daniel G. A. Smith
                              UHF Reference
                        1 Threads,    476 MiB Core
         ---------------------------------------------------------

  ==> Geometry <==

    Molecular point group: c1
    Full point group: D_inf_h

    Geometry (in Angstrom), charge = 0, multiplicity = 1:

       Center              X                  Y                   Z               Mass       
    ------------   -----------------  -----------------  -----------------  -----------------
         H            0.000000000000     0.000000000000    -1.050000000000     1.007825032230
         H            0.000000000000     0.000000000000     1.050000000000     1.007825032230

  Running in c1 symmetry.

  Rotational constants: A = ************  B =      7.58582  C =      7.58582 [cm^-1]
  Rotational constants: A = ************  B = 227417.28185  C = 227417.28185 [MHz]
  Nuclear repulsion =    0.251989147938095

  Charge       = 0
  Multiplicity = 1
  Electrons    = 2
  Nalpha       = 1
  Nbeta        = 1

  ==> Algorithm <==

  SCF Algorithm Type is PK.
  DIIS enabled.
  MOM disabled.
  Fractional occupation disabled.
  Guess Type is CORE.
  Energy threshold   = 1.00e-12
  Density threshold  = 1.00e-12
  Integral threshold = 1.00e-12

  ==> Primary Basis <==

  Basis Set: CC-PVDZ
    Blend: CC-PVDZ
    Number of shells: 6
    Number of basis functions: 10
    Number of Cartesian functions: 10
    Spherical Harmonics?: true
    Max angular momentum: 1

  ==> Integral Setup <==

  Using in-core PK algorithm.
   Calculation information:
      Number of atoms:                   2
      Number of AO shells:               6
      Number of primitives:             10
      Number of atomic orbitals:        10
      Number of basis functions:        10

      Integral cutoff                 1.00e-12
      Number of threads:                 1

  Performing in-core PK
  Using 3080 doubles for integral storage.
  We computed 231 shell quartets total.
  Whereas there are 231 unique shell quartets.

  ==> DiskJK: Disk-Based J/K Matrices <==

    J tasked:                  Yes
    K tasked:                  Yes
    wK tasked:                  No
    Memory [MiB]:              357
    Schwarz Cutoff:          1E-12

    OpenMP threads:              1

  Minimum eigenvalue in the overlap matrix is 2.2338409381E-01.
  Reciprocal condition number of the overlap matrix is 1.0826414830E-01.
    Using symmetric orthogonalization.

  ==> Pre-Iterations <==

  SCF Guess: Core (One-Electron) Hamiltonian.

  Mixing beta HOMO/LUMO orbitals (1,2)
   -------------------------------------------------------
    Irrep   Nso     Nmo     Nalpha   Nbeta   Ndocc  Nsocc
   -------------------------------------------------------
     A         10      10       1       1       1       0
   -------------------------------------------------------
    Total      10      10       1       1       1       0
   -------------------------------------------------------

  ==> Iterations <==

                        Total Energy        Delta E     RMS |[F,P]|

   @UHF iter   1:    -0.98396122232640   -9.83961e-01   1.07314e-02 ADIIS/DIIS
   @UHF iter   2:    -0.99927093808097   -1.53097e-02   3.23508e-03 ADIIS/DIIS
   @UHF iter   3:    -1.00142685790299   -2.15592e-03   7.55767e-04 ADIIS/DIIS
   @UHF iter   4:    -1.00157558025765   -1.48722e-04   1.29061e-04 ADIIS/DIIS
   @UHF iter   5:    -1.00157895730627   -3.37705e-06   8.49372e-06 DIIS
   @UHF iter   6:    -1.00157896766247   -1.03562e-08   1.10462e-06 DIIS
   @UHF iter   7:    -1.00157896790139   -2.38918e-10   8.23236e-08 DIIS
   @UHF iter   8:    -1.00157896790223   -8.41327e-13   6.18530e-10 DIIS
   @UHF iter   9:    -1.00157896790223    0.00000e+00   1.12685e-11 DIIS
   @UHF iter  10:    -1.00157896790223    0.00000e+00   7.06283e-15 DIIS
  Energy and wave function converged.

    Wavefunction stable under totally symmetric rotations.
    Lowest totally symmetric eigenvalue: 0.318613 
    Lowest UHF->UHF stability eigenvalues: 
       A 0.318613      

    Stability analysis over.

  ==> Post-Iterations <==

   @Spin Contamination Metric:   9.284478643E-01
   @S^2 Expected:                0.000000000E+00
   @S^2 Observed:                9.284478643E-01
   @S   Expected:                0.000000000E+00
   @S   Observed:                0.000000000E+00

    Orbital Energies [Eh]
    ---------------------

    Alpha Occupied:                                                       

       1A     -0.498691  

    Alpha Virtual:                                                        

       2A      0.080851     3A      0.601838     4A      0.769427  
       5A      1.398195     6A      1.441337     7A      1.441337  
       8A      1.571641     9A      1.571641    10A      1.692634  

    Beta Occupied:                                                        

       1A     -0.498691  

    Beta Virtual:                                                         

       2A      0.080851     3A      0.601838     4A      0.769427  
       5A      1.398195     6A      1.441337     7A      1.441337  
       8A      1.571641     9A      1.571641    10A      1.692634  

    Final Occupation by Irrep:
              A 
    DOCC [     1 ]
    SOCC [     0 ]
    NA   [     1 ]
    NB   [     1 ]

  @UHF Final Energy:    -1.00157896790223

   => Energetics <=

    Nuclear Repulsion Energy =              0.2519891479380952
    One-Electron Energy =                  -1.5097546368993462
    Two-Electron Energy =                   0.2561865210590163
    Total Energy =                         -1.0015789679022347

  UHF NO Occupations:
  HONO-0 :    1  A 1.2674923
  LUNO+0 :    2  A 0.7325077
  LUNO+1 :    3  A 0.0000000
  LUNO+2 :    4  A 0.0000000
  LUNO+3 :    5  A 0.0000000


Computation Completed


Properties will be evaluated at   0.000000,   0.000000,   0.000000 [a0]

Properties computed using the SCF density matrix


 Multipole Moments:

 ------------------------------------------------------------------------------------
     Multipole            Electronic (a.u.)      Nuclear  (a.u.)        Total (a.u.)
 ------------------------------------------------------------------------------------

 L = 1.  Multiply by 2.5417464519 to convert [e a0] to [Debye]
 Dipole X            :         -0.0000000            0.0000000           -0.0000000
 Dipole Y            :          0.0000000            0.0000000            0.0000000
 Dipole Z            :         -0.0000000            0.0000000           -0.0000000
 Magnitude           :                                                    0.0000000

 ------------------------------------------------------------------------------------

*** tstop() called on [LOCAL_HOST]
Module time:
	user time   =        nan seconds =        nan minutes
	system time =        nan seconds =        nan minutes
	total time  =          0 seconds =       0.00 minutes
Total time:
	user time   =        nan seconds =        nan minutes
	system time =        nan seconds =        nan minutes
	total time  =         44 seconds =       0.73 minutes
