
Scratch directory: [LOCAL_PATH]
   => Libint2 <=

    Primary   basis highest AM E, G, H:  7, 6, -
    Auxiliary basis highest AM E, G, H:  7, 7, -
    Onebody   basis highest AM E, G, H:  -, -, -
    Solid Harmonics ordering:            Gaussian

*** tstart() called on [LOCAL_HOST]
*** at Mon Sep 28 20:12:21 2026

   => Loading Basis Set <=

    Name: CC-PVDZ
    Role: ORBITAL
    Keyword: BASIS
    atoms 1-2 entry H          line    22 file [LOCAL_PATH]


         ---------------------------------------------------------
                                   SCF
               by Justin Turney, Rob Parrish, Andy Simmonett
                          and Daniel G. A. Smith
                              UHF Reference
                        1 Threads,    476 MiB Core
         ---------------------------------------------------------

  ==> Geometry <==

    Molecular point group: c1
    Full point group: D_inf_h

    Geometry (in Angstrom), charge = 0, multiplicity = 1:

       Center              X                  Y                   Z               Mass       
    ------------   -----------------  -----------------  -----------------  -----------------
         H            0.000000000000     0.000000000000    -1.150000000000     1.007825032230
         H            0.000000000000     0.000000000000     1.150000000000     1.007825032230

  Running in c1 symmetry.

  Rotational constants: A = ************  B =      6.32391  C =      6.32391 [cm^-1]
  Rotational constants: A = ************  B = 189586.05160  C = 189586.05160 [MHz]
  Nuclear repulsion =    0.230077048117391

  Charge       = 0
  Multiplicity = 1
  Electrons    = 2
  Nalpha       = 1
  Nbeta        = 1

  ==> Algorithm <==

  SCF Algorithm Type is PK.
  DIIS enabled.
  MOM disabled.
  Fractional occupation disabled.
  Guess Type is CORE.
  Energy threshold   = 1.00e-12
  Density threshold  = 1.00e-12
  Integral threshold = 1.00e-12

  ==> Primary Basis <==

  Basis Set: CC-PVDZ
    Blend: CC-PVDZ
    Number of shells: 6
    Number of basis functions: 10
    Number of Cartesian functions: 10
    Spherical Harmonics?: true
    Max angular momentum: 1

  ==> Integral Setup <==

  Using in-core PK algorithm.
   Calculation information:
      Number of atoms:                   2
      Number of AO shells:               6
      Number of primitives:             10
      Number of atomic orbitals:        10
      Number of basis functions:        10

      Integral cutoff                 1.00e-12
      Number of threads:                 1

  Performing in-core PK
  Using 3080 doubles for integral storage.
  We computed 231 shell quartets total.
  Whereas there are 231 unique shell quartets.

  ==> DiskJK: Disk-Based J/K Matrices <==

    J tasked:                  Yes
    K tasked:                  Yes
    wK tasked:                  No
    Memory [MiB]:              357
    Schwarz Cutoff:          1E-12

    OpenMP threads:              1

  Minimum eigenvalue in the overlap matrix is 2.3541804526E-01.
  Reciprocal condition number of the overlap matrix is 1.1910069639E-01.
    Using symmetric orthogonalization.

  ==> Pre-Iterations <==

  SCF Guess: Core (One-Electron) Hamiltonian.

  Mixing beta HOMO/LUMO orbitals (1,2)
   -------------------------------------------------------
    Irrep   Nso     Nmo     Nalpha   Nbeta   Ndocc  Nsocc
   -------------------------------------------------------
     A         10      10       1       1       1       0
   -------------------------------------------------------
    Total      10      10       1       1       1       0
   -------------------------------------------------------

  ==> Iterations <==

                        Total Energy        Delta E     RMS |[F,P]|

   @UHF iter   1:    -0.98924479555686   -9.89245e-01   8.78950e-03 ADIIS/DIIS
   @UHF iter   2:    -0.99892796734418   -9.68317e-03   2.45363e-03 ADIIS/DIIS
   @UHF iter   3:    -1.00005432872946   -1.12636e-03   4.72537e-04 ADIIS/DIIS
   @UHF iter   4:    -1.00010864870037   -5.43200e-05   8.13424e-05 DIIS
   @UHF iter   5:    -1.00010991735542   -1.26866e-06   5.66938e-06 DIIS
   @UHF iter   6:    -1.00010992161221   -4.25678e-09   7.59628e-07 DIIS
   @UHF iter   7:    -1.00010992173343   -1.21227e-10   1.03583e-07 DIIS
   @UHF iter   8:    -1.00010992173491   -1.47260e-12   1.29955e-10 DIIS
   @UHF iter   9:    -1.00010992173490    4.44089e-16   1.06826e-12 DIIS
   @UHF iter  10:    -1.00010992173490    0.00000e+00   3.89410e-15 DIIS
  Energy and wave function converged.

    Wavefunction stable under totally symmetric rotations.
    Lowest totally symmetric eigenvalue: 0.341432 
    Lowest UHF->UHF stability eigenvalues: 
       A 0.341432      

    Stability analysis over.

  ==> Post-Iterations <==

   @Spin Contamination Metric:   9.600377013E-01
   @S^2 Expected:                0.000000000E+00
   @S^2 Observed:                9.600377013E-01
   @S   Expected:                0.000000000E+00
   @S   Observed:                0.000000000E+00

    Orbital Energies [Eh]
    ---------------------

    Alpha Occupied:                                                       

       1A     -0.498979  

    Alpha Virtual:                                                        

       2A      0.078516     3A      0.597475     4A      0.767120  
       5A      1.442496     6A      1.442496     7A      1.443634  
       8A      1.571857     9A      1.571857    10A      1.627905  

    Beta Occupied:                                                        

       1A     -0.498979  

    Beta Virtual:                                                         

       2A      0.078516     3A      0.597475     4A      0.767120  
       5A      1.442496     6A      1.442496     7A      1.443634  
       8A      1.571857     9A      1.571857    10A      1.627905  

    Final Occupation by Irrep:
              A 
    DOCC [     1 ]
    SOCC [     0 ]
    NA   [     1 ]
    NB   [     1 ]

  @UHF Final Energy:    -1.00010992173490

   => Energetics <=

    Nuclear Repulsion Energy =              0.2300770481173913
    One-Electron Energy =                  -1.4624156211977870
    Two-Electron Energy =                   0.2322286513454908
    Total Energy =                         -1.0001099217349050

  UHF NO Occupations:
  HONO-0 :    1  A 1.1999057
  LUNO+0 :    2  A 0.8000943
  LUNO+1 :    3  A 0.0000000
  LUNO+2 :    4  A 0.0000000
  LUNO+3 :    5  A 0.0000000


Computation Completed


Properties will be evaluated at   0.000000,   0.000000,   0.000000 [a0]

Properties computed using the SCF density matrix


 Multipole Moments:

 ------------------------------------------------------------------------------------
     Multipole            Electronic (a.u.)      Nuclear  (a.u.)        Total (a.u.)
 ------------------------------------------------------------------------------------

 L = 1.  Multiply by 2.5417464519 to convert [e a0] to [Debye]
 Dipole X            :         -0.0000000            0.0000000           -0.0000000
 Dipole Y            :         -0.0000000            0.0000000           -0.0000000
 Dipole Z            :         -0.0000000            0.0000000           -0.0000000
 Magnitude           :                                                    0.0000000

 ------------------------------------------------------------------------------------

*** tstop() called on [LOCAL_HOST]
Module time:
	user time   =        nan seconds =        nan minutes
	system time =        nan seconds =        nan minutes
	total time  =          0 seconds =       0.00 minutes
Total time:
	user time   =        nan seconds =        nan minutes
	system time =        nan seconds =        nan minutes
	total time  =         45 seconds =       0.75 minutes
