
Scratch directory: [LOCAL_PATH]
   => Libint2 <=

    Primary   basis highest AM E, G, H:  7, 6, -
    Auxiliary basis highest AM E, G, H:  7, 7, -
    Onebody   basis highest AM E, G, H:  -, -, -
    Solid Harmonics ordering:            Gaussian

*** tstart() called on [LOCAL_HOST]
*** at Mon Sep 28 20:12:25 2026

   => Loading Basis Set <=

    Name: CC-PVDZ
    Role: ORBITAL
    Keyword: BASIS
    atoms 1-2 entry H          line    22 file [LOCAL_PATH]


         ---------------------------------------------------------
                                   SCF
               by Justin Turney, Rob Parrish, Andy Simmonett
                          and Daniel G. A. Smith
                              RHF Reference
                        1 Threads,    476 MiB Core
         ---------------------------------------------------------

  ==> Geometry <==

    Molecular point group: c1
    Full point group: D_inf_h

    Geometry (in Angstrom), charge = 0, multiplicity = 1:

       Center              X                  Y                   Z               Mass       
    ------------   -----------------  -----------------  -----------------  -----------------
         H            0.000000000000     0.000000000000    -1.750000000000     1.007825032230
         H            0.000000000000     0.000000000000     1.750000000000     1.007825032230

  Running in c1 symmetry.

  Rotational constants: A = ************  B =      2.73090  C =      2.73090 [cm^-1]
  Rotational constants: A = ************  B =  81870.22147  C =  81870.22147 [MHz]
  Nuclear repulsion =    0.151193488762857

  Charge       = 0
  Multiplicity = 1
  Electrons    = 2
  Nalpha       = 1
  Nbeta        = 1

  ==> Algorithm <==

  SCF Algorithm Type is PK.
  DIIS enabled.
  MOM disabled.
  Fractional occupation disabled.
  Guess Type is CORE.
  Energy threshold   = 1.00e-12
  Density threshold  = 1.00e-12
  Integral threshold = 1.00e-12

  ==> Primary Basis <==

  Basis Set: CC-PVDZ
    Blend: CC-PVDZ
    Number of shells: 6
    Number of basis functions: 10
    Number of Cartesian functions: 10
    Spherical Harmonics?: true
    Max angular momentum: 1

  ==> Integral Setup <==

  Using in-core PK algorithm.
   Calculation information:
      Number of atoms:                   2
      Number of AO shells:               6
      Number of primitives:             10
      Number of atomic orbitals:        10
      Number of basis functions:        10

      Integral cutoff                 1.00e-12
      Number of threads:                 1

  Performing in-core PK
  Using 3080 doubles for integral storage.
  We computed 231 shell quartets total.
  Whereas there are 231 unique shell quartets.

  ==> DiskJK: Disk-Based J/K Matrices <==

    J tasked:                  Yes
    K tasked:                  Yes
    wK tasked:                  No
    Memory [MiB]:              357
    Schwarz Cutoff:          1E-12

    OpenMP threads:              1

  Minimum eigenvalue in the overlap matrix is 2.8919768759E-01.
  Reciprocal condition number of the overlap matrix is 1.6714594092E-01.
    Using symmetric orthogonalization.

  ==> Pre-Iterations <==

  SCF Guess: Core (One-Electron) Hamiltonian.

   -------------------------------------------------------
    Irrep   Nso     Nmo     Nalpha   Nbeta   Ndocc  Nsocc
   -------------------------------------------------------
     A         10      10       1       1       1       0
   -------------------------------------------------------
    Total      10      10       1       1       1       0
   -------------------------------------------------------

  ==> Iterations <==

                        Total Energy        Delta E     RMS |[F,P]|

   @RHF iter   1:    -0.77880853472336   -7.78809e-01   1.26246e-02 ADIIS/DIIS
   @RHF iter   2:    -0.79948326488976   -2.06747e-02   1.96831e-03 ADIIS/DIIS
   @RHF iter   3:    -0.79999295806550   -5.09693e-04   1.06562e-05 DIIS
   @RHF iter   4:    -0.79999297236385   -1.42984e-08   3.39020e-07 DIIS
   @RHF iter   5:    -0.79999297237426   -1.04008e-11   1.38024e-10 DIIS
   @RHF iter   6:    -0.79999297237426    0.00000e+00   1.88065e-14 DIIS
  Energy and wave function converged.


  ==> Post-Iterations <==

    Orbital Energies [Eh]
    ---------------------

    Doubly Occupied:                                                      

       1A     -0.303985  

    Virtual:                                                              

       2A     -0.135697     3A      0.591063     4A      0.670003  
       5A      1.462403     6A      1.462403     7A      1.462809  
       8A      1.463880     9A      1.463880    10A      1.466504  

    Final Occupation by Irrep:
              A 
    DOCC [     1 ]
    NA   [     1 ]
    NB   [     1 ]

  @RHF Final Energy:    -0.79999297237426

   => Energetics <=

    Nuclear Repulsion Energy =              0.1511934887628572
    One-Electron Energy =                  -1.2944030277926084
    Two-Electron Energy =                   0.3432165666554956
    Total Energy =                         -0.7999929723742556

Computation Completed


Properties will be evaluated at   0.000000,   0.000000,   0.000000 [a0]

Properties computed using the SCF density matrix


 Multipole Moments:

 ------------------------------------------------------------------------------------
     Multipole            Electronic (a.u.)      Nuclear  (a.u.)        Total (a.u.)
 ------------------------------------------------------------------------------------

 L = 1.  Multiply by 2.5417464519 to convert [e a0] to [Debye]
 Dipole X            :          0.0000000            0.0000000            0.0000000
 Dipole Y            :          0.0000000            0.0000000            0.0000000
 Dipole Z            :          0.0000000            0.0000000            0.0000000
 Magnitude           :                                                    0.0000000

 ------------------------------------------------------------------------------------

*** tstop() called on [LOCAL_HOST]
Module time:
	user time   =        nan seconds =        nan minutes
	system time =        nan seconds =        nan minutes
	total time  =          0 seconds =       0.00 minutes
Total time:
	user time   =        nan seconds =        nan minutes
	system time =        nan seconds =        nan minutes
	total time  =         49 seconds =       0.82 minutes
 MINTS: Wrapper to libmints.
   by Justin Turney

   Calculation information:
      Number of threads:                 1
      Number of atoms:                   2
      Number of AO shells:               6
      Number of SO shells:               6
      Number of primitives:             10
      Number of atomic orbitals:        10
      Number of basis functions:        10

      Number of irreps:                  1
      Integral cutoff                 1.00e-12
      Number of functions per irrep: [  10 ]

 OEINTS: Overlap, kinetic, potential, dipole, and quadrupole integrals
         stored in file 35.

      Computing two-electron integrals...done
      Computed 490 non-zero two-electron integrals.
        Stored in file 33.


         ---------------------------------------------------------
                          Configuration Interaction
                            (a 'D E T C I' module)

                 C. David Sherrill, Daniel G. A. Smith, and
                              Matt L. Leininger
         ---------------------------------------------------------


   ==> Parameters <==

    EX LEVEL       =        2      H0 BLOCKSIZE  =     1000
    VAL EX LEVEL   =        0      H0 GUESS SIZE =     1000
    H0COUPLINGSIZE =        0      H0 COUPLING   =       NO
    MAXITER        =      100      NUM PRINT     =       20
    NUM ROOTS      =        1      ICORE         =        1
    PRINT LVL      =        1      FCI           =      YES
    R CONV         = 1.00e-10      MIXED         =      YES
    E CONV         = 1.00e-12      MIXED4        =      YES
    R4S            =       NO      REPL OTF      =       NO
    DIAG METHOD    =      SEM      FOLLOW ROOT   =        0
    PRECONDITIONER = DAVIDSON      UPDATE        = DAVIDSON
    S              =   0.0000      Ms0           =      YES
    GUESS VECTOR   =  H0BLOCK      OPENTYPE      =     NONE
    COLLAPSE SIZE  =        1      HD AVG        = EVANGELISTI
    MAX NUM VECS   =      101      REF SYM       =     AUTO
    IOPEN        =       NO

    EX ALLOW       =  1  1 
    STATE AVERAGE  =  0(1.00) 

   ==> CI Orbital and Space information <==

   ------------------------------------
               Space    Total     A
   ------------------------------------
                 Nso       10    10
                 Nmo       10    10
               Ndocc        1     1
               Nsocc        0     0
   ------------------------------------
              CI Spaces
   ------------------------------------
        Dropped DOCC        0     0
              Active       10    10
        Dropped UOCC        0     0
   ------------------------------------

   ==> Setting up CI strings <==

    There are 10 alpha and 10 beta strings
    The CI space requires 100 (1.00E+02) determinants and 1 blocks

   ==> Transforming CI integrals <==

	Presorting SO-basis two-electron integrals.
	Sorting File: SO Ints (nn|nn) nbuckets = 1
	Constructing frozen core operators
	Starting first half-transformation.
	Sorting half-transformed integrals.
	First half integral transformation complete.
	Starting second half-transformation.
	Two-electron integral transformation complete.

   ==> Starting CI iterations <==

    H0 Block Eigenvalue =  -0.98784667

    Simultaneous Expansion Method (Block Davidson Method)
    Using 1 initial trial vectors

     Iter   Root       Total Energy       Delta E      C RMS

   @CI  0:     0     -0.987846668829   -1.1390E+00   1.0045E-01  
   @CI  1:     0     -0.997774844990   -9.9282E-03   3.2662E-02  
   @CI  2:     0     -0.998663602909   -8.8876E-04   9.9633E-03  
   @CI  3:     0     -0.998768340147   -1.0474E-04   1.9401E-03  
   @CI  4:     0     -0.998771043977   -2.7038E-06   1.5815E-04  
   @CI  5:     0     -0.998771055575   -1.1598E-08   1.6567E-05  
   @CI  6:     0     -0.998771055740   -1.6584E-10   6.9049E-07  
    Warning: Norm of correction (root 0) is < 1.0E-13
   @CI  7:     0     -0.998771055741   -1.9806E-13   6.4843E-08  
    Warning: Norm of correction (root 0) is < 1.0E-13
   @CI  8:     0     -0.998771055741   -1.7764E-15   5.0526E-09  
    Warning: Norm of correction (root 0) is < 1.0E-13
   @CI  9:     0     -0.998771055741   -4.4409E-16   3.3904E-10  
    Warning: Norm of correction (root 0) is < 1.0E-13
   @CI 10:     0     -0.998771055741   2.2204E-16   2.2208E-11 c

   ==> Energetics <==

    SCF energy =           -0.799992972374256
    Total CI energy =      -0.998771055740608

   ==> FCI root 0 information <==

    FCI Root 0 energy =    -0.998771055740608

   The 20 most important determinants:

    *   1    0.720617  (    0,    0)  1AX 
    *   2   -0.673113  (    1,    1)  2AX 
    *   3    0.088538  (    0,    2)  1AA 3AB 
    *   4    0.088538  (    2,    0)  1AB 3AA 
    *   5   -0.076554  (    1,    3)  2AA 4AB 
    *   6   -0.076554  (    3,    1)  2AB 4AA 
    *   7    0.010471  (    2,    2)  3AX 
    *   8   -0.008964  (    3,    3)  4AX 
    *   9    0.003260  (    1,    9)  2AA 10AB 
    *  10    0.003260  (    9,    1)  2AB 10AA 
    *  11   -0.002831  (    0,    6)  1AA 7AB 
    *  12   -0.002831  (    6,    0)  1AB 7AA 
    *  13   -0.001288  (    6,    6)  7AX 
    *  14   -0.000790  (    4,    4)  5AX 
    *  15   -0.000790  (    5,    5)  6AX 
    *  16   -0.000227  (    2,    6)  3AA 7AB 
    *  17   -0.000227  (    6,    2)  3AB 7AA 
    *  18    0.000225  (    3,    9)  4AA 10AB 
    *  19    0.000225  (    9,    3)  4AB 10AA 
    *  20    0.000196  (    9,    9)  10AX 

		 "A good bug is a dead bug" 

			 - Starship Troopers

		 "I didn't write FORTRAN.  That's the problem."

			 - Edward Valeev
