
Scratch directory: [LOCAL_PATH]
   => Libint2 <=

    Primary   basis highest AM E, G, H:  7, 6, -
    Auxiliary basis highest AM E, G, H:  7, 7, -
    Onebody   basis highest AM E, G, H:  -, -, -
    Solid Harmonics ordering:            Gaussian

*** tstart() called on [LOCAL_HOST]
*** at Mon Sep 28 20:12:24 2026

   => Loading Basis Set <=

    Name: CC-PVDZ
    Role: ORBITAL
    Keyword: BASIS
    atoms 1-2 entry H          line    22 file [LOCAL_PATH]


         ---------------------------------------------------------
                                   SCF
               by Justin Turney, Rob Parrish, Andy Simmonett
                          and Daniel G. A. Smith
                              RHF Reference
                        1 Threads,    476 MiB Core
         ---------------------------------------------------------

  ==> Geometry <==

    Molecular point group: c1
    Full point group: D_inf_h

    Geometry (in Angstrom), charge = 0, multiplicity = 1:

       Center              X                  Y                   Z               Mass       
    ------------   -----------------  -----------------  -----------------  -----------------
         H            0.000000000000     0.000000000000    -1.500000000000     1.007825032230
         H            0.000000000000     0.000000000000     1.500000000000     1.007825032230

  Running in c1 symmetry.

  Rotational constants: A = ************  B =      3.71705  C =      3.71705 [cm^-1]
  Rotational constants: A = ************  B = 111434.46811  C = 111434.46811 [MHz]
  Nuclear repulsion =    0.176392403556667

  Charge       = 0
  Multiplicity = 1
  Electrons    = 2
  Nalpha       = 1
  Nbeta        = 1

  ==> Algorithm <==

  SCF Algorithm Type is PK.
  DIIS enabled.
  MOM disabled.
  Fractional occupation disabled.
  Guess Type is CORE.
  Energy threshold   = 1.00e-12
  Density threshold  = 1.00e-12
  Integral threshold = 1.00e-12

  ==> Primary Basis <==

  Basis Set: CC-PVDZ
    Blend: CC-PVDZ
    Number of shells: 6
    Number of basis functions: 10
    Number of Cartesian functions: 10
    Spherical Harmonics?: true
    Max angular momentum: 1

  ==> Integral Setup <==

  Using in-core PK algorithm.
   Calculation information:
      Number of atoms:                   2
      Number of AO shells:               6
      Number of primitives:             10
      Number of atomic orbitals:        10
      Number of basis functions:        10

      Integral cutoff                 1.00e-12
      Number of threads:                 1

  Performing in-core PK
  Using 3080 doubles for integral storage.
  We computed 231 shell quartets total.
  Whereas there are 231 unique shell quartets.

  ==> DiskJK: Disk-Based J/K Matrices <==

    J tasked:                  Yes
    K tasked:                  Yes
    wK tasked:                  No
    Memory [MiB]:              357
    Schwarz Cutoff:          1E-12

    OpenMP threads:              1

  Minimum eigenvalue in the overlap matrix is 2.7004965465E-01.
  Reciprocal condition number of the overlap matrix is 1.5091371068E-01.
    Using symmetric orthogonalization.

  ==> Pre-Iterations <==

  SCF Guess: Core (One-Electron) Hamiltonian.

   -------------------------------------------------------
    Irrep   Nso     Nmo     Nalpha   Nbeta   Ndocc  Nsocc
   -------------------------------------------------------
     A         10      10       1       1       1       0
   -------------------------------------------------------
    Total      10      10       1       1       1       0
   -------------------------------------------------------

  ==> Iterations <==

                        Total Energy        Delta E     RMS |[F,P]|

   @RHF iter   1:    -0.80646579410549   -8.06466e-01   1.24582e-02 ADIIS/DIIS
   @RHF iter   2:    -0.82589366500067   -1.94279e-02   2.07391e-03 ADIIS/DIIS
   @RHF iter   3:    -0.82644780268240   -5.54138e-04   1.93444e-05 DIIS
   @RHF iter   4:    -0.82644784376243   -4.10800e-08   6.24683e-07 DIIS
   @RHF iter   5:    -0.82644784379524   -3.28069e-11   2.01897e-10 DIIS
   @RHF iter   6:    -0.82644784379524   -2.22045e-16   1.96542e-14 DIIS
  Energy and wave function converged.


  ==> Post-Iterations <==

    Orbital Energies [Eh]
    ---------------------

    Doubly Occupied:                                                      

       1A     -0.323282  

    Virtual:                                                              

       2A     -0.115758     3A      0.594843     4A      0.678448  
       5A      1.461766     6A      1.461766     7A      1.464018  
       8A      1.464266     9A      1.464266    10A      1.475353  

    Final Occupation by Irrep:
              A 
    DOCC [     1 ]
    NA   [     1 ]
    NB   [     1 ]

  @RHF Final Energy:    -0.82644784379524

   => Energetics <=

    Nuclear Repulsion Energy =              0.1763924035566667
    One-Electron Energy =                  -1.3591156055532028
    Two-Electron Energy =                   0.3562753582012983
    Total Energy =                         -0.8264478437952378

Computation Completed


Properties will be evaluated at   0.000000,   0.000000,   0.000000 [a0]

Properties computed using the SCF density matrix


 Multipole Moments:

 ------------------------------------------------------------------------------------
     Multipole            Electronic (a.u.)      Nuclear  (a.u.)        Total (a.u.)
 ------------------------------------------------------------------------------------

 L = 1.  Multiply by 2.5417464519 to convert [e a0] to [Debye]
 Dipole X            :          0.0000000            0.0000000            0.0000000
 Dipole Y            :          0.0000000            0.0000000            0.0000000
 Dipole Z            :          0.0000000            0.0000000            0.0000000
 Magnitude           :                                                    0.0000000

 ------------------------------------------------------------------------------------

*** tstop() called on [LOCAL_HOST]
Module time:
	user time   =        nan seconds =        nan minutes
	system time =        nan seconds =        nan minutes
	total time  =          0 seconds =       0.00 minutes
Total time:
	user time   =        nan seconds =        nan minutes
	system time =        nan seconds =        nan minutes
	total time  =         48 seconds =       0.80 minutes
 MINTS: Wrapper to libmints.
   by Justin Turney

   Calculation information:
      Number of threads:                 1
      Number of atoms:                   2
      Number of AO shells:               6
      Number of SO shells:               6
      Number of primitives:             10
      Number of atomic orbitals:        10
      Number of basis functions:        10

      Number of irreps:                  1
      Integral cutoff                 1.00e-12
      Number of functions per irrep: [  10 ]

 OEINTS: Overlap, kinetic, potential, dipole, and quadrupole integrals
         stored in file 35.

      Computing two-electron integrals...done
      Computed 512 non-zero two-electron integrals.
        Stored in file 33.


         ---------------------------------------------------------
                          Configuration Interaction
                            (a 'D E T C I' module)

                 C. David Sherrill, Daniel G. A. Smith, and
                              Matt L. Leininger
         ---------------------------------------------------------


   ==> Parameters <==

    EX LEVEL       =        2      H0 BLOCKSIZE  =     1000
    VAL EX LEVEL   =        0      H0 GUESS SIZE =     1000
    H0COUPLINGSIZE =        0      H0 COUPLING   =       NO
    MAXITER        =      100      NUM PRINT     =       20
    NUM ROOTS      =        1      ICORE         =        1
    PRINT LVL      =        1      FCI           =      YES
    R CONV         = 1.00e-10      MIXED         =      YES
    E CONV         = 1.00e-12      MIXED4        =      YES
    R4S            =       NO      REPL OTF      =       NO
    DIAG METHOD    =      SEM      FOLLOW ROOT   =        0
    PRECONDITIONER = DAVIDSON      UPDATE        = DAVIDSON
    S              =   0.0000      Ms0           =      YES
    GUESS VECTOR   =  H0BLOCK      OPENTYPE      =     NONE
    COLLAPSE SIZE  =        1      HD AVG        = EVANGELISTI
    MAX NUM VECS   =      101      REF SYM       =     AUTO
    IOPEN        =       NO

    EX ALLOW       =  1  1 
    STATE AVERAGE  =  0(1.00) 

   ==> CI Orbital and Space information <==

   ------------------------------------
               Space    Total     A
   ------------------------------------
                 Nso       10    10
                 Nmo       10    10
               Ndocc        1     1
               Nsocc        0     0
   ------------------------------------
              CI Spaces
   ------------------------------------
        Dropped DOCC        0     0
              Active       10    10
        Dropped UOCC        0     0
   ------------------------------------

   ==> Setting up CI strings <==

    There are 10 alpha and 10 beta strings
    The CI space requires 100 (1.00E+02) determinants and 1 blocks

   ==> Transforming CI integrals <==

	Presorting SO-basis two-electron integrals.
	Sorting File: SO Ints (nn|nn) nbuckets = 1
	Constructing frozen core operators
	Starting first half-transformation.
	Sorting half-transformed integrals.
	First half integral transformation complete.
	Starting second half-transformation.
	Two-electron integral transformation complete.

   ==> Starting CI iterations <==

    H0 Block Eigenvalue =  -0.98825412

    Simultaneous Expansion Method (Block Davidson Method)
    Using 1 initial trial vectors

     Iter   Root       Total Energy       Delta E      C RMS

   @CI  0:     0     -0.988254124535   -1.1646E+00   1.0453E-01  
   @CI  1:     0     -0.998574171905   -1.0320E-02   3.2885E-02  
   @CI  2:     0     -0.999449323290   -8.7515E-04   9.5717E-03  
   @CI  3:     0     -0.999548008585   -9.8685E-05   1.9198E-03  
   @CI  4:     0     -0.999550603467   -2.5949E-06   1.7863E-04  
   @CI  5:     0     -0.999550618462   -1.4995E-08   1.4460E-05  
   @CI  6:     0     -0.999550618593   -1.3095E-10   7.9896E-07  
    Warning: Norm of correction (root 0) is < 1.0E-13
   @CI  7:     0     -0.999550618593   -2.9954E-13   9.2283E-08  
    Warning: Norm of correction (root 0) is < 1.0E-13
   @CI  8:     0     -0.999550618593   -3.9968E-15   6.2046E-09  
    Warning: Norm of correction (root 0) is < 1.0E-13
   @CI  9:     0     -0.999550618593   -4.4409E-16   4.3752E-10  
    Warning: Norm of correction (root 0) is < 1.0E-13
   @CI 10:     0     -0.999550618593   2.2204E-16   1.8262E-11 c

   ==> Energetics <==

    SCF energy =           -0.826447843795238
    Total CI energy =      -0.999550618592881

   ==> FCI root 0 information <==

    FCI Root 0 energy =    -0.999550618592881

   The 20 most important determinants:

    *   1   -0.747902  (    0,    0)  1AX 
    *   2    0.642707  (    1,    1)  2AX 
    *   3   -0.088220  (    0,    2)  1AA 3AB 
    *   4   -0.088220  (    2,    0)  1AB 3AA 
    *   5    0.076668  (    1,    3)  2AA 4AB 
    *   6    0.076668  (    3,    1)  2AB 4AA 
    *   7    0.009816  (    3,    3)  4AX 
    *   8   -0.009196  (    2,    2)  3AX 
    *   9   -0.003945  (    1,    9)  2AA 10AB 
    *  10   -0.003945  (    9,    1)  2AB 10AA 
    *  11    0.003442  (    0,    6)  1AA 7AB 
    *  12    0.003442  (    6,    0)  1AB 7AA 
    *  13    0.002536  (    6,    6)  7AX 
    *  14    0.001652  (    4,    4)  5AX 
    *  15    0.001652  (    5,    5)  6AX 
    *  16    0.000436  (    8,    8)  9AX 
    *  17    0.000436  (    7,    7)  8AX 
    *  18    0.000313  (    2,    6)  3AA 7AB 
    *  19    0.000313  (    6,    2)  3AB 7AA 
    *  20   -0.000287  (    3,    9)  4AA 10AB 

		 "A good bug is a dead bug" 

			 - Starship Troopers

		 "I didn't write FORTRAN.  That's the problem."

			 - Edward Valeev
