
Scratch directory: [LOCAL_PATH]
   => Libint2 <=

    Primary   basis highest AM E, G, H:  7, 6, -
    Auxiliary basis highest AM E, G, H:  7, 7, -
    Onebody   basis highest AM E, G, H:  -, -, -
    Solid Harmonics ordering:            Gaussian

*** tstart() called on [LOCAL_HOST]
*** at Mon Sep 28 20:12:23 2026

   => Loading Basis Set <=

    Name: CC-PVDZ
    Role: ORBITAL
    Keyword: BASIS
    atoms 1-2 entry H          line    22 file [LOCAL_PATH]


         ---------------------------------------------------------
                                   SCF
               by Justin Turney, Rob Parrish, Andy Simmonett
                          and Daniel G. A. Smith
                              UHF Reference
                        1 Threads,    476 MiB Core
         ---------------------------------------------------------

  ==> Geometry <==

    Molecular point group: c1
    Full point group: D_inf_h

    Geometry (in Angstrom), charge = 0, multiplicity = 1:

       Center              X                  Y                   Z               Mass       
    ------------   -----------------  -----------------  -----------------  -----------------
         H            0.000000000000     0.000000000000    -1.350000000000     1.007825032230
         H            0.000000000000     0.000000000000     1.350000000000     1.007825032230

  Running in c1 symmetry.

  Rotational constants: A = ************  B =      4.58896  C =      4.58896 [cm^-1]
  Rotational constants: A = ************  B = 137573.41741  C = 137573.41741 [MHz]
  Nuclear repulsion =    0.195991559507407

  Charge       = 0
  Multiplicity = 1
  Electrons    = 2
  Nalpha       = 1
  Nbeta        = 1

  ==> Algorithm <==

  SCF Algorithm Type is PK.
  DIIS enabled.
  MOM disabled.
  Fractional occupation disabled.
  Guess Type is CORE.
  Energy threshold   = 1.00e-12
  Density threshold  = 1.00e-12
  Integral threshold = 1.00e-12

  ==> Primary Basis <==

  Basis Set: CC-PVDZ
    Blend: CC-PVDZ
    Number of shells: 6
    Number of basis functions: 10
    Number of Cartesian functions: 10
    Spherical Harmonics?: true
    Max angular momentum: 1

  ==> Integral Setup <==

  Using in-core PK algorithm.
   Calculation information:
      Number of atoms:                   2
      Number of AO shells:               6
      Number of primitives:             10
      Number of atomic orbitals:        10
      Number of basis functions:        10

      Integral cutoff                 1.00e-12
      Number of threads:                 1

  Performing in-core PK
  Using 3080 doubles for integral storage.
  We computed 231 shell quartets total.
  Whereas there are 231 unique shell quartets.

  ==> DiskJK: Disk-Based J/K Matrices <==

    J tasked:                  Yes
    K tasked:                  Yes
    wK tasked:                  No
    Memory [MiB]:              357
    Schwarz Cutoff:          1E-12

    OpenMP threads:              1

  Minimum eigenvalue in the overlap matrix is 2.5628003837E-01.
  Reciprocal condition number of the overlap matrix is 1.3847611297E-01.
    Using symmetric orthogonalization.

  ==> Pre-Iterations <==

  SCF Guess: Core (One-Electron) Hamiltonian.

  Mixing beta HOMO/LUMO orbitals (1,2)
   -------------------------------------------------------
    Irrep   Nso     Nmo     Nalpha   Nbeta   Ndocc  Nsocc
   -------------------------------------------------------
     A         10      10       1       1       1       0
   -------------------------------------------------------
    Total      10      10       1       1       1       0
   -------------------------------------------------------

  ==> Iterations <==

                        Total Energy        Delta E     RMS |[F,P]|

   @UHF iter   1:    -0.99469864073205   -9.94699e-01   5.95758e-03 ADIIS/DIIS
   @UHF iter   2:    -0.99865120171986   -3.95256e-03   1.46830e-03 ADIIS/DIIS
   @UHF iter   3:    -0.99897117064624   -3.19969e-04   1.91037e-04 ADIIS/DIIS
   @UHF iter   4:    -0.99897858784673   -7.41720e-06   2.96157e-05 DIIS
   @UHF iter   5:    -0.99897874914708   -1.61300e-07   2.74667e-06 DIIS
   @UHF iter   6:    -0.99897875011998   -9.72908e-10   3.06652e-07 DIIS
   @UHF iter   7:    -0.99897875013808   -1.80911e-11   6.17193e-08 DIIS
   @UHF iter   8:    -0.99897875013862   -5.42899e-13   6.09675e-12 DIIS
   @UHF iter   9:    -0.99897875013862   -1.33227e-15   9.85443e-15 DIIS
  Energy and wave function converged.

    Wavefunction stable under totally symmetric rotations.
    Lowest totally symmetric eigenvalue: 0.374821 
    Lowest UHF->UHF stability eigenvalues: 
       A 0.374821      

    Stability analysis over.

  ==> Post-Iterations <==

   @Spin Contamination Metric:   9.875811550E-01
   @S^2 Expected:                0.000000000E+00
   @S^2 Observed:                9.875811550E-01
   @S   Expected:                0.000000000E+00
   @S   Observed:                0.000000000E+00

    Orbital Energies [Eh]
    ---------------------

    Alpha Occupied:                                                       

       1A     -0.499152  

    Alpha Virtual:                                                        

       2A      0.075396     3A      0.584644     4A      0.768844  
       5A      1.442867     6A      1.442867     7A      1.456307  
       8A      1.573005     9A      1.573005    10A      1.585642  

    Beta Occupied:                                                        

       1A     -0.499152  

    Beta Virtual:                                                         

       2A      0.075396     3A      0.584644     4A      0.768844  
       5A      1.442867     6A      1.442867     7A      1.456307  
       8A      1.573005     9A      1.573005    10A      1.585642  

    Final Occupation by Irrep:
              A 
    DOCC [     1 ]
    SOCC [     0 ]
    NA   [     1 ]
    NB   [     1 ]

  @UHF Final Energy:    -0.99897875013862

   => Energetics <=

    Nuclear Repulsion Energy =              0.1959915595074074
    One-Electron Energy =                  -1.3916365480884001
    Two-Electron Energy =                   0.1966662384423727
    Total Energy =                         -0.9989787501386200

  UHF NO Occupations:
  HONO-0 :    1  A 1.1114399
  LUNO+0 :    2  A 0.8885601
  LUNO+1 :    3  A 0.0000000
  LUNO+2 :    4  A 0.0000000
  LUNO+3 :    5  A 0.0000000


Computation Completed


Properties will be evaluated at   0.000000,   0.000000,   0.000000 [a0]

Properties computed using the SCF density matrix


 Multipole Moments:

 ------------------------------------------------------------------------------------
     Multipole            Electronic (a.u.)      Nuclear  (a.u.)        Total (a.u.)
 ------------------------------------------------------------------------------------

 L = 1.  Multiply by 2.5417464519 to convert [e a0] to [Debye]
 Dipole X            :         -0.0000000            0.0000000           -0.0000000
 Dipole Y            :          0.0000000            0.0000000            0.0000000
 Dipole Z            :         -0.0000000            0.0000000           -0.0000000
 Magnitude           :                                                    0.0000000

 ------------------------------------------------------------------------------------

*** tstop() called on [LOCAL_HOST]
Module time:
	user time   =        nan seconds =        nan minutes
	system time =        nan seconds =        nan minutes
	total time  =          0 seconds =       0.00 minutes
Total time:
	user time   =        nan seconds =        nan minutes
	system time =        nan seconds =        nan minutes
	total time  =         47 seconds =       0.78 minutes
