
Scratch directory: [LOCAL_PATH]
   => Libint2 <=

    Primary   basis highest AM E, G, H:  7, 6, -
    Auxiliary basis highest AM E, G, H:  7, 7, -
    Onebody   basis highest AM E, G, H:  -, -, -
    Solid Harmonics ordering:            Gaussian

*** tstart() called on [LOCAL_HOST]
*** at Mon Sep 28 20:12:26 2026

   => Loading Basis Set <=

    Name: CC-PVDZ
    Role: ORBITAL
    Keyword: BASIS
    atoms 1-2 entry H          line    22 file [LOCAL_PATH]


         ---------------------------------------------------------
                                   SCF
               by Justin Turney, Rob Parrish, Andy Simmonett
                          and Daniel G. A. Smith
                              RHF Reference
                        1 Threads,    476 MiB Core
         ---------------------------------------------------------

  ==> Geometry <==

    Molecular point group: c1
    Full point group: D_inf_h

    Geometry (in Angstrom), charge = 0, multiplicity = 1:

       Center              X                  Y                   Z               Mass       
    ------------   -----------------  -----------------  -----------------  -----------------
         H            0.000000000000     0.000000000000    -2.000000000000     1.007825032230
         H            0.000000000000     0.000000000000     2.000000000000     1.007825032230

  Running in c1 symmetry.

  Rotational constants: A = ************  B =      2.09084  C =      2.09084 [cm^-1]
  Rotational constants: A = ************  B =  62681.88831  C =  62681.88831 [MHz]
  Nuclear repulsion =    0.132294302667500

  Charge       = 0
  Multiplicity = 1
  Electrons    = 2
  Nalpha       = 1
  Nbeta        = 1

  ==> Algorithm <==

  SCF Algorithm Type is PK.
  DIIS enabled.
  MOM disabled.
  Fractional occupation disabled.
  Guess Type is CORE.
  Energy threshold   = 1.00e-12
  Density threshold  = 1.00e-12
  Integral threshold = 1.00e-12

  ==> Primary Basis <==

  Basis Set: CC-PVDZ
    Blend: CC-PVDZ
    Number of shells: 6
    Number of basis functions: 10
    Number of Cartesian functions: 10
    Spherical Harmonics?: true
    Max angular momentum: 1

  ==> Integral Setup <==

  Using in-core PK algorithm.
   Calculation information:
      Number of atoms:                   2
      Number of AO shells:               6
      Number of primitives:             10
      Number of atomic orbitals:        10
      Number of basis functions:        10

      Integral cutoff                 1.00e-12
      Number of threads:                 1

  Performing in-core PK
  Using 3080 doubles for integral storage.
  We computed 222 shell quartets total.
  Whereas there are 231 unique shell quartets.

  ==> DiskJK: Disk-Based J/K Matrices <==

    J tasked:                  Yes
    K tasked:                  Yes
    wK tasked:                  No
    Memory [MiB]:              357
    Schwarz Cutoff:          1E-12

    OpenMP threads:              1

  Minimum eigenvalue in the overlap matrix is 3.0230385010E-01.
  Reciprocal condition number of the overlap matrix is 1.7751012869E-01.
    Using symmetric orthogonalization.

  ==> Pre-Iterations <==

  SCF Guess: Core (One-Electron) Hamiltonian.

   -------------------------------------------------------
    Irrep   Nso     Nmo     Nalpha   Nbeta   Ndocc  Nsocc
   -------------------------------------------------------
     A         10      10       1       1       1       0
   -------------------------------------------------------
    Total      10      10       1       1       1       0
   -------------------------------------------------------

  ==> Iterations <==

                        Total Energy        Delta E     RMS |[F,P]|

   @RHF iter   1:    -0.76057642581369   -7.60576e-01   1.27610e-02 ADIIS/DIIS
   @RHF iter   2:    -0.78174652022024   -2.11701e-02   1.85683e-03 ADIIS/DIIS
   @RHF iter   3:    -0.78219820032161   -4.51680e-04   7.89606e-06 DIIS
   @RHF iter   4:    -0.78219820837440   -8.05279e-09   1.98246e-07 DIIS
   @RHF iter   5:    -0.78219820837832   -3.92264e-12   9.29808e-11 DIIS
   @RHF iter   6:    -0.78219820837832   -1.11022e-16   1.87050e-13 DIIS
  Energy and wave function converged.


  ==> Post-Iterations <==

    Orbital Energies [Eh]
    ---------------------

    Doubly Occupied:                                                      

       1A     -0.289675  

    Virtual:                                                              

       2A     -0.148679     3A      0.601458     4A      0.654364  
       5A      1.464218     6A      1.464430     7A      1.464430  
       8A      1.465423     9A      1.465423    10A      1.466368  

    Final Occupation by Irrep:
              A 
    DOCC [     1 ]
    NA   [     1 ]
    NB   [     1 ]

  @RHF Final Energy:    -0.78219820837832

   => Energetics <=

    Nuclear Repulsion Energy =              0.1322943026675000
    One-Electron Energy =                  -1.2496355586157950
    Two-Electron Energy =                   0.3351430475699712
    Total Energy =                         -0.7821982083783237

Computation Completed


Properties will be evaluated at   0.000000,   0.000000,   0.000000 [a0]

Properties computed using the SCF density matrix


 Multipole Moments:

 ------------------------------------------------------------------------------------
     Multipole            Electronic (a.u.)      Nuclear  (a.u.)        Total (a.u.)
 ------------------------------------------------------------------------------------

 L = 1.  Multiply by 2.5417464519 to convert [e a0] to [Debye]
 Dipole X            :         -0.0000000            0.0000000           -0.0000000
 Dipole Y            :         -0.0000000            0.0000000           -0.0000000
 Dipole Z            :         -0.0000000            0.0000000           -0.0000000
 Magnitude           :                                                    0.0000000

 ------------------------------------------------------------------------------------

*** tstop() called on [LOCAL_HOST]
Module time:
	user time   =        nan seconds =        nan minutes
	system time =        nan seconds =        nan minutes
	total time  =          0 seconds =       0.00 minutes
Total time:
	user time   =        nan seconds =        nan minutes
	system time =        nan seconds =        nan minutes
	total time  =         50 seconds =       0.83 minutes
 MINTS: Wrapper to libmints.
   by Justin Turney

   Calculation information:
      Number of threads:                 1
      Number of atoms:                   2
      Number of AO shells:               6
      Number of SO shells:               6
      Number of primitives:             10
      Number of atomic orbitals:        10
      Number of basis functions:        10

      Number of irreps:                  1
      Integral cutoff                 1.00e-12
      Number of functions per irrep: [  10 ]

 OEINTS: Overlap, kinetic, potential, dipole, and quadrupole integrals
         stored in file 35.

      Computing two-electron integrals...done
      Computed 457 non-zero two-electron integrals.
        Stored in file 33.


         ---------------------------------------------------------
                          Configuration Interaction
                            (a 'D E T C I' module)

                 C. David Sherrill, Daniel G. A. Smith, and
                              Matt L. Leininger
         ---------------------------------------------------------


   ==> Parameters <==

    EX LEVEL       =        2      H0 BLOCKSIZE  =     1000
    VAL EX LEVEL   =        0      H0 GUESS SIZE =     1000
    H0COUPLINGSIZE =        0      H0 COUPLING   =       NO
    MAXITER        =      100      NUM PRINT     =       20
    NUM ROOTS      =        1      ICORE         =        1
    PRINT LVL      =        1      FCI           =      YES
    R CONV         = 1.00e-10      MIXED         =      YES
    E CONV         = 1.00e-12      MIXED4        =      YES
    R4S            =       NO      REPL OTF      =       NO
    DIAG METHOD    =      SEM      FOLLOW ROOT   =        0
    PRECONDITIONER = DAVIDSON      UPDATE        = DAVIDSON
    S              =   0.0000      Ms0           =      YES
    GUESS VECTOR   =  H0BLOCK      OPENTYPE      =     NONE
    COLLAPSE SIZE  =        1      HD AVG        = EVANGELISTI
    MAX NUM VECS   =      101      REF SYM       =     AUTO
    IOPEN        =       NO

    EX ALLOW       =  1  1 
    STATE AVERAGE  =  0(1.00) 

   ==> CI Orbital and Space information <==

   ------------------------------------
               Space    Total     A
   ------------------------------------
                 Nso       10    10
                 Nmo       10    10
               Ndocc        1     1
               Nsocc        0     0
   ------------------------------------
              CI Spaces
   ------------------------------------
        Dropped DOCC        0     0
              Active       10    10
        Dropped UOCC        0     0
   ------------------------------------

   ==> Setting up CI strings <==

    There are 10 alpha and 10 beta strings
    The CI space requires 100 (1.00E+02) determinants and 1 blocks

   ==> Transforming CI integrals <==

	Presorting SO-basis two-electron integrals.
	Sorting File: SO Ints (nn|nn) nbuckets = 1
	Constructing frozen core operators
	Starting first half-transformation.
	Sorting half-transformed integrals.
	First half integral transformation complete.
	Starting second half-transformation.
	Two-electron integral transformation complete.

   ==> Starting CI iterations <==

    H0 Block Eigenvalue =  -0.98743383

    Simultaneous Expansion Method (Block Davidson Method)
    Using 1 initial trial vectors

     Iter   Root       Total Energy       Delta E      C RMS

   @CI  0:     0     -0.987433827516   -1.1197E+00   1.0007E-01  
   @CI  1:     0     -0.997537244220   -1.0103E-02   3.3649E-02  
   @CI  2:     0     -0.998487159226   -9.4992E-04   1.0487E-02  
   @CI  3:     0     -0.998603142443   -1.1598E-04   2.0378E-03  
   @CI  4:     0     -0.998606176330   -3.0339E-06   1.4224E-04  
   @CI  5:     0     -0.998606185971   -9.6405E-09   1.7410E-05  
   @CI  6:     0     -0.998606186141   -1.7001E-10   7.0578E-07  
    Warning: Norm of correction (root 0) is < 1.0E-13
   @CI  7:     0     -0.998606186141   -1.8541E-13   3.4467E-08  
    Warning: Norm of correction (root 0) is < 1.0E-13
   @CI  8:     0     -0.998606186141   -1.7764E-15   3.1615E-09  
    Warning: Norm of correction (root 0) is < 1.0E-13
   @CI  9:     0     -0.998606186141   0.0000E+00   2.2893E-10  
    Warning: Norm of correction (root 0) is < 1.0E-13
   @CI 10:     0     -0.998606186141   0.0000E+00   1.3175E-11 c

   ==> Energetics <==

    SCF energy =           -0.782198208378324
    Total CI energy =      -0.998606186141111

   ==> FCI root 0 information <==

    FCI Root 0 energy =    -0.998606186141111

   The 20 most important determinants:

    *   1    0.707669  (    0,    0)  1AX 
    *   2   -0.686829  (    1,    1)  2AX 
    *   3    0.086525  (    0,    2)  1AA 3AB 
    *   4    0.086525  (    2,    0)  1AB 3AA 
    *   5   -0.078364  (    1,    3)  2AA 4AB 
    *   6   -0.078364  (    3,    1)  2AB 4AA 
    *   7    0.010463  (    2,    2)  3AX 
    *   8   -0.009029  (    3,    3)  4AX 
    *   9    0.002520  (    1,    9)  2AA 10AB 
    *  10    0.002520  (    9,    1)  2AB 10AA 
    *  11   -0.002376  (    0,    4)  1AA 5AB 
    *  12   -0.002376  (    4,    0)  1AB 5AA 
    *  13   -0.000713  (    4,    4)  5AX 
    *  14   -0.000422  (    6,    6)  7AX 
    *  15   -0.000422  (    5,    5)  6AX 
    *  16    0.000295  (    9,    9)  10AX 
    *  17   -0.000220  (    2,    4)  3AA 5AB 
    *  18   -0.000220  (    4,    2)  3AB 5AA 
    *  19    0.000213  (    3,    9)  4AA 10AB 
    *  20    0.000213  (    9,    3)  4AB 10AA 

		 "A good bug is a dead bug" 

			 - Starship Troopers

		 "I didn't write FORTRAN.  That's the problem."

			 - Edward Valeev
