
Scratch directory: [LOCAL_PATH]
   => Libint2 <=

    Primary   basis highest AM E, G, H:  7, 6, -
    Auxiliary basis highest AM E, G, H:  7, 7, -
    Onebody   basis highest AM E, G, H:  -, -, -
    Solid Harmonics ordering:            Gaussian

*** tstart() called on [LOCAL_HOST]
*** at Mon Sep 28 20:12:31 2026

   => Loading Basis Set <=

    Name: CC-PVDZ
    Role: ORBITAL
    Keyword: BASIS
    atoms 1-2 entry H          line    22 file [LOCAL_PATH]


         ---------------------------------------------------------
                                   SCF
               by Justin Turney, Rob Parrish, Andy Simmonett
                          and Daniel G. A. Smith
                              RHF Reference
                        1 Threads,    476 MiB Core
         ---------------------------------------------------------

  ==> Geometry <==

    Molecular point group: c1
    Full point group: D_inf_h

    Geometry (in Angstrom), charge = 0, multiplicity = 1:

       Center              X                  Y                   Z               Mass       
    ------------   -----------------  -----------------  -----------------  -----------------
         H            0.000000000000     0.000000000000    -0.392705098312     1.007825032230
         H            0.000000000000     0.000000000000     0.392705098312     1.007825032230

  Running in c1 symmetry.

  Rotational constants: A = ************  B =     54.23108  C =     54.23108 [cm^-1]
  Rotational constants: A = ************  B = 1625806.97887  C = 1625806.97887 [MHz]
  Nuclear repulsion =    0.673759028013596

  Charge       = 0
  Multiplicity = 1
  Electrons    = 2
  Nalpha       = 1
  Nbeta        = 1

  ==> Algorithm <==

  SCF Algorithm Type is PK.
  DIIS enabled.
  MOM disabled.
  Fractional occupation disabled.
  Guess Type is CORE.
  Energy threshold   = 1.00e-12
  Density threshold  = 1.00e-12
  Integral threshold = 1.00e-12

  ==> Primary Basis <==

  Basis Set: CC-PVDZ
    Blend: CC-PVDZ
    Number of shells: 6
    Number of basis functions: 10
    Number of Cartesian functions: 10
    Spherical Harmonics?: true
    Max angular momentum: 1

  ==> Integral Setup <==

  Using in-core PK algorithm.
   Calculation information:
      Number of atoms:                   2
      Number of AO shells:               6
      Number of primitives:             10
      Number of atomic orbitals:        10
      Number of basis functions:        10

      Integral cutoff                 1.00e-12
      Number of threads:                 1

  Performing in-core PK
  Using 3080 doubles for integral storage.
  We computed 231 shell quartets total.
  Whereas there are 231 unique shell quartets.

  ==> DiskJK: Disk-Based J/K Matrices <==

    J tasked:                  Yes
    K tasked:                  Yes
    wK tasked:                  No
    Memory [MiB]:              357
    Schwarz Cutoff:          1E-12

    OpenMP threads:              1

  Minimum eigenvalue in the overlap matrix is 5.6352668758E-02.
  Reciprocal condition number of the overlap matrix is 1.8304243567E-02.
    Using symmetric orthogonalization.

  ==> Pre-Iterations <==

  SCF Guess: Core (One-Electron) Hamiltonian.

   -------------------------------------------------------
    Irrep   Nso     Nmo     Nalpha   Nbeta   Ndocc  Nsocc
   -------------------------------------------------------
     A         10      10       1       1       1       0
   -------------------------------------------------------
    Total      10      10       1       1       1       0
   -------------------------------------------------------

  ==> Iterations <==

                        Total Energy        Delta E     RMS |[F,P]|

   @RHF iter   1:    -1.07413970171963   -1.07414e+00   2.23932e-02 ADIIS/DIIS
   @RHF iter   2:    -1.12595262035967   -5.18129e-02   4.09402e-03 ADIIS/DIIS
   @RHF iter   3:    -1.12781280465143   -1.86018e-03   2.15329e-04 ADIIS/DIIS
   @RHF iter   4:    -1.12781569750957   -2.89286e-06   1.47725e-05 DIIS
   @RHF iter   5:    -1.12781572229234   -2.47828e-08   3.12613e-08 DIIS
   @RHF iter   6:    -1.12781572229245   -1.10800e-13   3.03831e-11 DIIS
   @RHF iter   7:    -1.12781572229245    1.33227e-15   1.94001e-14 DIIS
  Energy and wave function converged.


  ==> Post-Iterations <==

    Orbital Energies [Eh]
    ---------------------

    Doubly Occupied:                                                      

       1A     -0.579066  

    Virtual:                                                              

       2A      0.188578     3A      0.490187     4A      0.906268  
       5A      1.288466     6A      1.288466     7A      1.911960  
       8A      2.012695     9A      2.012695    10A      3.362086  

    Final Occupation by Irrep:
              A 
    DOCC [     1 ]
    NA   [     1 ]
    NB   [     1 ]

  @RHF Final Energy:    -1.12781572229245

   => Energetics <=

    Nuclear Repulsion Energy =              0.6737590280135956
    One-Electron Energy =                  -2.4450170836322771
    Two-Electron Energy =                   0.6434423333262318
    Total Energy =                         -1.1278157222924499

Computation Completed


Properties will be evaluated at   0.000000,   0.000000,   0.000000 [a0]

Properties computed using the SCF density matrix


 Multipole Moments:

 ------------------------------------------------------------------------------------
     Multipole            Electronic (a.u.)      Nuclear  (a.u.)        Total (a.u.)
 ------------------------------------------------------------------------------------

 L = 1.  Multiply by 2.5417464519 to convert [e a0] to [Debye]
 Dipole X            :          0.0000000            0.0000000            0.0000000
 Dipole Y            :         -0.0000000            0.0000000           -0.0000000
 Dipole Z            :         -0.0000000            0.0000000           -0.0000000
 Magnitude           :                                                    0.0000000

 ------------------------------------------------------------------------------------

*** tstop() called on [LOCAL_HOST]
Module time:
	user time   =        nan seconds =        nan minutes
	system time =        nan seconds =        nan minutes
	total time  =          0 seconds =       0.00 minutes
Total time:
	user time   =        nan seconds =        nan minutes
	system time =        nan seconds =        nan minutes
	total time  =         55 seconds =       0.92 minutes
 MINTS: Wrapper to libmints.
   by Justin Turney

   Calculation information:
      Number of threads:                 1
      Number of atoms:                   2
      Number of AO shells:               6
      Number of SO shells:               6
      Number of primitives:             10
      Number of atomic orbitals:        10
      Number of basis functions:        10

      Number of irreps:                  1
      Integral cutoff                 1.00e-12
      Number of functions per irrep: [  10 ]

 OEINTS: Overlap, kinetic, potential, dipole, and quadrupole integrals
         stored in file 35.

      Computing two-electron integrals...done
      Computed 512 non-zero two-electron integrals.
        Stored in file 33.


         ---------------------------------------------------------
                          Configuration Interaction
                            (a 'D E T C I' module)

                 C. David Sherrill, Daniel G. A. Smith, and
                              Matt L. Leininger
         ---------------------------------------------------------


   ==> Parameters <==

    EX LEVEL       =        2      H0 BLOCKSIZE  =     1000
    VAL EX LEVEL   =        0      H0 GUESS SIZE =     1000
    H0COUPLINGSIZE =        0      H0 COUPLING   =       NO
    MAXITER        =      100      NUM PRINT     =       20
    NUM ROOTS      =        1      ICORE         =        1
    PRINT LVL      =        1      FCI           =      YES
    R CONV         = 1.00e-10      MIXED         =      YES
    E CONV         = 1.00e-12      MIXED4        =      YES
    R4S            =       NO      REPL OTF      =       NO
    DIAG METHOD    =      SEM      FOLLOW ROOT   =        0
    PRECONDITIONER = DAVIDSON      UPDATE        = DAVIDSON
    S              =   0.0000      Ms0           =      YES
    GUESS VECTOR   =  H0BLOCK      OPENTYPE      =     NONE
    COLLAPSE SIZE  =        1      HD AVG        = EVANGELISTI
    MAX NUM VECS   =      101      REF SYM       =     AUTO
    IOPEN        =       NO

    EX ALLOW       =  1  1 
    STATE AVERAGE  =  0(1.00) 

   ==> CI Orbital and Space information <==

   ------------------------------------
               Space    Total     A
   ------------------------------------
                 Nso       10    10
                 Nmo       10    10
               Ndocc        1     1
               Nsocc        0     0
   ------------------------------------
              CI Spaces
   ------------------------------------
        Dropped DOCC        0     0
              Active       10    10
        Dropped UOCC        0     0
   ------------------------------------

   ==> Setting up CI strings <==

    There are 10 alpha and 10 beta strings
    The CI space requires 100 (1.00E+02) determinants and 1 blocks

   ==> Transforming CI integrals <==

	Presorting SO-basis two-electron integrals.
	Sorting File: SO Ints (nn|nn) nbuckets = 1
	Constructing frozen core operators
	Starting first half-transformation.
	Sorting half-transformed integrals.
	First half integral transformation complete.
	Starting second half-transformation.
	Two-electron integral transformation complete.

   ==> Starting CI iterations <==

    H0 Block Eigenvalue =  -1.13118201

    Simultaneous Expansion Method (Block Davidson Method)
    Using 1 initial trial vectors

     Iter   Root       Total Energy       Delta E      C RMS

   @CI  0:     0     -1.131182014898   -1.8049E+00   2.8562E-01  
   @CI  1:     0     -1.162675377487   -3.1493E-02   4.2341E-02  
   @CI  2:     0     -1.163283838958   -6.0846E-04   5.6728E-03  
   @CI  3:     0     -1.163299239711   -1.5401E-05   9.0131E-04  
   @CI  4:     0     -1.163299502757   -2.6305E-07   5.6501E-05  
   @CI  5:     0     -1.163299504249   -1.4922E-09   6.3807E-06  
   @CI  6:     0     -1.163299504267   -1.8115E-11   7.4831E-07  
   @CI  7:     0     -1.163299504267   -2.5846E-13   9.0749E-08  
    Warning: Norm of correction (root 0) is < 1.0E-13
   @CI  8:     0     -1.163299504267   -4.8850E-15   4.5458E-09  
    Warning: Norm of correction (root 0) is < 1.0E-13
   @CI  9:     0     -1.163299504267   6.6613E-16   1.8961E-10  
    Warning: Norm of correction (root 0) is < 1.0E-13
   @CI 10:     0     -1.163299504267   4.4409E-16   7.5026E-12 c

   ==> Energetics <==

    SCF energy =           -1.127815722292450
    Total CI energy =      -1.163299504267250

   ==> FCI root 0 information <==

    FCI Root 0 energy =    -1.163299504267250

   The 20 most important determinants:

    *   1   -0.990799  (    0,    0)  1AX 
    *   2    0.060265  (    1,    1)  2AX 
    *   3    0.053214  (    3,    3)  4AX 
    *   4    0.050367  (    2,    2)  3AX 
    *   5    0.050092  (    1,    3)  2AA 4AB 
    *   6    0.050092  (    3,    1)  2AB 4AA 
    *   7    0.038815  (    4,    4)  5AX 
    *   8    0.038815  (    5,    5)  6AX 
    *   9    0.015272  (    6,    6)  7AX 
    *  10   -0.014111  (    2,    6)  3AA 7AB 
    *  11   -0.014111  (    6,    2)  3AB 7AA 
    *  12    0.010512  (    3,    9)  4AA 10AB 
    *  13    0.010512  (    9,    3)  4AB 10AA 
    *  14    0.008905  (    7,    7)  8AX 
    *  15    0.008905  (    8,    8)  9AX 
    *  16   -0.007088  (    0,    2)  1AA 3AB 
    *  17   -0.007088  (    2,    0)  1AB 3AA 
    *  18    0.006639  (    9,    9)  10AX 
    *  19    0.006579  (    1,    9)  2AA 10AB 
    *  20    0.006579  (    9,    1)  2AB 10AA 

		 "A good bug is a dead bug" 

			 - Starship Troopers

		 "I didn't write FORTRAN.  That's the problem."

			 - Edward Valeev
