
Scratch directory: [LOCAL_PATH]
   => Libint2 <=

    Primary   basis highest AM E, G, H:  7, 6, -
    Auxiliary basis highest AM E, G, H:  7, 7, -
    Onebody   basis highest AM E, G, H:  -, -, -
    Solid Harmonics ordering:            Gaussian

*** tstart() called on [LOCAL_HOST]
*** at Mon Sep 28 20:12:30 2026

   => Loading Basis Set <=

    Name: CC-PVDZ
    Role: ORBITAL
    Keyword: BASIS
    atoms 1-2 entry H          line    22 file [LOCAL_PATH]


         ---------------------------------------------------------
                                   SCF
               by Justin Turney, Rob Parrish, Andy Simmonett
                          and Daniel G. A. Smith
                              RHF Reference
                        1 Threads,    476 MiB Core
         ---------------------------------------------------------

  ==> Geometry <==

    Molecular point group: c1
    Full point group: D_inf_h

    Geometry (in Angstrom), charge = 0, multiplicity = 1:

       Center              X                  Y                   Z               Mass       
    ------------   -----------------  -----------------  -----------------  -----------------
         H            0.000000000000     0.000000000000    -0.357294901688     1.007825032230
         H            0.000000000000     0.000000000000     0.357294901688     1.007825032230

  Running in c1 symmetry.

  Rotational constants: A = ************  B =     65.51304  C =     65.51304 [cm^-1]
  Rotational constants: A = ************  B = 1964031.38798  C = 1964031.38798 [MHz]
  Nuclear repulsion =    0.740532831801786

  Charge       = 0
  Multiplicity = 1
  Electrons    = 2
  Nalpha       = 1
  Nbeta        = 1

  ==> Algorithm <==

  SCF Algorithm Type is PK.
  DIIS enabled.
  MOM disabled.
  Fractional occupation disabled.
  Guess Type is CORE.
  Energy threshold   = 1.00e-12
  Density threshold  = 1.00e-12
  Integral threshold = 1.00e-12

  ==> Primary Basis <==

  Basis Set: CC-PVDZ
    Blend: CC-PVDZ
    Number of shells: 6
    Number of basis functions: 10
    Number of Cartesian functions: 10
    Spherical Harmonics?: true
    Max angular momentum: 1

  ==> Integral Setup <==

  Using in-core PK algorithm.
   Calculation information:
      Number of atoms:                   2
      Number of AO shells:               6
      Number of primitives:             10
      Number of atomic orbitals:        10
      Number of basis functions:        10

      Integral cutoff                 1.00e-12
      Number of threads:                 1

  Performing in-core PK
  Using 3080 doubles for integral storage.
  We computed 231 shell quartets total.
  Whereas there are 231 unique shell quartets.

  ==> DiskJK: Disk-Based J/K Matrices <==

    J tasked:                  Yes
    K tasked:                  Yes
    wK tasked:                  No
    Memory [MiB]:              357
    Schwarz Cutoff:          1E-12

    OpenMP threads:              1

  Minimum eigenvalue in the overlap matrix is 3.7665415396E-02.
  Reciprocal condition number of the overlap matrix is 1.2035345978E-02.
    Using symmetric orthogonalization.

  ==> Pre-Iterations <==

  SCF Guess: Core (One-Electron) Hamiltonian.

   -------------------------------------------------------
    Irrep   Nso     Nmo     Nalpha   Nbeta   Ndocc  Nsocc
   -------------------------------------------------------
     A         10      10       1       1       1       0
   -------------------------------------------------------
    Total      10      10       1       1       1       0
   -------------------------------------------------------

  ==> Iterations <==

                        Total Energy        Delta E     RMS |[F,P]|

   @RHF iter   1:    -1.07399496882742   -1.07399e+00   2.26125e-02 ADIIS/DIIS
   @RHF iter   2:    -1.12594552712837   -5.19506e-02   4.19846e-03 ADIIS/DIIS
   @RHF iter   3:    -1.12788853343827   -1.94301e-03   2.27799e-04 ADIIS/DIIS
   @RHF iter   4:    -1.12789172779043   -3.19435e-06   1.67704e-05 DIIS
   @RHF iter   5:    -1.12789175951525   -3.17248e-08   3.95418e-08 DIIS
   @RHF iter   6:    -1.12789175951542   -1.77192e-13   4.22265e-11 DIIS
   @RHF iter   7:    -1.12789175951542   -4.44089e-16   2.94168e-14 DIIS
  Energy and wave function converged.


  ==> Post-Iterations <==

    Orbital Energies [Eh]
    ---------------------

    Doubly Occupied:                                                      

       1A     -0.600219  

    Virtual:                                                              

       2A      0.202262     3A      0.473200     4A      0.956207  
       5A      1.295926     6A      1.295926     7A      1.981131  
       8A      2.060792     9A      2.060792    10A      3.777465  

    Final Occupation by Irrep:
              A 
    DOCC [     1 ]
    NA   [     1 ]
    NB   [     1 ]

  @RHF Final Energy:    -1.12789175951542

   => Energetics <=

    Nuclear Repulsion Energy =              0.7405328318017863
    One-Electron Energy =                  -2.5364104358748003
    Two-Electron Energy =                   0.6679858445575906
    Total Energy =                         -1.1278917595154234

Computation Completed


Properties will be evaluated at   0.000000,   0.000000,   0.000000 [a0]

Properties computed using the SCF density matrix


 Multipole Moments:

 ------------------------------------------------------------------------------------
     Multipole            Electronic (a.u.)      Nuclear  (a.u.)        Total (a.u.)
 ------------------------------------------------------------------------------------

 L = 1.  Multiply by 2.5417464519 to convert [e a0] to [Debye]
 Dipole X            :         -0.0000000            0.0000000           -0.0000000
 Dipole Y            :         -0.0000000            0.0000000           -0.0000000
 Dipole Z            :         -0.0000000            0.0000000           -0.0000000
 Magnitude           :                                                    0.0000000

 ------------------------------------------------------------------------------------

*** tstop() called on [LOCAL_HOST]
Module time:
	user time   =        nan seconds =        nan minutes
	system time =        nan seconds =        nan minutes
	total time  =          1 seconds =       0.02 minutes
Total time:
	user time   =        nan seconds =        nan minutes
	system time =        nan seconds =        nan minutes
	total time  =         55 seconds =       0.92 minutes
 MINTS: Wrapper to libmints.
   by Justin Turney

   Calculation information:
      Number of threads:                 1
      Number of atoms:                   2
      Number of AO shells:               6
      Number of SO shells:               6
      Number of primitives:             10
      Number of atomic orbitals:        10
      Number of basis functions:        10

      Number of irreps:                  1
      Integral cutoff                 1.00e-12
      Number of functions per irrep: [  10 ]

 OEINTS: Overlap, kinetic, potential, dipole, and quadrupole integrals
         stored in file 35.

      Computing two-electron integrals...done
      Computed 512 non-zero two-electron integrals.
        Stored in file 33.


         ---------------------------------------------------------
                          Configuration Interaction
                            (a 'D E T C I' module)

                 C. David Sherrill, Daniel G. A. Smith, and
                              Matt L. Leininger
         ---------------------------------------------------------


   ==> Parameters <==

    EX LEVEL       =        2      H0 BLOCKSIZE  =     1000
    VAL EX LEVEL   =        0      H0 GUESS SIZE =     1000
    H0COUPLINGSIZE =        0      H0 COUPLING   =       NO
    MAXITER        =      100      NUM PRINT     =       20
    NUM ROOTS      =        1      ICORE         =        1
    PRINT LVL      =        1      FCI           =      YES
    R CONV         = 1.00e-10      MIXED         =      YES
    E CONV         = 1.00e-12      MIXED4        =      YES
    R4S            =       NO      REPL OTF      =       NO
    DIAG METHOD    =      SEM      FOLLOW ROOT   =        0
    PRECONDITIONER = DAVIDSON      UPDATE        = DAVIDSON
    S              =   0.0000      Ms0           =      YES
    GUESS VECTOR   =  H0BLOCK      OPENTYPE      =     NONE
    COLLAPSE SIZE  =        1      HD AVG        = EVANGELISTI
    MAX NUM VECS   =      101      REF SYM       =     AUTO
    IOPEN        =       NO

    EX ALLOW       =  1  1 
    STATE AVERAGE  =  0(1.00) 

   ==> CI Orbital and Space information <==

   ------------------------------------
               Space    Total     A
   ------------------------------------
                 Nso       10    10
                 Nmo       10    10
               Ndocc        1     1
               Nsocc        0     0
   ------------------------------------
              CI Spaces
   ------------------------------------
        Dropped DOCC        0     0
              Active       10    10
        Dropped UOCC        0     0
   ------------------------------------

   ==> Setting up CI strings <==

    There are 10 alpha and 10 beta strings
    The CI space requires 100 (1.00E+02) determinants and 1 blocks

   ==> Transforming CI integrals <==

	Presorting SO-basis two-electron integrals.
	Sorting File: SO Ints (nn|nn) nbuckets = 1
	Constructing frozen core operators
	Starting first half-transformation.
	Sorting half-transformed integrals.
	First half integral transformation complete.
	Starting second half-transformation.
	Two-electron integral transformation complete.

   ==> Starting CI iterations <==

    H0 Block Eigenvalue =  -1.13031407

    Simultaneous Expansion Method (Block Davidson Method)
    Using 1 initial trial vectors

     Iter   Root       Total Energy       Delta E      C RMS

   @CI  0:     0     -1.130314065759   -1.8708E+00   2.9199E-01  
   @CI  1:     0     -1.161606949934   -3.1293E-02   4.1275E-02  
   @CI  2:     0     -1.162111801841   -5.0485E-04   5.1066E-03  
   @CI  3:     0     -1.162123234083   -1.1432E-05   8.0718E-04  
   @CI  4:     0     -1.162123434681   -2.0060E-07   4.7476E-05  
   @CI  5:     0     -1.162123435737   -1.0556E-09   6.3211E-06  
   @CI  6:     0     -1.162123435752   -1.4837E-11   6.0691E-07  
    Warning: Norm of correction (root 0) is < 1.0E-13
   @CI  7:     0     -1.162123435752   -1.5588E-13   7.0084E-08  
    Warning: Norm of correction (root 0) is < 1.0E-13
   @CI  8:     0     -1.162123435752   -2.6645E-15   4.7063E-09  
    Warning: Norm of correction (root 0) is < 1.0E-13
   @CI  9:     0     -1.162123435752   -2.2204E-16   2.5368E-10  
    Warning: Norm of correction (root 0) is < 1.0E-13
   @CI 10:     0     -1.162123435752   -6.6613E-16   9.1288E-12 c

   ==> Energetics <==

    SCF energy =           -1.127891759515423
    Total CI energy =      -1.162123435751865

   ==> FCI root 0 information <==

    FCI Root 0 energy =    -1.162123435751865

   The 20 most important determinants:

    *   1   -0.991906  (    0,    0)  1AX 
    *   2    0.052335  (    3,    3)  4AX 
    *   3    0.050077  (    2,    2)  3AX 
    *   4    0.049188  (    1,    1)  2AX 
    *   5    0.044858  (    1,    3)  2AA 4AB 
    *   6    0.044858  (    3,    1)  2AB 4AA 
    *   7    0.040382  (    5,    5)  6AX 
    *   8    0.040382  (    4,    4)  5AX 
    *   9    0.014699  (    6,    6)  7AX 
    *  10   -0.014083  (    2,    6)  3AA 7AB 
    *  11   -0.014083  (    6,    2)  3AB 7AA 
    *  12    0.010249  (    3,    9)  4AA 10AB 
    *  13    0.010249  (    9,    3)  4AB 10AA 
    *  14    0.008797  (    7,    7)  8AX 
    *  15    0.008797  (    8,    8)  9AX 
    *  16    0.006548  (    9,    9)  10AX 
    *  17    0.005695  (    1,    9)  2AA 10AB 
    *  18    0.005695  (    9,    1)  2AB 10AA 
    *  19   -0.005286  (    0,    2)  1AA 3AB 
    *  20   -0.005286  (    2,    0)  1AB 3AA 

		 "A good bug is a dead bug" 

			 - Starship Troopers

		 "I didn't write FORTRAN.  That's the problem."

			 - Edward Valeev
