
Scratch directory: [LOCAL_PATH]
   => Libint2 <=

    Primary   basis highest AM E, G, H:  7, 6, -
    Auxiliary basis highest AM E, G, H:  7, 7, -
    Onebody   basis highest AM E, G, H:  -, -, -
    Solid Harmonics ordering:            Gaussian

*** tstart() called on [LOCAL_HOST]
*** at Mon Sep 28 20:12:36 2026

   => Loading Basis Set <=

    Name: CC-PVDZ
    Role: ORBITAL
    Keyword: BASIS
    atoms 1-2 entry H          line    22 file [LOCAL_PATH]


         ---------------------------------------------------------
                                   SCF
               by Justin Turney, Rob Parrish, Andy Simmonett
                          and Daniel G. A. Smith
                              RHF Reference
                        1 Threads,    476 MiB Core
         ---------------------------------------------------------

  ==> Geometry <==

    Molecular point group: c1
    Full point group: D_inf_h

    Geometry (in Angstrom), charge = 0, multiplicity = 1:

       Center              X                  Y                   Z               Mass       
    ------------   -----------------  -----------------  -----------------  -----------------
         H            0.000000000000     0.000000000000    -0.382946722484     1.007825032230
         H            0.000000000000     0.000000000000     0.382946722484     1.007825032230

  Running in c1 symmetry.

  Rotational constants: A = ************  B =     57.03017  C =     57.03017 [cm^-1]
  Rotational constants: A = ************  B = 1709721.40449  C = 1709721.40449 [MHz]
  Nuclear repulsion =    0.690927979795648

  Charge       = 0
  Multiplicity = 1
  Electrons    = 2
  Nalpha       = 1
  Nbeta        = 1

  ==> Algorithm <==

  SCF Algorithm Type is PK.
  DIIS enabled.
  MOM disabled.
  Fractional occupation disabled.
  Guess Type is CORE.
  Energy threshold   = 1.00e-12
  Density threshold  = 1.00e-12
  Integral threshold = 1.00e-12

  ==> Primary Basis <==

  Basis Set: CC-PVDZ
    Blend: CC-PVDZ
    Number of shells: 6
    Number of basis functions: 10
    Number of Cartesian functions: 10
    Spherical Harmonics?: true
    Max angular momentum: 1

  ==> Integral Setup <==

  Using in-core PK algorithm.
   Calculation information:
      Number of atoms:                   2
      Number of AO shells:               6
      Number of primitives:             10
      Number of atomic orbitals:        10
      Number of basis functions:        10

      Integral cutoff                 1.00e-12
      Number of threads:                 1

  Performing in-core PK
  Using 3080 doubles for integral storage.
  We computed 231 shell quartets total.
  Whereas there are 231 unique shell quartets.

  ==> DiskJK: Disk-Based J/K Matrices <==

    J tasked:                  Yes
    K tasked:                  Yes
    wK tasked:                  No
    Memory [MiB]:              357
    Schwarz Cutoff:          1E-12

    OpenMP threads:              1

  Minimum eigenvalue in the overlap matrix is 5.0458344322E-02.
  Reciprocal condition number of the overlap matrix is 1.6312711096E-02.
    Using symmetric orthogonalization.

  ==> Pre-Iterations <==

  SCF Guess: Core (One-Electron) Hamiltonian.

   -------------------------------------------------------
    Irrep   Nso     Nmo     Nalpha   Nbeta   Ndocc  Nsocc
   -------------------------------------------------------
     A         10      10       1       1       1       0
   -------------------------------------------------------
    Total      10      10       1       1       1       0
   -------------------------------------------------------

  ==> Iterations <==

                        Total Energy        Delta E     RMS |[F,P]|

   @RHF iter   1:    -1.07472678091555   -1.07473e+00   2.24620e-02 ADIIS/DIIS
   @RHF iter   2:    -1.12663735068045   -5.19106e-02   4.12334e-03 ADIIS/DIIS
   @RHF iter   3:    -1.12852117264844   -1.88382e-03   2.18819e-04 ADIIS/DIIS
   @RHF iter   4:    -1.12852414642088   -2.97377e-06   1.53225e-05 DIIS
   @RHF iter   5:    -1.12852417303892   -2.66180e-08   3.34736e-08 DIIS
   @RHF iter   6:    -1.12852417303905   -1.27232e-13   3.34503e-11 DIIS
   @RHF iter   7:    -1.12852417303905   -1.33227e-15   2.17972e-14 DIIS
  Energy and wave function converged.


  ==> Post-Iterations <==

    Orbital Energies [Eh]
    ---------------------

    Doubly Occupied:                                                      

       1A     -0.584709  

    Virtual:                                                              

       2A      0.192424     3A      0.485530     4A      0.919218  
       5A      1.290216     6A      1.290216     7A      1.931618  
       8A      2.025930     9A      2.025930    10A      3.461481  

    Final Occupation by Irrep:
              A 
    DOCC [     1 ]
    NA   [     1 ]
    NB   [     1 ]

  @RHF Final Energy:    -1.12852417303905

   => Energetics <=

    Nuclear Repulsion Energy =              0.6909279797956484
    One-Electron Energy =                  -2.4694870827305895
    Two-Electron Energy =                   0.6500349298958891
    Total Energy =                         -1.1285241730390521

Computation Completed


Properties will be evaluated at   0.000000,   0.000000,   0.000000 [a0]

Properties computed using the SCF density matrix


 Multipole Moments:

 ------------------------------------------------------------------------------------
     Multipole            Electronic (a.u.)      Nuclear  (a.u.)        Total (a.u.)
 ------------------------------------------------------------------------------------

 L = 1.  Multiply by 2.5417464519 to convert [e a0] to [Debye]
 Dipole X            :         -0.0000000            0.0000000           -0.0000000
 Dipole Y            :          0.0000000            0.0000000            0.0000000
 Dipole Z            :         -0.0000000            0.0000000           -0.0000000
 Magnitude           :                                                    0.0000000

 ------------------------------------------------------------------------------------

*** tstop() called on [LOCAL_HOST]
Module time:
	user time   =        nan seconds =        nan minutes
	system time =        nan seconds =        nan minutes
	total time  =          0 seconds =       0.00 minutes
Total time:
	user time   =        nan seconds =        nan minutes
	system time =        nan seconds =        nan minutes
	total time  =         60 seconds =       1.00 minutes
 MINTS: Wrapper to libmints.
   by Justin Turney

   Calculation information:
      Number of threads:                 1
      Number of atoms:                   2
      Number of AO shells:               6
      Number of SO shells:               6
      Number of primitives:             10
      Number of atomic orbitals:        10
      Number of basis functions:        10

      Number of irreps:                  1
      Integral cutoff                 1.00e-12
      Number of functions per irrep: [  10 ]

 OEINTS: Overlap, kinetic, potential, dipole, and quadrupole integrals
         stored in file 35.

      Computing two-electron integrals...done
      Computed 512 non-zero two-electron integrals.
        Stored in file 33.


         ---------------------------------------------------------
                          Configuration Interaction
                            (a 'D E T C I' module)

                 C. David Sherrill, Daniel G. A. Smith, and
                              Matt L. Leininger
         ---------------------------------------------------------


   ==> Parameters <==

    EX LEVEL       =        2      H0 BLOCKSIZE  =     1000
    VAL EX LEVEL   =        0      H0 GUESS SIZE =     1000
    H0COUPLINGSIZE =        0      H0 COUPLING   =       NO
    MAXITER        =      100      NUM PRINT     =       20
    NUM ROOTS      =        1      ICORE         =        1
    PRINT LVL      =        1      FCI           =      YES
    R CONV         = 1.00e-10      MIXED         =      YES
    E CONV         = 1.00e-12      MIXED4        =      YES
    R4S            =       NO      REPL OTF      =       NO
    DIAG METHOD    =      SEM      FOLLOW ROOT   =        0
    PRECONDITIONER = DAVIDSON      UPDATE        = DAVIDSON
    S              =   0.0000      Ms0           =      YES
    GUESS VECTOR   =  H0BLOCK      OPENTYPE      =     NONE
    COLLAPSE SIZE  =        1      HD AVG        = EVANGELISTI
    MAX NUM VECS   =      101      REF SYM       =     AUTO
    IOPEN        =       NO

    EX ALLOW       =  1  1 
    STATE AVERAGE  =  0(1.00) 

   ==> CI Orbital and Space information <==

   ------------------------------------
               Space    Total     A
   ------------------------------------
                 Nso       10    10
                 Nmo       10    10
               Ndocc        1     1
               Nsocc        0     0
   ------------------------------------
              CI Spaces
   ------------------------------------
        Dropped DOCC        0     0
              Active       10    10
        Dropped UOCC        0     0
   ------------------------------------

   ==> Setting up CI strings <==

    There are 10 alpha and 10 beta strings
    The CI space requires 100 (1.00E+02) determinants and 1 blocks

   ==> Transforming CI integrals <==

	Presorting SO-basis two-electron integrals.
	Sorting File: SO Ints (nn|nn) nbuckets = 1
	Constructing frozen core operators
	Starting first half-transformation.
	Sorting half-transformed integrals.
	First half integral transformation complete.
	Starting second half-transformation.
	Two-electron integral transformation complete.

   ==> Starting CI iterations <==

    H0 Block Eigenvalue =  -1.13160313

    Simultaneous Expansion Method (Block Davidson Method)
    Using 1 initial trial vectors

     Iter   Root       Total Energy       Delta E      C RMS

   @CI  0:     0     -1.131603131172   -1.8225E+00   2.8743E-01  
   @CI  1:     0     -1.163063502445   -3.1460E-02   4.2047E-02  
   @CI  2:     0     -1.163642301565   -5.7880E-04   5.5179E-03  
   @CI  3:     0     -1.163656555580   -1.4254E-05   8.7704E-04  
   @CI  4:     0     -1.163656801223   -2.4564E-07   5.4006E-05  
   @CI  5:     0     -1.163656802586   -1.3629E-09   6.3528E-06  
   @CI  6:     0     -1.163656802603   -1.7198E-11   7.0432E-07  
   @CI  7:     0     -1.163656802603   -2.2693E-13   8.6519E-08  
    Warning: Norm of correction (root 0) is < 1.0E-13
   @CI  8:     0     -1.163656802603   -3.7748E-15   4.6071E-09  
    Warning: Norm of correction (root 0) is < 1.0E-13
   @CI  9:     0     -1.163656802603   0.0000E+00   2.0539E-10  
    Warning: Norm of correction (root 0) is < 1.0E-13
   @CI 10:     0     -1.163656802603   6.6613E-16   8.3972E-12 c

   ==> Energetics <==

    SCF energy =           -1.128524173039052
    Total CI energy =      -1.163656802603259

   ==> FCI root 0 information <==

    FCI Root 0 energy =    -1.163656802603259

   The 20 most important determinants:

    *   1   -0.991126  (    0,    0)  1AX 
    *   2    0.057035  (    1,    1)  2AX 
    *   3    0.053018  (    3,    3)  4AX 
    *   4    0.050351  (    2,    2)  3AX 
    *   5    0.048641  (    1,    3)  2AA 4AB 
    *   6    0.048641  (    3,    1)  2AB 4AA 
    *   7    0.039269  (    4,    4)  5AX 
    *   8    0.039269  (    5,    5)  6AX 
    *   9    0.015116  (    6,    6)  7AX 
    *  10   -0.014108  (    2,    6)  3AA 7AB 
    *  11   -0.014108  (    6,    2)  3AB 7AA 
    *  12    0.010484  (    3,    9)  4AA 10AB 
    *  13    0.010484  (    9,    3)  4AB 10AA 
    *  14    0.008881  (    8,    8)  9AX 
    *  15    0.008881  (    7,    7)  8AX 
    *  16    0.006630  (    9,    9)  10AX 
    *  17   -0.006581  (    0,    2)  1AA 3AB 
    *  18   -0.006581  (    2,    0)  1AB 3AA 
    *  19    0.006360  (    1,    9)  2AA 10AB 
    *  20    0.006360  (    9,    1)  2AB 10AA 

		 "A good bug is a dead bug" 

			 - Starship Troopers

		 "I didn't write FORTRAN.  That's the problem."

			 - Edward Valeev
