22
 energy: -33.231422554181 gnorm: 0.067324370558 xtb: 6.7.1 (edcfbbe)
C            3.39190300000000        0.57289700000000        0.17845400000000
C            3.14281800000000       -0.79535000000000        0.10152200000000
C            1.83142200000000       -1.27773200000000        0.01997100000000
C            0.75529400000000       -0.36592800000000        0.01598500000000
C            1.03823400000000        0.99713100000000        0.09417100000000
C            2.34327100000000        1.49750300000000        0.17630800000000
N           -0.16632900000000        1.65995700000000        0.07248400000000
C           -1.21591400000000        0.77610600000000       -0.01673700000000
C           -2.59485700000000        1.01330700000000       -0.06666000000000
C           -3.43959600000000       -0.09694700000000       -0.15767300000000
C           -2.92382700000000       -1.39020000000000       -0.19697000000000
C           -1.54221800000000       -1.60852400000000       -0.14601500000000
C           -0.66797800000000       -0.50548300000000       -0.05403900000000
H            4.41785700000000        0.92858700000000        0.24121300000000
H            3.97301000000000       -1.49724600000000        0.10467900000000
H            1.64577000000000       -2.34582100000000       -0.03968100000000
H            2.54142500000000        2.56258100000000        0.23638300000000
H           -0.26681700000000        2.66282900000000        0.11628700000000
H           -3.00051600000000        2.01918200000000       -0.03629600000000
H           -4.51617300000000        0.05258800000000       -0.19836700000000
H           -3.59856900000000       -2.23966200000000       -0.26786400000000
H           -1.14821000000000       -2.61977400000000       -0.17715700000000
22
 energy: -33.235313684113 gnorm: 0.019695678817 xtb: 6.7.1 (edcfbbe)
C            3.36126337434106        0.57368224964873        0.17624895461478
C            3.11488764776044       -0.79531497074654        0.10045781870793
C            1.82258419594831       -1.28574493620702        0.02042633515307
C            0.75838500432461       -0.38275100814394        0.01597180275674
C            1.02800032062747        0.99886251904611        0.09374470469153
C            2.32491139073769        1.49286983152015        0.17449241660036
N           -0.16787030766202        1.67529155896016        0.07349290496989
C           -1.20620911015917        0.77977087782622       -0.01629980149013
C           -2.57586036833274        1.01229881951502       -0.06592523151345
C           -3.40964470760944       -0.09032858587461       -0.15593834136116
C           -2.89645460071150       -1.38477636352476       -0.19520548739040
C           -1.53202928606230       -1.61468125278083       -0.14618667520341
C           -0.66772983708855       -0.52256739187309       -0.05466353048038
H            4.38235491226005        0.92813307195173        0.23922011860427
H            3.94555623773520       -1.48847480857214        0.10394122726083
H            1.64233446703652       -2.34989743319326       -0.03940981722388
H            2.52308320951897        2.55332984041587        0.23501132023476
H           -0.26817451604421        2.67644271508816        0.11729159016482
H           -2.98061543727783        2.01367580062200       -0.03537886428026
H           -4.48124556415255        0.05896545448445       -0.19659693319232
H           -3.57346251304028       -2.22565738720698       -0.26660868180010
H           -1.14406451214973       -2.62312760095545       -0.17808782982351
22
 energy: -33.235619870429 gnorm: 0.003222754314 xtb: 6.7.1 (edcfbbe)
C            3.35150708769795        0.57345714345344        0.17572621819713
C            3.10587129692532       -0.79646740493612        0.10041848632409
C            1.81833172319334       -1.28834768822223        0.02030238093611
C            0.75976218108177       -0.38789398464050        0.01586067835082
C            1.02290885439103        1.00074568067239        0.09369057062043
C            2.31799988952412        1.49056811548649        0.17388554701848
N           -0.16851871459739        1.68172128428061        0.07387732877219
C           -1.20160815690451        0.78258585381146       -0.01590122787972
C           -2.56865085161743        1.01134938466555       -0.06520755551431
C           -3.40004147874549       -0.08869173319352       -0.15520417576536
C           -2.88738856279090       -1.38412940716058       -0.19505820097543
C           -1.52730250543288       -1.61638883734710       -0.14676280470799
C           -0.66806514470811       -0.52786363885062       -0.05502347801455
H            4.37128427038555        0.92556702790199        0.23772881721526
H            3.93885665673205       -1.48446145285660        0.10448231945218
H            1.63670703967875       -2.35111828078754       -0.03843074156664
H            2.51432047529317        2.55041198380493        0.23375489418760
H           -0.26865816100116        2.68141658179155        0.11765264550526
H           -2.97140933582279        2.01246865570352       -0.03460327930491
H           -4.46986464182282        0.05853533157540       -0.19568358335502
H           -3.56776621932221       -2.22033107365494       -0.26650429838181
H           -1.13827570213735       -2.62313254149762       -0.17900254111380
22
 energy: -33.235630242951 gnorm: 0.001264433007 xtb: 6.7.1 (edcfbbe)
C            3.35165846193359        0.57305091602658        0.17538403997698
C            3.10598298809043       -0.79710151436105        0.10065592577103
C            1.81779128257354       -1.28851440620989        0.02075222318917
C            0.75999046288075       -0.38761254868130        0.01594638370201
C            1.02219625622008        1.00169045570251        0.09364708983957
C            2.31791813706703        1.49019509413517        0.17354116504123
N           -0.16862077989450        1.68269097668050        0.07397966111496
C           -1.20110469893204        0.78364496379985       -0.01579384056690
C           -2.56850142425561        1.01097878389068       -0.06499004409877
C           -3.40009778238146       -0.08914383499033       -0.15507348351619
C           -2.88737391649475       -1.38475505632489       -0.19527731117782
C           -1.52674269759596       -1.61641142303019       -0.14710882758296
C           -0.66835108884208       -0.52762096214466       -0.05513067232527
H            4.37162556214562        0.92408971742661        0.23732337397774
H            3.94009107636237       -1.48373741917862        0.10510090392140
H            1.63457646186849       -2.35117438183652       -0.03785964552014
H            2.51354486737978        2.55044305461023        0.23325727978135
H           -0.26872806686600        2.68219913147219        0.11777838252012
H           -2.97065631203589        2.01261509461971       -0.03411005109361
H           -4.46990270761745        0.05698602865321       -0.19539142248228
H           -3.56913591346290       -2.21980745146321       -0.26698231925873
H           -1.13616016814304       -2.62270421879659       -0.17965081121288
22
 energy: -33.235632246776 gnorm: 0.000699856472 xtb: 6.7.1 (edcfbbe)
C            3.35204961392372        0.57233816335283        0.17511330855353
C            3.10607583706206       -0.79796419209231        0.10108515899070
C            1.81708533820729       -1.28839225739218        0.02126775936633
C            0.76016420548459       -0.38662995593505        0.01601817688382
C            1.02179207506976        1.00288164945179        0.09363078210350
C            2.31842167984263        1.48981252226748        0.17306269764973
N           -0.16870540959641        1.68346982411228        0.07411280662938
C           -1.20095867244270        0.78488376131683       -0.01557539135079
C           -2.56892599358858        1.01046805122924       -0.06454836920451
C           -3.40033341947470       -0.08994697236796       -0.15488226984721
C           -2.88729224773057       -1.38558308120217       -0.19580795264488
C           -1.52607623921460       -1.61610728641099       -0.14764630374497
C           -0.66872383001781       -0.52668260090297       -0.05516954792466
H            4.37242336508962        0.92213036379374        0.23647078145168
H            3.94121312329458       -1.48337515108049        0.10611585308450
H            1.63170750396391       -2.35087699040206       -0.03672802786016
H            2.51366574311312        2.55051078519175        0.23228930201917
H           -0.26878631169698        2.68296820592221        0.11792133259195
H           -2.97078234046997        2.01258441676112       -0.03325139037523
H           -4.47027651360968        0.05484114919697       -0.19492129809255
H           -3.57032517489509       -2.21958202948505       -0.26790685677678
H           -1.13341233231418       -2.62174737532501       -0.18065255150258
22
 energy: -33.235632759214 gnorm: 0.000140666526 xtb: 6.7.1 (edcfbbe)
C            3.35185254271183        0.57237418165143        0.17499815137179
C            3.10581336463996       -0.79790943074118        0.10110226313867
C            1.81705527335427       -1.28837456398808        0.02137181824357
C            0.76007540303439       -0.38659607893456        0.01607322126355
C            1.02197428900083        1.00274500272175        0.09360659528790
C            2.31846194735293        1.48993758112437        0.17296888865861
N           -0.16869376945973        1.68334415100318        0.07413128452754
C           -1.20110917444035        0.78471115002856       -0.01553395504612
C           -2.56898473351859        1.01057423769261       -0.06448436229840
C           -3.40014289846918       -0.08987622561034       -0.15486862507264
C           -2.88704728732229       -1.38547591820539       -0.19581982896729
C           -1.52605593659593       -1.61607842564692       -0.14766584366805
C           -0.66864572030970       -0.52663283723371       -0.05511721724378
H            4.37219075371421        0.92237974718785        0.23646813033099
H            3.94059380091993       -1.48372379121903        0.10614848127826
H            1.63193747656008       -2.35084081706883       -0.03669344029303
H            2.51402825906010        2.55048320481997        0.23220641086452
H           -0.26877949802111        2.68290557180307        0.11792043878595
H           -2.97113141207225        2.01247456548385       -0.03315524255263
H           -4.47009778565588        0.05513249797312       -0.19493599147675
H           -3.56964527510009       -2.21979661148550       -0.26803722833190
H           -1.13364961938341       -2.62175619135624       -0.18068594880077
