16
 energy: -23.625105896754 gnorm: 0.051670286994 xtb: 6.7.1 (edcfbbe)
C           -2.10685400000000        0.65340100000000        0.19080900000000
C           -2.08040700000000       -0.72848800000000        0.01359600000000
C           -0.87053900000000       -1.41369100000000       -0.13542300000000
C            0.30864500000000       -0.66002400000000       -0.09976600000000
N            1.62193100000000       -1.05630400000000       -0.21730400000000
C            2.45442500000000        0.02743000000000       -0.12192600000000
C            1.67131200000000        1.14443700000000        0.06023900000000
C            0.31259900000000        0.72402600000000        0.07616600000000
C           -0.91817300000000        1.39197500000000        0.22406000000000
H           -3.05906900000000        1.16546600000000        0.30463200000000
H           -3.01517800000000       -1.28403700000000       -0.00933900000000
H           -0.85394700000000       -2.48963900000000       -0.27319400000000
H            1.92102100000000       -2.01163300000000       -0.35416300000000
H            3.52737800000000       -0.08928200000000       -0.19160400000000
H            2.03355400000000        2.15789900000000        0.17070300000000
H           -0.94669700000000        2.46846400000000        0.36251300000000
16
 energy: -23.627444902577 gnorm: 0.016830368534 xtb: 6.7.1 (edcfbbe)
C           -2.08207501703032        0.65557773416257        0.19019708911678
C           -2.05837530696366       -0.72848684620276        0.01265868456713
C           -0.86689440172551       -1.41481647132503       -0.13584674901709
C            0.30596302181207       -0.66925294050212       -0.10139721849491
N            1.61053675540010       -1.06601241169443       -0.21871874147262
C            2.42562846622597        0.02906363372752       -0.12000709764458
C            1.66303525105303        1.14733241698831        0.06123696485993
C            0.30476064330996        0.72962954431998        0.07695212041182
C           -0.91546203903421        1.39552496872384        0.22390720252744
H           -3.03143891857618        1.16163511255576        0.30309316100534
H           -2.99016868922825       -1.27839552350757       -0.00948381095535
H           -0.85320145749655       -2.48651255560078       -0.27275152827993
H            1.91630387091559       -2.01617300576248       -0.35461323206534
H            3.49152692084737       -0.07987886591607       -0.18787768630374
H            2.02633432488969        2.15306432778149        0.17083938218349
H           -0.94647242439908        2.46770088225178        0.36181045956163
16
 energy: -23.627623332935 gnorm: 0.003809601328 xtb: 6.7.1 (edcfbbe)
C           -2.07672513462019        0.65718312712318        0.19018721771200
C           -2.05428479000411       -0.72876972611908        0.01260309791347
C           -0.86710142106148       -1.41403505323018       -0.13599790469525
C            0.30735683167693       -0.67344841158432       -0.10266788545315
N            1.60883324351394       -1.06955714149782       -0.21969816687911
C            2.41775785648321        0.02882998009618       -0.11959187320451
C            1.66280042354165        1.14714991575093        0.06130160973780
C            0.30243349045175        0.73162623860318        0.07689223348594
C           -0.91550762941703        1.39622955181249        0.22363799206548
H           -3.02795378803391        1.15763960222778        0.30278613128520
H           -2.98713210203484       -1.27386634145666       -0.00832139695260
H           -0.85309606867755       -2.48496002705436       -0.27273077678332
H            1.91869612699767       -2.01691103062601       -0.35451435397712
H            3.48337526068658       -0.07469653425926       -0.18622086855028
H            2.02501976103134        2.15027236854329        0.17110552633738
H           -0.94447106053395        2.46731348167067        0.36122841795807
16
 energy: -23.627637218152 gnorm: 0.001407798825 xtb: 6.7.1 (edcfbbe)
C           -2.07727573113883        0.65782088274487        0.19038175841702
C           -2.05504694331828       -0.72884249072651        0.01273120445470
C           -0.86781602440626       -1.41350605723557       -0.13603455971977
C            0.30832775363846       -0.67457370450843       -0.10313901867008
N            1.60929390865170       -1.07028955920120       -0.22012738241810
C            2.41757067536254        0.02817481589990       -0.11958462771731
C            1.66359573456527        1.14671210044469        0.06122008332509
C            0.30222020395367        0.73168954383810        0.07672473920154
C           -0.91572251982945        1.39617265449558        0.22352105472257
H           -3.02993452469827        1.15588109774151        0.30285116681116
H           -2.98890365601560       -1.27200272894612       -0.00767431592025
H           -0.85314726220850       -2.48476642511266       -0.27291364308427
H            1.92098168112332       -2.01694280485404       -0.35436811508960
H            3.48398735960060       -0.07305128572820       -0.18579006511185
H            2.02466036455629        2.15007064514483        0.17123753269270
H           -0.94279001983665        2.46745331600325        0.36096318810644
16
 energy: -23.627639916037 gnorm: 0.000804738004 xtb: 6.7.1 (edcfbbe)
C           -2.07812167498606        0.65849155166079        0.19054952768673
C           -2.05599886419183       -0.72875214530105        0.01282521284568
C           -0.86865376837473       -1.41306672660931       -0.13610266028550
C            0.30895281829388       -0.67546317706402       -0.10351093251130
N            1.60963577045596       -1.07071963879306       -0.22050814893742
C            2.41806626162635        0.02736727805991       -0.11970557893393
C            1.66407881595081        1.14610196181299        0.06116384579530
C            0.30211800281390        0.73108502694168        0.07650044121208
C           -0.91574940012365        1.39586515900595        0.22340820628751
H           -3.03191744772575        1.15466362630974        0.30300321606215
H           -2.99082099316313       -1.27028888728700       -0.00710623181466
H           -0.85331594340209       -2.48480635273424       -0.27317549830326
H            1.92362418450470       -2.01684422966197       -0.35392207168058
H            3.48521171195568       -0.07142111434477       -0.18562661047580
H            2.02347164406608        2.15027376963086        0.17147027406124
H           -0.94058011770014        2.46751389837350        0.36073600899177
16
 energy: -23.627640516430 gnorm: 0.000185823229 xtb: 6.7.1 (edcfbbe)
C           -2.07785603525182        0.65842222146900        0.19055159797243
C           -2.05570959341494       -0.72869984367190        0.01280549153729
C           -0.86855325625216       -1.41326025033728       -0.13610805158489
C            0.30865873791217       -0.67530200316337       -0.10340418252654
N            1.60940965032305       -1.07060692945327       -0.22049400428874
C            2.41798270821946        0.02747365143806       -0.11969299842558
C            1.66378205838597        1.14614890416245        0.06115365377254
C            0.30214013188251        0.73092115063507        0.07654401282884
C           -0.91564711168222        1.39587168920414        0.22347459312604
H           -3.03126858371139        1.15516697444393        0.30298194905373
H           -2.99031676775766       -1.27062356384660       -0.00730638130566
H           -0.85342709554040       -2.48488869128024       -0.27316552492851
H            1.92347047739736       -2.01675479878836       -0.35384643683602
H            3.48487030026490       -0.07162454832836       -0.18569493864869
H            2.02321967002169        2.15029826276100        0.17138837220753
H           -0.94075429079653        2.46745777475573        0.36081184804621
