30
 energy: -45.754592719235 gnorm: 0.060432203519 xtb: 6.7.1 (edcfbbe)
C           -5.25793600000000        1.40986800000000        0.22708100000000
O           -4.90983600000000        0.06918800000000       -0.09384800000000
C           -3.57319000000000       -0.22831300000000       -0.13952700000000
C           -3.28821000000000       -1.55659000000000       -0.46346000000000
C           -1.97341600000000       -2.02673300000000       -0.55278300000000
C           -0.94815200000000       -1.11011300000000       -0.30488800000000
N            0.41706700000000       -1.27762200000000       -0.31724200000000
C            1.06489600000000       -0.09930600000000       -0.01624100000000
C            0.07321900000000        0.84076300000000        0.20782100000000
C           -1.19305500000000        0.21988200000000        0.02276800000000
C           -2.52805100000000        0.67025300000000        0.10667400000000
C            2.52221200000000        0.01556400000000        0.05299600000000
C            3.34752400000000       -0.69021100000000       -0.83376100000000
C            4.73849800000000       -0.57503000000000       -0.75774500000000
C            5.31960200000000        0.24751000000000        0.20465600000000
C            4.51135200000000        0.95811400000000        1.08882900000000
C            3.12074800000000        0.84417600000000        1.01157700000000
H           -4.87353200000000        2.10843300000000       -0.52347300000000
H           -4.91351800000000        1.67775900000000        1.23141200000000
H           -6.34980500000000        1.48231600000000        0.21999400000000
H           -4.10972400000000       -2.24492000000000       -0.65148600000000
H           -1.76825600000000       -3.06145900000000       -0.80516700000000
H            0.88000300000000       -2.15560100000000       -0.50101400000000
H            0.24038400000000        1.87780900000000        0.46803400000000
H           -2.70623000000000        1.70733000000000        0.36193700000000
H            2.91980200000000       -1.32053900000000       -1.60888800000000
H            5.36727300000000       -1.12276100000000       -1.45492500000000
H            6.40111900000000        0.33798600000000        0.26317200000000
H            4.96101300000000        1.60154600000000        1.84052900000000
H            2.50819700000000        1.40070000000000        1.71696800000000
30
 energy: -45.758470647701 gnorm: 0.021528771970 xtb: 6.7.1 (edcfbbe)
C           -5.24810073547678        1.41119709899870        0.22760744921746
O           -4.88042789105140        0.08266075505206       -0.08999368341440
C           -3.54253667443964       -0.21869070930468       -0.13676155709023
C           -3.25726019692300       -1.55462221188875       -0.46193591948909
C           -1.96037743554782       -2.02444760907428       -0.55138661545961
C           -0.93351267581381       -1.11909226113553       -0.30724585993719
N            0.42570854273706       -1.28760355065118       -0.33081112429607
C            1.05173027727424       -0.10445076611128       -0.00794141324188
C            0.07472178877180        0.84298869555424        0.21721764021147
C           -1.18865867557192        0.22435767024190        0.02687903163947
C           -2.51414417106766        0.67849177496950        0.10877075010192
C            2.50690258550123        0.01432187517537        0.05557025562978
C            3.33209130220053       -0.69104041916784       -0.82441233077645
C            4.71224249000052       -0.57232270709481       -0.75240606823636
C            5.29385223197517        0.24751728785429        0.20179116757569
C            4.48760025845325        0.95638452358460        1.07885263339131
C            3.10745159699580        0.84361999107147        1.00530310118022
H           -4.85912345081320        2.11389007992304       -0.51491834401549
H           -4.89883303007685        1.68676527348386        1.22686350083687
H           -6.33995418646670        1.44469285883451        0.21103920527793
H           -4.08326333684700       -2.22848353096651       -0.64694878321032
H           -1.76315391090141       -3.05507743595511       -0.80530912441832
H            0.89416423031508       -2.15920020489825       -0.51807774081083
H            0.24332232554922        1.87515526452699        0.46758462544559
H           -2.70139712932022        1.71058633934664        0.36348319134584
H            2.90238089379837       -1.32156017420070       -1.59141007770370
H            5.33733684036852       -1.12012226555972       -1.44530575856609
H            6.37122053543813        0.33491047980584        0.26091798852381
H            4.93624047295061        1.59531848136908        1.82789036472907
H            2.49377512798789        1.39385439621655        1.70509349555962
30
 energy: -45.759143054378 gnorm: 0.004206287659 xtb: 6.7.1 (edcfbbe)
C           -5.23628138379282        1.41090839730774        0.22766257376292
O           -4.86195415354364        0.08877590432775       -0.08804761777415
C           -3.52315012010938       -0.21463439894170       -0.13456194927636
C           -3.24099778895575       -1.55501089142606       -0.46316837954871
C           -1.95200096526623       -2.02222153577081       -0.55632252969281
C           -0.92113006663856       -1.12360917065581       -0.31374439209454
N            0.43361017600990       -1.29112596011399       -0.34195992131102
C            1.04569765532574       -0.10717981881826       -0.00561097285207
C            0.07842246111488        0.84188290105372        0.22642870507282
C           -1.18280995164089        0.22461868291214        0.02928290807973
C           -2.50285749752044        0.68100812287860        0.11274679302970
C            2.49669350066697        0.01395619525426        0.05666396942248
C            3.31951667299641       -0.69643648102559       -0.81829558835095
C            4.69461571707938       -0.57561148735806       -0.74837777580035
C            5.27680431334488        0.24814802840877        0.20024740036759
C            4.47058924544208        0.95968028384884        1.07353650203113
C            3.09525842378810        0.84737508647194        1.00164632411899
H           -4.84988119688099        2.12064830433178       -0.51020646979261
H           -4.88976109623388        1.69528204558347        1.22594289359968
H           -6.32590073718933        1.42118813278056        0.20533660380387
H           -4.07494911301741       -2.21555188988783       -0.64329870525695
H           -1.75707608537096       -3.05220775943664       -0.81006495935369
H            0.90732224318062       -2.15842239065677       -0.52797380957443
H            0.24819569411449        1.86931114145829        0.48051592145860
H           -2.69396808248159        1.71095899447587        0.36820263546430
H            2.88392297861558       -1.33007632797400       -1.57729015997946
H            5.31700056507710       -1.12535779858995       -1.43928502869997
H            6.35179996954944        0.33614901958093        0.25777593400806
H            4.91797623531985        1.60142921426520        1.81827074824584
H            2.47529038701639        1.39612445571565        1.69394834689235
30
 energy: -45.759212926826 gnorm: 0.002529551232 xtb: 6.7.1 (edcfbbe)
C           -5.23294420470684        1.41054690291630        0.22799121194474
O           -4.85866805112116        0.08964344832619       -0.08755209590634
C           -3.51970512908063       -0.21432674786880       -0.13418493140384
C           -3.23970465988314       -1.55526515437927       -0.46530133683142
C           -1.95078848722539       -2.02180350578764       -0.56126386499135
C           -0.91813368297461       -1.12462662825232       -0.31775067691643
N            0.43576674441484       -1.29101912557347       -0.34735168209510
C            1.04589666692466       -0.10907099493929       -0.00455604944477
C            0.08009293417855        0.83947197914998        0.23159649303713
C           -1.18062966195711        0.22272005974031        0.03078730926814
C           -2.49971426705539        0.68042829060420        0.11577298553675
C            2.49512085235348        0.01269788174472        0.05816300145598
C            3.31658783700378       -0.70224857392748       -0.81430690985924
C            4.69147168304100       -0.57950301097333       -0.74568537082279
C            5.27296679806981        0.24998779878036        0.19917622135092
C            4.46673634406150        0.96564017579055        1.07004662576364
C            3.09164149385469        0.85197207506815        0.99947695666729
H           -4.84715640313540        2.12233042056670       -0.50896781520635
H           -4.88744072602452        1.69709665506201        1.22651919901972
H           -6.32155879029041        1.41874122483126        0.20494731216053
H           -4.07762156785629       -2.21064217064698       -0.64422770829962
H           -1.75476227475241       -3.05157168516019       -0.81783114889640
H            0.91180573467677       -2.15711334528332       -0.53258227628447
H            0.25022944972932        1.86551349129322        0.49097553058539
H           -2.69009031242045        1.70986210123171        0.37412343615772
H            2.87763594042453       -1.33872212816878       -1.56931390193650
H            5.31367895074825       -1.13246312030093       -1.43439669632775
H            6.34763774762142        0.33889477803251        0.25593462102524
H            4.91392750129975        1.61084437865944        1.81214834673786
H            2.46771954008140        1.40198352946420        1.68761321451133
30
 energy: -45.759268619310 gnorm: 0.002027523220 xtb: 6.7.1 (edcfbbe)
C           -5.22993581309735        1.41027100777595        0.22884397775971
O           -4.85667046572911        0.09003527514850       -0.08602418048549
C           -3.51764296009698       -0.21455639330534       -0.13295552626860
C           -3.24000566298419       -1.55500822321002       -0.46943388829226
C           -1.95087966031135       -2.02092777294888       -0.57013302816872
C           -0.91658902729158       -1.12536098388424       -0.32388949743420
N            0.43687204481239       -1.29036528487308       -0.35569319445320
C            1.04681816439521       -0.11205990600459       -0.00310580492450
C            0.08127494480054        0.83511720702880        0.23980103587499
C           -1.17897964953139        0.21938195732195        0.03376550496742
C           -2.49727273924653        0.67877721639279        0.12145699700459
C            2.49453790514451        0.01086063762192        0.05985221954600
C            3.31524631568525       -0.71160491276262       -0.80758084114676
C            4.69022055645579       -0.58647998680798       -0.74001371523878
C            5.26991471455546        0.25256925740350        0.19823667531812
C            4.46361527232513        0.97544475945617        1.06398930026651
C            3.08851631038462        0.85965466998471        0.99486978121735
H           -4.84378699950781        2.12301420566680       -0.50781916600530
H           -4.88506017527951        1.69865279323143        1.22762708031997
H           -6.31790995183715        1.41952528877462        0.20547950744307
H           -4.08211908314981       -2.20491229508600       -0.64773890875152
H           -1.75309224593092       -3.04989437339645       -0.83187814290312
H            0.91575192949544       -2.15522224003499       -0.54009327249229
H            0.25151933906465        1.85932565501848        0.50759036458471
H           -2.68574324330835        1.70739277734473        0.38497169462711
H            2.87318069109885       -1.35360637460178       -1.55642675471740
H            5.31308996927112       -1.14472788694152       -1.42431842409071
H            6.34443413447085        0.34381021268813        0.25357676654934
H            4.91064263179186        1.62791043827674        1.80035570074068
H            2.46005075355035        1.41298227472229        1.67668773915328
30
 energy: -45.759306037220 gnorm: 0.002183478190 xtb: 6.7.1 (edcfbbe)
C           -5.22847538817509        1.41047566344320        0.23002225753130
O           -4.85649332924112        0.08996210679345       -0.08362563275312
C           -3.51749230767092       -0.21493673405577       -0.13128796442294
C           -3.24090219396263       -1.55422319769536       -0.47340421841147
C           -1.95190211814102       -2.01989463017626       -0.57811792686966
C           -0.91700548958565       -1.12550528409917       -0.32875030859216
N            0.43643552505669       -1.28977638024155       -0.36309177317776
C            1.04736553955088       -0.11450978670186       -0.00223805368919
C            0.08132653960067        0.83124482093967        0.24677452419934
C           -1.17873273908571        0.21670866406242        0.03696404252502
C           -2.49673620346607        0.67698622585818        0.12722997165800
C            2.49464379716320        0.00927701684463        0.06061835386514
C            3.31607601642851       -0.71967112700665       -0.80116556268001
C            4.69105059953169       -0.59276953454390       -0.73389832573612
C            5.26898167807931        0.25484796247575        0.19780974886412
C            4.46215641416465        0.98433274125475        1.05770793138711
C            3.08714817931669        0.86638015849951        0.98947516143232
H           -4.84123317514833        2.12240229212399       -0.50716375004940
H           -4.88377082624632        1.69977676621392        1.22879123287597
H           -6.31649816614911        1.42200052668230        0.20645203402167
H           -4.08479021979386       -2.20148161723921       -0.65263058951763
H           -1.75330295497408       -3.04765769822255       -0.84500963974590
H            0.91686896661473       -2.15394123694705       -0.54739670382655
H            0.25132560127361        1.85394275879599        0.52105960700177
H           -2.68365234251592        1.70465442952046        0.39561143078438
H            2.87370439078137       -1.36731892603093       -1.54494310778896
H            5.31503998983159       -1.15611288386893       -1.41321110802360
H            6.34350987646809        0.34772933245266        0.25270036870025
H            4.90883424093524        1.64337140455439        1.78865438057100
H            2.45651809935891        1.42370516631394        1.66606361986709
30
 energy: -45.759350562898 gnorm: 0.002035143067 xtb: 6.7.1 (edcfbbe)
C           -5.22774501009518        1.41111532570199        0.23193220401796
O           -4.85736800999986        0.08949554592853       -0.07938863413675
C           -3.51845467074006       -0.21548232219449       -0.12863241561282
C           -3.24214661744195       -1.55288971043310       -0.47797518094592
C           -1.95349321500230       -2.01838751906495       -0.58717697048181
C           -0.91850447809736       -1.12517807703597       -0.33375429481763
N            0.43509284362759       -1.28903378591666       -0.37161902717988
C            1.04761715620497       -0.11678099063573       -0.00227686836560
C            0.08079785007870        0.82719672313164        0.25379967336620
C           -1.17925287736893        0.21422003408500        0.04088031280156
C           -2.49727974412634        0.67470308274255        0.13446350596646
C            2.49493472259158        0.00776725268996        0.06035043273004
C            3.31850856291039       -0.72851275921146       -0.79358512443005
C            4.69336826496733       -0.60013137620808       -0.72572863391793
C            5.26931595113692        0.25699807062753        0.19819931963728
C            4.46111693365958        0.99418097844720        1.05003778281962
C            3.08632427515334        0.87402155904437        0.98179371376678
H           -4.83871395827217        2.12068508690699       -0.50655388394656
H           -4.88320653978829        1.70134317626092        1.23042442708995
H           -6.31615297741711        1.42552436484297        0.20790209354732
H           -4.08631515543534       -2.19917067250759       -0.65952031975536
H           -1.75490885961113       -3.04446334961791       -0.86012631440524
H            0.91617205289571       -2.15279769022667       -0.55659999975209
H            0.25026137529122        1.84826742522347        0.53445442257987
H           -2.68287078831209        1.70108204588072        0.40847022519427
H            2.87826428256245       -1.38343562082665       -1.53202451392301
H            5.31899480531220       -1.16958749041128       -1.39845660098986
H            6.34387844406583        0.35145804656380        0.25332254290952
H            4.90687145047785        1.66087287701238        1.77460380216060
H            2.45489193077243        1.43691876920052        1.65278432407307
30
 energy: -45.759399216106 gnorm: 0.001827261765 xtb: 6.7.1 (edcfbbe)
C           -5.22718893955948        1.41220152451329        0.23515813400664
O           -4.85854441002483        0.08894601064985       -0.07309399051191
C           -3.51980560539689       -0.21605721291809       -0.12516129131854
C           -3.24339221026785       -1.55085171979702       -0.48418950559580
C           -1.95524626168640       -2.01614818514436       -0.59835931948351
C           -0.92027269696007       -1.12465759183511       -0.33927367192976
N            0.43342863699207       -1.28846501514691       -0.38130438601311
C            1.04755048001831       -0.11920372455597       -0.00316244954439
C            0.08026306756785        0.82273936431296        0.26117275855071
C           -1.18000375489797        0.21175174113890        0.04561917563198
C           -2.49817255262709        0.67174525182769        0.14364518761610
C            2.49496580645018        0.00595937542409        0.05933002579770
C            3.32187976658116       -0.73945296820073       -0.78372104894430
C            4.69647195230197       -0.60950988232310       -0.71454681188174
C            5.27029734332163        0.25947231465358        0.19929581763095
C            4.45962141840865        1.00627973889399        1.04009706948876
C            3.08522744452195        0.88350776689277        0.97109113285204
H           -4.83547108623806        2.11860870981393       -0.50469235750105
H           -4.88351349274068        1.70338621880120        1.23340135144983
H           -6.31596911176694        1.42918934981917        0.20971371062462
H           -4.08679367440572       -2.19710580248864       -0.66996211641512
H           -1.75769377146361       -3.04003375567549       -0.87893435222467
H            0.91400212413341       -2.15205224780897       -0.56840311453267
H            0.24909918322220        1.84191176770237        0.54859662908680
H           -2.68287323124915        1.69626153572137        0.42491240145169
H            2.88589541832291       -1.40415997474956       -1.51575190454351
H            5.32407799833900       -1.18713155155016       -1.37837522607611
H            6.34478380362819        0.35554554315443        0.25529616456790
H            4.90350303482479        1.68273998552220        1.75662159980900
H            2.45387132065044        1.45458243335231        1.63498038795150
30
 energy: -45.759451971226 gnorm: 0.001713246769 xtb: 6.7.1 (edcfbbe)
C           -5.22631955197164        1.41379611537845        0.24129038209932
O           -4.85958585279561        0.08845930261865       -0.06332132849299
C           -3.52122343415807       -0.21677341888970       -0.12047280917670
C           -3.24478609529711       -1.54746799650801       -0.49464954683703
C           -1.95718643620036       -2.01236666768118       -0.61502029419425
C           -0.92191194478366       -1.12416912271762       -0.34661968971601
N            0.43172532316380       -1.28832578213320       -0.39347385812694
C            1.04733595619808       -0.12265543422283       -0.00475743133528
C            0.08021274417139        0.81672832946411        0.27027272200164
C           -1.18062484750811        0.20855859993224        0.05195274975779
C           -2.49883896598358        0.66720706159132        0.15690634447148
C            2.49455701915494        0.00330804643419        0.05777536875350
C            3.32630623560446       -0.75623585382915       -0.76793950505824
C            4.70046683611091       -0.62427087255196       -0.69641269922818
C            5.27162962393025        0.26277511196866        0.20159581345913
C            4.45675737753366        1.02465438898843        1.02465433099011
C            3.08301361341780        0.89831052602604        0.95403942040864
H           -4.82995775394729        2.11663683499416       -0.49909221434531
H           -4.88540983780194        1.70574607573976        1.23986829647398
H           -6.31518124890864        1.43293498711430        0.21204470059372
H           -4.08667661366020       -2.19374472621729       -0.68818824993095
H           -1.76196750921305       -3.03305569430575       -0.90720915383249
H            0.90992908892916       -2.15182254472948       -0.58643858281328
H            0.24846684217698        1.83333946546793        0.56622640276982
H           -2.68313206486661        1.68865597900146        0.44940113258675
H            2.89690397420378       -1.43560050592825       -1.49038658188816
H            5.33056704708290       -1.21456224103349       -1.34658821850562
H            6.34579444053851        0.36109628379117        0.25901917845032
H            4.89704871329958        1.71622659716617        1.72882492902890
H            2.45208532157965        1.48261615507090        1.60669839163635
30
 energy: -45.759479639218 gnorm: 0.001070029480 xtb: 6.7.1 (edcfbbe)
C           -5.22561692668049        1.41389515031538        0.24623902171588
O           -4.85926114450761        0.08857054257993       -0.05948291051141
C           -3.52119049631403       -0.21696323137831       -0.11980234097959
C           -3.24522641171344       -1.54530766024624       -0.50216561689813
C           -1.95755608318112       -2.00994047466143       -0.62416093412100
C           -0.92172496888340       -1.12422719168363       -0.35003905179963
N            0.43177464854391       -1.28867460501465       -0.39686836576931
C            1.04738502087890       -0.12424836399672       -0.00525773692700
C            0.08072470103521        0.81418080533372        0.27348306524572
C           -1.18039642556355        0.20708333071479        0.05389996954408
C           -2.49832271468632        0.66491155644041        0.16234024179340
C            2.49419107160779        0.00220080956612        0.05756022256964
C            3.32766036968590       -0.76603864071397       -0.75796823399830
C            4.70167801114112       -0.63287548030285       -0.68553250375122
C            5.27169509974025        0.26421431074885        0.20298074690737
C            4.45492101297252        1.03506077498501        1.01555848968525
C            3.08142258469440        0.90728332706214        0.94429307912521
H           -4.82602754679625        2.11756134543822       -0.49156835171019
H           -4.88786733802273        1.70406758877500        1.24639615610422
H           -6.31408834730055        1.43334897325901        0.21327635678065
H           -4.08685456429676       -2.19040824691384       -0.70071299893412
H           -1.76346420219120       -3.02905786746079       -0.92246382225253
H            0.90797235428031       -2.15195093436180       -0.59536825198285
H            0.24901786034685        1.82967131104089        0.57296712202419
H           -2.68289321144318        1.68454964886329        0.46087799597595
H            2.90049827769950       -1.45417041568699       -1.47351832032588
H            5.33261509722590       -1.23075117505606       -1.32772259526754
H            6.34560743737324        0.36340315575660        0.26101745033617
H            4.89315761468499        1.73532564396122        1.71217588624709
H            2.45016721966979        1.49928501263671        1.58956623117394
30
 energy: -45.759501307932 gnorm: 0.000565392303 xtb: 6.7.1 (edcfbbe)
C           -5.22528287916038        1.41298726196534        0.25144633932652
O           -4.85873853733359        0.08900288111853       -0.05943717493773
C           -3.52086102452017       -0.21672136449815       -0.12154732956918
C           -3.24529173593173       -1.54344797081018       -0.50918116507955
C           -1.95745524621215       -2.00814118499751       -0.63067383012157
C           -0.92130181304505       -1.12434557046453       -0.35217955610665
N            0.43212557036314       -1.28939594536006       -0.39656324452614
C            1.04749886634143       -0.12526093730295       -0.00458685771572
C            0.08103156024423        0.81320586796133        0.27430885315701
C           -1.18017677922178        0.20649543836869        0.05382895368919
C           -2.49778229955861        0.66402228580833        0.16379024589484
C            2.49415600667176        0.00142265301722        0.05870141561246
C            3.32814339429571       -0.77406482019004       -0.74920136445970
C            4.70214166584304       -0.64058331786534       -0.67653167255122
C            5.27155440373800        0.26478257137476        0.20396888514951
C            4.45408843490216        1.04329327153530        1.00847232959836
C            3.08062532364172        0.91476937503491        0.93736514974869
H           -4.82259569840026        2.12039074627405       -0.48116928299964
H           -4.89109180005494        1.69820075563973        1.25437535566409
H           -6.31339910525043        1.43279284929030        0.21445721334414
H           -4.08703416375693       -2.18692906742836       -0.71200999725754
H           -1.76371904603680       -3.02643588209181       -0.93225246358259
H            0.90648408967926       -2.15220285354567       -0.60128246130368
H            0.24946128856554        1.82831989668966        0.57489625794922
H           -2.68281206524802        1.68248975563117        0.46591856476836
H            2.90143612992218       -1.46785188854741       -1.45920020044403
H            5.33326882882159       -1.24415555111109       -1.31299760551422
H            6.34537146455687        0.36435685832194        0.26203441077819
H            4.89130310985820        1.75009186349334        1.69895704632092
H            2.44885005628597        1.51291102268851        1.57629318516771
30
 energy: -45.759518450866 gnorm: 0.000698189714 xtb: 6.7.1 (edcfbbe)
C           -5.22531259108202        1.41137887924633        0.25703819405788
O           -4.85840788163753        0.08971980364105       -0.06267609305505
C           -3.52056615519181       -0.21593479943221       -0.12534193813423
C           -3.24510260870982       -1.54161395608062       -0.51629814633814
C           -1.95714883484204       -2.00669975686764       -0.63601333265563
C           -0.92097131553595       -1.12414549211463       -0.35388426687138
N            0.43243910817226       -1.28999166548911       -0.39469574639676
C            1.04764945667372       -0.12570337148702       -0.00347188939569
C            0.08103264705036        0.81296542361264        0.27464229932528
C           -1.18007391175424        0.20659193753234        0.05268981511668
C           -2.49754150952397        0.66415386338522        0.16273052631673
C            2.49420143679546        0.00125559068892        0.06018797151197
C            3.32830810522314       -0.78097169639205       -0.74108918397434
C            4.70231593195468       -0.64732789953035       -0.66873068760523
C            5.27142405423494        0.26475095654799        0.20478202394470
C            4.45386481155663        1.05019761034908        1.00228216172934
C            3.08036259418216        0.92162900062643        0.93157346738537
H           -4.81990926389792        2.12461185193301       -0.46847124056592
H           -4.89444860589378        1.68871962132325        1.26345390420106
H           -6.31318222261706        1.43194060390340        0.21637611514754
H           -4.08705500877170       -2.18362181184216       -0.72258367697818
H           -1.76324727809388       -3.02439567683284       -0.93994891292725
H            0.90553917314891       -2.15205263091817       -0.60513706737916
H            0.24943137470108        1.82805321517955        0.57540057322695
H           -2.68291337696332        1.68174738938605        0.46760573322057
H            2.90140724305595       -1.48154841304711       -1.44463681882659
H            5.33358945695494       -1.25737128161511       -1.29908804474722
H            6.34524767490544        0.36452275419235        0.26250356954435
H            4.89086892654993        1.76357690598685        1.68622585580822
H            2.44819656935539        1.52556204411454        1.56457483531423
30
 energy: -45.759532071662 gnorm: 0.000864902094 xtb: 6.7.1 (edcfbbe)
C           -5.22557612910699        1.40951347728045        0.26268879402220
O           -4.85824211576085        0.09079880456581       -0.06814996902113
C           -3.52033793955863       -0.21480610120205       -0.12981984378834
C           -3.24481728559394       -1.53977094495855       -0.52333230762975
C           -1.95687873187427       -2.00533649519632       -0.64119324860920
C           -0.92085197273336       -1.12363216143453       -0.35582107442994
N            0.43247542450087       -1.29045049988243       -0.39296784459558
C            1.04772343502392       -0.12615008407732       -0.00196817486603
C            0.08091509342580        0.81294354414099        0.27461960212756
C           -1.18006828849618        0.20695945629782        0.05136023033614
C           -2.49754241788532        0.66470988368651        0.16086532747995
C            2.49420868694284        0.00055664575136        0.06233131906861
C            3.32843008489455       -0.78891213808710       -0.73200736003579
C            4.70243353666238       -0.65545929119173       -0.66010009025605
C            5.27145060388097        0.26486093619500        0.20521969492284
C            4.45389522813510        1.05770396399771        0.99555510915836
C            3.08038271823142        0.92853261928627        0.92592507613732
H           -4.81825189373296        2.12964419134880       -0.45492693181600
H           -4.89710408588362        1.67727441405132        1.27261499586902
H           -6.31330207357360        1.43086272068490        0.21939473990124
H           -4.08699055363613       -2.18051879859783       -0.73248651220210
H           -1.76260108020924       -3.02268078916870       -0.94608726604902
H            0.90503227237633       -2.15167953548816       -0.60765193682295
H            0.24918241902299        1.82804433472265        0.57549690214459
H           -2.68300558723553        1.68180131826974        0.46717009342429
H            2.90141102912329       -1.49330918770166       -1.43102998701517
H            5.33356591967791       -1.26965819052839       -1.28609170526990
H            6.34530597162755        0.36471957132973        0.26253098185479
H            4.89104882029268        1.77568703073508        1.67423916447849
H            2.44810691146196        1.53775030517063        1.55362222148165
30
 energy: -45.759544690448 gnorm: 0.000644469105 xtb: 6.7.1 (edcfbbe)
C           -5.22602399009096        1.40749731448771        0.26843455997534
O           -4.85820262506360        0.09233088583925       -0.07572527119833
C           -3.52019290556496       -0.21329315451495       -0.13543150861081
C           -3.24449955388095       -1.53789860115086       -0.53030324751701
C           -1.95663594974411       -2.00400977366976       -0.64600451002784
C           -0.92084168018765       -1.12289584127338       -0.35770191388778
N            0.43238904546685       -1.29053914969563       -0.39195906921157
C            1.04774920327813       -0.12639949431693       -0.00033590135184
C            0.08064444165150        0.81292527125371        0.27529849892882
C           -1.18014485083264        0.20748812916694        0.04996969123489
C           -2.49772312057267        0.66557068129906        0.15806724998146
C            2.49414657914529        0.00017633921607        0.06427815909205
C            3.32851033643438       -0.79560182273191       -0.72359656309624
C            4.70250073249934       -0.66223819201586       -0.65233767535075
C            5.27155587982654        0.26440772190285        0.20587512306456
C            4.45408033121927        1.06375667407727        0.98956005387795
C            3.08054202808506        0.93477868560861        0.92049857719704
H           -4.81797492924866        2.13551284616756       -0.44075744880892
H           -4.89860602622048        1.66416332034364        1.28162787702784
H           -6.31369476266361        1.42943136048796        0.22402115098816
H           -4.08681091018885       -2.17759513263789       -0.74209346151194
H           -1.76189492668898       -3.02107969740702       -0.95152676829007
H            0.90510995925435       -2.15095918937299       -0.60926706518223
H            0.24860583822001        1.82794638356222        0.57667509905008
H           -2.68313509431474        1.68234833925954        0.46542974794277
H            2.90155643233284       -1.50638555333049       -1.41640529838323
H            5.33374340565366       -1.28290335417776       -1.27219185327134
H            6.34542408246348        0.36471246718199        0.26235426106722
H            4.89149333257419        1.78854465037004        1.66124021932108
H            2.44832769715789        1.55020688607099        1.54230728695078
30
 energy: -45.759556569238 gnorm: 0.000545389587 xtb: 6.7.1 (edcfbbe)
C           -5.22661050385232        1.40545528602134        0.27458972366353
O           -4.85828106126097        0.09450850704845       -0.08504185102507
C           -3.52021859676671       -0.21140394728849       -0.14212147688386
C           -3.24430683286203       -1.53577413977712       -0.53798961335882
C           -1.95653271585761       -2.00253760300733       -0.65118015036317
C           -0.92096910191097       -1.12207084908041       -0.35964919972882
N            0.43215438825014       -1.29038972140864       -0.39151761788222
C            1.04770695055651       -0.12664807901147        0.00128829493811
C            0.08029476712340        0.81267904767045        0.27660067765715
C           -1.18030441219125        0.20796773021136        0.04871612185562
C           -2.49801665584036        0.66654400234276        0.15477106365703
C            2.49404730582593       -0.00008816740490        0.06595171475774
C            3.32878540842156       -0.80333020537270       -0.71423296803830
C            4.70280221741302       -0.66998281322822       -0.64352065402048
C            5.27192075434074        0.26431270789702        0.20633241951839
C            4.45426960004029        1.07131133047204        0.98210478565844
C            3.08074610925476        0.94205061780995        0.91385242306710
H           -4.81949608327806        2.14210317595588       -0.42605503311421
H           -4.89850453632666        1.64985918287290        1.29053288786071
H           -6.31434235250323        1.42750714269191        0.23103528843781
H           -4.08657715628962       -2.17468725896933       -0.75231094963375
H           -1.76143071596107       -3.01930658580379       -0.95763364616815
H            0.90548822683920       -2.15034677294309       -0.60910124526292
H            0.24779417862475        1.82739525152003        0.57922450241579
H           -2.68330141015813        1.68306636190607        0.46326156942248
H            2.90236429715841       -1.52088878766796       -1.40064591272599
H            5.33402870649821       -1.29664311440503       -1.25733320581513
H            6.34581568544512        0.36461535693997        0.26240706501008
H            4.89170041887238        1.80161023724700        1.64747327589660
H            2.44897112039451        1.56311110676131        1.53019171020446
30
 energy: -45.759567454202 gnorm: 0.000603965255 xtb: 6.7.1 (edcfbbe)
C           -5.22724991531905        1.40320047991067        0.28189976125762
O           -4.85828948742629        0.09763335324606       -0.09654232799599
C           -3.52027733387663       -0.20909978575331       -0.14967823075470
C           -3.24418091025984       -1.53303683213263       -0.54742023205755
C           -1.95653432162138       -2.00059332891635       -0.65798694282244
C           -0.92115772970102       -1.12122068885970       -0.36223461185753
N            0.43181271702463       -1.29030570820747       -0.39176459090490
C            1.04764510297269       -0.12738858223029        0.00350255957722
C            0.08001145458102        0.81216119146627        0.27802157812369
C           -1.18046166873699        0.20826995104691        0.04777407654639
C           -2.49827036694002        0.66754766603534        0.15139704455497
C            2.49394190394637       -0.00138402243240        0.06851912477494
C            3.32917329259488       -0.81303803115018       -0.70245717683291
C            4.70316492358866       -0.67923137600942       -0.63269735312023
C            5.27235715564917        0.26429438814568        0.20689540866984
C            4.45451372704751        1.07932325613860        0.97379146966822
C            3.08100221935944        0.94963788121044        0.90640456753290
H           -4.82278560377859        2.15005907088659       -0.40936674570294
H           -4.89676043033373        1.63324218145702        1.30038642697685
H           -6.31516774062422        1.42468095127782        0.24123556060518
H           -4.08630781982722       -2.17105588595682       -0.76513372105815
H           -1.76126940723233       -3.01709519216202       -0.96496004636505
H            0.90582698261256       -2.15034550863430       -0.60745404411033
H            0.24693384898341        1.82645154700606        0.58224724318307
H           -2.68340947680586        1.68392372346862        0.46028968763326
H            2.90372829340702       -1.53697884954792       -1.38218258874198
H            5.33432045361659       -1.31251340624546       -1.23957732124069
H            6.34624267202586        0.36537511788589        0.26195889455680
H            4.89182505813665        1.81819304906893        1.63026947479539
H            2.44962040693663        1.57929238998731        1.51486305510919
30
 energy: -45.759573085107 gnorm: 0.000595786987 xtb: 6.7.1 (edcfbbe)
C           -5.22766131382837        1.40132647594571        0.28814175349796
O           -4.85815339473839        0.10033963781131       -0.10513135419247
C           -3.52026057934203       -0.20717802201548       -0.15602911705075
C           -3.24409981074102       -1.53057411070493       -0.55558554716415
C           -1.95655994306620       -1.99885065994867       -0.66401463583096
C           -0.92126340821857       -1.12073661733967       -0.36418760262349
N            0.43164690633768       -1.29023125854267       -0.39229700263400
C            1.04758742005131       -0.12803150312450        0.00533341317020
C            0.07972728766541        0.81146965802331        0.27982325038835
C           -1.18058581369785        0.20834357623043        0.04697790498338
C           -2.49835301984959        0.66828175212044        0.14855085162565
C            2.49382779054973       -0.00181109705360        0.07017229093072
C            3.32960284586843       -0.82059976561726       -0.69277889870839
C            4.70359114521396       -0.68666985740386       -0.62353034006841
C            5.27271176008240        0.26460691290439        0.20723469866872
C            4.45447881814661        1.08761686067786        0.96547730622431
C            3.08099694468759        0.95722482612671        0.89901300495344
H           -4.82682950387185        2.15597773072889       -0.39659837803423
H           -4.89383860070068        1.62098467724120        1.30769607027983
H           -6.31578772269589        1.42170504358307        0.25151924997386
H           -4.08606123404577       -2.16763668485691       -0.77685293254136
H           -1.76134298482624       -3.01485868315304       -0.97274994762383
H            0.90591556221389       -2.15086954609046       -0.60521273928730
H            0.24607150706385        1.82535936611422        0.58564333345003
H           -2.68348478337991        1.68432611831126        0.45873853535660
H            2.90504124074660       -1.55249639910933       -1.36511287225930
H            5.33485369557884       -1.32645288601422       -1.22378985076612
H            6.34659359391753        0.36601650123844        0.26166677797749
H            4.89146104452864        1.83138993186443        1.61591777248441
H            2.45017255034979        1.59202702205286        1.50196500481999
30
 energy: -45.759574941827 gnorm: 0.000395243446 xtb: 6.7.1 (edcfbbe)
C           -5.22763393895689        1.40071136844744        0.29063798613030
O           -4.85807181959121        0.10135768731049       -0.10717109312742
C           -3.52026181369463       -0.20646148943255       -0.15811198076388
C           -3.24417397698631       -1.52934415106352       -0.55930927547341
C           -1.95667878555581       -1.99794241562169       -0.66712831592338
C           -0.92134811887376       -1.12064229560461       -0.36511690498783
N            0.43154706996854       -1.29036769249965       -0.39274974221803
C            1.04764191095247       -0.12859489547017        0.00588941748556
C            0.07977521519067        0.81088616961310        0.28064921454047
C           -1.18056542272329        0.20821807415581        0.04678851686140
C           -2.49825824474668        0.66841067625786        0.14801744018358
C            2.49382963643745       -0.00251521299001        0.07098109043965
C            3.32997051575215       -0.82461526956437       -0.68805910060315
C            4.70393414762529       -0.68987425790890       -0.61932217140024
C            5.27278934080065        0.26519778420167        0.20721465856422
C            4.45426517568124        1.09040472153114        0.96234558210358
C            3.08082268786193        0.95942713365196        0.89630281549768
H           -4.82919391262842        2.15759479963743       -0.39284015759527
H           -4.89151245533148        1.61783901931803        1.30981245938478
H           -6.31588496413665        1.42021302532844        0.25678960444171
H           -4.08602729520031       -2.16595062677674       -0.78213556210340
H           -1.76164249582065       -3.01357309958829       -0.97730594982639
H            0.90541446462207       -2.15168772096244       -0.60378523190791
H            0.24597219813803        1.82451244960212        0.58740820790328
H           -2.68337512829255        1.68421780329672        0.45907671839158
H            2.90588062016319       -1.55867565405382       -1.35787292549279
H            5.33527726815299       -1.33136233346669       -1.21720736955848
H            6.34663488328669        0.36730419459681        0.26117206510704
H            4.89097321202145        1.83810779437121        1.60887625533001
H            2.44989802588374        1.59720341368314        1.49615374861690
30
 energy: -45.759576044925 gnorm: 0.000284477517 xtb: 6.7.1 (edcfbbe)
C           -5.22739047531334        1.40055219798917        0.29207715087914
O           -4.85798241528533        0.10167290598790       -0.10687866499238
C           -3.52023930478460       -0.20628523529642       -0.15840318349680
C           -3.24429150809067       -1.52852520282450       -0.56169339387272
C           -1.95681775045151       -1.99724369172263       -0.66977795468747
C           -0.92140517701777       -1.12071868678270       -0.36601182519801
N            0.43149049647874       -1.29065259326730       -0.39353762871103
C            1.04771157958345       -0.12933831112766        0.00630286680783
C            0.07994013651543        0.81022498564501        0.28106192836074
C           -1.18049169612952        0.20786770650508        0.04703431380466
C           -2.49808794459285        0.66814165710870        0.14867905746056
C            2.49385592182312       -0.00334199474990        0.07170589299078
C            3.33030507069697       -0.82687004720560       -0.68519817462388
C            4.70420281706873       -0.69146269492246       -0.61676174442014
C            5.27274323525294        0.26598914384641        0.20713285125947
C            4.45390656180106        1.09294423846906        0.95998788544053
C            3.08050223013202        0.96109013510229        0.89443879615094
H           -4.83085987775112        2.15800035315338       -0.39198581094500
H           -4.88937709419673        1.61770800188349        1.31063581753468
H           -6.31574173802650        1.41930147675932        0.26056523856705
H           -4.08611157224751       -2.16470342505801       -0.78586520044582
H           -1.76203251223755       -3.01250582444821       -0.98111822463259
H            0.90466279866983       -2.15265815620816       -0.60341805259890
H            0.24613920226645        1.82367431826852        0.58831085536205
H           -2.68316549199238        1.68375593327386        0.46017933584603
H            2.90657583998255       -1.56297417151566       -1.35290388070985
H            5.33581887312614       -1.33493168901469       -1.21242992987367
H            6.34654669858039        0.36869978696383        0.26068380833003
H            4.89026388149720        1.84237006792918        1.60457731490804
H            2.44932721464230        1.60021781525861        1.49261055550589
30
 energy: -45.759576727361 gnorm: 0.000191904200 xtb: 6.7.1 (edcfbbe)
C           -5.22705158541105        1.40069862503283        0.29293115619746
O           -4.85790928219733        0.10148920365474       -0.10522307155784
C           -3.52019872186588       -0.20634212499994       -0.15823043889436
C           -3.24442757552535       -1.52803743370661       -0.56309839484432
C           -1.95697260159953       -1.99679727430181       -0.67167217723940
C           -0.92145155063218       -1.12091770869112       -0.36663746019905
N            0.43146574433703       -1.29098205207133       -0.39430235130855
C            1.04774650023406       -0.13002266452743        0.00645299867584
C            0.08007765555733        0.80948944195762        0.28170097182083
C           -1.18042828270305        0.20747733498236        0.04713027834937
C           -2.49791258658919        0.66776805841662        0.14931290303958
C            2.49385455477595       -0.00378067125792        0.07191737741442
C            3.33068441948422       -0.82858002954188       -0.68327130499768
C            4.70453568597738       -0.69274352454103       -0.61479001418248
C            5.27263346666147        0.26667447656374        0.20713753439491
C            4.45340417320673        1.09473129913917        0.95846586038136
C            3.08008250122146        0.96221130542849        0.89311502595578
H           -4.83201303883341        2.15755434262687       -0.39286113332868
H           -4.88731066735322        1.61944264113480        1.31068793497289
H           -6.31544917370837        1.41899635933489        0.26341849895008
H           -4.08628156037337       -2.16378112600078       -0.78840481154847
H           -1.76241631319087       -3.01159555915306       -0.98467174317136
H            0.90386717990727       -2.15351916833475       -0.60383838631966
H            0.24635793198357        1.82277583494547        0.58946108221461
H           -2.68295844115545        1.68305455869623        0.46197562312297
H            2.90730648056092       -1.56637613060731       -1.34940671966077
H            5.33642859029369       -1.33674712388794       -1.20940897862100
H            6.34637009924957        0.37032969260612        0.26013879367435
H            4.88934425287758        1.84573617579742        1.60155245564792
H            2.44862014480993        1.60179224130545        1.49041849106140
