27
 energy: -40.643298477651 gnorm: 0.092746129498 xtb: 6.7.1 (edcfbbe)
C           -4.64786100000000        0.29956000000000       -0.37753200000000
C           -3.71327700000000        1.12391900000000       -0.99107700000000
C           -2.34647600000000        0.90915600000000       -0.78133900000000
C           -1.86747000000000       -0.13058200000000        0.04387100000000
C           -2.84385400000000       -0.94621900000000        0.64931500000000
C           -4.21393100000000       -0.73549900000000        0.44263000000000
C           -0.40425400000000       -0.32665200000000        0.24203100000000
C            0.14674400000000       -1.32758700000000        1.03910500000000
C            1.53221000000000       -1.42740200000000        1.15983700000000
C            2.35607700000000       -0.52627500000000        0.48315100000000
C            3.75846100000000       -0.58677100000000        0.57376500000000
C            4.54719900000000        0.33075600000000       -0.11678900000000
C            3.93901200000000        1.30751700000000       -0.89680000000000
C            2.54426400000000        1.36131900000000       -0.98195800000000
C            1.73467000000000        0.45923900000000       -0.30409100000000
N            0.39764900000000        0.55239700000000       -0.41812900000000
H           -5.70983100000000        0.46322600000000       -0.53800200000000
H           -4.03904800000000        1.93672800000000       -1.63466400000000
H           -1.64152800000000        1.57486700000000       -1.27834400000000
H           -2.56637300000000       -1.76989000000000        1.29989200000000
H           -4.94000700000000       -1.38441300000000        0.92589600000000
H           -0.46838300000000       -2.03964000000000        1.57489900000000
H            1.95757700000000       -2.20983100000000        1.78274700000000
H            4.24017100000000       -1.34843700000000        1.18225100000000
H            5.63073600000000        0.28328800000000       -0.04619600000000
H            4.54270700000000        2.02937100000000       -1.44061100000000
H            2.07481500000000        2.12785400000000       -1.59386100000000
27
 energy: -40.649244569733 gnorm: 0.039220137268 xtb: 6.7.1 (edcfbbe)
C           -4.61930385549467        0.29614329502669       -0.37392932340313
C           -3.68621356952646        1.11797086386371       -0.98553511704554
C           -2.33093868242155        0.90928015561234       -0.78047829282323
C           -1.86334584447335       -0.12421841839885        0.03921494632767
C           -2.82439450467009       -0.94129201419133        0.64638400928651
C           -4.18195915497301       -0.73386844542741        0.44236866289999
C           -0.40671686468125       -0.31135677824902        0.22986715615967
C            0.14119112212761       -1.32417399675276        1.03579081106155
C            1.50895531660452       -1.43587742369588        1.16559411765596
C            2.34720609115776       -0.53640461438333        0.49067017768719
C            3.75093179598717       -0.58666995785368        0.57347953268666
C            4.52000159273069        0.32559582859068       -0.11344732194406
C            3.90743752318540        1.30708889900522       -0.89728356967525
C            2.53322562048629        1.37258992572367       -0.99099770995461
C            1.71708979205861        0.45913590545063       -0.30488481884005
N            0.38016291224834        0.55160711604902       -0.41866209113650
H           -5.67853567699132        0.45693929557481       -0.53201608535045
H           -4.01261836454817        1.92587176511052       -1.62641886020495
H           -1.61883979662388        1.56146578318428       -1.26684600746505
H           -2.53762558711604       -1.75921838645507        1.29304358773472
H           -4.90204241157151       -1.38174221495104        0.92510507502279
H           -0.48474603718796       -2.02748827370864        1.56440560247880
H            1.93279027646029       -2.21486910014238        1.78633984933985
H            4.22805866161159       -1.34569055853692        1.17958610514014
H            5.59943477871143        0.28116592901091       -0.04553220709321
H            4.51362055549237        2.02285441630474       -1.43612908584076
H            2.06717331141718        2.13516000423908       -1.59969214270470
27
 energy: -40.650538747856 gnorm: 0.006931612116 xtb: 6.7.1 (edcfbbe)
C           -4.59698229380065        0.29497045512676       -0.37232948259521
C           -3.66493782775758        1.11720592082476       -0.98469600753540
C           -2.31488939145502        0.91178564768938       -0.78203995571821
C           -1.85776311691884       -0.12104318204634        0.03699699023065
C           -2.80722572172912       -0.94115719732712        0.64733549057604
C           -4.15850404306745       -0.73398178823533        0.44372703368592
C           -0.40659250277231       -0.30075699582699        0.22130496001874
C            0.13425985681343       -1.32475214680437        1.03544826953137
C            1.48921523819954       -1.44210515977618        1.16954477875056
C            2.33822548372903       -0.54282369230089        0.49520072742363
C            3.74298135704310       -0.58551774624965        0.57231738701521
C            4.50013931405770        0.32382461058480       -0.11242692847900
C            3.88318739760406        1.30918641848041       -0.89923035045936
C            2.52182818447094        1.37892999026472       -0.99652094269524
C            1.70614617445068        0.45648297735059       -0.30356843211993
N            0.37121617261573        0.54818867991527       -0.41674121884487
H           -5.65403754183683        0.45381119211529       -0.52886080185944
H           -3.99352400443193        1.92288541002120       -1.62417551766316
H           -1.59064713966155        1.55221263812119       -1.25866734023136
H           -2.50931355123468       -1.75439163821092        1.29121826144959
H           -4.87580701883106       -1.38163276595483        0.92644252145373
H           -0.50653168355272       -2.01860116347414        1.55606715901967
H            1.91651293763664       -2.21849327069305        1.78864960545771
H            4.21254174091897       -1.34607465601175        1.17934708570968
H            5.57773055507745        0.28549043257737       -0.04917753666117
H            4.49480120945197        2.02047532663590       -1.43414559604613
H            2.04796921498052        2.13588070320395       -1.60102315941404
27
 energy: -40.650618948838 gnorm: 0.003764755456 xtb: 6.7.1 (edcfbbe)
C           -4.59262831096509        0.29615027831206       -0.37311076139397
C           -3.66064226217058        1.11880696353068       -0.98598651152393
C           -2.31057376147683        0.91239575166031       -0.78256030525227
C           -1.85668305279047       -0.12211184895248        0.03788873337054
C           -2.80528518976770       -0.94237522973392        0.64877564973542
C           -4.15651863442667       -0.73358884254147        0.44386263017101
C           -0.40650494404982       -0.30126357954261        0.22150223199409
C            0.13268548660714       -1.32773308072454        1.03733965042728
C            1.48692197879503       -1.44396580748788        1.17054405862735
C            2.33615621829839       -0.54343769258451        0.49542637656770
C            3.74100942531327       -0.58500055561990        0.57187953367148
C            4.49721650460436        0.32529806907328       -0.11335719599985
C            3.87962567558357        1.31123511132180       -0.90068476239603
C            2.51802138162707        1.37965772246693       -0.99726205032027
C            1.70585246937599        0.45506109892870       -0.30263344345351
N            0.37143385281064        0.54688768053094       -0.41592169057938
H           -5.64925246990230        0.45534021761431       -0.52997595136568
H           -3.98959887910187        1.92448393177548       -1.62585789709354
H           -1.58063623219852        1.54915069250049       -1.25642772073795
H           -2.50506312348041       -1.75462012342667        1.29246770632731
H           -4.87475209597133       -1.38062017647062        0.92650035603274
H           -0.51243784822135       -2.01887733499410        1.55553395731715
H            1.91756225239325       -2.21968969359187        1.78919232022010
H            4.20831549745871       -1.34697890468663        1.17986538071485
H            5.57499658535885        0.29003969752777       -0.05227470102085
H            4.49368146806648        2.02172018731776       -1.43458101048292
H            2.03709700823020        2.13403446779669       -1.60014758355688
27
 energy: -40.650649431828 gnorm: 0.001104486006 xtb: 6.7.1 (edcfbbe)
C           -4.58904820410531        0.29852874849976       -0.37473268675677
C           -3.65620424637214        1.12053610741244       -0.98772682682848
C           -2.30663950656214        0.91183048925934       -0.78264355563483
C           -1.85611437449665       -0.12429225551502        0.03959183040538
C           -2.80580205664316       -0.94337695294970        0.65036192616343
C           -4.15693196469452       -0.73193641578228        0.44343120110857
C           -0.40634687651093       -0.30364996681191        0.22314603118278
C            0.13297122939774       -1.33165689131005        1.03977089039949
C            1.48711001458569       -1.44608099308011        1.17155334154326
C            2.33514220420408       -0.54392866901394        0.49551426146899
C            3.74009919883080       -0.58413174594665        0.57121295654581
C            4.49462088284141        0.32767819450859       -0.11475583603525
C            3.87608704348406        1.31362796811561       -0.90216004159888
C            2.51386072444847        1.37973915670407       -0.99741492125719
C            1.70617701751118        0.45305424241998       -0.30121008455540
N            0.37157423591108        0.54475071262123       -0.41436696354869
H           -5.64532071410538        0.45903939098807       -0.53269739705358
H           -3.98456797776979        1.92642326409124       -1.62808954879272
H           -1.57088620366890        1.54440758372877       -1.25365538521771
H           -2.50533313697122       -1.75504336298162        1.29433065610813
H           -4.87717338338954       -1.37754384366562        0.92544118728841
H           -0.51532703564820       -2.02068220768890        1.55583801424878
H            1.92182973977499       -2.22095490245256        1.78932177602448
H            4.20662914870012       -1.34683770025828        1.17962963997760
H            5.57270932359985        0.29599479357184       -0.05606915902840
H            4.49193647951283        2.02354156532718       -1.43525680100162
H            2.02494743813558        2.13096269020854       -1.59836750515558
27
 energy: -40.650653944635 gnorm: 0.000620476527 xtb: 6.7.1 (edcfbbe)
C           -4.58795398598238        0.30051015696052       -0.37605202585755
C           -3.65362420109048        1.12113759755671       -0.98868305340169
C           -2.30484873097971        0.91041109143135       -0.78226230891031
C           -1.85610395958126       -0.12605554861320        0.04089222904517
C           -2.80749799099310       -0.94349473317097        0.65120121361525
C           -4.15832028367057       -0.73014833239931        0.44285138999455
C           -0.40626810721920       -0.30600272614300        0.22478927771495
C            0.13430639481604       -1.33394851074352        1.04092619486980
C            1.48858279533894       -1.44750278631498        1.17204343577780
C            2.33548807723867       -0.54442627337016        0.49572215699254
C            3.74067306995985       -0.58341931369747        0.57074306353784
C            4.49349052002523        0.32942254188521       -0.11565566076162
C            3.87393291305661        1.31490818352409       -0.90279369431212
C            2.51162554302957        1.37947319788925       -0.99713829823286
C            1.70605487356660        0.45181610435164       -0.30023752244653
N            0.37089930884021        0.54298710257421       -0.41293564561734
H           -5.64401879328247        0.46252468678959       -0.53510655830293
H           -3.98058598252254        1.92711872388073       -1.62958202573409
H           -1.56706465263569        1.54099692951209       -1.25239134404384
H           -2.50873951179417       -1.75527467089213        1.29592593150650
H           -4.88014700746126       -1.37431811560809        0.92436730814554
H           -0.51428811129453       -2.02294207938791        1.55652908020327
H            1.92490477678824       -2.22196618364298        1.78914010177191
H            4.20859796487878       -1.34556774185440        1.17864751275018
H            5.57172301420492        0.29941319368511       -0.05791417398050
H            4.48942040144042        2.02507179135170       -1.43584379737218
H            2.01976066532329        2.12927471444592       -1.59718578695174
27
 energy: -40.650655611472 gnorm: 0.000340512547 xtb: 6.7.1 (edcfbbe)
C           -4.58787330396427        0.30154018979377       -0.37661636644312
C           -3.65250728171491        1.12099633356514       -0.98927718378922
C           -2.30416262468328        0.90920254059791       -0.78224239731054
C           -1.85616758785385       -0.12695702353273        0.04147944958365
C           -2.80847531685732       -0.94320194270907        0.65181267390956
C           -4.15906878639659       -0.72891355750775        0.44288296905648
C           -0.40626378888526       -0.30731812663326        0.22559011083229
C            0.13497900886907       -1.33502088973615        1.04104824824259
C            1.48939378555879       -1.44837545607675        1.17207604502470
C            2.33591672833063       -0.54487539889498        0.49591727048229
C            3.74126560504934       -0.58302346602997        0.57051718853136
C            4.49319125333316        0.33037540810647       -0.11595512316954
C            3.87299820884329        1.31556673332812       -0.90284192297112
C            2.51075525779134        1.37942553862031       -0.99682674607198
C            1.70575576082077        0.45133813300828       -0.29979869852365
N            0.37039873775324        0.54207444013353       -0.41213089879805
H           -5.64376800448659        0.46446244927027       -0.53623737367850
H           -3.97837670881403        1.92696670123113       -1.63063636569151
H           -1.56624670484832        1.53921550339779       -1.25265495856843
H           -2.51106878299882       -1.75509141776411        1.29726387994680
H           -4.88163598221555       -1.37220657516451        0.92434503237790
H           -0.51313297198114       -2.02470685512132        1.55668806522589
H            1.92574617697542       -2.22289038151296        1.78883798177964
H            4.21061992230762       -1.34455297259877        1.17787804910894
H            5.57144362719897        0.30075575149144       -0.05826921006409
H            4.48761200598082        2.02619239291215       -1.43615014162257
H            2.01867076688746        2.12902094782605       -1.59670257739975
27
 energy: -40.650656409938 gnorm: 0.000245942689 xtb: 6.7.1 (edcfbbe)
C           -4.58748357971419        0.30235151610607       -0.37697791301809
C           -3.65144114980425        1.12079882428923       -0.99004008707220
C           -2.30329041774437        0.90818990016043       -0.78262425557889
C           -1.85611883844629       -0.12767806787652        0.04189206259363
C           -2.80893915363154       -0.94288101269714        0.65268069872293
C           -4.15936806244692       -0.72781021622779        0.44329592579160
C           -0.40628854188158       -0.30834602157344        0.22607781896292
C            0.13517063919576       -1.33621711796668        1.04099565943111
C            1.48969805265836       -1.44926542588443        1.17191212270677
C            2.33601395802536       -0.54528621757780        0.49604378151524
C            3.74140652400854       -0.58267705693489        0.57030643509097
C            4.49280760573367        0.33124156937410       -0.11613661899858
C            3.87213679830672        1.31631251401537       -0.90281352830901
C            2.50984569102917        1.37957282298442       -0.99648656486922
C            1.70544044083035        0.45098739863810       -0.29938950610987
N            0.37017589173961        0.54139728314672       -0.41145928979640
H           -5.64318339001108        0.46592058399663       -0.53693285247835
H           -3.97650151291643        1.92658211860565       -1.63205835571935
H           -1.56494855007244        1.53744414080767       -1.25347056383273
H           -2.51224428598534       -1.75447359834051        1.29889886678285
H           -4.88249156739972       -1.37024111304098        0.92510035533432
H           -0.51270150905615       -2.02643188069259        1.55637276300403
H            1.92614787308597       -2.22396861463398        1.78837031368323
H            4.21156916559461       -1.34398968076820        1.17733809530042
H            5.57107200403573        0.30201544601574       -0.05851884519078
H            4.48619898390290        2.02737847501486       -1.43620589460149
H            2.01731593096354        2.12907243105998       -1.59617362334505
