24
 energy: -42.170070970657 gnorm: 0.068910841742 xtb: 6.7.1 (edcfbbe)
C            3.33042300000000        0.00255000000000       -0.12356500000000
N            2.05778700000000       -0.65482600000000        0.03225300000000
C            1.85990300000000       -1.99100600000000        0.26060900000000
N            0.57786700000000       -2.28323300000000        0.35634700000000
C           -0.05560300000000       -1.08992900000000        0.18236700000000
C            0.82479000000000       -0.07065100000000       -0.01879000000000
C            0.42259500000000        1.27640900000000       -0.22675200000000
O            1.22445800000000        2.18799100000000       -0.40719300000000
N           -0.96597500000000        1.43642200000000       -0.20188600000000
C           -1.50411000000000        2.76764000000000       -0.40220100000000
C           -1.90917500000000        0.40740500000000        0.00319400000000
O           -3.12006300000000        0.64889600000000        0.00799900000000
N           -1.41349600000000       -0.88219700000000        0.19820000000000
C           -2.31717600000000       -1.99693100000000        0.41597600000000
H            4.13413800000000       -0.73253900000000       -0.03170400000000
H            3.36496900000000        0.46399900000000       -1.11357700000000
H            3.43059000000000        0.75742200000000        0.66026200000000
H            2.67375500000000       -2.70001900000000        0.34781000000000
H           -0.72462500000000        3.51803700000000       -0.55515200000000
H           -2.16287000000000        2.75705300000000       -1.27680300000000
H           -2.09813000000000        3.04672300000000        0.47430200000000
H           -2.10044200000000       -2.44770200000000        1.38965500000000
H           -3.36390300000000       -1.68217600000000        0.40267000000000
H           -2.16570700000000       -2.73933900000000       -0.37402000000000
24
 energy: -42.175381992554 gnorm: 0.026314186477 xtb: 6.7.1 (edcfbbe)
C            3.33775637666449       -0.00185012099032       -0.12285678648159
N            2.06667306374996       -0.65974572895386        0.03277721126325
C            1.84621148519673       -1.97811800786404        0.25819297120795
N            0.56691955971133       -2.27906326222315        0.35613504901965
C           -0.07015478040729       -1.09653507458819        0.18452399843579
C            0.82985983113380       -0.07183688559990       -0.01857787140082
C            0.42376897052992        1.28248106497080       -0.22773859525636
O            1.19051937791000        2.22014739079532       -0.41131876635605
N           -0.96194173926708        1.42150903129690       -0.19950090285298
C           -1.51733575673562        2.74790631773832       -0.39877532392130
C           -1.89773240409825        0.40051499560347        0.00453680045140
O           -3.09173328705880        0.64673376048452        0.00783794115211
N           -1.41920903277856       -0.87983473905761        0.19839289956799
C           -2.31904707930106       -1.99323824142038        0.41546710912911
H            4.13574782116159       -0.73655612216984       -0.03081867141749
H            3.38420397353737        0.47537030425791       -1.10200216371378
H            3.44837982385567        0.76415374800917        0.64499971476480
H            2.64753630542356       -2.68604574673688        0.34541830865310
H           -0.70334689835554        3.45723820554792       -0.54619967630205
H           -2.17047236832434        2.74912215641277       -1.27424191362788
H           -2.10615375033371        3.03863282232431        0.47398610586544
H           -2.10336379375606       -2.44773077772164        1.38370553951754
H           -3.34827652787516       -1.63649835784882        0.39487732647266
H           -2.16880917058296       -2.73675773226677       -0.36881930417051
24
 energy: -42.176228938917 gnorm: 0.009464377059 xtb: 6.7.1 (edcfbbe)
C            3.34241717768279       -0.00539683019279       -0.12223111628936
N            2.07402488078698       -0.66263197084202        0.03292905693213
C            1.84375020215595       -1.96897724583251        0.25619726772708
N            0.56575976948568       -2.27309489962347        0.35475507113987
C           -0.07497012754166       -1.09709887023754        0.18513784543866
C            0.83537592856372       -0.06929898412151       -0.01881908309556
C            0.42639816846973        1.28666447684932       -0.22813062666563
O            1.16608225637956        2.24385247127785       -0.41403910163974
N           -0.96021916900397        1.41006672083695       -0.19750946611068
C           -1.52336818728689        2.73522300960959       -0.39690451196416
C           -1.89389445557726        0.39643888095493        0.00548832218755
O           -3.08415465228831        0.64586926473020        0.00837251954894
N           -1.41911039933661       -0.87668886157727        0.19818823797367
C           -2.32136885987721       -1.98809565388348        0.41484813606427
H            4.13749914977939       -0.74090962197262       -0.02985156798518
H            3.39293067270787        0.47881438745715       -1.09773073268365
H            3.45630751945109        0.76569678949502        0.63998988229120
H            2.63601086397075       -2.68338503158704        0.34423027202826
H           -0.69232168018407        3.42342983796896       -0.54129243228121
H           -2.17337122741836        2.73682875683830       -1.27171864711253
H           -2.11001139267316        3.02635408386704        0.47417557459230
H           -2.10858643235102       -2.44485880837474        1.38054570627593
H           -3.34028760747765       -1.60682808289987        0.39057469682113
H           -2.17489239841733       -2.73197481874045       -0.36720430319332
24
 energy: -42.176300656858 gnorm: 0.005163417854 xtb: 6.7.1 (edcfbbe)
C            3.34441553516636       -0.00611223397945       -0.12200177833101
N            2.07669156493944       -0.66328508916170        0.03284485114001
C            1.84555304020766       -1.96778330980522        0.25542495891125
N            0.56726172296702       -2.27168035905210        0.35408468015117
C           -0.07379028996951       -1.09623674099519        0.18497865885915
C            0.83801027720893       -0.06734949097795       -0.01898247411174
C            0.42890671987104        1.28759498671907       -0.22804081971563
O            1.16073021443952        2.24950953553903       -0.41420692785052
N           -0.95979787734880        1.40738762841022       -0.19697956020301
C           -1.52474714919637        2.73310645322383       -0.39689976465978
C           -1.89328180545625        0.39575852144078        0.00582525341695
O           -3.08482466269597        0.64566974974507        0.00875895432097
N           -1.41712221455252       -0.87630978472000        0.19822726794501
C           -2.32304129176207       -1.98604372444475        0.41476115471200
H            4.13991907039047       -0.74138623195981       -0.02964751027683
H            3.39563535337578        0.47843265614679       -1.09763913284825
H            3.45865602524259        0.76501720543828        0.64053835947592
H            2.63405801466191       -2.68753521523988        0.34406155255418
H           -0.69531838100937        3.42145283348805       -0.54096597614312
H           -2.17459773551141        2.73133300904459       -1.27122309527670
H           -2.11207904381695        3.02105798654084        0.47414406355596
H           -2.11213277559818       -2.44342103721692        1.38039140425483
H           -3.33949925294216       -1.59945230975468        0.39038337330712
H           -2.17960505861113       -2.72972603842891       -0.36783649318794
24
 energy: -42.176327771949 gnorm: 0.002082276320 xtb: 6.7.1 (edcfbbe)
C            3.34626069714902       -0.00637738359711       -0.12175693255845
N            2.07874996726784       -0.66371698979753        0.03268590355220
C            1.84764364799960       -1.96758568569025        0.25461575512348
N            0.56873167342979       -2.27092026795799        0.35327588780778
C           -0.07193683778157       -1.09524393765297        0.18471291611883
C            0.84021811909723       -0.06559518606383       -0.01902536364398
C            0.43176774546579        1.28808713658384       -0.22773724485698
O            1.15786788948234        2.25309932447417       -0.41378566018284
N           -0.95969320713672        1.40597859497567       -0.19663604335982
C           -1.52612184989951        2.73222024402944       -0.39724366018100
C           -1.89257045302442        0.39557370789254        0.00605861409017
O           -3.08519340727725        0.64479572249915        0.00925324466608
N           -1.41484236154348       -0.87657631443189        0.19841249280895
C           -2.32454618482361       -1.98443170833550        0.41486464697337
H            4.14262981448030       -0.74119791931443       -0.02950416249106
H            3.39793776346578        0.47783063465411       -1.09776641257093
H            3.46053996126349        0.76411978005005        0.64169909112757
H            2.63214389174079       -2.69260897144192        0.34376430555661
H           -0.69961786970865        3.42314525403384       -0.54115079465428
H           -2.17605212941720        2.72679145759423       -1.27145426926223
H           -2.11488478439186        3.01687546707146        0.47386942166646
H           -2.11514541699574       -2.44263791226633        1.38042053551303
H           -3.33925480540204       -1.59391870692832        0.39120620891007
H           -2.18463186343993       -2.72770734038044       -0.36877748015304
24
 energy: -42.176330511759 gnorm: 0.001020032570 xtb: 6.7.1 (edcfbbe)
C            3.34663035520463       -0.00625702222714       -0.12163290421782
N            2.07898075211751       -0.66374420181500        0.03260825988976
C            1.84806203580005       -1.96772878482325        0.25426552859072
N            0.56891543312493       -2.27092886217846        0.35293895203667
C           -0.07151296802407       -1.09505212519434        0.18462931052710
C            0.84044866375779       -0.06538779811250       -0.01891301127176
C            0.43253849300050        1.28803644022118       -0.22750419428443
O            1.15792353679035        2.25342337529137       -0.41334634558573
N           -0.95982615526390        1.40604081258677       -0.19660873916059
C           -1.52649655571455        2.73216713071189       -0.39751092460351
C           -1.89234838217589        0.39577452447268        0.00609022531902
O           -3.08503833598158        0.64425682800323        0.00940489260246
N           -1.41438891990070       -0.87691334865422        0.19857020533198
C           -2.32471747487021       -1.98424866374378        0.41502833206971
H            4.14316076310069       -0.74101103513077       -0.02941786180292
H            3.39836801784374        0.47785657613393       -1.09764981954914
H            3.46077936729847        0.76393083347212        0.64211333111511
H            2.63146821305359       -2.69376107961238        0.34337451133054
H           -0.70050639814555        3.42399876899159       -0.54121319773077
H           -2.17622654481347        2.72625793879909       -1.27200612396751
H           -2.11587671985171        3.01646969301145        0.47343730692864
H           -2.11514319389163       -2.44303433147290        1.38027997842745
H           -3.33914640290460       -1.59294731630043        0.39222294326793
H           -2.18604757955442       -2.72719935243012       -0.36915965526291
24
 energy: -42.176331461615 gnorm: 0.000450365995 xtb: 6.7.1 (edcfbbe)
C            3.34678494034860       -0.00599281765541       -0.12140858056510
N            2.07894513765777       -0.66368852954968        0.03250058514807
C            1.84822430402151       -1.96783893508702        0.25372065064309
N            0.56889926428655       -2.27104563941638        0.35242244623599
C           -0.07141591166263       -1.09502324768816        0.18456146705508
C            0.84030125637567       -0.06544104613441       -0.01864934653143
C            0.43311264081526        1.28787757107213       -0.22709327031871
O            1.15830593693504        2.25342602662935       -0.41256045098551
N           -0.96003476568375        1.40627581375174       -0.19662110654533
C           -1.52666387763443        2.73204366171111       -0.39797964088542
C           -1.89217020517337        0.39615169858349        0.00608490100867
O           -3.08483781051330        0.64363476457231        0.00952805794108
N           -1.41426421540278       -0.87733346432150        0.19883139575415
C           -2.32466072999986       -1.98426147466302        0.41535750752433
H            4.14325928228757       -0.74080726888004       -0.02922474051023
H            3.39855292475386        0.47823772698343       -1.09727865055748
H            3.46064828591523        0.76388377768286        0.64258992819450
H            2.63085595106321       -2.69436813885676        0.34253849872067
H           -0.70067504859260        3.42441713572043       -0.54109396225299
H           -2.17569985220449        2.72637479845453       -1.27312405880201
H           -2.11685618692388        3.01666602672665        0.47243873501237
H           -2.11393135223661       -2.44425947127883        1.37978260265946
H           -3.33894883164069       -1.59240726297781        0.39447949571584
H           -2.18773113679189       -2.72652270537901       -0.36980146365910
