18
 energy: -24.643516207954 gnorm: 0.045894205168 xtb: 6.7.1 (edcfbbe)
C            2.30746300000000        0.59354600000000        0.37102200000000
C            2.31266500000000       -0.77843800000000        0.07050700000000
C            1.12410100000000       -1.44304600000000       -0.24598500000000
C           -0.05508800000000       -0.72275400000000       -0.23040800000000
C           -0.05314500000000        0.64405000000000        0.04803000000000
C            1.11538500000000        1.32031900000000        0.35214900000000
C           -1.43912500000000        1.17069800000000       -0.08988800000000
C           -2.23348600000000       -0.14853100000000       -0.10862900000000
N           -1.33509200000000       -1.21421200000000       -0.58847700000000
H            3.24296900000000        1.09574700000000        0.60524700000000
H            3.25190200000000       -1.32580000000000        0.07057700000000
H            1.13203800000000       -2.49562000000000       -0.50529400000000
H            1.11126400000000        2.38460300000000        0.56122100000000
H           -1.54616900000000        1.70915600000000       -1.03718100000000
H           -1.74106300000000        1.80974700000000        0.74417300000000
H           -2.57240800000000       -0.39790600000000        0.90586400000000
H           -3.12105900000000       -0.07224000000000       -0.74495800000000
H           -1.50115200000000       -2.12931900000000       -0.17796900000000
18
 energy: -24.646971847029 gnorm: 0.020607463320 xtb: 6.7.1 (edcfbbe)
C            2.31615000129187        0.58540104408500        0.35990417460233
C            2.32187170874958       -0.77179336477187        0.06187988849246
C            1.14381255143135       -1.43848553735922       -0.24992296759243
C           -0.03707124725715       -0.71747119859312       -0.24031684998769
C           -0.04161990988088        0.64559316401671        0.04361401441444
C            1.12878300210181        1.30963069970137        0.34129909879222
C           -1.44630251461683        1.15459917200667       -0.08087851005724
C           -2.26588018470033       -0.14874907875749       -0.10031894794138
N           -1.32429620198286       -1.17944978260864       -0.56709498940257
H            3.24530837820020        1.08145141177797        0.60625404807390
H            3.25563136248507       -1.31695096226540        0.07588539783287
H            1.15019870446132       -2.49418569853014       -0.48363810804969
H            1.12349761339755        2.36726168860744        0.56389053636467
H           -1.56135496006131        1.69950650712840       -1.02088839964053
H           -1.74688524102376        1.80634992828855        0.73920881594858
H           -2.61878084116624       -0.38224447180958        0.91408719679549
H           -3.13423905468161       -0.09394456977288       -0.76348726511485
H           -1.50882316674777       -2.10651895114376       -0.19947613353058
18
 energy: -24.647825720757 gnorm: 0.012622839290 xtb: 6.7.1 (edcfbbe)
C            2.31885102323254        0.58373847968950        0.35055098522158
C            2.32294710804637       -0.76853655296723        0.06021704121720
C            1.14861423293636       -1.44082550103623       -0.24010555430148
C           -0.03322360412756       -0.71935563725421       -0.23828740149479
C           -0.03961543161768        0.64864416325243        0.04195597649000
C            1.13198519396529        1.30655221012501        0.33590242804909
C           -1.45186130256592        1.15491274535330       -0.06972305363995
C           -2.26866955443338       -0.15002416466491       -0.09402207106920
N           -1.31599482110189       -1.16819781680679       -0.54960465467063
H            3.24594282073414        1.08040706107697        0.59291641839620
H            3.25543349428943       -1.31215517852253        0.07363720075976
H            1.15496597202431       -2.49765281616116       -0.46251263641039
H            1.12822054557302        2.36234217622309        0.56206708179070
H           -1.57046807798897        1.70405117581362       -1.00681566550644
H           -1.74328509149751        1.81446745196340        0.74661416056819
H           -2.64482650489768       -0.38106595793865        0.91293733298396
H           -3.11657933372051       -0.10644793739894       -0.78168768742114
H           -1.52243666885039       -2.11085390074669       -0.23403890096266
18
 energy: -24.648269473766 gnorm: 0.010837624178 xtb: 6.7.1 (edcfbbe)
C            2.32312374228625        0.58634554542552        0.34136272002877
C            2.32498640637848       -0.76638171132862        0.05893621738960
C            1.14955057951138       -1.44363513381632       -0.22898652933887
C           -0.03348654678295       -0.72308774992384       -0.23122225609438
C           -0.03812002930152        0.65082014588355        0.04235066541232
C            1.13366078004250        1.30759055507242        0.33138291708958
C           -1.45389910265902        1.15504283634275       -0.05983719921964
C           -2.26898295849163       -0.15041428742297       -0.09306957102171
N           -1.31031344139851       -1.16410176229019       -0.52934450754687
H            3.24985758888389        1.08658559810360        0.57656609415732
H            3.25733450791363       -1.31121763817542        0.07214495908653
H            1.15471678401119       -2.50260126986795       -0.43949989892114
H            1.13142450421146        2.36393226127281        0.55645484797742
H           -1.57690637123573        1.71174695865538       -0.99273525134362
H           -1.73702032867661        1.81095756278109        0.76185233754317
H           -2.66764469358011       -0.38009357319037        0.90573606504387
H           -3.10085778229191       -0.11039062867865       -0.79939743119280
H           -1.53742363882080       -2.12109770884279       -0.27269317904957
18
 energy: -24.648484930358 gnorm: 0.007533924861 xtb: 6.7.1 (edcfbbe)
C            2.32584498032538        0.58920286148731        0.33556461080072
C            2.32666703149393       -0.76601233015171        0.06021451593884
C            1.14908992455853       -1.44559959475025       -0.22001957300000
C           -0.03509672818720       -0.72690787473710       -0.22338530261807
C           -0.03753130551844        0.65038007323282        0.04417281911550
C            1.13371511907729        1.30939850987593        0.32712931121079
C           -1.45308235633561        1.15470713861202       -0.05325323727816
C           -2.26890192809023       -0.15020565849717       -0.09678807643060
N           -1.30822857431692       -1.16664843906401       -0.51249231473424
H            3.25324998137810        1.09328489280182        0.56280186876366
H            3.25975168250527       -1.31149479703772        0.07007535197907
H            1.15453010076045       -2.50580292745776       -0.42474135143325
H            1.13255279623271        2.36734066859106        0.54757623910126
H           -1.57848810751449        1.72207779837326       -0.97986198630513
H           -1.73278846965041        1.79974968532833        0.77842359286787
H           -2.68516761606624       -0.37827617822065        0.89549612932605
H           -3.09077712432284       -0.10761309881602       -0.81468533680264
H           -1.54533940632927       -2.12758072957015       -0.29622626050170
18
 energy: -24.648582332093 gnorm: 0.003630139943 xtb: 6.7.1 (edcfbbe)
C            2.32767349517487        0.59159795564054        0.32999847925066
C            2.32820405871984       -0.76600895801636        0.06182274521492
C            1.14899265049767       -1.44686180951325       -0.21207046199187
C           -0.03613646757177       -0.72993270533985       -0.21435099607055
C           -0.03716379148195        0.64833548841666        0.04794311895896
C            1.13403697475785        1.31098868157937        0.32177961608290
C           -1.45140621653279        1.15376377002894       -0.04641709486490
C           -2.27010923732616       -0.14969113287726       -0.10152019802242
N           -1.30793205044416       -1.16985276255058       -0.50062068445872
H            3.25592436899456        1.09840317720475        0.55005909846970
H            3.26160004272871       -1.31186350630000        0.07115522510205
H            1.15562671548454       -2.50805194276836       -0.41343400009619
H            1.13371951830994        2.37092778207458        0.53400691393035
H           -1.57813444578487        1.73316084218978       -0.96521275537258
H           -1.73074277398500        1.78643800217821        0.79555018653930
H           -2.70152774122179       -0.37726142151200        0.88460541265262
H           -3.08379676609810       -0.10220193889684       -0.82928403205221
H           -1.54882833422140       -2.13188952153833       -0.31400957327204
18
 energy: -24.648610707747 gnorm: 0.001846811530 xtb: 6.7.1 (edcfbbe)
C            2.32862106604451        0.59288217900384        0.32550160096223
C            2.32882294951457       -0.76634832351598        0.06433514793345
C            1.14919518740964       -1.44798005262123       -0.20536346473799
C           -0.03614276340981       -0.73131014776570       -0.20754451317222
C           -0.03697359003194        0.64670870602949        0.05146078888974
C            1.13487967084372        1.31189235180261        0.31709438433594
C           -1.45070586183900        1.15296839806345       -0.04020461708818
C           -2.27158936573516       -0.14935464926047       -0.10468465354695
N           -1.30771952638490       -1.17039980763087       -0.49583947314093
H            3.25772623405524        1.10107927863018        0.53907337955506
H            3.26232916986703       -1.31177194945952        0.07343984704726
H            1.15676495595254       -2.50977010505348       -0.40465377438835
H            1.13495457343562        2.37318750582398        0.52226882749173
H           -1.57817599433975        1.74141757517052       -0.95267362235974
H           -1.73021378100191        1.77740403217034        0.80823119122391
H           -2.71296260750057       -0.37771571857008        0.87671311615180
H           -3.07898646617099       -0.09864303827823       -0.83977929124633
H           -1.54982385070884       -2.13424623453884       -0.32737387391047
18
 energy: -24.648620422722 gnorm: 0.001503282989 xtb: 6.7.1 (edcfbbe)
C            2.32898681346251        0.59364340080502        0.32079413862862
C            2.32889510643762       -0.76673956747630        0.06577869167970
C            1.14940438660398       -1.44918699760372       -0.20012445047753
C           -0.03559155706762       -0.73159941150949       -0.20357311811275
C           -0.03705329501098        0.64569375483378        0.05376063117237
C            1.13579678111776        1.31241801984988        0.31289475656536
C           -1.45090475616460        1.15246519939336       -0.03470789067094
C           -2.27270720606616       -0.14923608754246       -0.10800303065232
N           -1.30744156477645       -1.17028494108383       -0.49465721577595
H            3.25888027719150        1.10212362708316        0.52936314391855
H            3.26232311639703       -1.31174890567546        0.07700918421903
H            1.15717614929593       -2.51164306057502       -0.39636520817743
H            1.13567930340062        2.37437434753373        0.51353830882150
H           -1.57910824572474        1.74953873047313       -0.94093090088502
H           -1.73010546134257        1.76967189634185        0.81923098295914
H           -2.72128740083124       -0.37875633493595        0.86928758813921
H           -3.07457850705658       -0.09651998781686       -0.84878429337906
H           -1.54836393986603       -2.13421368209484       -0.33451031797255
18
 energy: -24.648623500797 gnorm: 0.000471965060 xtb: 6.7.1 (edcfbbe)
C            2.32923485381185        0.59383151504578        0.31946161101526
C            2.32881371602376       -0.76691058483181        0.06641331169214
C            1.14936911147596       -1.44964954885840       -0.19835651460849
C           -0.03533676954833       -0.73143383620859       -0.20289324070153
C           -0.03694512353709        0.64597823190758        0.05393699272502
C            1.13625766457280        1.31264393690213        0.31200382729397
C           -1.45128099076841        1.15228160601286       -0.03296900254852
C           -2.27295504450620       -0.14931478755052       -0.10900137791910
N           -1.30688403782182       -1.16965480446770       -0.49540529556522
H            3.25952136043571        1.10240683705669        0.52588032559539
H            3.26240666408463       -1.31161876794129        0.07758524726492
H            1.15652405347647       -2.51218232954043       -0.39326074829838
H            1.13605362931315        2.37472790300028        0.51182889092521
H           -1.58007186730669        1.75172298744130       -0.93746718794630
H           -1.72978762999284        1.76747406771252        0.82254895290363
H           -2.72398164984250       -0.37995636870324        0.86693208640857
H           -3.07264550006655       -0.09581828316365       -0.85201467960526
H           -1.54829243980390       -2.13452777381352       -0.33522219863137
18
 energy: -24.648627014403 gnorm: 0.000553160504 xtb: 6.7.1 (edcfbbe)
C            2.32943517801550        0.59401050827485        0.31746074117831
C            2.32870241052543       -0.76713311536527        0.06643657825480
C            1.14931017020964       -1.45003872740668       -0.19745105860205
C           -0.03502507418118       -0.73104608042290       -0.20374484168348
C           -0.03687600493756        0.64652864328546        0.05291775508613
C            1.13670129739938        1.31295600026107        0.31038633884284
C           -1.45183385852804        1.15221131053950       -0.03080658361236
C           -2.27293208543000       -0.14944310104136       -0.11169347846430
N           -1.30630225349135       -1.17000214286875       -0.49667453282837
H            3.26003748638010        1.10237174684058        0.52262297262262
H            3.26239191697384       -1.31179294767302        0.07903416541683
H            1.15531070199991       -2.51284312477302       -0.38979983446640
H            1.13631731029139        2.37505614540168        0.51024110890236
H           -1.58205528337446        1.75614352107966       -0.93208705121229
H           -1.72898799126036        1.76324260527904        0.82814410141648
H           -2.72737259772996       -0.38173269850546        0.86214051482283
H           -3.06968766713884       -0.09470335098740       -0.85747569792172
H           -1.54713365572345       -2.13378519191799       -0.32965019775230
18
 energy: -24.648628939330 gnorm: 0.000380027548 xtb: 6.7.1 (edcfbbe)
C            2.32979273076574        0.59432805043246        0.31600211301615
C            2.32906884382268       -0.76704878802670        0.06610062049330
C            1.14946816622617       -1.45009852697062       -0.19671769713246
C           -0.03503758752102       -0.73142034543263       -0.20287536372515
C           -0.03677968258500        0.64630528687813        0.05288585168587
C            1.13687333531177        1.31311945694893        0.30900120996589
C           -1.45164153732473        1.15199134502022       -0.02903784265126
C           -2.27322608950925       -0.14930658127072       -0.11395151534990
N           -1.30614164112318       -1.17104520886697       -0.49535555760782
H            3.26041501762117        1.10300753670299        0.52050297662686
H            3.26275634300305       -1.31173318189870        0.07905881399771
H            1.15524315835125       -2.51301643856675       -0.38828931792501
H            1.13664006578524        2.37544682237425        0.50799983544918
H           -1.58278610791290        1.75985083935129       -0.92743425908666
H           -1.72810511325743        1.75925561363712        0.83292362981092
H           -2.73252807566928       -0.38206161267531        0.85749719425563
H           -3.06675916116964       -0.09316312322095       -0.86332378571920
H           -1.54725266481463       -2.13441114441605       -0.32498590610410
18
 energy: -24.648629878231 gnorm: 0.000164531197 xtb: 6.7.1 (edcfbbe)
C            2.32998156213545        0.59447232842378        0.31549050094988
C            2.32938912071061       -0.76693255633483        0.06584298558346
C            1.14969244561304       -1.45006701507219       -0.19648799573026
C           -0.03514791020258       -0.73195297207935       -0.20198580277514
C           -0.03673139312855        0.64587954479348        0.05301062655681
C            1.13680610881663        1.31302547636568        0.30836440060565
C           -1.45136383737733        1.15183611709933       -0.02789976489593
C           -2.27346908176385       -0.14908297642063       -0.11561987003765
N           -1.30624403868678       -1.17213957810494       -0.49324805991739
H            3.26046870962686        1.10369088666135        0.51948986518988
H            3.26307991151265       -1.31155510254931        0.07767980997343
H            1.15592422833679       -2.51303994102957       -0.38841399837915
H            1.13674774029794        2.37542618766219        0.50687839661846
H           -1.58277419563041        1.76210056757162       -0.92445332890586
H           -1.72761301493166        1.75682388435203        0.83577830937440
H           -2.73694054219423       -0.38119380797264        0.85377634374823
H           -3.06422244398079       -0.09237035888342       -0.86795569647754
H           -1.54758336915382       -2.13492068448258       -0.32024572148134
