15
 energy: -24.251506517018 gnorm: 0.055081024807 xtb: 6.7.1 (edcfbbe)
C           -1.96583200000000        0.55497700000000        0.17100000000000
C           -1.93803900000000       -0.84037000000000        0.09258200000000
C           -0.72958900000000       -1.53398000000000       -0.03184200000000
C            0.42836800000000       -0.76115100000000       -0.07233000000000
O            1.69761900000000       -1.24159200000000       -0.18942600000000
C            2.52828000000000       -0.16636100000000       -0.18994100000000
C            1.81048600000000        1.00211400000000       -0.07460100000000
C            0.44318300000000        0.62714500000000        0.00265400000000
C           -0.78179300000000        1.30601900000000        0.12745400000000
H           -2.92047100000000        1.06811800000000        0.26738500000000
H           -2.87132000000000       -1.39849500000000        0.12876100000000
H           -0.68828700000000       -2.61429000000000       -0.09396900000000
H            3.58168200000000       -0.39262200000000       -0.27767600000000
H            2.22088900000000        2.00108600000000       -0.04923600000000
H           -0.81517500000000        2.38940300000000        0.18918500000000
15
 energy: -24.253811749322 gnorm: 0.019195251991 xtb: 6.7.1 (edcfbbe)
C           -1.94473994931536        0.55546777382809        0.16888351637588
C           -1.92385759108693       -0.83777167585253        0.09214059115428
C           -0.73403746177838       -1.53549188869080       -0.03158960176481
C            0.42605347153090       -0.77675241469950       -0.07302064966351
O            1.69558350491172       -1.24659970285562       -0.18989810086092
C            2.50846686065454       -0.15820906879371       -0.18778846620360
C            1.80681903483775        0.99981015873898       -0.07399390286180
C            0.43477002261538        0.62410662166439        0.00224441831959
C           -0.78068224469972        1.30145586946768        0.12642181371404
H           -2.89296245440264        1.06580574072690        0.26564480261315
H           -2.85512582488596       -1.38631006348089        0.12874923475067
H           -0.70173662917377       -2.61150265193016       -0.09290142328622
H            3.55815489407488       -0.36522595487365       -0.27466261839900
H            2.21586714655758        1.99160062319266       -0.04877442502259
H           -0.81257177984000        2.37961763355816        0.18854481113485
15
 energy: -24.254059501785 gnorm: 0.005094495940 xtb: 6.7.1 (edcfbbe)
C           -1.93989852104245        0.55716531214388        0.16884613619600
C           -1.92125206444594       -0.83666945389160        0.09194510301404
C           -0.73688558439346       -1.53543797034464       -0.03181812404517
C            0.42870413992831       -0.78635242381718       -0.07407999618138
O            1.69905790782823       -1.24932560119964       -0.19023916054471
C            2.50333500572700       -0.15555312796123       -0.18715628979428
C            1.80713019927334        0.99787222115401       -0.07434312398001
C            0.43105552201733        0.62072861910331        0.00212829778731
C           -0.78033429804959        1.29909867567991        0.12670479287771
H           -2.88822211422050        1.06411195768524        0.26528167530508
H           -2.85316919825608       -1.37993070023300        0.12919272076823
H           -0.70942049869962       -2.61086532814254       -0.09229523137101
H            3.55447257645279       -0.34948192785112       -0.27308448394792
H            2.21176297714647        1.98857845530558       -0.04881359643924
H           -0.80633504926582        2.37606229236902        0.18773128035535
15
 energy: -24.254085617481 gnorm: 0.002240067036 xtb: 6.7.1 (edcfbbe)
C           -1.94069729588646        0.55815724321621        0.16880214601358
C           -1.92171185876758       -0.83624523396644        0.09210481760969
C           -0.73752518062794       -1.53511362029028       -0.03168156572779
C            0.43071387989687       -0.78943644796016       -0.07441796946134
O            1.70115514250119       -1.25025371256833       -0.19051274351314
C            2.50365658263466       -0.15599297419569       -0.18719009951095
C            1.80739531129367        0.99732410619996       -0.07424852224681
C            0.43028722110353        0.61887541356092        0.00189270834420
C           -0.77991407354419        1.29866423790646        0.12633888430333
H           -2.89014880215403        1.06337542592568        0.26557618936909
H           -2.85422769323708       -1.37837981043697        0.12944679572167
H           -0.71196626251053       -2.61109142360923       -0.09217535541660
H            3.55617779762617       -0.34511130356094       -0.27296237593761
H            2.20875701409599        1.98933621346118       -0.04838171086397
H           -0.80195078242428        2.37589288631762        0.18740880131666
15
 energy: -24.254091901525 gnorm: 0.000622130627 xtb: 6.7.1 (edcfbbe)
C           -1.94143915847853        0.55888048016446        0.16904642565795
C           -1.92193671905663       -0.83580167573172        0.09212159815361
C           -0.73768586267038       -1.53491839491665       -0.03174533638758
C            0.43198886830815       -0.79112479971737       -0.07468428443771
O            1.70231773817509       -1.25063021337160       -0.19062194857229
C            2.50418871851115       -0.15663494903296       -0.18722692378192
C            1.80718411756990        0.99693925848206       -0.07438604314067
C            0.42997140656878        0.61729168792223        0.00191089612864
C           -0.77936770897176        1.29838685555958        0.12649122542221
H           -2.89159169542410        1.06319808054286        0.26560361152360
H           -2.85475856757677       -1.37771636609205        0.12953605147302
H           -0.71370905690760       -2.61141153261510       -0.09212795791714
H            3.55760569136108       -0.34265314753752       -0.27273734295106
H            2.20575381046149        1.99028421909292       -0.04830052528530
H           -0.79852058186987        2.37591149725087        0.18712055411465
15
 energy: -24.254092274018 gnorm: 0.000198035825 xtb: 6.7.1 (edcfbbe)
C           -1.94143675442238        0.55906499850626        0.16888502688967
C           -1.92174727127642       -0.83560776584739        0.09214126822749
C           -0.73760034675253       -1.53502608849802       -0.03164680950544
C            0.43213193521075       -0.79135026010831       -0.07461397601735
O            1.70236529989646       -1.25056117557531       -0.19058809782582
C            2.50425785553041       -0.15680063380858       -0.18731037708189
C            1.80692775251805        0.99679649249174       -0.07421469984067
C            0.42998017694284        0.61678105029077        0.00179383802563
C           -0.77916369738883        1.29835107959189        0.12621043714957
H           -2.89151348381495        1.06340814196820        0.26569456986017
H           -2.85451859279625       -1.37775944295712        0.12952904173587
H           -0.71434581715819       -2.61157846107035       -0.09206307156999
H            3.55772804094658       -0.34210576847848       -0.27293133034290
H            2.20462610945896        1.99051617408180       -0.04797864930847
H           -0.79769020689452        2.37587265941291        0.18709282960413
