================================================================================
      QUANTUMEQUI-NEB: TOP-TIER FIRST-PRINCIPLES & EQUIVARIANT AI ENGINE  
================================================================================

[1/4] Solving Extended Hückel Secular Matrix via Löwdin Orthogonalization...
      -> Basis Dimension: 31 Orbitals
      -> HOMO: 1005000.0 eV | LUMO: 1005000.0 eV
      -> Electronic Energy E_elec: 471896257.61 kcal/mol

[2/4] Initializing E(3)-Equivariant GNN (EGNN) and Analytical Force Engine...
      -> Equivariant Energy Output: 1.8852 kcal/mol
      -> Maximum Analytical Force Component: 0.0176 kcal/(mol*Å)

[3/4] Launching Climbing-Image Nudged Elastic Band (CI-NEB, 7 Images)...
      -> Saddle-Point (TS) Located at Image #1
      -> Potential Activation Barrier Delta-E#: -0.01 kcal/mol
      -> Reaction Driving Force Delta-E_rxn: -0.04 kcal/mol

[4/4] Constructing Finite-Difference Hessian & RRHO Thermochemistry...
      -> Total Normal Modes: 24
      -> Imaginary Frequency Count: 2 (Saddle Point Confirmed: False)
      -> Dominant Imaginary TS Frequency: -22.7 cm^-1
      -> ZPVE Correction: 0.89 kcal/mol
      -> Standard Gibbs Free Energy G(298K): 471896203.29 kcal/mol

[GRAPHICS] Rendering QuantumEqui-NEB 300-DPI Publication Panels...

[APEX COMPLETE] Full First-Principles & Equivariant AI Engine executed successfully.
[ARTIFACTS] JSON Telemetry: 'quantum_neb_results.json' | 300-DPI Vector Panel: 'figures_quantum\Fig_QuantumEquiNEB_Comprehensive_Panel.png'
