12
 energy: -15.884954206518 gnorm: 0.018146843853 xtb: 6.7.1 (edcfbbe)
C            1.37028300000000       -0.26033400000000        0.00942200000000
C            0.91072600000000        1.05622800000000       -0.02233900000000
C           -0.45955700000000        1.31656300000000       -0.03176200000000
C           -1.37028300000000        0.26033400000000       -0.00942200000000
C           -0.91072600000000       -1.05622800000000        0.02234000000000
C            0.45955700000000       -1.31656300000000        0.03176200000000
H            2.43789200000000       -0.46316600000000        0.01676300000000
H            1.62028600000000        1.87915200000000       -0.03974500000000
H           -0.81760500000000        2.34231700000000       -0.05650800000000
H           -2.43789200000000        0.46316400000000       -0.01676400000000
H           -1.62028700000000       -1.87915100000000        0.03974500000000
H            0.81760500000000       -2.34231700000000        0.05650800000000
12
 energy: -15.885671806203 gnorm: 0.001843386668 xtb: 6.7.1 (edcfbbe)
C            1.36157976125259       -0.25867328297514        0.00931754333627
C            0.90491464209726        1.04959110331797       -0.02197968374841
C           -0.45669274998423        1.30828471654935       -0.03137984507784
C           -1.36157992565506        0.25867324973333       -0.00931815809472
C           -0.90491474789561       -1.04959124853719        0.02197908702922
C            0.45669261669429       -1.30828480053776        0.03137935139557
H            2.42411108407890       -0.46062177772078        0.01665264427912
H            1.61119271398499        1.86855021533637       -0.03960019271873
H           -0.81307758978163        2.32918288588585       -0.05633581671143
H           -2.42411130874992        0.46062096442585       -0.01665252221153
H           -1.61119302609423       -1.86855009425645        0.03960168941330
H            0.81307753005266       -2.32918293122139        0.05633590310919
12
 energy: -15.885678286460 gnorm: 0.001053332452 xtb: 6.7.1 (edcfbbe)
C            1.36012059002235       -0.25836619369134        0.00928984415027
C            0.90393313909406        1.04851169631649       -0.02210343319357
C           -0.45623731660872        1.30691003296617       -0.03136965846359
C           -1.36012072717206        0.25836606687876       -0.00928866734685
C           -0.90393328515605       -1.04851187332749        0.02210469729815
C            0.45623714892087       -1.30691022914057        0.03137064573482
H            2.42132208512790       -0.46011659272924        0.01671546837131
H            1.60941640505015        1.86638522506637       -0.03954558550424
H           -0.81219796886837        2.32653536856066       -0.05618763211475
H           -2.42132223285444        0.46011647656548       -0.01671551943093
H           -1.60941667219099       -1.86638538827030        0.03954275223853
H            0.81219783463532       -2.32653558919500        0.05618708826084
12
 energy: -15.885680741787 gnorm: 0.000058736412 xtb: 6.7.1 (edcfbbe)
C            1.36066871220727       -0.25846655211646        0.00932082455182
C            0.90429748356283        1.04894151809242       -0.02197754205765
C           -0.45642204782056        1.30743862757555       -0.03132724636670
C           -1.36066889819490        0.25846640694077       -0.00932143104882
C           -0.90429764606703       -1.04894170060945        0.02197673916768
C            0.45642185770116       -1.30743878304395        0.03132670241879
H            2.42222767180069       -0.46028899771082        0.01666164996959
H            1.61002575428559        1.86707895766686       -0.03958972926357
H           -0.81250433057529        2.32740142180802       -0.05628352374658
H           -2.42222787446562        0.46028878803491       -0.01666171069622
H           -1.61002584986828       -1.86707914567864        0.03959119346094
H            0.81250416743413       -2.32740154095919        0.05628407361073
12
 energy: -15.885680741743 gnorm: 0.000043204214 xtb: 6.7.1 (edcfbbe)
C            1.36065801125363       -0.25846234768318        0.00928988820092
C            0.90428981164273        1.04893629765560       -0.02208544282268
C           -0.45642107533013        1.30742996766146       -0.03139204701425
C           -1.36065815471320        0.25846219118014       -0.00928910506186
C           -0.90428997097332       -1.04893646215807        0.02208652111018
C            0.45642092327439       -1.30743014600292        0.03139282452624
H            2.42223070148047       -0.46029092684137        0.01669582774983
H            1.61003667374093        1.86708003217690       -0.03954710109120
H           -0.81251225154480        2.32740779769548       -0.05623119505371
H           -2.42223083826565        0.46029077849573       -0.01669573819743
H           -1.61003693312573       -1.86708016779869        0.03954507230139
H            0.81251210256070       -2.32740801438108        0.05623049535256
