16
 energy: -23.121033347535 gnorm: 0.028727464408 xtb: 6.7.1 (edcfbbe)
C           -2.66607300000000       -0.02613500000000       -0.27768300000000
O           -1.65276400000000        0.89389200000000        0.10717000000000
C           -0.37436100000000        0.41180600000000        0.17407200000000
C            0.58540000000000        1.35305800000000        0.55639000000000
C            1.93033900000000        0.99525900000000        0.66484100000000
C            2.32437400000000       -0.31183800000000        0.39023800000000
C            1.37328200000000       -1.25659200000000        0.00831500000000
C            0.02591300000000       -0.89695100000000       -0.10002700000000
H           -3.61997400000000        0.51007200000000       -0.28262600000000
H           -2.49201400000000       -0.40465400000000       -1.29036700000000
H           -2.74929300000000       -0.84636900000000        0.44300500000000
H            0.28092100000000        2.37431900000000        0.77144600000000
H            2.66643700000000        1.73676800000000        0.96306000000000
H            3.37051100000000       -0.59421700000000        0.47355800000000
H            1.67996800000000       -2.27717700000000       -0.20624100000000
H           -0.68266700000000       -1.66124000000000       -0.39996700000000
16
 energy: -23.122295203567 gnorm: 0.009833212187 xtb: 6.7.1 (edcfbbe)
C           -2.66518820263242       -0.02993052133867       -0.27865544799301
O           -1.64980978345636        0.87883412359620        0.10391191933741
C           -0.36810012967363        0.41038307771153        0.17523111360179
C            0.59110323232193        1.34925692638960        0.55677703173739
C            1.92332363739859        0.99091124706290        0.66279374379274
C            2.31705891392123       -0.31000082529434        0.38951074425172
C            1.36907220879732       -1.24520533351821        0.01036737864144
C            0.03069854454499       -0.89341883398760       -0.09821356301826
H           -3.59955825498289        0.53493425469865       -0.27407744615708
H           -2.48733807324592       -0.41754447629977       -1.28581225429707
H           -2.74354270534947       -0.85526205018537        0.43472363771747
H            0.27947195212090        2.36228032346437        0.76838808261733
H            2.65470684886409        1.72971317394475        0.95898935572494
H            3.35765425693987       -0.59281059618416        0.47174522413457
H            1.66975819149120       -2.26138446834062       -0.20405560047656
H           -0.67931163705942       -1.65075502171928       -0.39643991961480
16
 energy: -23.122423671123 gnorm: 0.002704502255 xtb: 6.7.1 (edcfbbe)
C           -2.66469004922241       -0.03203690495555       -0.27915340244241
O           -1.64840419956557        0.87137034259237        0.10236092755020
C           -0.36505074088022        0.41103453907959        0.17607847374641
C            0.59437556263961        1.35001134008856        0.55765013760876
C            1.92201233632217        0.99020999851496        0.66242637027508
C            2.31709010959467       -0.31009908698161        0.38937629458926
C            1.36897769200664       -1.24183511538476        0.01130262902938
C            0.03272583680120       -0.89235038941352       -0.09752623253129
H           -3.58805891274380        0.54602695179279       -0.27048164798968
H           -2.49012563396394       -0.42456577914432       -1.28510287632328
H           -2.74672994675613       -0.86023343811532        0.43066805746089
H            0.27510291386485        2.35893222306890        0.76727797127934
H            2.65195887736974        1.72858514565090        0.95809183814738
H            3.35566291559581       -0.59296617498746        0.47098118748538
H            1.66607100234947       -2.25751388630294       -0.20393058378875
H           -0.68091876341210       -1.64456876550258       -0.39483514409668
16
 energy: -23.122433996353 gnorm: 0.000896678983 xtb: 6.7.1 (edcfbbe)
C           -2.66522625506275       -0.03191506601786       -0.27923340112167
O           -1.64788610287040        0.86928236941508        0.10211024165327
C           -0.36428947700180        0.41099548874844        0.17639760741026
C            0.59511655407623        1.35066189660579        0.55809858213221
C            1.92246742864036        0.99043827889195        0.66252781983274
C            2.31838871021560       -0.31026620911424        0.38933320464944
C            1.37017048207438       -1.24202925103815        0.01132432657866
C            0.03351661076507       -0.89279167045894       -0.09739859538532
H           -3.58616747785682        0.54861602394192       -0.27023651066633
H           -2.49258101127470       -0.42581352339207       -1.28534152517602
H           -2.75002330869342       -0.86081489536490        0.42997303443304
H            0.27233448598965        2.35866511055013        0.76703405644913
H            2.65263873416418        1.72899246771677        0.95819979772188
H            3.35695112923059       -0.59259123266529        0.47096372329775
H            1.66655602765899       -2.25819657765485       -0.20411701200610
H           -0.68196753005517       -1.64323221016377       -0.39445134980293
16
 energy: -23.122435645425 gnorm: 0.000498154358 xtb: 6.7.1 (edcfbbe)
C           -2.66584019532154       -0.03119542065246       -0.27920349920579
O           -1.64721408084512        0.86782252793865        0.10223714420548
C           -0.36374796007036        0.41032622197811        0.17660577759837
C            0.59534995329062        1.35088534228142        0.55842443310978
C            1.92283649691310        0.99070320277705        0.66257402686373
C            2.31943371894681       -0.31024772038021        0.38924230199440
C            1.37161263482023       -1.24276977614169        0.01130415110080
C            0.03443164259823       -0.89376647513182       -0.09726634798529
H           -3.58571781307984        0.55065716148974       -0.27075881820223
H           -2.49465744493236       -0.42600540959828       -1.28556612728980
H           -2.75359530608718       -0.86029475445764        0.42995046290273
H            0.26964319703070        2.35827439228437        0.76695287470670
H            2.65351550829253        1.72934895176376        0.95826078595321
H            3.35841261048957       -0.59148401696304        0.47086263303375
H            1.66807580701166       -2.25927336150372       -0.20436081525094
H           -0.68253976905706       -1.64297986568423       -0.39407498353490
16
 energy: -23.122435994368 gnorm: 0.000083894409 xtb: 6.7.1 (edcfbbe)
C           -2.66569488604056       -0.03111265350404       -0.27918796120976
O           -1.64723772511593        0.86809745206106        0.10248504925066
C           -0.36387219245327        0.41010146553152        0.17664544646051
C            0.59514586709072        1.35062444767006        0.55840270877461
C            1.92264818717969        0.99066470156598        0.66251239612189
C            2.31910444472105       -0.31013422562523        0.38911113858192
C            1.37144844966742       -1.24274037898963        0.01123330389518
C            0.03436800236660       -0.89383317101328       -0.09721355594610
H           -3.58591320998086        0.55057068027473       -0.27110001277676
H           -2.49396917518272       -0.42580539175079       -1.28540992413080
H           -2.75331684083134       -0.85998922695910        0.43010750609396
H            0.26997401769101        2.35809006969496        0.76704937425757
H            2.65331116638604        1.72920279991575        0.95813543622248
H            3.35813160967981       -0.59129389008939        0.47070089278774
H            1.66817278550095       -2.25906959550332       -0.20431277376959
H           -0.68230150067861       -1.64337208327929       -0.39397502461349
